Archive member included to satisfy reference by file (symbol)

/usr/lib/gcc/arm-none-eabi/10.3.1/thumb/v7-m/nofp/libgcc.a(_arm_mulsf3.o)
                              CMakeFiles/INA226.elf.dir/User/ina226/ina226.cpp.obj (__aeabi_fmul)
/usr/lib/gcc/arm-none-eabi/10.3.1/thumb/v7-m/nofp/libgcc.a(_arm_addsubsf3.o)
                              CMakeFiles/INA226.elf.dir/User/ina226/ina226.cpp.obj (__aeabi_ui2f)
/usr/lib/gcc/arm-none-eabi/10.3.1/thumb/v7-m/nofp/libgcc.a(_arm_muldivsf3.o)
                              CMakeFiles/INA226.elf.dir/User/ina226/ina226.cpp.obj (__aeabi_fdiv)
/usr/lib/gcc/arm-none-eabi/10.3.1/thumb/v7-m/nofp/libgcc.a(unwind-arm.o)
                              CMakeFiles/INA226.elf.dir/User/ina226/ina226.cpp.obj (__aeabi_unwind_cpp_pr0)
/usr/lib/gcc/arm-none-eabi/10.3.1/thumb/v7-m/nofp/libgcc.a(libunwind.o)
                              /usr/lib/gcc/arm-none-eabi/10.3.1/thumb/v7-m/nofp/libgcc.a(unwind-arm.o) (restore_core_regs)
/usr/lib/gcc/arm-none-eabi/10.3.1/thumb/v7-m/nofp/libgcc.a(pr-support.o)
                              /usr/lib/gcc/arm-none-eabi/10.3.1/thumb/v7-m/nofp/libgcc.a(unwind-arm.o) (__gnu_unwind_execute)
/usr/lib/gcc/arm-none-eabi/10.3.1/../../../arm-none-eabi/lib/thumb/v7-m/nofp/libg.a(lib_a-abort.o)
                              /usr/lib/gcc/arm-none-eabi/10.3.1/thumb/v7-m/nofp/libgcc.a(unwind-arm.o) (abort)
/usr/lib/gcc/arm-none-eabi/10.3.1/../../../arm-none-eabi/lib/thumb/v7-m/nofp/libg.a(lib_a-atexit.o)
                              /usr/lib/gcc/arm-none-eabi/10.3.1/../../../arm-none-eabi/lib/thumb/v7-m/nofp/crt0.o (atexit)
/usr/lib/gcc/arm-none-eabi/10.3.1/../../../arm-none-eabi/lib/thumb/v7-m/nofp/libg.a(lib_a-errno.o)
                              CMakeFiles/INA226.elf.dir/Core/Src/syscalls.c.obj (__errno)
/usr/lib/gcc/arm-none-eabi/10.3.1/../../../arm-none-eabi/lib/thumb/v7-m/nofp/libg.a(lib_a-exit.o)
                              /usr/lib/gcc/arm-none-eabi/10.3.1/../../../arm-none-eabi/lib/thumb/v7-m/nofp/crt0.o (exit)
/usr/lib/gcc/arm-none-eabi/10.3.1/../../../arm-none-eabi/lib/thumb/v7-m/nofp/libg.a(lib_a-fini.o)
                              /usr/lib/gcc/arm-none-eabi/10.3.1/../../../arm-none-eabi/lib/thumb/v7-m/nofp/crt0.o (__libc_fini_array)
/usr/lib/gcc/arm-none-eabi/10.3.1/../../../arm-none-eabi/lib/thumb/v7-m/nofp/libg.a(lib_a-impure.o)
                              /usr/lib/gcc/arm-none-eabi/10.3.1/../../../arm-none-eabi/lib/thumb/v7-m/nofp/libg.a(lib_a-exit.o) (_global_impure_ptr)
/usr/lib/gcc/arm-none-eabi/10.3.1/../../../arm-none-eabi/lib/thumb/v7-m/nofp/libg.a(lib_a-init.o)
                              /usr/lib/gcc/arm-none-eabi/10.3.1/../../../arm-none-eabi/lib/thumb/v7-m/nofp/crt0.o (__libc_init_array)
/usr/lib/gcc/arm-none-eabi/10.3.1/../../../arm-none-eabi/lib/thumb/v7-m/nofp/libg.a(lib_a-memcpy.o)
                              /usr/lib/gcc/arm-none-eabi/10.3.1/thumb/v7-m/nofp/libgcc.a(unwind-arm.o) (memcpy)
/usr/lib/gcc/arm-none-eabi/10.3.1/../../../arm-none-eabi/lib/thumb/v7-m/nofp/libg.a(lib_a-memset.o)
                              /usr/lib/gcc/arm-none-eabi/10.3.1/../../../arm-none-eabi/lib/thumb/v7-m/nofp/crt0.o (memset)
/usr/lib/gcc/arm-none-eabi/10.3.1/../../../arm-none-eabi/lib/thumb/v7-m/nofp/libg.a(lib_a-signal.o)
                              /usr/lib/gcc/arm-none-eabi/10.3.1/../../../arm-none-eabi/lib/thumb/v7-m/nofp/libg.a(lib_a-abort.o) (raise)
/usr/lib/gcc/arm-none-eabi/10.3.1/../../../arm-none-eabi/lib/thumb/v7-m/nofp/libg.a(lib_a-signalr.o)
                              /usr/lib/gcc/arm-none-eabi/10.3.1/../../../arm-none-eabi/lib/thumb/v7-m/nofp/libg.a(lib_a-signal.o) (_kill_r)
/usr/lib/gcc/arm-none-eabi/10.3.1/../../../arm-none-eabi/lib/thumb/v7-m/nofp/libg.a(lib_a-__atexit.o)
                              /usr/lib/gcc/arm-none-eabi/10.3.1/../../../arm-none-eabi/lib/thumb/v7-m/nofp/libg.a(lib_a-atexit.o) (__register_exitproc)
/usr/lib/gcc/arm-none-eabi/10.3.1/../../../arm-none-eabi/lib/thumb/v7-m/nofp/libg.a(lib_a-__call_atexit.o)
                              /usr/lib/gcc/arm-none-eabi/10.3.1/../../../arm-none-eabi/lib/thumb/v7-m/nofp/libg.a(lib_a-exit.o) (__call_exitprocs)
/usr/lib/gcc/arm-none-eabi/10.3.1/../../../arm-none-eabi/lib/thumb/v7-m/nofp/libg.a(lib_a-mallocr.o)
                              /usr/lib/gcc/arm-none-eabi/10.3.1/../../../arm-none-eabi/lib/thumb/v7-m/nofp/libg.a(lib_a-signal.o) (_malloc_r)
/usr/lib/gcc/arm-none-eabi/10.3.1/../../../arm-none-eabi/lib/thumb/v7-m/nofp/libg.a(lib_a-mlock.o)
                              /usr/lib/gcc/arm-none-eabi/10.3.1/../../../arm-none-eabi/lib/thumb/v7-m/nofp/libg.a(lib_a-mallocr.o) (__malloc_lock)
/usr/lib/gcc/arm-none-eabi/10.3.1/../../../arm-none-eabi/lib/thumb/v7-m/nofp/libg.a(lib_a-reent.o)
                              /usr/lib/gcc/arm-none-eabi/10.3.1/../../../arm-none-eabi/lib/thumb/v7-m/nofp/libg.a(lib_a-signalr.o) (errno)
/usr/lib/gcc/arm-none-eabi/10.3.1/../../../arm-none-eabi/lib/thumb/v7-m/nofp/libg.a(lib_a-sbrkr.o)
[...]
Memory Configuration

Name             Origin             Length             Attributes
RAM              0x0000000020000000 0x0000000000005000 xrw
FLASH            0x0000000008000000 0x0000000000010000 xr
*default*        0x0000000000000000 0xffffffffffffffff

Linker script and memory map

LOAD /usr/lib/gcc/arm-none-eabi/10.3.1/thumb/v7-m/nofp/crti.o
LOAD /usr/lib/gcc/arm-none-eabi/10.3.1/thumb/v7-m/nofp/crtbegin.o
LOAD /usr/lib/gcc/arm-none-eabi/10.3.1/../../../arm-none-eabi/lib/thumb/v7-m/nofp/crt0.o
LOAD CMakeFiles/INA226.elf.dir/Core/Src/gpio.c.obj
LOAD CMakeFiles/INA226.elf.dir/Core/Src/i2c.c.obj
LOAD CMakeFiles/INA226.elf.dir/Core/Src/main.c.obj
LOAD CMakeFiles/INA226.elf.dir/Core/Src/stm32f1xx_hal_msp.c.obj
LOAD CMakeFiles/INA226.elf.dir/Core/Src/stm32f1xx_it.c.obj
LOAD CMakeFiles/INA226.elf.dir/Core/Src/syscalls.c.obj
LOAD CMakeFiles/INA226.elf.dir/Core/Src/sysmem.c.obj
LOAD CMakeFiles/INA226.elf.dir/Core/Src/system_stm32f1xx.c.obj
LOAD CMakeFiles/INA226.elf.dir/Core/Startup/startup_stm32f103c8tx.s.obj
LOAD CMakeFiles/INA226.elf.dir/Drivers/STM32F1xx_HAL_Driver/Src/stm32f1xx_hal.c.obj
LOAD CMakeFiles/INA226.elf.dir/Drivers/STM32F1xx_HAL_Driver/Src/stm32f1xx_hal_cortex.c.obj
LOAD CMakeFiles/INA226.elf.dir/Drivers/STM32F1xx_HAL_Driver/Src/stm32f1xx_hal_dma.c.obj
LOAD CMakeFiles/INA226.elf.dir/Drivers/STM32F1xx_HAL_Driver/Src/stm32f1xx_hal_exti.c.obj
LOAD CMakeFiles/INA226.elf.dir/Drivers/STM32F1xx_HAL_Driver/Src/stm32f1xx_hal_flash.c.obj
LOAD CMakeFiles/INA226.elf.dir/Drivers/STM32F1xx_HAL_Driver/Src/stm32f1xx_hal_flash_ex.c.obj
LOAD CMakeFiles/INA226.elf.dir/Drivers/STM32F1xx_HAL_Driver/Src/stm32f1xx_hal_gpio.c.obj
LOAD CMakeFiles/INA226.elf.dir/Drivers/STM32F1xx_HAL_Driver/Src/stm32f1xx_hal_gpio_ex.c.obj
LOAD CMakeFiles/INA226.elf.dir/Drivers/STM32F1xx_HAL_Driver/Src/stm32f1xx_hal_i2c.c.obj
LOAD CMakeFiles/INA226.elf.dir/Drivers/STM32F1xx_HAL_Driver/Src/stm32f1xx_hal_pwr.c.obj
LOAD CMakeFiles/INA226.elf.dir/Drivers/STM32F1xx_HAL_Driver/Src/stm32f1xx_hal_rcc.c.obj
LOAD CMakeFiles/INA226.elf.dir/Drivers/STM32F1xx_HAL_Driver/Src/stm32f1xx_hal_rcc_ex.c.obj
LOAD CMakeFiles/INA226.elf.dir/Drivers/STM32F1xx_HAL_Driver/Src/stm32f1xx_hal_tim.c.obj
LOAD CMakeFiles/INA226.elf.dir/Drivers/STM32F1xx_HAL_Driver/Src/stm32f1xx_hal_tim_ex.c.obj
LOAD CMakeFiles/INA226.elf.dir/User/ina226/ina226.cpp.obj
LOAD CMakeFiles/INA226.elf.dir/User/main/usr_main.cpp.obj
LOAD /usr/lib/gcc/arm-none-eabi/10.3.1/../../../arm-none-eabi/lib/thumb/v7-m/nofp/libstdc++.a
LOAD /usr/lib/gcc/arm-none-eabi/10.3.1/../../../arm-none-eabi/lib/thumb/v7-m/nofp/libm.a
START GROUP
LOAD /usr/lib/gcc/arm-none-eabi/10.3.1/thumb/v7-m/nofp/libgcc.a
LOAD /usr/lib/gcc/arm-none-eabi/10.3.1/../../../arm-none-eabi/lib/thumb/v7-m/nofp/libg.a
LOAD /usr/lib/gcc/arm-none-eabi/10.3.1/../../../arm-none-eabi/lib/thumb/v7-m/nofp/libc.a
END GROUP
LOAD /usr/lib/gcc/arm-none-eabi/10.3.1/thumb/v7-m/nofp/crtend.o
LOAD /usr/lib/gcc/arm-none-eabi/10.3.1/thumb/v7-m/nofp/crtn.o
                0x0000000020005000                _estack = (ORIGIN (RAM) + LENGTH (RAM))
                0x0000000000000200                _Min_Heap_Size = 0x200
                0x0000000000000400                _Min_Stack_Size = 0x400

.isr_vector     0x0000000008000000      0x10c
                0x0000000008000000                . = ALIGN (0x4)
 *(.isr_vector)
 .isr_vector    0x0000000008000000      0x10c CMakeFiles/INA226.elf.dir/Core/Startup/startup_stm32f103c8tx.s.obj
                0x0000000008000000                g_pfnVectors
                0x000000000800010c                . = ALIGN (0x4)

.text           0x000000000800010c     0x46c8
                0x000000000800010c                . = ALIGN (0x4)
 *(.text)
 .text          0x000000000800010c       0x88 /usr/lib/gcc/arm-none-eabi/10.3.1/thumb/v7-m/nofp/crtbegin.o
 .text          0x0000000008000194      0x21c /usr/lib/gcc/arm-none-eabi/10.3.1/thumb/v7-m/nofp/libgcc.a(_arm_addsubsf3.o)
                0x0000000008000194                __aeabi_frsub
                0x000000000800019c                __subsf3
                0x000000000800019c                __aeabi_fsub
                0x00000000080001a0                __aeabi_fadd
                0x00000000080001a0                __addsf3
                0x0000000008000300                __aeabi_ui2f
                0x0000000008000300                __floatunsisf
                0x0000000008000308                __aeabi_i2f
                0x0000000008000308                __floatsisf
                0x0000000008000324                __floatundisf
                0x0000000008000324                __aeabi_ul2f
                0x0000000008000334                __floatdisf
                0x0000000008000334                __aeabi_l2f
 .text          0x00000000080003b0      0x2a0 /usr/lib/gcc/arm-none-eabi/10.3.1/thumb/v7-m/nofp/libgcc.a(_arm_muldivsf3.o)
                0x00000000080003b0                __mulsf3
                0x00000000080003b0                __aeabi_fmul
                0x0000000008000518                __divsf3
                0x0000000008000518                __aeabi_fdiv
 .text          0x0000000008000650      0x9e4 /usr/lib/gcc/arm-none-eabi/10.3.1/thumb/v7-m/nofp/libgcc.a(unwind-arm.o)
                0x0000000008000910                _Unwind_GetCFA
                0x0000000008000914                __gnu_Unwind_RaiseException
                0x000000000800097c                __gnu_Unwind_ForcedUnwind
                0x0000000008000990                __gnu_Unwind_Resume
                0x00000000080009d4                __gnu_Unwind_Resume_or_Rethrow
                0x00000000080009e8                _Unwind_Complete
                0x00000000080009ec                _Unwind_DeleteException
                0x00000000080009f8                _Unwind_VRS_Get
                0x0000000008000a44                _Unwind_VRS_Set
                0x0000000008000a8c                __gnu_Unwind_Backtrace
                0x0000000008000db4                __aeabi_unwind_cpp_pr0
                0x0000000008000db8                __aeabi_unwind_cpp_pr1
                0x0000000008000dbc                __aeabi_unwind_cpp_pr2
                0x0000000008000dc0                _Unwind_VRS_Pop
 .text          0x0000000008001034      0x1ac /usr/lib/gcc/arm-none-eabi/10.3.1/thumb/v7-m/nofp/libgcc.a(libunwind.o)
                0x0000000008001034                __restore_core_regs
                0x0000000008001034                restore_core_regs
                0x000000000800104c                __gnu_Unwind_Restore_VFP
                0x0000000008001054                __gnu_Unwind_Save_VFP
                0x000000000800105c                __gnu_Unwind_Restore_VFP_D
                0x0000000008001064                __gnu_Unwind_Save_VFP_D
                0x000000000800106c                __gnu_Unwind_Restore_VFP_D_16_to_31
                0x0000000008001074                __gnu_Unwind_Save_VFP_D_16_to_31
                0x000000000800107c                __gnu_Unwind_Restore_WMMXD
                0x00000000080010c0                __gnu_Unwind_Save_WMMXD
                0x0000000008001104                __gnu_Unwind_Restore_WMMXC
                0x0000000008001118                __gnu_Unwind_Save_WMMXC
                0x000000000800112c                ___Unwind_RaiseException
                0x000000000800112c                _Unwind_RaiseException
                0x0000000008001150                ___Unwind_Resume
                0x0000000008001150                _Unwind_Resume
                0x0000000008001174                _Unwind_Resume_or_Rethrow
                0x0000000008001174                ___Unwind_Resume_or_Rethrow
                0x0000000008001198                ___Unwind_ForcedUnwind
                0x0000000008001198                _Unwind_ForcedUnwind
                0x00000000080011bc                _Unwind_Backtrace
                0x00000000080011bc                ___Unwind_Backtrace
 .text          0x00000000080011e0      0x38c /usr/lib/gcc/arm-none-eabi/10.3.1/thumb/v7-m/nofp/libgcc.a(pr-support.o)
                0x0000000008001238                __gnu_unwind_execute
                0x000000000800151c                __gnu_unwind_frame
                0x000000000800154c                _Unwind_GetRegionStart
                0x0000000008001558                _Unwind_GetLanguageSpecificData
 .text          0x000000000800156c       0x10 /usr/lib/gcc/arm-none-eabi/10.3.1/../../../arm-none-eabi/lib/thumb/v7-m/nofp/libg.a(lib_a-abort.o)
                0x000000000800156c                abort
 .text          0x000000000800157c        0xc /usr/lib/gcc/arm-none-eabi/10.3.1/../../../arm-none-eabi/lib/thumb/v7-m/nofp/libg.a(lib_a-atexit.o)
                0x000000000800157c                atexit
 .text          0x0000000008001588        0xc /usr/lib/gcc/arm-none-eabi/10.3.1/../../../arm-none-eabi/lib/thumb/v7-m/nofp/libg.a(lib_a-errno.o)
                0x0000000008001588                __errno
 .text          0x0000000008001594       0x2c /usr/lib/gcc/arm-none-eabi/10.3.1/../../../arm-none-eabi/lib/thumb/v7-m/nofp/libg.a(lib_a-fini.o)
                0x0000000008001594                __libc_fini_array
 .text          0x00000000080015c0       0x48 /usr/lib/gcc/arm-none-eabi/10.3.1/../../../arm-none-eabi/lib/thumb/v7-m/nofp/libg.a(lib_a-init.o)
                0x00000000080015c0                __libc_init_array
 .text          0x0000000008001608       0xec /usr/lib/gcc/arm-none-eabi/10.3.1/../../../arm-none-eabi/lib/thumb/v7-m/nofp/libg.a(lib_a-memcpy.o)
                0x0000000008001608                memcpy
 .text          0x00000000080016f4       0xa4 /usr/lib/gcc/arm-none-eabi/10.3.1/../../../arm-none-eabi/lib/thumb/v7-m/nofp/libg.a(lib_a-memset.o)
                0x00000000080016f4                memset
 .text          0x0000000008001798      0x28c /usr/lib/gcc/arm-none-eabi/10.3.1/../../../arm-none-eabi/lib/thumb/v7-m/nofp/libg.a(lib_a-signal.o)
                0x0000000008001798                _init_signal_r
                0x00000000080017c8                _signal_r
                0x0000000008001814                _raise_r
                0x000000000800186c                __sigtramp_r
                0x00000000080018d4                raise
                0x0000000008001930                signal
                0x0000000008001984                _init_signal
                0x00000000080019bc                __sigtramp
 .text          0x0000000008001a24       0x2c /usr/lib/gcc/arm-none-eabi/10.3.1/../../../arm-none-eabi/lib/thumb/v7-m/nofp/libg.a(lib_a-signalr.o)
                0x0000000008001a24                _kill_r
                0x0000000008001a4c                _getpid_r
 .text          0x0000000008001a50       0x64 /usr/lib/gcc/arm-none-eabi/10.3.1/../../../arm-none-eabi/lib/thumb/v7-m/nofp/libg.a(lib_a-__atexit.o)
                0x0000000008001a50                __register_exitproc
 .text          0x0000000008001ab4      0x54c /usr/lib/gcc/arm-none-eabi/10.3.1/../../../arm-none-eabi/lib/thumb/v7-m/nofp/libg.a(lib_a-mallocr.o)
                0x0000000008001ab4                _malloc_r
 .text          0x0000000008002000        0x8 /usr/lib/gcc/arm-none-eabi/10.3.1/../../../arm-none-eabi/lib/thumb/v7-m/nofp/libg.a(lib_a-mlock.o)
                0x0000000008002000                __malloc_lock
                0x0000000008002004                __malloc_unlock
 .text          0x0000000008002008       0x24 /usr/lib/gcc/arm-none-eabi/10.3.1/../../../arm-none-eabi/lib/thumb/v7-m/nofp/libg.a(lib_a-sbrkr.o)
                0x0000000008002008                _sbrk_r
 .text          0x000000000800202c      0x2a0 /usr/lib/gcc/arm-none-eabi/10.3.1/../../../arm-none-eabi/lib/thumb/v7-m/nofp/libg.a(lib_a-freer.o)
                0x000000000800202c                _malloc_trim_r
                0x00000000080020cc                _free_r
 *(.text*)
 .text.MX_GPIO_Init
                0x00000000080022cc       0x98 CMakeFiles/INA226.elf.dir/Core/Src/gpio.c.obj
                0x00000000080022cc                MX_GPIO_Init
 .text.MX_I2C1_Init
                0x0000000008002364       0x5c CMakeFiles/INA226.elf.dir/Core/Src/i2c.c.obj
                0x0000000008002364                MX_I2C1_Init
 .text.HAL_I2C_MspInit
                0x00000000080023c0       0x7c CMakeFiles/INA226.elf.dir/Core/Src/i2c.c.obj
                0x00000000080023c0                HAL_I2C_MspInit
 .text.main     0x000000000800243c       0x1e CMakeFiles/INA226.elf.dir/Core/Src/main.c.obj
                0x000000000800243c                main
 .text.SystemClock_Config
                0x000000000800245a       0x8a CMakeFiles/INA226.elf.dir/Core/Src/main.c.obj
                0x000000000800245a                SystemClock_Config
 .text.Error_Handler
                0x00000000080024e4        0xa CMakeFiles/INA226.elf.dir/Core/Src/main.c.obj
                0x00000000080024e4                Error_Handler
 *fill*         0x00000000080024ee        0x2 
 .text.HAL_MspInit
                0x00000000080024f0       0x64 CMakeFiles/INA226.elf.dir/Core/Src/stm32f1xx_hal_msp.c.obj
                0x00000000080024f0                HAL_MspInit
 .text.NMI_Handler
                0x0000000008002554        0x6 CMakeFiles/INA226.elf.dir/Core/Src/stm32f1xx_it.c.obj
                0x0000000008002554                NMI_Handler
 .text.HardFault_Handler
                0x000000000800255a        0x6 CMakeFiles/INA226.elf.dir/Core/Src/stm32f1xx_it.c.obj
                0x000000000800255a                HardFault_Handler
 .text.MemManage_Handler
                0x0000000008002560        0x6 CMakeFiles/INA226.elf.dir/Core/Src/stm32f1xx_it.c.obj
                0x0000000008002560                MemManage_Handler
 .text.BusFault_Handler
                0x0000000008002566        0x6 CMakeFiles/INA226.elf.dir/Core/Src/stm32f1xx_it.c.obj
                0x0000000008002566                BusFault_Handler
 .text.UsageFault_Handler
                0x000000000800256c        0x6 CMakeFiles/INA226.elf.dir/Core/Src/stm32f1xx_it.c.obj
                0x000000000800256c                UsageFault_Handler
 .text.SVC_Handler
                0x0000000008002572        0xc CMakeFiles/INA226.elf.dir/Core/Src/stm32f1xx_it.c.obj
                0x0000000008002572                SVC_Handler
 .text.DebugMon_Handler
                0x000000000800257e        0xc CMakeFiles/INA226.elf.dir/Core/Src/stm32f1xx_it.c.obj
                0x000000000800257e                DebugMon_Handler
 .text.PendSV_Handler
                0x000000000800258a        0xc CMakeFiles/INA226.elf.dir/Core/Src/stm32f1xx_it.c.obj
                0x000000000800258a                PendSV_Handler
 .text.SysTick_Handler
                0x0000000008002596        0xc CMakeFiles/INA226.elf.dir/Core/Src/stm32f1xx_it.c.obj
                0x0000000008002596                SysTick_Handler
 .text._getpid  0x00000000080025a2        0xe CMakeFiles/INA226.elf.dir/Core/Src/syscalls.c.obj
                0x00000000080025a2                _getpid
 .text._kill    0x00000000080025b0       0x20 CMakeFiles/INA226.elf.dir/Core/Src/syscalls.c.obj
                0x00000000080025b0                _kill
 .text._exit    0x00000000080025d0       0x14 CMakeFiles/INA226.elf.dir/Core/Src/syscalls.c.obj
                0x00000000080025d0                _exit
 .text._sbrk    0x00000000080025e4       0x6c CMakeFiles/INA226.elf.dir/Core/Src/sysmem.c.obj
                0x00000000080025e4                _sbrk
 .text.SystemInit
                0x0000000008002650        0xc CMakeFiles/INA226.elf.dir/Core/Src/system_stm32f1xx.c.obj
                0x0000000008002650                SystemInit
 .text.Reset_Handler
                0x000000000800265c       0x48 CMakeFiles/INA226.elf.dir/Core/Startup/startup_stm32f103c8tx.s.obj
                0x000000000800265c                Reset_Handler
 .text.Default_Handler
                0x00000000080026a4        0x2 CMakeFiles/INA226.elf.dir/Core/Startup/startup_stm32f103c8tx.s.obj
                0x00000000080026a4                RTC_Alarm_IRQHandler
                0x00000000080026a4                EXTI2_IRQHandler
                0x00000000080026a4                TIM1_CC_IRQHandler
                0x00000000080026a4                PVD_IRQHandler
                0x00000000080026a4                EXTI3_IRQHandler
                0x00000000080026a4                EXTI0_IRQHandler
                0x00000000080026a4                I2C2_EV_IRQHandler
                0x00000000080026a4                ADC1_2_IRQHandler
                0x00000000080026a4                SPI1_IRQHandler
                0x00000000080026a4                TAMPER_IRQHandler
                0x00000000080026a4                DMA1_Channel4_IRQHandler
                0x00000000080026a4                USART3_IRQHandler
                0x00000000080026a4                RTC_IRQHandler
                0x00000000080026a4                DMA1_Channel7_IRQHandler
                0x00000000080026a4                CAN1_RX1_IRQHandler
                0x00000000080026a4                TIM4_IRQHandler
                0x00000000080026a4                I2C1_EV_IRQHandler
                0x00000000080026a4                DMA1_Channel6_IRQHandler
                0x00000000080026a4                TIM3_IRQHandler
                0x00000000080026a4                RCC_IRQHandler
                0x00000000080026a4                TIM1_TRG_COM_IRQHandler
                0x00000000080026a4                DMA1_Channel1_IRQHandler
                0x00000000080026a4                Default_Handler
                0x00000000080026a4                EXTI15_10_IRQHandler
                0x00000000080026a4                EXTI9_5_IRQHandler
                0x00000000080026a4                SPI2_IRQHandler
                0x00000000080026a4                DMA1_Channel5_IRQHandler
                0x00000000080026a4                EXTI4_IRQHandler
                0x00000000080026a4                USB_LP_CAN1_RX0_IRQHandler
                0x00000000080026a4                USB_HP_CAN1_TX_IRQHandler
                0x00000000080026a4                DMA1_Channel3_IRQHandler
                0x00000000080026a4                TIM1_UP_IRQHandler
                0x00000000080026a4                WWDG_IRQHandler
                0x00000000080026a4                TIM2_IRQHandler
                0x00000000080026a4                TIM1_BRK_IRQHandler
                0x00000000080026a4                EXTI1_IRQHandler
                0x00000000080026a4                USART2_IRQHandler
                0x00000000080026a4                I2C2_ER_IRQHandler
                0x00000000080026a4                DMA1_Channel2_IRQHandler
                0x00000000080026a4                CAN1_SCE_IRQHandler
                0x00000000080026a4                FLASH_IRQHandler
                0x00000000080026a4                USART1_IRQHandler
                0x00000000080026a4                I2C1_ER_IRQHandler
                0x00000000080026a4                USBWakeUp_IRQHandler
 *fill*         0x00000000080026a6        0x2 
 .text.HAL_Init
                0x00000000080026a8       0x2c CMakeFiles/INA226.elf.dir/Drivers/STM32F1xx_HAL_Driver/Src/stm32f1xx_hal.c.obj
                0x00000000080026a8                HAL_Init
 .text.HAL_InitTick
                0x00000000080026d4       0x60 CMakeFiles/INA226.elf.dir/Drivers/STM32F1xx_HAL_Driver/Src/stm32f1xx_hal.c.obj
                0x00000000080026d4                HAL_InitTick
 .text.HAL_IncTick
                0x0000000008002734       0x24 CMakeFiles/INA226.elf.dir/Drivers/STM32F1xx_HAL_Driver/Src/stm32f1xx_hal.c.obj
                0x0000000008002734                HAL_IncTick
 .text.HAL_GetTick
                0x0000000008002758       0x14 CMakeFiles/INA226.elf.dir/Drivers/STM32F1xx_HAL_Driver/Src/stm32f1xx_hal.c.obj
                0x0000000008002758                HAL_GetTick
 .text.HAL_Delay
                0x000000000800276c       0x48 CMakeFiles/INA226.elf.dir/Drivers/STM32F1xx_HAL_Driver/Src/stm32f1xx_hal.c.obj
                0x000000000800276c                HAL_Delay
 .text.__NVIC_SetPriorityGrouping
                0x00000000080027b4       0x48 CMakeFiles/INA226.elf.dir/Drivers/STM32F1xx_HAL_Driver/Src/stm32f1xx_hal_cortex.c.obj
 .text.__NVIC_GetPriorityGrouping
                0x00000000080027fc       0x1c CMakeFiles/INA226.elf.dir/Drivers/STM32F1xx_HAL_Driver/Src/stm32f1xx_hal_cortex.c.obj
 .text.__NVIC_SetPriority
                0x0000000008002818       0x54 CMakeFiles/INA226.elf.dir/Drivers/STM32F1xx_HAL_Driver/Src/stm32f1xx_hal_cortex.c.obj
 .text.NVIC_EncodePriority
                0x000000000800286c       0x64 CMakeFiles/INA226.elf.dir/Drivers/STM32F1xx_HAL_Driver/Src/stm32f1xx_hal_cortex.c.obj
 .text.SysTick_Config
                0x00000000080028d0       0x44 CMakeFiles/INA226.elf.dir/Drivers/STM32F1xx_HAL_Driver/Src/stm32f1xx_hal_cortex.c.obj
 .text.HAL_NVIC_SetPriorityGrouping
                0x0000000008002914       0x16 CMakeFiles/INA226.elf.dir/Drivers/STM32F1xx_HAL_Driver/Src/stm32f1xx_hal_cortex.c.obj
                0x0000000008002914                HAL_NVIC_SetPriorityGrouping
 .text.HAL_NVIC_SetPriority
                0x000000000800292a       0x38 CMakeFiles/INA226.elf.dir/Drivers/STM32F1xx_HAL_Driver/Src/stm32f1xx_hal_cortex.c.obj
                0x000000000800292a                HAL_NVIC_SetPriority
 .text.HAL_SYSTICK_Config
                0x0000000008002962       0x18 CMakeFiles/INA226.elf.dir/Drivers/STM32F1xx_HAL_Driver/Src/stm32f1xx_hal_cortex.c.obj
                0x0000000008002962                HAL_SYSTICK_Config
 *fill*         0x000000000800297a        0x2 
 .text.HAL_GPIO_Init
                0x000000000800297c      0x308 CMakeFiles/INA226.elf.dir/Drivers/STM32F1xx_HAL_Driver/Src/stm32f1xx_hal_gpio.c.obj
                0x000000000800297c                HAL_GPIO_Init
 .text.HAL_GPIO_WritePin
                0x0000000008002c84       0x30 CMakeFiles/INA226.elf.dir/Drivers/STM32F1xx_HAL_Driver/Src/stm32f1xx_hal_gpio.c.obj
                0x0000000008002c84                HAL_GPIO_WritePin
 .text.HAL_GPIO_TogglePin
                0x0000000008002cb4       0x32 CMakeFiles/INA226.elf.dir/Drivers/STM32F1xx_HAL_Driver/Src/stm32f1xx_hal_gpio.c.obj
                0x0000000008002cb4                HAL_GPIO_TogglePin
 *fill*         0x0000000008002ce6        0x2 
 .text.HAL_I2C_Init
                0x0000000008002ce8      0x288 CMakeFiles/INA226.elf.dir/Drivers/STM32F1xx_HAL_Driver/Src/stm32f1xx_hal_i2c.c.obj
                0x0000000008002ce8                HAL_I2C_Init
 .text.HAL_I2C_Master_Transmit
                0x0000000008002f70      0x1fc CMakeFiles/INA226.elf.dir/Drivers/STM32F1xx_HAL_Driver/Src/stm32f1xx_hal_i2c.c.obj
                0x0000000008002f70                HAL_I2C_Master_Transmit
 .text.HAL_I2C_Master_Receive
                0x000000000800316c      0x4d8 CMakeFiles/INA226.elf.dir/Drivers/STM32F1xx_HAL_Driver/Src/stm32f1xx_hal_i2c.c.obj
                0x000000000800316c                HAL_I2C_Master_Receive
 .text.I2C_MasterRequestWrite
                0x0000000008003644      0x104 CMakeFiles/INA226.elf.dir/Drivers/STM32F1xx_HAL_Driver/Src/stm32f1xx_hal_i2c.c.obj
 .text.I2C_MasterRequestRead
                0x0000000008003748      0x19c CMakeFiles/INA226.elf.dir/Drivers/STM32F1xx_HAL_Driver/Src/stm32f1xx_hal_i2c.c.obj
 .text.I2C_WaitOnFlagUntilTimeout
                0x00000000080038e4       0xf4 CMakeFiles/INA226.elf.dir/Drivers/STM32F1xx_HAL_Driver/Src/stm32f1xx_hal_i2c.c.obj
 .text.I2C_WaitOnMasterAddressFlagUntilTimeout
                0x00000000080039d8      0x140 CMakeFiles/INA226.elf.dir/Drivers/STM32F1xx_HAL_Driver/Src/stm32f1xx_hal_i2c.c.obj
 .text.I2C_WaitOnTXEFlagUntilTimeout
                0x0000000008003b18       0x90 CMakeFiles/INA226.elf.dir/Drivers/STM32F1xx_HAL_Driver/Src/stm32f1xx_hal_i2c.c.obj
 .text.I2C_WaitOnBTFFlagUntilTimeout
                0x0000000008003ba8       0x90 CMakeFiles/INA226.elf.dir/Drivers/STM32F1xx_HAL_Driver/Src/stm32f1xx_hal_i2c.c.obj
 .text.I2C_WaitOnRXNEFlagUntilTimeout
                0x0000000008003c38       0xba CMakeFiles/INA226.elf.dir/Drivers/STM32F1xx_HAL_Driver/Src/stm32f1xx_hal_i2c.c.obj
 .text.I2C_IsAcknowledgeFailed
                0x0000000008003cf2       0x5c CMakeFiles/INA226.elf.dir/Drivers/STM32F1xx_HAL_Driver/Src/stm32f1xx_hal_i2c.c.obj
 *fill*         0x0000000008003d4e        0x2 
 .text.HAL_RCC_OscConfig
                0x0000000008003d50      0x504 CMakeFiles/INA226.elf.dir/Drivers/STM32F1xx_HAL_Driver/Src/stm32f1xx_hal_rcc.c.obj
                0x0000000008003d50                HAL_RCC_OscConfig
 .text.HAL_RCC_ClockConfig
                0x0000000008004254      0x1d4 CMakeFiles/INA226.elf.dir/Drivers/STM32F1xx_HAL_Driver/Src/stm32f1xx_hal_rcc.c.obj
                0x0000000008004254                HAL_RCC_ClockConfig
 .text.HAL_RCC_GetSysClockFreq
                0x0000000008004428       0xa8 CMakeFiles/INA226.elf.dir/Drivers/STM32F1xx_HAL_Driver/Src/stm32f1xx_hal_rcc.c.obj
                0x0000000008004428                HAL_RCC_GetSysClockFreq
 .text.HAL_RCC_GetHCLKFreq
                0x00000000080044d0       0x14 CMakeFiles/INA226.elf.dir/Drivers/STM32F1xx_HAL_Driver/Src/stm32f1xx_hal_rcc.c.obj
                0x00000000080044d0                HAL_RCC_GetHCLKFreq
 .text.HAL_RCC_GetPCLK1Freq
                0x00000000080044e4       0x28 CMakeFiles/INA226.elf.dir/Drivers/STM32F1xx_HAL_Driver/Src/stm32f1xx_hal_rcc.c.obj
                0x00000000080044e4                HAL_RCC_GetPCLK1Freq
 .text.RCC_Delay
                0x000000000800450c       0x3c CMakeFiles/INA226.elf.dir/Drivers/STM32F1xx_HAL_Driver/Src/stm32f1xx_hal_rcc.c.obj
 .text._Z11INA226_initv
                0x0000000008004548       0x20 CMakeFiles/INA226.elf.dir/User/ina226/ina226.cpp.obj
                0x0000000008004548                INA226_init()
 .text._Z14INA226_GetBusVv
                0x0000000008004568       0x34 CMakeFiles/INA226.elf.dir/User/ina226/ina226.cpp.obj
                0x0000000008004568                INA226_GetBusV()
 .text._Z17INA226_GetCurrentv
                0x000000000800459c       0x6c CMakeFiles/INA226.elf.dir/User/ina226/ina226.cpp.obj
                0x000000000800459c                INA226_GetCurrent()
 .text._Z16INA226_SetConfigt
                0x0000000008004608       0x40 CMakeFiles/INA226.elf.dir/User/ina226/ina226.cpp.obj
                0x0000000008004608                INA226_SetConfig(unsigned short)
 .text._Z17INA226_GetBusVRegv
                0x0000000008004648       0x5c CMakeFiles/INA226.elf.dir/User/ina226/ina226.cpp.obj
                0x0000000008004648                INA226_GetBusVReg()
 .text._Z24INA226_SetCalibrationRegt
                0x00000000080046a4       0x40 CMakeFiles/INA226.elf.dir/User/ina226/ina226.cpp.obj
                0x00000000080046a4                INA226_SetCalibrationReg(unsigned short)
 .text._Z20INA226_GetCurrentRegv
                0x00000000080046e4       0x5c CMakeFiles/INA226.elf.dir/User/ina226/ina226.cpp.obj
                0x00000000080046e4                INA226_GetCurrentReg()
 .text.User_Setup
                0x0000000008004740        0xc CMakeFiles/INA226.elf.dir/User/main/usr_main.cpp.obj
                0x0000000008004740                User_Setup
 .text.User_Loop
                0x000000000800474c       0x5c CMakeFiles/INA226.elf.dir/User/main/usr_main.cpp.obj
                0x000000000800474c                User_Loop
 .text.startup  0x00000000080047a8       0x14 /usr/lib/gcc/arm-none-eabi/10.3.1/../../../arm-none-eabi/lib/thumb/v7-m/nofp/libg.a(lib_a-__call_atexit.o)
 *(.glue_7)
 .glue_7        0x00000000080047bc        0x0 linker stubs
 *(.glue_7t)
 .glue_7t       0x00000000080047bc        0x0 linker stubs
 *(.eh_frame)
 .eh_frame      0x00000000080047bc        0x0 /usr/lib/gcc/arm-none-eabi/10.3.1/thumb/v7-m/nofp/crtbegin.o
 *(.init)
 .init          0x00000000080047bc        0x4 /usr/lib/gcc/arm-none-eabi/10.3.1/thumb/v7-m/nofp/crti.o
                0x00000000080047bc                _init
 .init          0x00000000080047c0        0x8 /usr/lib/gcc/arm-none-eabi/10.3.1/thumb/v7-m/nofp/crtn.o
 *(.fini)
 .fini          0x00000000080047c8        0x4 /usr/lib/gcc/arm-none-eabi/10.3.1/thumb/v7-m/nofp/crti.o
                0x00000000080047c8                _fini
 .fini          0x00000000080047cc        0x8 /usr/lib/gcc/arm-none-eabi/10.3.1/thumb/v7-m/nofp/crtn.o
                0x00000000080047d4                . = ALIGN (0x4)
                0x00000000080047d4                _etext = .

.vfp11_veneer   0x00000000080047d4        0x0
 .vfp11_veneer  0x00000000080047d4        0x0 linker stubs

.v4_bx          0x00000000080047d4        0x0
 .v4_bx         0x00000000080047d4        0x0 linker stubs

.iplt           0x00000000080047d4        0x0
 .iplt          0x00000000080047d4        0x0 /usr/lib/gcc/arm-none-eabi/10.3.1/thumb/v7-m/nofp/crtbegin.o

.rodata         0x00000000080047d4       0x30
                0x00000000080047d4                . = ALIGN (0x4)
 *(.rodata)
 .rodata        0x00000000080047d4        0x4 /usr/lib/gcc/arm-none-eabi/10.3.1/../../../arm-none-eabi/lib/thumb/v7-m/nofp/libg.a(lib_a-impure.o)
                0x00000000080047d4                _global_impure_ptr
 *(.rodata*)
 .rodata.AHBPrescTable
                0x00000000080047d8       0x10 CMakeFiles/INA226.elf.dir/Core/Src/system_stm32f1xx.c.obj
                0x00000000080047d8                AHBPrescTable
 .rodata.APBPrescTable
                0x00000000080047e8        0x8 CMakeFiles/INA226.elf.dir/Core/Src/system_stm32f1xx.c.obj
                0x00000000080047e8                APBPrescTable
 .rodata.aPLLMULFactorTable.1
                0x00000000080047f0       0x10 CMakeFiles/INA226.elf.dir/Drivers/STM32F1xx_HAL_Driver/Src/stm32f1xx_hal_rcc.c.obj
 .rodata.aPredivFactorTable.0
                0x0000000008004800        0x2 CMakeFiles/INA226.elf.dir/Drivers/STM32F1xx_HAL_Driver/Src/stm32f1xx_hal_rcc.c.obj
                0x0000000008004804                . = ALIGN (0x4)
 *fill*         0x0000000008004802        0x2 

.ARM.extab      0x0000000008004804       0x6c
                0x0000000008004804                . = ALIGN (0x4)
 *(.ARM.extab* .gnu.linkonce.armextab.*)
 .ARM.extab.text._Z14INA226_GetBusVv
                0x0000000008004804        0xc CMakeFiles/INA226.elf.dir/User/ina226/ina226.cpp.obj
 .ARM.extab.text._Z17INA226_GetCurrentv
                0x0000000008004810        0xc CMakeFiles/INA226.elf.dir/User/ina226/ina226.cpp.obj
 .ARM.extab.text._Z16INA226_SetConfigt
                0x000000000800481c        0xc CMakeFiles/INA226.elf.dir/User/ina226/ina226.cpp.obj
 .ARM.extab.text._Z17INA226_GetBusVRegv
                0x0000000008004828        0xc CMakeFiles/INA226.elf.dir/User/ina226/ina226.cpp.obj
 .ARM.extab.text._Z24INA226_SetCalibrationRegt
                0x0000000008004834        0xc CMakeFiles/INA226.elf.dir/User/ina226/ina226.cpp.obj
 .ARM.extab.text._Z20INA226_GetCurrentRegv
                0x0000000008004840        0xc CMakeFiles/INA226.elf.dir/User/ina226/ina226.cpp.obj
 .ARM.extab.text.User_Loop
                0x000000000800484c        0xc CMakeFiles/INA226.elf.dir/User/main/usr_main.cpp.obj
 .ARM.extab     0x0000000008004858       0x18 /usr/lib/gcc/arm-none-eabi/10.3.1/thumb/v7-m/nofp/libgcc.a(pr-support.o)
                0x0000000008004870                . = ALIGN (0x4)

.ARM            0x0000000008004870      0x108
                0x0000000008004870                . = ALIGN (0x4)
                0x0000000008004870                __exidx_start = .
 *(.ARM.exidx*)
 .ARM.exidx     0x0000000008004870       0x80 /usr/lib/gcc/arm-none-eabi/10.3.1/thumb/v7-m/nofp/libgcc.a(unwind-arm.o)
                                         0xd8 (size before relaxing)
 .ARM.exidx     0x00000000080048f0       0x38 /usr/lib/gcc/arm-none-eabi/10.3.1/thumb/v7-m/nofp/libgcc.a(pr-support.o)
 .ARM.exidx.text._Z11INA226_initv
                0x0000000008004928        0x8 CMakeFiles/INA226.elf.dir/User/ina226/ina226.cpp.obj
 .ARM.exidx.text._Z14INA226_GetBusVv
                0x0000000008004930        0x8 CMakeFiles/INA226.elf.dir/User/ina226/ina226.cpp.obj
 .ARM.exidx.text._Z17INA226_GetCurrentv
                0x0000000008004938        0x8 CMakeFiles/INA226.elf.dir/User/ina226/ina226.cpp.obj
 .ARM.exidx.text._Z16INA226_SetConfigt
                0x0000000008004940        0x8 CMakeFiles/INA226.elf.dir/User/ina226/ina226.cpp.obj
 .ARM.exidx.text._Z17INA226_GetBusVRegv
                0x0000000008004948        0x8 CMakeFiles/INA226.elf.dir/User/ina226/ina226.cpp.obj
 .ARM.exidx.text._Z24INA226_SetCalibrationRegt
                0x0000000008004950        0x8 CMakeFiles/INA226.elf.dir/User/ina226/ina226.cpp.obj
 .ARM.exidx.text._Z20INA226_GetCurrentRegv
                0x0000000008004958        0x8 CMakeFiles/INA226.elf.dir/User/ina226/ina226.cpp.obj
 .ARM.exidx.text.User_Setup
                0x0000000008004960        0x8 CMakeFiles/INA226.elf.dir/User/main/usr_main.cpp.obj
 .ARM.exidx.text.User_Loop
                0x0000000008004968       0x10 CMakeFiles/INA226.elf.dir/User/main/usr_main.cpp.obj
                                          0x8 (size before relaxing)
                0x0000000008004978                __exidx_end = .
                0x0000000008004978                . = ALIGN (0x4)

.rel.dyn        0x0000000008004978        0x0
 .rel.iplt      0x0000000008004978        0x0 /usr/lib/gcc/arm-none-eabi/10.3.1/thumb/v7-m/nofp/crtbegin.o

.preinit_array  0x0000000008004978        0x0
                0x0000000008004978                . = ALIGN (0x4)
                0x0000000008004978                PROVIDE (__preinit_array_start = .)
 *(.preinit_array*)
                0x0000000008004978                PROVIDE (__preinit_array_end = .)
                0x0000000008004978                . = ALIGN (0x4)

.init_array     0x0000000008004978        0x8
                0x0000000008004978                . = ALIGN (0x4)
                0x0000000008004978                PROVIDE (__init_array_start = .)
 *(SORT_BY_NAME(.init_array.*))
 .init_array.00000
                0x0000000008004978        0x4 /usr/lib/gcc/arm-none-eabi/10.3.1/../../../arm-none-eabi/lib/thumb/v7-m/nofp/libg.a(lib_a-__call_atexit.o)
 *(.init_array*)
 .init_array    0x000000000800497c        0x4 /usr/lib/gcc/arm-none-eabi/10.3.1/thumb/v7-m/nofp/crtbegin.o
                0x0000000008004980                PROVIDE (__init_array_end = .)
                0x0000000008004980                . = ALIGN (0x4)

.fini_array     0x0000000008004980        0x4
                0x0000000008004980                . = ALIGN (0x4)
                0x0000000008004980                PROVIDE (__fini_array_start = .)
 *(SORT_BY_NAME(.fini_array.*))
 *(.fini_array*)
 .fini_array    0x0000000008004980        0x4 /usr/lib/gcc/arm-none-eabi/10.3.1/thumb/v7-m/nofp/crtbegin.o
                0x0000000008004984                PROVIDE (__fini_array_end = .)
                0x0000000008004984                . = ALIGN (0x4)
                0x0000000008004984                _sidata = LOADADDR (.data)

.data           0x0000000020000000      0x850 load address 0x0000000008004984
                0x0000000020000000                . = ALIGN (0x4)
                0x0000000020000000                _sdata = .
 *(.data)
 .data          0x0000000020000000      0x430 /usr/lib/gcc/arm-none-eabi/10.3.1/../../../arm-none-eabi/lib/thumb/v7-m/nofp/libg.a(lib_a-impure.o)
                0x0000000020000000                _impure_ptr
 .data          0x0000000020000430      0x410 /usr/lib/gcc/arm-none-eabi/10.3.1/../../../arm-none-eabi/lib/thumb/v7-m/nofp/libg.a(lib_a-mallocr.o)
                0x0000000020000430                __malloc_av_
                0x0000000020000838                __malloc_sbrk_base
                0x000000002000083c                __malloc_trim_threshold
 *(.data*)
 .data.SystemCoreClock
                0x0000000020000840        0x4 CMakeFiles/INA226.elf.dir/Core/Src/system_stm32f1xx.c.obj
                0x0000000020000840                SystemCoreClock
 .data.uwTickPrio
                0x0000000020000844        0x4 CMakeFiles/INA226.elf.dir/Drivers/STM32F1xx_HAL_Driver/Src/stm32f1xx_hal.c.obj
                0x0000000020000844                uwTickPrio
 .data.uwTickFreq
                0x0000000020000848        0x1 CMakeFiles/INA226.elf.dir/Drivers/STM32F1xx_HAL_Driver/Src/stm32f1xx_hal.c.obj
                0x0000000020000848                uwTickFreq
 *fill*         0x0000000020000849        0x1 
 .data.CalibrationRegister
                0x000000002000084a        0x2 CMakeFiles/INA226.elf.dir/User/ina226/ina226.cpp.obj
                0x000000002000084a                CalibrationRegister
 .data.current_LSB
                0x000000002000084c        0x4 CMakeFiles/INA226.elf.dir/User/ina226/ina226.cpp.obj
                0x000000002000084c                current_LSB
 *(.RamFunc)
 *(.RamFunc*)
                0x0000000020000850                . = ALIGN (0x4)
                0x0000000020000850                _edata = .

.tm_clone_table
                0x0000000020000850        0x0 load address 0x00000000080051d4
 .tm_clone_table
                0x0000000020000850        0x0 /usr/lib/gcc/arm-none-eabi/10.3.1/thumb/v7-m/nofp/crtbegin.o
 .tm_clone_table
                0x0000000020000850        0x0 /usr/lib/gcc/arm-none-eabi/10.3.1/thumb/v7-m/nofp/crtend.o

.igot.plt       0x0000000020000850        0x0 load address 0x00000000080051d4
 .igot.plt      0x0000000020000850        0x0 /usr/lib/gcc/arm-none-eabi/10.3.1/thumb/v7-m/nofp/crtbegin.o
                0x0000000020000850                . = ALIGN (0x4)

.bss            0x0000000020000850       0xb4 load address 0x00000000080051d4
                0x0000000020000850                _sbss = .
                0x0000000020000850                __bss_start__ = _sbss
 *(.bss)
 .bss           0x0000000020000850       0x1c /usr/lib/gcc/arm-none-eabi/10.3.1/thumb/v7-m/nofp/crtbegin.o
 .bss           0x000000002000086c       0x34 /usr/lib/gcc/arm-none-eabi/10.3.1/../../../arm-none-eabi/lib/thumb/v7-m/nofp/libg.a(lib_a-mallocr.o)
                0x000000002000086c                __malloc_top_pad
                0x0000000020000870                __malloc_current_mallinfo
                0x0000000020000898                __malloc_max_sbrked_mem
                0x000000002000089c                __malloc_max_total_mem
 .bss           0x00000000200008a0        0x4 /usr/lib/gcc/arm-none-eabi/10.3.1/../../../arm-none-eabi/lib/thumb/v7-m/nofp/libg.a(lib_a-reent.o)
                0x00000000200008a0                errno
 *(.bss*)
 .bss.hi2c1     0x00000000200008a4       0x54 CMakeFiles/INA226.elf.dir/Core/Src/i2c.c.obj
                0x00000000200008a4                hi2c1
 .bss.__sbrk_heap_end
                0x00000000200008f8        0x4 CMakeFiles/INA226.elf.dir/Core/Src/sysmem.c.obj
 .bss.uwTick    0x00000000200008fc        0x4 CMakeFiles/INA226.elf.dir/Drivers/STM32F1xx_HAL_Driver/Src/stm32f1xx_hal.c.obj
                0x00000000200008fc                uwTick
 .bss._ZZ9User_LoopE1t
                0x0000000020000900        0x4 CMakeFiles/INA226.elf.dir/User/main/usr_main.cpp.obj
 *(COMMON)
                0x0000000020000904                . = ALIGN (0x4)
                0x0000000020000904                _ebss = .
                0x0000000020000904                __bss_end__ = _ebss

._user_heap_stack
                0x0000000020000904      0x604 load address 0x00000000080051d4
                0x0000000020000908                . = ALIGN (0x8)
 *fill*         0x0000000020000904        0x4 
                [!provide]                        PROVIDE (end = .)
                0x0000000020000908                PROVIDE (_end = .)
                0x0000000020000b08                . = (. + _Min_Heap_Size)
 *fill*         0x0000000020000908      0x200 
                0x0000000020000f08                . = (. + _Min_Stack_Size)
 *fill*         0x0000000020000b08      0x400 
                0x0000000020000f08                . = ALIGN (0x8)

/DISCARD/
 libc.a(*)
 libm.a(*)
 libgcc.a(*)

.ARM.attributes
                0x0000000000000000       0x29
 *(.ARM.attributes)
 .ARM.attributes
                0x0000000000000000       0x1d /usr/lib/gcc/arm-none-eabi/10.3.1/thumb/v7-m/nofp/crti.o
 .ARM.attributes
                0x000000000000001d       0x2d /usr/lib/gcc/arm-none-eabi/10.3.1/thumb/v7-m/nofp/crtbegin.o
 .ARM.attributes
                0x000000000000004a       0x2d CMakeFiles/INA226.elf.dir/Core/Src/gpio.c.obj
 .ARM.attributes
                0x0000000000000077       0x2d CMakeFiles/INA226.elf.dir/Core/Src/i2c.c.obj
 .ARM.attributes
                0x00000000000000a4       0x2d CMakeFiles/INA226.elf.dir/Core/Src/main.c.obj
 .ARM.attributes
                0x00000000000000d1       0x2d CMakeFiles/INA226.elf.dir/Core/Src/stm32f1xx_hal_msp.c.obj
 .ARM.attributes
                0x00000000000000fe       0x2d CMakeFiles/INA226.elf.dir/Core/Src/stm32f1xx_it.c.obj
 .ARM.attributes
                0x000000000000012b       0x2d CMakeFiles/INA226.elf.dir/Core/Src/system_stm32f1xx.c.obj
 .ARM.attributes
                0x0000000000000158       0x21 CMakeFiles/INA226.elf.dir/Core/Startup/startup_stm32f103c8tx.s.obj
 .ARM.attributes
                0x0000000000000179       0x2d CMakeFiles/INA226.elf.dir/Drivers/STM32F1xx_HAL_Driver/Src/stm32f1xx_hal.c.obj
 .ARM.attributes
                0x00000000000001a6       0x2d CMakeFiles/INA226.elf.dir/Drivers/STM32F1xx_HAL_Driver/Src/stm32f1xx_hal_cortex.c.obj
 .ARM.attributes
                0x00000000000001d3       0x2d CMakeFiles/INA226.elf.dir/Drivers/STM32F1xx_HAL_Driver/Src/stm32f1xx_hal_gpio.c.obj
 .ARM.attributes
                0x0000000000000200       0x2d CMakeFiles/INA226.elf.dir/Drivers/STM32F1xx_HAL_Driver/Src/stm32f1xx_hal_i2c.c.obj
 .ARM.attributes
                0x000000000000022d       0x2d CMakeFiles/INA226.elf.dir/Drivers/STM32F1xx_HAL_Driver/Src/stm32f1xx_hal_rcc.c.obj
 .ARM.attributes
                0x000000000000025a       0x2d CMakeFiles/INA226.elf.dir/User/ina226/ina226.cpp.obj
 .ARM.attributes
                0x0000000000000287       0x2d CMakeFiles/INA226.elf.dir/User/main/usr_main.cpp.obj
 .ARM.attributes
                0x00000000000002b4       0x1d /usr/lib/gcc/arm-none-eabi/10.3.1/thumb/v7-m/nofp/libgcc.a(_arm_addsubsf3.o)
 .ARM.attributes
                0x00000000000002d1       0x1d /usr/lib/gcc/arm-none-eabi/10.3.1/thumb/v7-m/nofp/libgcc.a(_arm_muldivsf3.o)
 .ARM.attributes
                0x00000000000002ee       0x2d /usr/lib/gcc/arm-none-eabi/10.3.1/thumb/v7-m/nofp/libgcc.a(unwind-arm.o)
 .ARM.attributes
                0x000000000000031b       0x1d /usr/lib/gcc/arm-none-eabi/10.3.1/thumb/v7-m/nofp/libgcc.a(libunwind.o)
 .ARM.attributes
                0x0000000000000338       0x2d /usr/lib/gcc/arm-none-eabi/10.3.1/thumb/v7-m/nofp/libgcc.a(pr-support.o)
 .ARM.attributes
                0x0000000000000365       0x2d /usr/lib/gcc/arm-none-eabi/10.3.1/../../../arm-none-eabi/lib/thumb/v7-m/nofp/libg.a(lib_a-abort.o)
 .ARM.attributes
                0x0000000000000392       0x2d /usr/lib/gcc/arm-none-eabi/10.3.1/../../../arm-none-eabi/lib/thumb/v7-m/nofp/libg.a(lib_a-atexit.o)
 .ARM.attributes
                0x00000000000003bf       0x2d /usr/lib/gcc/arm-none-eabi/10.3.1/../../../arm-none-eabi/lib/thumb/v7-m/nofp/libg.a(lib_a-errno.o)
 .ARM.attributes
                0x00000000000003ec       0x2d /usr/lib/gcc/arm-none-eabi/10.3.1/../../../arm-none-eabi/lib/thumb/v7-m/nofp/libg.a(lib_a-fini.o)
 .ARM.attributes
                0x0000000000000419       0x2d /usr/lib/gcc/arm-none-eabi/10.3.1/../../../arm-none-eabi/lib/thumb/v7-m/nofp/libg.a(lib_a-impure.o)
 .ARM.attributes
                0x0000000000000446       0x2d /usr/lib/gcc/arm-none-eabi/10.3.1/../../../arm-none-eabi/lib/thumb/v7-m/nofp/libg.a(lib_a-init.o)
 .ARM.attributes
                0x0000000000000473       0x1b /usr/lib/gcc/arm-none-eabi/10.3.1/../../../arm-none-eabi/lib/thumb/v7-m/nofp/libg.a(lib_a-memcpy.o)
 .ARM.attributes
                0x000000000000048e       0x2d /usr/lib/gcc/arm-none-eabi/10.3.1/../../../arm-none-eabi/lib/thumb/v7-m/nofp/libg.a(lib_a-memset.o)
 .ARM.attributes
                0x00000000000004bb       0x2d /usr/lib/gcc/arm-none-eabi/10.3.1/../../../arm-none-eabi/lib/thumb/v7-m/nofp/libg.a(lib_a-signal.o)
 .ARM.attributes
                0x00000000000004e8       0x2d /usr/lib/gcc/arm-none-eabi/10.3.1/../../../arm-none-eabi/lib/thumb/v7-m/nofp/libg.a(lib_a-signalr.o)
 .ARM.attributes
                0x0000000000000515       0x2d /usr/lib/gcc/arm-none-eabi/10.3.1/../../../arm-none-eabi/lib/thumb/v7-m/nofp/libg.a(lib_a-__atexit.o)
 .ARM.attributes
                0x0000000000000542       0x2d /usr/lib/gcc/arm-none-eabi/10.3.1/../../../arm-none-eabi/lib/thumb/v7-m/nofp/libg.a(lib_a-__call_atexit.o)
 .ARM.attributes
                0x000000000000056f       0x2d /usr/lib/gcc/arm-none-eabi/10.3.1/../../../arm-none-eabi/lib/thumb/v7-m/nofp/libg.a(lib_a-mallocr.o)
 .ARM.attributes
                0x000000000000059c       0x2d /usr/lib/gcc/arm-none-eabi/10.3.1/../../../arm-none-eabi/lib/thumb/v7-m/nofp/libg.a(lib_a-mlock.o)
 .ARM.attributes
                0x00000000000005c9       0x2d /usr/lib/gcc/arm-none-eabi/10.3.1/../../../arm-none-eabi/lib/thumb/v7-m/nofp/libg.a(lib_a-reent.o)
 .ARM.attributes
                0x00000000000005f6       0x2d /usr/lib/gcc/arm-none-eabi/10.3.1/../../../arm-none-eabi/lib/thumb/v7-m/nofp/libg.a(lib_a-sbrkr.o)
 .ARM.attributes
                0x0000000000000623       0x2d /usr/lib/gcc/arm-none-eabi/10.3.1/../../../arm-none-eabi/lib/thumb/v7-m/nofp/libg.a(lib_a-freer.o)
 .ARM.attributes
                0x0000000000000650       0x2d /usr/lib/gcc/arm-none-eabi/10.3.1/thumb/v7-m/nofp/crtend.o
 .ARM.attributes
                0x000000000000067d       0x1d /usr/lib/gcc/arm-none-eabi/10.3.1/thumb/v7-m/nofp/crtn.o
OUTPUT(INA226.elf elf32-littlearm)
LOAD linker stubs
LOAD /usr/lib/gcc/arm-none-eabi/10.3.1/../../../arm-none-eabi/lib/thumb/v7-m/nofp/libc.a
LOAD /usr/lib/gcc/arm-none-eabi/10.3.1/../../../arm-none-eabi/lib/thumb/v7-m/nofp/libm.a
LOAD /usr/lib/gcc/arm-none-eabi/10.3.1/thumb/v7-m/nofp/libgcc.a

.comment        0x0000000000000000       0x33
 .comment       0x0000000000000000       0x33 /usr/lib/gcc/arm-none-eabi/10.3.1/thumb/v7-m/nofp/crtbegin.o
                                         0x34 (size before relaxing)
 .comment       0x0000000000000033       0x34 CMakeFiles/INA226.elf.dir/Core/Src/gpio.c.obj
 .comment       0x0000000000000033       0x34 CMakeFiles/INA226.elf.dir/Core/Src/i2c.c.obj
 .comment       0x0000000000000033       0x34 CMakeFiles/INA226.elf.dir/Core/Src/main.c.obj
 .comment       0x0000000000000033       0x34 CMakeFiles/INA226.elf.dir/Core/Src/stm32f1xx_hal_msp.c.obj
 .comment       0x0000000000000033       0x34 CMakeFiles/INA226.elf.dir/Core/Src/stm32f1xx_it.c.obj
 .comment       0x0000000000000033       0x34 CMakeFiles/INA226.elf.dir/Core/Src/system_stm32f1xx.c.obj
 .comment       0x0000000000000033       0x34 CMakeFiles/INA226.elf.dir/Drivers/STM32F1xx_HAL_Driver/Src/stm32f1xx_hal.c.obj
 .comment       0x0000000000000033       0x34 CMakeFiles/INA226.elf.dir/Drivers/STM32F1xx_HAL_Driver/Src/stm32f1xx_hal_cortex.c.obj
 .comment       0x0000000000000033       0x34 CMakeFiles/INA226.elf.dir/Drivers/STM32F1xx_HAL_Driver/Src/stm32f1xx_hal_gpio.c.obj
 .comment       0x0000000000000033       0x34 CMakeFiles/INA226.elf.dir/Drivers/STM32F1xx_HAL_Driver/Src/stm32f1xx_hal_i2c.c.obj
 .comment       0x0000000000000033       0x34 CMakeFiles/INA226.elf.dir/Drivers/STM32F1xx_HAL_Driver/Src/stm32f1xx_hal_rcc.c.obj
 .comment       0x0000000000000033       0x34 CMakeFiles/INA226.elf.dir/User/ina226/ina226.cpp.obj
 .comment       0x0000000000000033       0x34 CMakeFiles/INA226.elf.dir/User/main/usr_main.cpp.obj
 .comment       0x0000000000000033       0x34 /usr/lib/gcc/arm-none-eabi/10.3.1/thumb/v7-m/nofp/libgcc.a(unwind-arm.o)
 .comment       0x0000000000000033       0x34 /usr/lib/gcc/arm-none-eabi/10.3.1/thumb/v7-m/nofp/libgcc.a(pr-support.o)
 .comment       0x0000000000000033       0x34 /usr/lib/gcc/arm-none-eabi/10.3.1/../../../arm-none-eabi/lib/thumb/v7-m/nofp/libg.a(lib_a-abort.o)
 .comment       0x0000000000000033       0x34 /usr/lib/gcc/arm-none-eabi/10.3.1/../../../arm-none-eabi/lib/thumb/v7-m/nofp/libg.a(lib_a-atexit.o)
 .comment       0x0000000000000033       0x34 /usr/lib/gcc/arm-none-eabi/10.3.1/../../../arm-none-eabi/lib/thumb/v7-m/nofp/libg.a(lib_a-errno.o)
 .comment       0x0000000000000033       0x34 /usr/lib/gcc/arm-none-eabi/10.3.1/../../../arm-none-eabi/lib/thumb/v7-m/nofp/libg.a(lib_a-fini.o)
 .comment       0x0000000000000033       0x34 /usr/lib/gcc/arm-none-eabi/10.3.1/../../../arm-none-eabi/lib/thumb/v7-m/nofp/libg.a(lib_a-impure.o)
 .comment       0x0000000000000033       0x34 /usr/lib/gcc/arm-none-eabi/10.3.1/../../../arm-none-eabi/lib/thumb/v7-m/nofp/libg.a(lib_a-init.o)
 .comment       0x0000000000000033       0x34 /usr/lib/gcc/arm-none-eabi/10.3.1/../../../arm-none-eabi/lib/thumb/v7-m/nofp/libg.a(lib_a-memset.o)
 .comment       0x0000000000000033       0x34 /usr/lib/gcc/arm-none-eabi/10.3.1/../../../arm-none-eabi/lib/thumb/v7-m/nofp/libg.a(lib_a-signal.o)
 .comment       0x0000000000000033       0x34 /usr/lib/gcc/arm-none-eabi/10.3.1/../../../arm-none-eabi/lib/thumb/v7-m/nofp/libg.a(lib_a-signalr.o)
 .comment       0x0000000000000033       0x34 /usr/lib/gcc/arm-none-eabi/10.3.1/../../../arm-none-eabi/lib/thumb/v7-m/nofp/libg.a(lib_a-__atexit.o)
 .comment       0x0000000000000033       0x34 /usr/lib/gcc/arm-none-eabi/10.3.1/../../../arm-none-eabi/lib/thumb/v7-m/nofp/libg.a(lib_a-__call_atexit.o)
 .comment       0x0000000000000033       0x34 /usr/lib/gcc/arm-none-eabi/10.3.1/../../../arm-none-eabi/lib/thumb/v7-m/nofp/libg.a(lib_a-mallocr.o)
 .comment       0x0000000000000033       0x34 /usr/lib/gcc/arm-none-eabi/10.3.1/../../../arm-none-eabi/lib/thumb/v7-m/nofp/libg.a(lib_a-mlock.o)
 .comment       0x0000000000000033       0x34 /usr/lib/gcc/arm-none-eabi/10.3.1/../../../arm-none-eabi/lib/thumb/v7-m/nofp/libg.a(lib_a-reent.o)
 .comment       0x0000000000000033       0x34 /usr/lib/gcc/arm-none-eabi/10.3.1/../../../arm-none-eabi/lib/thumb/v7-m/nofp/libg.a(lib_a-sbrkr.o)
 .comment       0x0000000000000033       0x34 /usr/lib/gcc/arm-none-eabi/10.3.1/../../../arm-none-eabi/lib/thumb/v7-m/nofp/libg.a(lib_a-freer.o)
 .comment       0x0000000000000033       0x34 /usr/lib/gcc/arm-none-eabi/10.3.1/thumb/v7-m/nofp/crtend.o

.debug_info     0x0000000000000000    0x10d35
 .debug_info    0x0000000000000000      0x287 CMakeFiles/INA226.elf.dir/Core/Src/gpio.c.obj
 .debug_info    0x0000000000000287      0x7d3 CMakeFiles/INA226.elf.dir/Core/Src/i2c.c.obj
 .debug_info    0x0000000000000a5a      0x264 CMakeFiles/INA226.elf.dir/Core/Src/main.c.obj
 .debug_info    0x0000000000000cbe      0x200 CMakeFiles/INA226.elf.dir/Core/Src/stm32f1xx_hal_msp.c.obj
 .debug_info    0x0000000000000ebe      0x115 CMakeFiles/INA226.elf.dir/Core/Src/stm32f1xx_it.c.obj
 .debug_info    0x0000000000000fd3      0x221 CMakeFiles/INA226.elf.dir/Core/Src/system_stm32f1xx.c.obj
 .debug_info    0x00000000000011f4       0x22 CMakeFiles/INA226.elf.dir/Core/Startup/startup_stm32f103c8tx.s.obj
 .debug_info    0x0000000000001216      0x6d1 CMakeFiles/INA226.elf.dir/Drivers/STM32F1xx_HAL_Driver/Src/stm32f1xx_hal.c.obj
 .debug_info    0x00000000000018e7      0xaf8 CMakeFiles/INA226.elf.dir/Drivers/STM32F1xx_HAL_Driver/Src/stm32f1xx_hal_cortex.c.obj
 .debug_info    0x00000000000023df      0x5f9 CMakeFiles/INA226.elf.dir/Drivers/STM32F1xx_HAL_Driver/Src/stm32f1xx_hal_gpio.c.obj
 .debug_info    0x00000000000029d8     0x26cb CMakeFiles/INA226.elf.dir/Drivers/STM32F1xx_HAL_Driver/Src/stm32f1xx_hal_i2c.c.obj
 .debug_info    0x00000000000050a3      0x7f6 CMakeFiles/INA226.elf.dir/Drivers/STM32F1xx_HAL_Driver/Src/stm32f1xx_hal_rcc.c.obj
 .debug_info    0x0000000000005899      0xb36 CMakeFiles/INA226.elf.dir/User/ina226/ina226.cpp.obj
 .debug_info    0x00000000000063cf      0x180 CMakeFiles/INA226.elf.dir/User/main/usr_main.cpp.obj
 .debug_info    0x000000000000654f       0x26 /usr/lib/gcc/arm-none-eabi/10.3.1/thumb/v7-m/nofp/libgcc.a(_arm_addsubsf3.o)
 .debug_info    0x0000000000006575       0x26 /usr/lib/gcc/arm-none-eabi/10.3.1/thumb/v7-m/nofp/libgcc.a(_arm_muldivsf3.o)
 .debug_info    0x000000000000659b     0x1e22 /usr/lib/gcc/arm-none-eabi/10.3.1/thumb/v7-m/nofp/libgcc.a(unwind-arm.o)
 .debug_info    0x00000000000083bd       0x26 /usr/lib/gcc/arm-none-eabi/10.3.1/thumb/v7-m/nofp/libgcc.a(libunwind.o)
 .debug_info    0x00000000000083e3      0xa8c /usr/lib/gcc/arm-none-eabi/10.3.1/thumb/v7-m/nofp/libgcc.a(pr-support.o)
 .debug_info    0x0000000000008e6f       0xcb /usr/lib/gcc/arm-none-eabi/10.3.1/../../../arm-none-eabi/lib/thumb/v7-m/nofp/libg.a(lib_a-abort.o)
 .debug_info    0x0000000000008f3a      0x100 /usr/lib/gcc/arm-none-eabi/10.3.1/../../../arm-none-eabi/lib/thumb/v7-m/nofp/libg.a(lib_a-atexit.o)
 .debug_info    0x000000000000903a      0x914 /usr/lib/gcc/arm-none-eabi/10.3.1/../../../arm-none-eabi/lib/thumb/v7-m/nofp/libg.a(lib_a-errno.o)
 .debug_info    0x000000000000994e      0x102 /usr/lib/gcc/arm-none-eabi/10.3.1/../../../arm-none-eabi/lib/thumb/v7-m/nofp/libg.a(lib_a-fini.o)
 .debug_info    0x0000000000009a50      0x92a /usr/lib/gcc/arm-none-eabi/10.3.1/../../../arm-none-eabi/lib/thumb/v7-m/nofp/libg.a(lib_a-impure.o)
 .debug_info    0x000000000000a37a      0x11a /usr/lib/gcc/arm-none-eabi/10.3.1/../../../arm-none-eabi/lib/thumb/v7-m/nofp/libg.a(lib_a-init.o)
 .debug_info    0x000000000000a494       0x26 /usr/lib/gcc/arm-none-eabi/10.3.1/../../../arm-none-eabi/lib/thumb/v7-m/nofp/libg.a(lib_a-memcpy.o)
 .debug_info    0x000000000000a4ba      0x137 /usr/lib/gcc/arm-none-eabi/10.3.1/../../../arm-none-eabi/lib/thumb/v7-m/nofp/libg.a(lib_a-memset.o)
 .debug_info    0x000000000000a5f1      0xf32 /usr/lib/gcc/arm-none-eabi/10.3.1/../../../arm-none-eabi/lib/thumb/v7-m/nofp/libg.a(lib_a-signal.o)
 .debug_info    0x000000000000b523      0x9d7 /usr/lib/gcc/arm-none-eabi/10.3.1/../../../arm-none-eabi/lib/thumb/v7-m/nofp/libg.a(lib_a-signalr.o)
 .debug_info    0x000000000000befa      0x9b0 /usr/lib/gcc/arm-none-eabi/10.3.1/../../../arm-none-eabi/lib/thumb/v7-m/nofp/libg.a(lib_a-__atexit.o)
 .debug_info    0x000000000000c8aa      0xa3d /usr/lib/gcc/arm-none-eabi/10.3.1/../../../arm-none-eabi/lib/thumb/v7-m/nofp/libg.a(lib_a-__call_atexit.o)
 .debug_info    0x000000000000d2e7      0xe94 /usr/lib/gcc/arm-none-eabi/10.3.1/../../../arm-none-eabi/lib/thumb/v7-m/nofp/libg.a(lib_a-mallocr.o)
 .debug_info    0x000000000000e17b      0x942 /usr/lib/gcc/arm-none-eabi/10.3.1/../../../arm-none-eabi/lib/thumb/v7-m/nofp/libg.a(lib_a-mlock.o)
 .debug_info    0x000000000000eabd      0xbda /usr/lib/gcc/arm-none-eabi/10.3.1/../../../arm-none-eabi/lib/thumb/v7-m/nofp/libg.a(lib_a-reent.o)
 .debug_info    0x000000000000f697      0x98e /usr/lib/gcc/arm-none-eabi/10.3.1/../../../arm-none-eabi/lib/thumb/v7-m/nofp/libg.a(lib_a-sbrkr.o)
 .debug_info    0x0000000000010025      0xd10 /usr/lib/gcc/arm-none-eabi/10.3.1/../../../arm-none-eabi/lib/thumb/v7-m/nofp/libg.a(lib_a-freer.o)

.debug_abbrev   0x0000000000000000     0x39d9
 .debug_abbrev  0x0000000000000000      0x10c CMakeFiles/INA226.elf.dir/Core/Src/gpio.c.obj
 .debug_abbrev  0x000000000000010c      0x18c CMakeFiles/INA226.elf.dir/Core/Src/i2c.c.obj
 .debug_abbrev  0x0000000000000298      0x154 CMakeFiles/INA226.elf.dir/Core/Src/main.c.obj
 .debug_abbrev  0x00000000000003ec       0xd1 CMakeFiles/INA226.elf.dir/Core/Src/stm32f1xx_hal_msp.c.obj
 .debug_abbrev  0x00000000000004bd       0x5e CMakeFiles/INA226.elf.dir/Core/Src/stm32f1xx_it.c.obj
 .debug_abbrev  0x000000000000051b      0x138 CMakeFiles/INA226.elf.dir/Core/Src/system_stm32f1xx.c.obj
 .debug_abbrev  0x0000000000000653       0x12 CMakeFiles/INA226.elf.dir/Core/Startup/startup_stm32f103c8tx.s.obj
 .debug_abbrev  0x0000000000000665      0x1c5 CMakeFiles/INA226.elf.dir/Drivers/STM32F1xx_HAL_Driver/Src/stm32f1xx_hal.c.obj
 .debug_abbrev  0x000000000000082a      0x2ea CMakeFiles/INA226.elf.dir/Drivers/STM32F1xx_HAL_Driver/Src/stm32f1xx_hal_cortex.c.obj
 .debug_abbrev  0x0000000000000b14      0x1b8 CMakeFiles/INA226.elf.dir/Drivers/STM32F1xx_HAL_Driver/Src/stm32f1xx_hal_gpio.c.obj
 .debug_abbrev  0x0000000000000ccc      0x259 CMakeFiles/INA226.elf.dir/Drivers/STM32F1xx_HAL_Driver/Src/stm32f1xx_hal_i2c.c.obj
 .debug_abbrev  0x0000000000000f25      0x25d CMakeFiles/INA226.elf.dir/Drivers/STM32F1xx_HAL_Driver/Src/stm32f1xx_hal_rcc.c.obj
 .debug_abbrev  0x0000000000001182      0x1d3 CMakeFiles/INA226.elf.dir/User/ina226/ina226.cpp.obj
 .debug_abbrev  0x0000000000001355       0xdd CMakeFiles/INA226.elf.dir/User/main/usr_main.cpp.obj
 .debug_abbrev  0x0000000000001432       0x14 /usr/lib/gcc/arm-none-eabi/10.3.1/thumb/v7-m/nofp/libgcc.a(_arm_addsubsf3.o)
 .debug_abbrev  0x0000000000001446       0x14 /usr/lib/gcc/arm-none-eabi/10.3.1/thumb/v7-m/nofp/libgcc.a(_arm_muldivsf3.o)
 .debug_abbrev  0x000000000000145a      0x46c /usr/lib/gcc/arm-none-eabi/10.3.1/thumb/v7-m/nofp/libgcc.a(unwind-arm.o)
 .debug_abbrev  0x00000000000018c6       0x14 /usr/lib/gcc/arm-none-eabi/10.3.1/thumb/v7-m/nofp/libgcc.a(libunwind.o)
 .debug_abbrev  0x00000000000018da      0x2d3 /usr/lib/gcc/arm-none-eabi/10.3.1/thumb/v7-m/nofp/libgcc.a(pr-support.o)
 .debug_abbrev  0x0000000000001bad       0x80 /usr/lib/gcc/arm-none-eabi/10.3.1/../../../arm-none-eabi/lib/thumb/v7-m/nofp/libg.a(lib_a-abort.o)
 .debug_abbrev  0x0000000000001c2d       0xb7 /usr/lib/gcc/arm-none-eabi/10.3.1/../../../arm-none-eabi/lib/thumb/v7-m/nofp/libg.a(lib_a-atexit.o)
 .debug_abbrev  0x0000000000001ce4      0x1be /usr/lib/gcc/arm-none-eabi/10.3.1/../../../arm-none-eabi/lib/thumb/v7-m/nofp/libg.a(lib_a-errno.o)
 .debug_abbrev  0x0000000000001ea2       0xcf /usr/lib/gcc/arm-none-eabi/10.3.1/../../../arm-none-eabi/lib/thumb/v7-m/nofp/libg.a(lib_a-fini.o)
 .debug_abbrev  0x0000000000001f71      0x1b8 /usr/lib/gcc/arm-none-eabi/10.3.1/../../../arm-none-eabi/lib/thumb/v7-m/nofp/libg.a(lib_a-impure.o)
 .debug_abbrev  0x0000000000002129       0xcc /usr/lib/gcc/arm-none-eabi/10.3.1/../../../arm-none-eabi/lib/thumb/v7-m/nofp/libg.a(lib_a-init.o)
 .debug_abbrev  0x00000000000021f5       0x14 /usr/lib/gcc/arm-none-eabi/10.3.1/../../../arm-none-eabi/lib/thumb/v7-m/nofp/libg.a(lib_a-memcpy.o)
 .debug_abbrev  0x0000000000002209       0xb4 /usr/lib/gcc/arm-none-eabi/10.3.1/../../../arm-none-eabi/lib/thumb/v7-m/nofp/libg.a(lib_a-memset.o)
 .debug_abbrev  0x00000000000022bd      0x321 /usr/lib/gcc/arm-none-eabi/10.3.1/../../../arm-none-eabi/lib/thumb/v7-m/nofp/libg.a(lib_a-signal.o)
 .debug_abbrev  0x00000000000025de      0x242 /usr/lib/gcc/arm-none-eabi/10.3.1/../../../arm-none-eabi/lib/thumb/v7-m/nofp/libg.a(lib_a-signalr.o)
 .debug_abbrev  0x0000000000002820      0x23f /usr/lib/gcc/arm-none-eabi/10.3.1/../../../arm-none-eabi/lib/thumb/v7-m/nofp/libg.a(lib_a-__atexit.o)
 .debug_abbrev  0x0000000000002a5f      0x2b2 /usr/lib/gcc/arm-none-eabi/10.3.1/../../../arm-none-eabi/lib/thumb/v7-m/nofp/libg.a(lib_a-__call_atexit.o)
 .debug_abbrev  0x0000000000002d11      0x2f6 /usr/lib/gcc/arm-none-eabi/10.3.1/../../../arm-none-eabi/lib/thumb/v7-m/nofp/libg.a(lib_a-mallocr.o)
 .debug_abbrev  0x0000000000003007      0x1f0 /usr/lib/gcc/arm-none-eabi/10.3.1/../../../arm-none-eabi/lib/thumb/v7-m/nofp/libg.a(lib_a-mlock.o)
 .debug_abbrev  0x00000000000031f7      0x2f4 /usr/lib/gcc/arm-none-eabi/10.3.1/../../../arm-none-eabi/lib/thumb/v7-m/nofp/libg.a(lib_a-reent.o)
 .debug_abbrev  0x00000000000034eb      0x23d /usr/lib/gcc/arm-none-eabi/10.3.1/../../../arm-none-eabi/lib/thumb/v7-m/nofp/libg.a(lib_a-sbrkr.o)
 .debug_abbrev  0x0000000000003728      0x2b1 /usr/lib/gcc/arm-none-eabi/10.3.1/../../../arm-none-eabi/lib/thumb/v7-m/nofp/libg.a(lib_a-freer.o)

.debug_aranges  0x0000000000000000      0xa58
 .debug_aranges
                0x0000000000000000       0x20 CMakeFiles/INA226.elf.dir/Core/Src/gpio.c.obj
 .debug_aranges
                0x0000000000000020       0x30 CMakeFiles/INA226.elf.dir/Core/Src/i2c.c.obj
 .debug_aranges
                0x0000000000000050       0x30 CMakeFiles/INA226.elf.dir/Core/Src/main.c.obj
 .debug_aranges
                0x0000000000000080       0x20 CMakeFiles/INA226.elf.dir/Core/Src/stm32f1xx_hal_msp.c.obj
 .debug_aranges
                0x00000000000000a0       0x60 CMakeFiles/INA226.elf.dir/Core/Src/stm32f1xx_it.c.obj
 .debug_aranges
                0x0000000000000100       0x28 CMakeFiles/INA226.elf.dir/Core/Src/system_stm32f1xx.c.obj
 .debug_aranges
                0x0000000000000128       0x28 CMakeFiles/INA226.elf.dir/Core/Startup/startup_stm32f103c8tx.s.obj
 .debug_aranges
                0x0000000000000150       0xe0 CMakeFiles/INA226.elf.dir/Drivers/STM32F1xx_HAL_Driver/Src/stm32f1xx_hal.c.obj
 .debug_aranges
                0x0000000000000230      0x100 CMakeFiles/INA226.elf.dir/Drivers/STM32F1xx_HAL_Driver/Src/stm32f1xx_hal_cortex.c.obj
 .debug_aranges
                0x0000000000000330       0x58 CMakeFiles/INA226.elf.dir/Drivers/STM32F1xx_HAL_Driver/Src/stm32f1xx_hal_gpio.c.obj
 .debug_aranges
                0x0000000000000388      0x2a8 CMakeFiles/INA226.elf.dir/Drivers/STM32F1xx_HAL_Driver/Src/stm32f1xx_hal_i2c.c.obj
 .debug_aranges
                0x0000000000000630       0x90 CMakeFiles/INA226.elf.dir/Drivers/STM32F1xx_HAL_Driver/Src/stm32f1xx_hal_rcc.c.obj
 .debug_aranges
                0x00000000000006c0       0xa8 CMakeFiles/INA226.elf.dir/User/ina226/ina226.cpp.obj
 .debug_aranges
                0x0000000000000768       0x28 CMakeFiles/INA226.elf.dir/User/main/usr_main.cpp.obj
 .debug_aranges
                0x0000000000000790       0x20 /usr/lib/gcc/arm-none-eabi/10.3.1/thumb/v7-m/nofp/libgcc.a(_arm_addsubsf3.o)
 .debug_aranges
                0x00000000000007b0       0x20 /usr/lib/gcc/arm-none-eabi/10.3.1/thumb/v7-m/nofp/libgcc.a(_arm_muldivsf3.o)
 .debug_aranges
                0x00000000000007d0       0x20 /usr/lib/gcc/arm-none-eabi/10.3.1/thumb/v7-m/nofp/libgcc.a(unwind-arm.o)
 .debug_aranges
                0x00000000000007f0       0x20 /usr/lib/gcc/arm-none-eabi/10.3.1/thumb/v7-m/nofp/libgcc.a(libunwind.o)
 .debug_aranges
                0x0000000000000810       0x28 /usr/lib/gcc/arm-none-eabi/10.3.1/thumb/v7-m/nofp/libgcc.a(pr-support.o)
 .debug_aranges
                0x0000000000000838       0x20 /usr/lib/gcc/arm-none-eabi/10.3.1/../../../arm-none-eabi/lib/thumb/v7-m/nofp/libg.a(lib_a-abort.o)
 .debug_aranges
                0x0000000000000858       0x20 /usr/lib/gcc/arm-none-eabi/10.3.1/../../../arm-none-eabi/lib/thumb/v7-m/nofp/libg.a(lib_a-atexit.o)
 .debug_aranges
                0x0000000000000878       0x20 /usr/lib/gcc/arm-none-eabi/10.3.1/../../../arm-none-eabi/lib/thumb/v7-m/nofp/libg.a(lib_a-errno.o)
 .debug_aranges
                0x0000000000000898       0x20 /usr/lib/gcc/arm-none-eabi/10.3.1/../../../arm-none-eabi/lib/thumb/v7-m/nofp/libg.a(lib_a-fini.o)
 .debug_aranges
                0x00000000000008b8       0x18 /usr/lib/gcc/arm-none-eabi/10.3.1/../../../arm-none-eabi/lib/thumb/v7-m/nofp/libg.a(lib_a-impure.o)
 .debug_aranges
                0x00000000000008d0       0x20 /usr/lib/gcc/arm-none-eabi/10.3.1/../../../arm-none-eabi/lib/thumb/v7-m/nofp/libg.a(lib_a-init.o)
 .debug_aranges
                0x00000000000008f0       0x20 /usr/lib/gcc/arm-none-eabi/10.3.1/../../../arm-none-eabi/lib/thumb/v7-m/nofp/libg.a(lib_a-memcpy.o)
 .debug_aranges
                0x0000000000000910       0x20 /usr/lib/gcc/arm-none-eabi/10.3.1/../../../arm-none-eabi/lib/thumb/v7-m/nofp/libg.a(lib_a-memset.o)
 .debug_aranges
                0x0000000000000930       0x20 /usr/lib/gcc/arm-none-eabi/10.3.1/../../../arm-none-eabi/lib/thumb/v7-m/nofp/libg.a(lib_a-signal.o)
 .debug_aranges
                0x0000000000000950       0x20 /usr/lib/gcc/arm-none-eabi/10.3.1/../../../arm-none-eabi/lib/thumb/v7-m/nofp/libg.a(lib_a-signalr.o)
 .debug_aranges
                0x0000000000000970       0x20 /usr/lib/gcc/arm-none-eabi/10.3.1/../../../arm-none-eabi/lib/thumb/v7-m/nofp/libg.a(lib_a-__atexit.o)
 .debug_aranges
                0x0000000000000990       0x28 /usr/lib/gcc/arm-none-eabi/10.3.1/../../../arm-none-eabi/lib/thumb/v7-m/nofp/libg.a(lib_a-__call_atexit.o)
 .debug_aranges
                0x00000000000009b8       0x20 /usr/lib/gcc/arm-none-eabi/10.3.1/../../../arm-none-eabi/lib/thumb/v7-m/nofp/libg.a(lib_a-mallocr.o)
 .debug_aranges
                0x00000000000009d8       0x20 /usr/lib/gcc/arm-none-eabi/10.3.1/../../../arm-none-eabi/lib/thumb/v7-m/nofp/libg.a(lib_a-mlock.o)
 .debug_aranges
                0x00000000000009f8       0x20 /usr/lib/gcc/arm-none-eabi/10.3.1/../../../arm-none-eabi/lib/thumb/v7-m/nofp/libg.a(lib_a-reent.o)
 .debug_aranges
                0x0000000000000a18       0x20 /usr/lib/gcc/arm-none-eabi/10.3.1/../../../arm-none-eabi/lib/thumb/v7-m/nofp/libg.a(lib_a-sbrkr.o)
 .debug_aranges
                0x0000000000000a38       0x20 /usr/lib/gcc/arm-none-eabi/10.3.1/../../../arm-none-eabi/lib/thumb/v7-m/nofp/libg.a(lib_a-freer.o)

.debug_ranges   0x0000000000000000      0x970
 .debug_ranges  0x0000000000000000       0x10 CMakeFiles/INA226.elf.dir/Core/Src/gpio.c.obj
 .debug_ranges  0x0000000000000010       0x20 CMakeFiles/INA226.elf.dir/Core/Src/i2c.c.obj
 .debug_ranges  0x0000000000000030       0x20 CMakeFiles/INA226.elf.dir/Core/Src/main.c.obj
 .debug_ranges  0x0000000000000050       0x10 CMakeFiles/INA226.elf.dir/Core/Src/stm32f1xx_hal_msp.c.obj
 .debug_ranges  0x0000000000000060       0x50 CMakeFiles/INA226.elf.dir/Core/Src/stm32f1xx_it.c.obj
 .debug_ranges  0x00000000000000b0       0x18 CMakeFiles/INA226.elf.dir/Core/Src/system_stm32f1xx.c.obj
 .debug_ranges  0x00000000000000c8       0x20 CMakeFiles/INA226.elf.dir/Core/Startup/startup_stm32f103c8tx.s.obj
 .debug_ranges  0x00000000000000e8       0xd0 CMakeFiles/INA226.elf.dir/Drivers/STM32F1xx_HAL_Driver/Src/stm32f1xx_hal.c.obj
 .debug_ranges  0x00000000000001b8       0xf0 CMakeFiles/INA226.elf.dir/Drivers/STM32F1xx_HAL_Driver/Src/stm32f1xx_hal_cortex.c.obj
 .debug_ranges  0x00000000000002a8       0x48 CMakeFiles/INA226.elf.dir/Drivers/STM32F1xx_HAL_Driver/Src/stm32f1xx_hal_gpio.c.obj
 .debug_ranges  0x00000000000002f0      0x2b0 CMakeFiles/INA226.elf.dir/Drivers/STM32F1xx_HAL_Driver/Src/stm32f1xx_hal_i2c.c.obj
 .debug_ranges  0x00000000000005a0       0x80 CMakeFiles/INA226.elf.dir/Drivers/STM32F1xx_HAL_Driver/Src/stm32f1xx_hal_rcc.c.obj
 .debug_ranges  0x0000000000000620       0x98 CMakeFiles/INA226.elf.dir/User/ina226/ina226.cpp.obj
 .debug_ranges  0x00000000000006b8       0x18 CMakeFiles/INA226.elf.dir/User/main/usr_main.cpp.obj
 .debug_ranges  0x00000000000006d0      0x108 /usr/lib/gcc/arm-none-eabi/10.3.1/thumb/v7-m/nofp/libgcc.a(unwind-arm.o)
 .debug_ranges  0x00000000000007d8       0x18 /usr/lib/gcc/arm-none-eabi/10.3.1/thumb/v7-m/nofp/libgcc.a(pr-support.o)
 .debug_ranges  0x00000000000007f0       0xc8 /usr/lib/gcc/arm-none-eabi/10.3.1/../../../arm-none-eabi/lib/thumb/v7-m/nofp/libg.a(lib_a-signal.o)
 .debug_ranges  0x00000000000008b8       0x50 /usr/lib/gcc/arm-none-eabi/10.3.1/../../../arm-none-eabi/lib/thumb/v7-m/nofp/libg.a(lib_a-__call_atexit.o)
 .debug_ranges  0x0000000000000908       0x50 /usr/lib/gcc/arm-none-eabi/10.3.1/../../../arm-none-eabi/lib/thumb/v7-m/nofp/libg.a(lib_a-mallocr.o)
 .debug_ranges  0x0000000000000958       0x18 /usr/lib/gcc/arm-none-eabi/10.3.1/../../../arm-none-eabi/lib/thumb/v7-m/nofp/libg.a(lib_a-reent.o)

.debug_line     0x0000000000000000     0xa083
 .debug_line    0x0000000000000000      0x17f CMakeFiles/INA226.elf.dir/Core/Src/gpio.c.obj
 .debug_line    0x000000000000017f      0x257 CMakeFiles/INA226.elf.dir/Core/Src/i2c.c.obj
 .debug_line    0x00000000000003d6      0x20c CMakeFiles/INA226.elf.dir/Core/Src/main.c.obj
 .debug_line    0x00000000000005e2      0x119 CMakeFiles/INA226.elf.dir/Core/Src/stm32f1xx_hal_msp.c.obj
 .debug_line    0x00000000000006fb      0x12f CMakeFiles/INA226.elf.dir/Core/Src/stm32f1xx_it.c.obj
 .debug_line    0x000000000000082a      0x1c6 CMakeFiles/INA226.elf.dir/Core/Src/system_stm32f1xx.c.obj
 .debug_line    0x00000000000009f0       0xac CMakeFiles/INA226.elf.dir/Core/Startup/startup_stm32f103c8tx.s.obj
 .debug_line    0x0000000000000a9c      0x4a5 CMakeFiles/INA226.elf.dir/Drivers/STM32F1xx_HAL_Driver/Src/stm32f1xx_hal.c.obj
 .debug_line    0x0000000000000f41      0x612 CMakeFiles/INA226.elf.dir/Drivers/STM32F1xx_HAL_Driver/Src/stm32f1xx_hal_cortex.c.obj
 .debug_line    0x0000000000001553      0x4e0 CMakeFiles/INA226.elf.dir/Drivers/STM32F1xx_HAL_Driver/Src/stm32f1xx_hal_gpio.c.obj
 .debug_line    0x0000000000001a33     0x3636 CMakeFiles/INA226.elf.dir/Drivers/STM32F1xx_HAL_Driver/Src/stm32f1xx_hal_i2c.c.obj
 .debug_line    0x0000000000005069      0x8bc CMakeFiles/INA226.elf.dir/Drivers/STM32F1xx_HAL_Driver/Src/stm32f1xx_hal_rcc.c.obj
 .debug_line    0x0000000000005925      0x587 CMakeFiles/INA226.elf.dir/User/ina226/ina226.cpp.obj
 .debug_line    0x0000000000005eac      0x13e CMakeFiles/INA226.elf.dir/User/main/usr_main.cpp.obj
 .debug_line    0x0000000000005fea      0x11a /usr/lib/gcc/arm-none-eabi/10.3.1/thumb/v7-m/nofp/libgcc.a(_arm_addsubsf3.o)
 .debug_line    0x0000000000006104      0x13a /usr/lib/gcc/arm-none-eabi/10.3.1/thumb/v7-m/nofp/libgcc.a(_arm_muldivsf3.o)
 .debug_line    0x000000000000623e     0x1043 /usr/lib/gcc/arm-none-eabi/10.3.1/thumb/v7-m/nofp/libgcc.a(unwind-arm.o)
 .debug_line    0x0000000000007281       0xad /usr/lib/gcc/arm-none-eabi/10.3.1/thumb/v7-m/nofp/libgcc.a(libunwind.o)
 .debug_line    0x000000000000732e      0x571 /usr/lib/gcc/arm-none-eabi/10.3.1/thumb/v7-m/nofp/libgcc.a(pr-support.o)
 .debug_line    0x000000000000789f      0x109 /usr/lib/gcc/arm-none-eabi/10.3.1/../../../arm-none-eabi/lib/thumb/v7-m/nofp/libg.a(lib_a-abort.o)
 .debug_line    0x00000000000079a8       0xc0 /usr/lib/gcc/arm-none-eabi/10.3.1/../../../arm-none-eabi/lib/thumb/v7-m/nofp/libg.a(lib_a-atexit.o)
 .debug_line    0x0000000000007a68      0x109 /usr/lib/gcc/arm-none-eabi/10.3.1/../../../arm-none-eabi/lib/thumb/v7-m/nofp/libg.a(lib_a-errno.o)
 .debug_line    0x0000000000007b71       0xed /usr/lib/gcc/arm-none-eabi/10.3.1/../../../arm-none-eabi/lib/thumb/v7-m/nofp/libg.a(lib_a-fini.o)
 .debug_line    0x0000000000007c5e       0xe4 /usr/lib/gcc/arm-none-eabi/10.3.1/../../../arm-none-eabi/lib/thumb/v7-m/nofp/libg.a(lib_a-impure.o)
 .debug_line    0x0000000000007d42      0x13f /usr/lib/gcc/arm-none-eabi/10.3.1/../../../arm-none-eabi/lib/thumb/v7-m/nofp/libg.a(lib_a-init.o)
 .debug_line    0x0000000000007e81       0xc1 /usr/lib/gcc/arm-none-eabi/10.3.1/../../../arm-none-eabi/lib/thumb/v7-m/nofp/libg.a(lib_a-memcpy.o)
 .debug_line    0x0000000000007f42      0x1bf /usr/lib/gcc/arm-none-eabi/10.3.1/../../../arm-none-eabi/lib/thumb/v7-m/nofp/libg.a(lib_a-memset.o)
 .debug_line    0x0000000000008101      0x65f /usr/lib/gcc/arm-none-eabi/10.3.1/../../../arm-none-eabi/lib/thumb/v7-m/nofp/libg.a(lib_a-signal.o)
 .debug_line    0x0000000000008760      0x1a3 /usr/lib/gcc/arm-none-eabi/10.3.1/../../../arm-none-eabi/lib/thumb/v7-m/nofp/libg.a(lib_a-signalr.o)
 .debug_line    0x0000000000008903      0x1ab /usr/lib/gcc/arm-none-eabi/10.3.1/../../../arm-none-eabi/lib/thumb/v7-m/nofp/libg.a(lib_a-__atexit.o)
 .debug_line    0x0000000000008aae      0x297 /usr/lib/gcc/arm-none-eabi/10.3.1/../../../arm-none-eabi/lib/thumb/v7-m/nofp/libg.a(lib_a-__call_atexit.o)
 .debug_line    0x0000000000008d45      0x8c6 /usr/lib/gcc/arm-none-eabi/10.3.1/../../../arm-none-eabi/lib/thumb/v7-m/nofp/libg.a(lib_a-mallocr.o)
 .debug_line    0x000000000000960b      0x13e /usr/lib/gcc/arm-none-eabi/10.3.1/../../../arm-none-eabi/lib/thumb/v7-m/nofp/libg.a(lib_a-mlock.o)
 .debug_line    0x0000000000009749      0x28d /usr/lib/gcc/arm-none-eabi/10.3.1/../../../arm-none-eabi/lib/thumb/v7-m/nofp/libg.a(lib_a-reent.o)
 .debug_line    0x00000000000099d6      0x186 /usr/lib/gcc/arm-none-eabi/10.3.1/../../../arm-none-eabi/lib/thumb/v7-m/nofp/libg.a(lib_a-sbrkr.o)
 .debug_line    0x0000000000009b5c      0x527 /usr/lib/gcc/arm-none-eabi/10.3.1/../../../arm-none-eabi/lib/thumb/v7-m/nofp/libg.a(lib_a-freer.o)

.debug_str      0x0000000000000000     0x4157
 .debug_str     0x0000000000000000      0x245 CMakeFiles/INA226.elf.dir/Core/Src/gpio.c.obj
                                        0x291 (size before relaxing)
 .debug_str     0x0000000000000245      0x40e CMakeFiles/INA226.elf.dir/Core/Src/i2c.c.obj
                                        0x725 (size before relaxing)
 .debug_str     0x0000000000000653      0x192 CMakeFiles/INA226.elf.dir/Core/Src/main.c.obj
                                        0x350 (size before relaxing)
 .debug_str     0x00000000000007e5       0x80 CMakeFiles/INA226.elf.dir/Core/Src/stm32f1xx_hal_msp.c.obj
                                        0x25e (size before relaxing)
 .debug_str     0x0000000000000865       0xd1 CMakeFiles/INA226.elf.dir/Core/Src/stm32f1xx_it.c.obj
                                        0x260 (size before relaxing)
 .debug_str     0x0000000000000936       0xa4 CMakeFiles/INA226.elf.dir/Core/Src/system_stm32f1xx.c.obj
                                        0x289 (size before relaxing)
 .debug_str     0x00000000000009da       0x5a CMakeFiles/INA226.elf.dir/Core/Startup/startup_stm32f103c8tx.s.obj
                                         0x95 (size before relaxing)
 .debug_str     0x0000000000000a34      0x5c8 CMakeFiles/INA226.elf.dir/Drivers/STM32F1xx_HAL_Driver/Src/stm32f1xx_hal.c.obj
                                        0x81e (size before relaxing)
 .debug_str     0x0000000000000ffc      0x426 CMakeFiles/INA226.elf.dir/Drivers/STM32F1xx_HAL_Driver/Src/stm32f1xx_hal_cortex.c.obj
                                        0x8fe (size before relaxing)
 .debug_str     0x0000000000001422      0x170 CMakeFiles/INA226.elf.dir/Drivers/STM32F1xx_HAL_Driver/Src/stm32f1xx_hal_gpio.c.obj
                                        0x434 (size before relaxing)
 .debug_str     0x0000000000001592      0x8e1 CMakeFiles/INA226.elf.dir/Drivers/STM32F1xx_HAL_Driver/Src/stm32f1xx_hal_i2c.c.obj
                                        0xf9b (size before relaxing)
 .debug_str     0x0000000000001e73      0x235 CMakeFiles/INA226.elf.dir/Drivers/STM32F1xx_HAL_Driver/Src/stm32f1xx_hal_rcc.c.obj
                                        0x62e (size before relaxing)
 .debug_str     0x00000000000020a8      0x5a1 CMakeFiles/INA226.elf.dir/User/ina226/ina226.cpp.obj
                                        0xbc0 (size before relaxing)
 .debug_str     0x0000000000002649       0x55 CMakeFiles/INA226.elf.dir/User/main/usr_main.cpp.obj
                                        0x23e (size before relaxing)
 .debug_str     0x000000000000269e       0xa7 /usr/lib/gcc/arm-none-eabi/10.3.1/thumb/v7-m/nofp/libgcc.a(_arm_addsubsf3.o)
 .debug_str     0x0000000000002745       0xa7 /usr/lib/gcc/arm-none-eabi/10.3.1/thumb/v7-m/nofp/libgcc.a(_arm_muldivsf3.o)
 .debug_str     0x0000000000002745      0xae2 /usr/lib/gcc/arm-none-eabi/10.3.1/thumb/v7-m/nofp/libgcc.a(unwind-arm.o)
                                        0xc3c (size before relaxing)
 .debug_str     0x0000000000003227       0x30 /usr/lib/gcc/arm-none-eabi/10.3.1/thumb/v7-m/nofp/libgcc.a(libunwind.o)
                                         0xa6 (size before relaxing)
 .debug_str     0x0000000000003257       0xdf /usr/lib/gcc/arm-none-eabi/10.3.1/thumb/v7-m/nofp/libgcc.a(pr-support.o)
                                        0x55e (size before relaxing)
 .debug_str     0x0000000000003336      0x107 /usr/lib/gcc/arm-none-eabi/10.3.1/../../../arm-none-eabi/lib/thumb/v7-m/nofp/libg.a(lib_a-abort.o)
                                        0x1a2 (size before relaxing)
 .debug_str     0x000000000000343d       0x78 /usr/lib/gcc/arm-none-eabi/10.3.1/../../../arm-none-eabi/lib/thumb/v7-m/nofp/libg.a(lib_a-atexit.o)
                                        0x1dc (size before relaxing)
 .debug_str     0x00000000000034b5      0x409 /usr/lib/gcc/arm-none-eabi/10.3.1/../../../arm-none-eabi/lib/thumb/v7-m/nofp/libg.a(lib_a-errno.o)
                                        0x562 (size before relaxing)
 .debug_str     0x00000000000038be       0xc4 /usr/lib/gcc/arm-none-eabi/10.3.1/../../../arm-none-eabi/lib/thumb/v7-m/nofp/libg.a(lib_a-fini.o)
                                        0x1d4 (size before relaxing)
 .debug_str     0x0000000000003982       0xaa /usr/lib/gcc/arm-none-eabi/10.3.1/../../../arm-none-eabi/lib/thumb/v7-m/nofp/libg.a(lib_a-impure.o)
                                        0x57a (size before relaxing)
 .debug_str     0x0000000000003a2c       0x90 /usr/lib/gcc/arm-none-eabi/10.3.1/../../../arm-none-eabi/lib/thumb/v7-m/nofp/libg.a(lib_a-init.o)
                                        0x1fe (size before relaxing)
 .debug_str     0x0000000000003abc       0xa1 /usr/lib/gcc/arm-none-eabi/10.3.1/../../../arm-none-eabi/lib/thumb/v7-m/nofp/libg.a(lib_a-memcpy.o)
                                         0xad (size before relaxing)
 .debug_str     0x0000000000003b5d       0xa8 /usr/lib/gcc/arm-none-eabi/10.3.1/../../../arm-none-eabi/lib/thumb/v7-m/nofp/libg.a(lib_a-memset.o)
                                        0x1b3 (size before relaxing)
 .debug_str     0x0000000000003c05       0xfd /usr/lib/gcc/arm-none-eabi/10.3.1/../../../arm-none-eabi/lib/thumb/v7-m/nofp/libg.a(lib_a-signal.o)
                                        0x5e9 (size before relaxing)
 .debug_str     0x0000000000003d02       0x42 /usr/lib/gcc/arm-none-eabi/10.3.1/../../../arm-none-eabi/lib/thumb/v7-m/nofp/libg.a(lib_a-signalr.o)
                                        0x576 (size before relaxing)
 .debug_str     0x0000000000003d44       0x36 /usr/lib/gcc/arm-none-eabi/10.3.1/../../../arm-none-eabi/lib/thumb/v7-m/nofp/libg.a(lib_a-__atexit.o)
                                        0x5b4 (size before relaxing)
 .debug_str     0x0000000000003d7a       0x8d /usr/lib/gcc/arm-none-eabi/10.3.1/../../../arm-none-eabi/lib/thumb/v7-m/nofp/libg.a(lib_a-__call_atexit.o)
                                        0x5e0 (size before relaxing)
 .debug_str     0x0000000000003e07      0x22b /usr/lib/gcc/arm-none-eabi/10.3.1/../../../arm-none-eabi/lib/thumb/v7-m/nofp/libg.a(lib_a-mallocr.o)
                                        0x77f (size before relaxing)
 .debug_str     0x0000000000004032       0x4c /usr/lib/gcc/arm-none-eabi/10.3.1/../../../arm-none-eabi/lib/thumb/v7-m/nofp/libg.a(lib_a-mlock.o)
                                        0x587 (size before relaxing)
 .debug_str     0x000000000000407e       0x5e /usr/lib/gcc/arm-none-eabi/10.3.1/../../../arm-none-eabi/lib/thumb/v7-m/nofp/libg.a(lib_a-reent.o)
                                        0x599 (size before relaxing)
 .debug_str     0x00000000000040dc       0x47 /usr/lib/gcc/arm-none-eabi/10.3.1/../../../arm-none-eabi/lib/thumb/v7-m/nofp/libg.a(lib_a-sbrkr.o)
                                        0x571 (size before relaxing)
 .debug_str     0x0000000000004123       0x34 /usr/lib/gcc/arm-none-eabi/10.3.1/../../../arm-none-eabi/lib/thumb/v7-m/nofp/libg.a(lib_a-freer.o)
                                        0x6c9 (size before relaxing)

.debug_frame    0x0000000000000000     0x257c
 .debug_frame   0x0000000000000000       0x34 CMakeFiles/INA226.elf.dir/Core/Src/gpio.c.obj
 .debug_frame   0x0000000000000034       0x74 CMakeFiles/INA226.elf.dir/Core/Src/i2c.c.obj
 .debug_frame   0x00000000000000a8       0x68 CMakeFiles/INA226.elf.dir/Core/Src/main.c.obj
 .debug_frame   0x0000000000000110       0x38 CMakeFiles/INA226.elf.dir/Core/Src/stm32f1xx_hal_msp.c.obj
 .debug_frame   0x0000000000000148      0x104 CMakeFiles/INA226.elf.dir/Core/Src/stm32f1xx_it.c.obj
 .debug_frame   0x000000000000024c       0x58 CMakeFiles/INA226.elf.dir/Core/Src/system_stm32f1xx.c.obj
 .debug_frame   0x00000000000002a4      0x334 CMakeFiles/INA226.elf.dir/Drivers/STM32F1xx_HAL_Driver/Src/stm32f1xx_hal.c.obj
 .debug_frame   0x00000000000005d8      0x428 CMakeFiles/INA226.elf.dir/Drivers/STM32F1xx_HAL_Driver/Src/stm32f1xx_hal_cortex.c.obj
 .debug_frame   0x0000000000000a00      0x14c CMakeFiles/INA226.elf.dir/Drivers/STM32F1xx_HAL_Driver/Src/stm32f1xx_hal_gpio.c.obj
 .debug_frame   0x0000000000000b4c      0xc84 CMakeFiles/INA226.elf.dir/Drivers/STM32F1xx_HAL_Driver/Src/stm32f1xx_hal_i2c.c.obj
 .debug_frame   0x00000000000017d0      0x218 CMakeFiles/INA226.elf.dir/Drivers/STM32F1xx_HAL_Driver/Src/stm32f1xx_hal_rcc.c.obj
 .debug_frame   0x00000000000019e8      0x294 CMakeFiles/INA226.elf.dir/User/ina226/ina226.cpp.obj
 .debug_frame   0x0000000000001c7c       0x50 CMakeFiles/INA226.elf.dir/User/main/usr_main.cpp.obj
 .debug_frame   0x0000000000001ccc       0x4c /usr/lib/gcc/arm-none-eabi/10.3.1/thumb/v7-m/nofp/libgcc.a(_arm_addsubsf3.o)
 .debug_frame   0x0000000000001d18       0x38 /usr/lib/gcc/arm-none-eabi/10.3.1/thumb/v7-m/nofp/libgcc.a(_arm_muldivsf3.o)
 .debug_frame   0x0000000000001d50      0x2e0 /usr/lib/gcc/arm-none-eabi/10.3.1/thumb/v7-m/nofp/libgcc.a(unwind-arm.o)
 .debug_frame   0x0000000000002030       0xf4 /usr/lib/gcc/arm-none-eabi/10.3.1/thumb/v7-m/nofp/libgcc.a(pr-support.o)
 .debug_frame   0x0000000000002124       0x28 /usr/lib/gcc/arm-none-eabi/10.3.1/../../../arm-none-eabi/lib/thumb/v7-m/nofp/libg.a(lib_a-abort.o)
 .debug_frame   0x000000000000214c       0x20 /usr/lib/gcc/arm-none-eabi/10.3.1/../../../arm-none-eabi/lib/thumb/v7-m/nofp/libg.a(lib_a-atexit.o)
 .debug_frame   0x000000000000216c       0x20 /usr/lib/gcc/arm-none-eabi/10.3.1/../../../arm-none-eabi/lib/thumb/v7-m/nofp/libg.a(lib_a-errno.o)
 .debug_frame   0x000000000000218c       0x34 /usr/lib/gcc/arm-none-eabi/10.3.1/../../../arm-none-eabi/lib/thumb/v7-m/nofp/libg.a(lib_a-fini.o)
 .debug_frame   0x00000000000021c0       0x2c /usr/lib/gcc/arm-none-eabi/10.3.1/../../../arm-none-eabi/lib/thumb/v7-m/nofp/libg.a(lib_a-init.o)
 .debug_frame   0x00000000000021ec       0x2c /usr/lib/gcc/arm-none-eabi/10.3.1/../../../arm-none-eabi/lib/thumb/v7-m/nofp/libg.a(lib_a-memset.o)
 .debug_frame   0x0000000000002218      0x114 /usr/lib/gcc/arm-none-eabi/10.3.1/../../../arm-none-eabi/lib/thumb/v7-m/nofp/libg.a(lib_a-signal.o)
 .debug_frame   0x000000000000232c       0x3c /usr/lib/gcc/arm-none-eabi/10.3.1/../../../arm-none-eabi/lib/thumb/v7-m/nofp/libg.a(lib_a-signalr.o)
 .debug_frame   0x0000000000002368       0x2c /usr/lib/gcc/arm-none-eabi/10.3.1/../../../arm-none-eabi/lib/thumb/v7-m/nofp/libg.a(lib_a-__atexit.o)
 .debug_frame   0x0000000000002394       0x50 /usr/lib/gcc/arm-none-eabi/10.3.1/../../../arm-none-eabi/lib/thumb/v7-m/nofp/libg.a(lib_a-__call_atexit.o)
 .debug_frame   0x00000000000023e4       0x4c /usr/lib/gcc/arm-none-eabi/10.3.1/../../../arm-none-eabi/lib/thumb/v7-m/nofp/libg.a(lib_a-mallocr.o)
 .debug_frame   0x0000000000002430       0x30 /usr/lib/gcc/arm-none-eabi/10.3.1/../../../arm-none-eabi/lib/thumb/v7-m/nofp/libg.a(lib_a-mlock.o)
 .debug_frame   0x0000000000002460       0x64 /usr/lib/gcc/arm-none-eabi/10.3.1/../../../arm-none-eabi/lib/thumb/v7-m/nofp/libg.a(lib_a-reent.o)
 .debug_frame   0x00000000000024c4       0x2c /usr/lib/gcc/arm-none-eabi/10.3.1/../../../arm-none-eabi/lib/thumb/v7-m/nofp/libg.a(lib_a-sbrkr.o)
 .debug_frame   0x00000000000024f0       0x8c /usr/lib/gcc/arm-none-eabi/10.3.1/../../../arm-none-eabi/lib/thumb/v7-m/nofp/libg.a(lib_a-freer.o)

.debug_loc      0x0000000000000000     0x4b76
 .debug_loc     0x0000000000000000     0x1cfe /usr/lib/gcc/arm-none-eabi/10.3.1/thumb/v7-m/nofp/libgcc.a(unwind-arm.o)
 .debug_loc     0x0000000000001cfe      0x5cb /usr/lib/gcc/arm-none-eabi/10.3.1/thumb/v7-m/nofp/libgcc.a(pr-support.o)
 .debug_loc     0x00000000000022c9       0x32 /usr/lib/gcc/arm-none-eabi/10.3.1/../../../arm-none-eabi/lib/thumb/v7-m/nofp/libg.a(lib_a-atexit.o)
 .debug_loc     0x00000000000022fb       0x68 /usr/lib/gcc/arm-none-eabi/10.3.1/../../../arm-none-eabi/lib/thumb/v7-m/nofp/libg.a(lib_a-fini.o)
 .debug_loc     0x0000000000002363       0xba /usr/lib/gcc/arm-none-eabi/10.3.1/../../../arm-none-eabi/lib/thumb/v7-m/nofp/libg.a(lib_a-init.o)
 .debug_loc     0x000000000000241d      0x22c /usr/lib/gcc/arm-none-eabi/10.3.1/../../../arm-none-eabi/lib/thumb/v7-m/nofp/libg.a(lib_a-memset.o)
 .debug_loc     0x0000000000002649      0x967 /usr/lib/gcc/arm-none-eabi/10.3.1/../../../arm-none-eabi/lib/thumb/v7-m/nofp/libg.a(lib_a-signal.o)
 .debug_loc     0x0000000000002fb0       0xc3 /usr/lib/gcc/arm-none-eabi/10.3.1/../../../arm-none-eabi/lib/thumb/v7-m/nofp/libg.a(lib_a-signalr.o)
 .debug_loc     0x0000000000003073      0x13b /usr/lib/gcc/arm-none-eabi/10.3.1/../../../arm-none-eabi/lib/thumb/v7-m/nofp/libg.a(lib_a-__atexit.o)
 .debug_loc     0x00000000000031ae      0x1ae /usr/lib/gcc/arm-none-eabi/10.3.1/../../../arm-none-eabi/lib/thumb/v7-m/nofp/libg.a(lib_a-__call_atexit.o)
 .debug_loc     0x000000000000335c      0xe78 /usr/lib/gcc/arm-none-eabi/10.3.1/../../../arm-none-eabi/lib/thumb/v7-m/nofp/libg.a(lib_a-mallocr.o)
 .debug_loc     0x00000000000041d4      0x23e /usr/lib/gcc/arm-none-eabi/10.3.1/../../../arm-none-eabi/lib/thumb/v7-m/nofp/libg.a(lib_a-reent.o)
 .debug_loc     0x0000000000004412       0x6c /usr/lib/gcc/arm-none-eabi/10.3.1/../../../arm-none-eabi/lib/thumb/v7-m/nofp/libg.a(lib_a-sbrkr.o)
 .debug_loc     0x000000000000447e      0x6f8 /usr/lib/gcc/arm-none-eabi/10.3.1/../../../arm-none-eabi/lib/thumb/v7-m/nofp/libg.a(lib_a-freer.o)
