Archive member included to satisfy reference by file (symbol)

/usr/lib/gcc/arm-none-eabi/10.3.1/thumb/v7-m/nofp/libgcc.a(unwind-arm.o)
                              CMakeFiles/INA226.elf.dir/User/main/usr_main.cpp.obj (__aeabi_unwind_cpp_pr0)
/usr/lib/gcc/arm-none-eabi/10.3.1/thumb/v7-m/nofp/libgcc.a(libunwind.o)
                              /usr/lib/gcc/arm-none-eabi/10.3.1/thumb/v7-m/nofp/libgcc.a(unwind-arm.o) (restore_core_regs)
/usr/lib/gcc/arm-none-eabi/10.3.1/thumb/v7-m/nofp/libgcc.a(pr-support.o)
                              /usr/lib/gcc/arm-none-eabi/10.3.1/thumb/v7-m/nofp/libgcc.a(unwind-arm.o) (__gnu_unwind_execute)
/usr/lib/gcc/arm-none-eabi/10.3.1/../../../arm-none-eabi/lib/thumb/v7-m/nofp/libg.a(lib_a-abort.o)
                              /usr/lib/gcc/arm-none-eabi/10.3.1/thumb/v7-m/nofp/libgcc.a(unwind-arm.o) (abort)
/usr/lib/gcc/arm-none-eabi/10.3.1/../../../arm-none-eabi/lib/thumb/v7-m/nofp/libg.a(lib_a-atexit.o)
                              /usr/lib/gcc/arm-none-eabi/10.3.1/../../../arm-none-eabi/lib/thumb/v7-m/nofp/crt0.o (atexit)
/usr/lib/gcc/arm-none-eabi/10.3.1/../../../arm-none-eabi/lib/thumb/v7-m/nofp/libg.a(lib_a-errno.o)
                              CMakeFiles/INA226.elf.dir/Core/Src/syscalls.c.obj (__errno)
/usr/lib/gcc/arm-none-eabi/10.3.1/../../../arm-none-eabi/lib/thumb/v7-m/nofp/libg.a(lib_a-exit.o)
                              /usr/lib/gcc/arm-none-eabi/10.3.1/../../../arm-none-eabi/lib/thumb/v7-m/nofp/crt0.o (exit)
/usr/lib/gcc/arm-none-eabi/10.3.1/../../../arm-none-eabi/lib/thumb/v7-m/nofp/libg.a(lib_a-fini.o)
                              /usr/lib/gcc/arm-none-eabi/10.3.1/../../../arm-none-eabi/lib/thumb/v7-m/nofp/crt0.o (__libc_fini_array)
/usr/lib/gcc/arm-none-eabi/10.3.1/../../../arm-none-eabi/lib/thumb/v7-m/nofp/libg.a(lib_a-impure.o)
                              /usr/lib/gcc/arm-none-eabi/10.3.1/../../../arm-none-eabi/lib/thumb/v7-m/nofp/libg.a(lib_a-exit.o) (_global_impure_ptr)
/usr/lib/gcc/arm-none-eabi/10.3.1/../../../arm-none-eabi/lib/thumb/v7-m/nofp/libg.a(lib_a-init.o)
                              /usr/lib/gcc/arm-none-eabi/10.3.1/../../../arm-none-eabi/lib/thumb/v7-m/nofp/crt0.o (__libc_init_array)
/usr/lib/gcc/arm-none-eabi/10.3.1/../../../arm-none-eabi/lib/thumb/v7-m/nofp/libg.a(lib_a-memcpy.o)
                              /usr/lib/gcc/arm-none-eabi/10.3.1/thumb/v7-m/nofp/libgcc.a(unwind-arm.o) (memcpy)
/usr/lib/gcc/arm-none-eabi/10.3.1/../../../arm-none-eabi/lib/thumb/v7-m/nofp/libg.a(lib_a-memset.o)
                              /usr/lib/gcc/arm-none-eabi/10.3.1/../../../arm-none-eabi/lib/thumb/v7-m/nofp/crt0.o (memset)
/usr/lib/gcc/arm-none-eabi/10.3.1/../../../arm-none-eabi/lib/thumb/v7-m/nofp/libg.a(lib_a-signal.o)
                              /usr/lib/gcc/arm-none-eabi/10.3.1/../../../arm-none-eabi/lib/thumb/v7-m/nofp/libg.a(lib_a-abort.o) (raise)
/usr/lib/gcc/arm-none-eabi/10.3.1/../../../arm-none-eabi/lib/thumb/v7-m/nofp/libg.a(lib_a-signalr.o)
                              /usr/lib/gcc/arm-none-eabi/10.3.1/../../../arm-none-eabi/lib/thumb/v7-m/nofp/libg.a(lib_a-signal.o) (_kill_r)
/usr/lib/gcc/arm-none-eabi/10.3.1/../../../arm-none-eabi/lib/thumb/v7-m/nofp/libg.a(lib_a-__atexit.o)
                              /usr/lib/gcc/arm-none-eabi/10.3.1/../../../arm-none-eabi/lib/thumb/v7-m/nofp/libg.a(lib_a-atexit.o) (__register_exitproc)
/usr/lib/gcc/arm-none-eabi/10.3.1/../../../arm-none-eabi/lib/thumb/v7-m/nofp/libg.a(lib_a-__call_atexit.o)
                              /usr/lib/gcc/arm-none-eabi/10.3.1/../../../arm-none-eabi/lib/thumb/v7-m/nofp/libg.a(lib_a-exit.o) (__call_exitprocs)
/usr/lib/gcc/arm-none-eabi/10.3.1/../../../arm-none-eabi/lib/thumb/v7-m/nofp/libg.a(lib_a-mallocr.o)
                              /usr/lib/gcc/arm-none-eabi/10.3.1/../../../arm-none-eabi/lib/thumb/v7-m/nofp/libg.a(lib_a-signal.o) (_malloc_r)
/usr/lib/gcc/arm-none-eabi/10.3.1/../../../arm-none-eabi/lib/thumb/v7-m/nofp/libg.a(lib_a-mlock.o)
                              /usr/lib/gcc/arm-none-eabi/10.3.1/../../../arm-none-eabi/lib/thumb/v7-m/nofp/libg.a(lib_a-mallocr.o) (__malloc_lock)
/usr/lib/gcc/arm-none-eabi/10.3.1/../../../arm-none-eabi/lib/thumb/v7-m/nofp/libg.a(lib_a-reent.o)
                              /usr/lib/gcc/arm-none-eabi/10.3.1/../../../arm-none-eabi/lib/thumb/v7-m/nofp/libg.a(lib_a-signalr.o) (errno)
/usr/lib/gcc/arm-none-eabi/10.3.1/../../../arm-none-eabi/lib/thumb/v7-m/nofp/libg.a(lib_a-sbrkr.o)
                              /usr/lib/gcc/arm-none-eabi/10.3.1/../../../arm-none-eabi/lib/thumb/v7-m/nofp/libg.a(lib_a-mallocr.o) (_sbrk_r)
/usr/lib/gcc/arm-none-eabi/10.3.1/../../../arm-none-eabi/lib/thumb/v7-m/nofp/libg.a(lib_a-freer.o)
                              /usr/lib/gcc/arm-none-eabi/10.3.1/../../../arm-none-eabi/lib/thumb/v7-m/nofp/libg.a(lib_a-mallocr.o) (_free_r)

Discarded input sections

 .text          0x0000000000000000        0x0 /usr/lib/gcc/arm-none-eabi/10.3.1/thumb/v7-m/nofp/crti.o
[...]
Memory Configuration

Name             Origin             Length             Attributes
RAM              0x0000000020000000 0x0000000000005000 xrw
FLASH            0x0000000008000000 0x0000000000010000 xr
*default*        0x0000000000000000 0xffffffffffffffff

Linker script and memory map

LOAD /usr/lib/gcc/arm-none-eabi/10.3.1/thumb/v7-m/nofp/crti.o
LOAD /usr/lib/gcc/arm-none-eabi/10.3.1/thumb/v7-m/nofp/crtbegin.o
LOAD /usr/lib/gcc/arm-none-eabi/10.3.1/../../../arm-none-eabi/lib/thumb/v7-m/nofp/crt0.o
LOAD CMakeFiles/INA226.elf.dir/Core/Src/gpio.c.obj
LOAD CMakeFiles/INA226.elf.dir/Core/Src/main.c.obj
LOAD CMakeFiles/INA226.elf.dir/Core/Src/stm32f1xx_hal_msp.c.obj
LOAD CMakeFiles/INA226.elf.dir/Core/Src/stm32f1xx_it.c.obj
LOAD CMakeFiles/INA226.elf.dir/Core/Src/syscalls.c.obj
LOAD CMakeFiles/INA226.elf.dir/Core/Src/sysmem.c.obj
LOAD CMakeFiles/INA226.elf.dir/Core/Src/system_stm32f1xx.c.obj
LOAD CMakeFiles/INA226.elf.dir/Core/Startup/startup_stm32f103c8tx.s.obj
LOAD CMakeFiles/INA226.elf.dir/Drivers/STM32F1xx_HAL_Driver/Src/stm32f1xx_hal.c.obj
LOAD CMakeFiles/INA226.elf.dir/Drivers/STM32F1xx_HAL_Driver/Src/stm32f1xx_hal_cortex.c.obj
LOAD CMakeFiles/INA226.elf.dir/Drivers/STM32F1xx_HAL_Driver/Src/stm32f1xx_hal_dma.c.obj
LOAD CMakeFiles/INA226.elf.dir/Drivers/STM32F1xx_HAL_Driver/Src/stm32f1xx_hal_exti.c.obj
LOAD CMakeFiles/INA226.elf.dir/Drivers/STM32F1xx_HAL_Driver/Src/stm32f1xx_hal_flash.c.obj
LOAD CMakeFiles/INA226.elf.dir/Drivers/STM32F1xx_HAL_Driver/Src/stm32f1xx_hal_flash_ex.c.obj
LOAD CMakeFiles/INA226.elf.dir/Drivers/STM32F1xx_HAL_Driver/Src/stm32f1xx_hal_gpio.c.obj
LOAD CMakeFiles/INA226.elf.dir/Drivers/STM32F1xx_HAL_Driver/Src/stm32f1xx_hal_gpio_ex.c.obj
LOAD CMakeFiles/INA226.elf.dir/Drivers/STM32F1xx_HAL_Driver/Src/stm32f1xx_hal_pwr.c.obj
LOAD CMakeFiles/INA226.elf.dir/Drivers/STM32F1xx_HAL_Driver/Src/stm32f1xx_hal_rcc.c.obj
LOAD CMakeFiles/INA226.elf.dir/Drivers/STM32F1xx_HAL_Driver/Src/stm32f1xx_hal_rcc_ex.c.obj
LOAD CMakeFiles/INA226.elf.dir/Drivers/STM32F1xx_HAL_Driver/Src/stm32f1xx_hal_tim.c.obj
LOAD CMakeFiles/INA226.elf.dir/Drivers/STM32F1xx_HAL_Driver/Src/stm32f1xx_hal_tim_ex.c.obj
LOAD CMakeFiles/INA226.elf.dir/User/ina226/ina226.cpp.obj
LOAD CMakeFiles/INA226.elf.dir/User/main/usr_main.cpp.obj
LOAD /usr/lib/gcc/arm-none-eabi/10.3.1/../../../arm-none-eabi/lib/thumb/v7-m/nofp/libstdc++.a
LOAD /usr/lib/gcc/arm-none-eabi/10.3.1/../../../arm-none-eabi/lib/thumb/v7-m/nofp/libm.a
START GROUP
LOAD /usr/lib/gcc/arm-none-eabi/10.3.1/thumb/v7-m/nofp/libgcc.a
LOAD /usr/lib/gcc/arm-none-eabi/10.3.1/../../../arm-none-eabi/lib/thumb/v7-m/nofp/libg.a
LOAD /usr/lib/gcc/arm-none-eabi/10.3.1/../../../arm-none-eabi/lib/thumb/v7-m/nofp/libc.a
END GROUP
LOAD /usr/lib/gcc/arm-none-eabi/10.3.1/thumb/v7-m/nofp/crtend.o
LOAD /usr/lib/gcc/arm-none-eabi/10.3.1/thumb/v7-m/nofp/crtn.o
                0x0000000020005000                _estack = (ORIGIN (RAM) + LENGTH (RAM))
                0x0000000000000200                _Min_Heap_Size = 0x200
                0x0000000000000400                _Min_Stack_Size = 0x400

.isr_vector     0x0000000008000000      0x10c
                0x0000000008000000                . = ALIGN (0x4)
 *(.isr_vector)
 .isr_vector    0x0000000008000000      0x10c CMakeFiles/INA226.elf.dir/Core/Startup/startup_stm32f103c8tx.s.obj
                0x0000000008000000                g_pfnVectors
                0x000000000800010c                . = ALIGN (0x4)

.text           0x000000000800010c     0x2e54
                0x000000000800010c                . = ALIGN (0x4)
 *(.text)
 .text          0x000000000800010c       0x88 /usr/lib/gcc/arm-none-eabi/10.3.1/thumb/v7-m/nofp/crtbegin.o
 .text          0x0000000008000194      0x9e4 /usr/lib/gcc/arm-none-eabi/10.3.1/thumb/v7-m/nofp/libgcc.a(unwind-arm.o)
                0x0000000008000454                _Unwind_GetCFA
                0x0000000008000458                __gnu_Unwind_RaiseException
                0x00000000080004c0                __gnu_Unwind_ForcedUnwind
                0x00000000080004d4                __gnu_Unwind_Resume
                0x0000000008000518                __gnu_Unwind_Resume_or_Rethrow
                0x000000000800052c                _Unwind_Complete
                0x0000000008000530                _Unwind_DeleteException
                0x000000000800053c                _Unwind_VRS_Get
                0x0000000008000588                _Unwind_VRS_Set
                0x00000000080005d0                __gnu_Unwind_Backtrace
                0x00000000080008f8                __aeabi_unwind_cpp_pr0
                0x00000000080008fc                __aeabi_unwind_cpp_pr1
                0x0000000008000900                __aeabi_unwind_cpp_pr2
                0x0000000008000904                _Unwind_VRS_Pop
 .text          0x0000000008000b78      0x1ac /usr/lib/gcc/arm-none-eabi/10.3.1/thumb/v7-m/nofp/libgcc.a(libunwind.o)
                0x0000000008000b78                __restore_core_regs
                0x0000000008000b78                restore_core_regs
                0x0000000008000b90                __gnu_Unwind_Restore_VFP
                0x0000000008000b98                __gnu_Unwind_Save_VFP
                0x0000000008000ba0                __gnu_Unwind_Restore_VFP_D
                0x0000000008000ba8                __gnu_Unwind_Save_VFP_D
                0x0000000008000bb0                __gnu_Unwind_Restore_VFP_D_16_to_31
                0x0000000008000bb8                __gnu_Unwind_Save_VFP_D_16_to_31
                0x0000000008000bc0                __gnu_Unwind_Restore_WMMXD
                0x0000000008000c04                __gnu_Unwind_Save_WMMXD
                0x0000000008000c48                __gnu_Unwind_Restore_WMMXC
                0x0000000008000c5c                __gnu_Unwind_Save_WMMXC
                0x0000000008000c70                ___Unwind_RaiseException
                0x0000000008000c70                _Unwind_RaiseException
                0x0000000008000c94                ___Unwind_Resume
                0x0000000008000c94                _Unwind_Resume
                0x0000000008000cb8                _Unwind_Resume_or_Rethrow
                0x0000000008000cb8                ___Unwind_Resume_or_Rethrow
                0x0000000008000cdc                ___Unwind_ForcedUnwind
                0x0000000008000cdc                _Unwind_ForcedUnwind
                0x0000000008000d00                _Unwind_Backtrace
                0x0000000008000d00                ___Unwind_Backtrace
 .text          0x0000000008000d24      0x38c /usr/lib/gcc/arm-none-eabi/10.3.1/thumb/v7-m/nofp/libgcc.a(pr-support.o)
                0x0000000008000d7c                __gnu_unwind_execute
                0x0000000008001060                __gnu_unwind_frame
                0x0000000008001090                _Unwind_GetRegionStart
                0x000000000800109c                _Unwind_GetLanguageSpecificData
 .text          0x00000000080010b0       0x10 /usr/lib/gcc/arm-none-eabi/10.3.1/../../../arm-none-eabi/lib/thumb/v7-m/nofp/libg.a(lib_a-abort.o)
                0x00000000080010b0                abort
 .text          0x00000000080010c0        0xc /usr/lib/gcc/arm-none-eabi/10.3.1/../../../arm-none-eabi/lib/thumb/v7-m/nofp/libg.a(lib_a-atexit.o)
                0x00000000080010c0                atexit
 .text          0x00000000080010cc        0xc /usr/lib/gcc/arm-none-eabi/10.3.1/../../../arm-none-eabi/lib/thumb/v7-m/nofp/libg.a(lib_a-errno.o)
                0x00000000080010cc                __errno
 .text          0x00000000080010d8       0x2c /usr/lib/gcc/arm-none-eabi/10.3.1/../../../arm-none-eabi/lib/thumb/v7-m/nofp/libg.a(lib_a-fini.o)
                0x00000000080010d8                __libc_fini_array
 .text          0x0000000008001104       0x48 /usr/lib/gcc/arm-none-eabi/10.3.1/../../../arm-none-eabi/lib/thumb/v7-m/nofp/libg.a(lib_a-init.o)
                0x0000000008001104                __libc_init_array
 .text          0x000000000800114c       0xec /usr/lib/gcc/arm-none-eabi/10.3.1/../../../arm-none-eabi/lib/thumb/v7-m/nofp/libg.a(lib_a-memcpy.o)
                0x000000000800114c                memcpy
 .text          0x0000000008001238       0xa4 /usr/lib/gcc/arm-none-eabi/10.3.1/../../../arm-none-eabi/lib/thumb/v7-m/nofp/libg.a(lib_a-memset.o)
                0x0000000008001238                memset
 .text          0x00000000080012dc      0x28c /usr/lib/gcc/arm-none-eabi/10.3.1/../../../arm-none-eabi/lib/thumb/v7-m/nofp/libg.a(lib_a-signal.o)
                0x00000000080012dc                _init_signal_r
                0x000000000800130c                _signal_r
                0x0000000008001358                _raise_r
                0x00000000080013b0                __sigtramp_r
                0x0000000008001418                raise
                0x0000000008001474                signal
                0x00000000080014c8                _init_signal
                0x0000000008001500                __sigtramp
 .text          0x0000000008001568       0x2c /usr/lib/gcc/arm-none-eabi/10.3.1/../../../arm-none-eabi/lib/thumb/v7-m/nofp/libg.a(lib_a-signalr.o)
                0x0000000008001568                _kill_r
                0x0000000008001590                _getpid_r
 .text          0x0000000008001594       0x64 /usr/lib/gcc/arm-none-eabi/10.3.1/../../../arm-none-eabi/lib/thumb/v7-m/nofp/libg.a(lib_a-__atexit.o)
                0x0000000008001594                __register_exitproc
 .text          0x00000000080015f8      0x54c /usr/lib/gcc/arm-none-eabi/10.3.1/../../../arm-none-eabi/lib/thumb/v7-m/nofp/libg.a(lib_a-mallocr.o)
                0x00000000080015f8                _malloc_r
 .text          0x0000000008001b44        0x8 /usr/lib/gcc/arm-none-eabi/10.3.1/../../../arm-none-eabi/lib/thumb/v7-m/nofp/libg.a(lib_a-mlock.o)
                0x0000000008001b44                __malloc_lock
                0x0000000008001b48                __malloc_unlock
 .text          0x0000000008001b4c       0x24 /usr/lib/gcc/arm-none-eabi/10.3.1/../../../arm-none-eabi/lib/thumb/v7-m/nofp/libg.a(lib_a-sbrkr.o)
                0x0000000008001b4c                _sbrk_r
 .text          0x0000000008001b70      0x2a0 /usr/lib/gcc/arm-none-eabi/10.3.1/../../../arm-none-eabi/lib/thumb/v7-m/nofp/libg.a(lib_a-freer.o)
                0x0000000008001b70                _malloc_trim_r
                0x0000000008001c10                _free_r
 *(.text*)
 .text.MX_GPIO_Init
                0x0000000008001e10       0x98 CMakeFiles/INA226.elf.dir/Core/Src/gpio.c.obj
                0x0000000008001e10                MX_GPIO_Init
 .text.main     0x0000000008001ea8       0x1a CMakeFiles/INA226.elf.dir/Core/Src/main.c.obj
                0x0000000008001ea8                main
 .text.SystemClock_Config
                0x0000000008001ec2       0x8a CMakeFiles/INA226.elf.dir/Core/Src/main.c.obj
                0x0000000008001ec2                SystemClock_Config
 .text.Error_Handler
                0x0000000008001f4c        0xa CMakeFiles/INA226.elf.dir/Core/Src/main.c.obj
                0x0000000008001f4c                Error_Handler
 *fill*         0x0000000008001f56        0x2 
 .text.HAL_MspInit
                0x0000000008001f58       0x64 CMakeFiles/INA226.elf.dir/Core/Src/stm32f1xx_hal_msp.c.obj
                0x0000000008001f58                HAL_MspInit
 .text.NMI_Handler
                0x0000000008001fbc        0x6 CMakeFiles/INA226.elf.dir/Core/Src/stm32f1xx_it.c.obj
                0x0000000008001fbc                NMI_Handler
 .text.HardFault_Handler
                0x0000000008001fc2        0x6 CMakeFiles/INA226.elf.dir/Core/Src/stm32f1xx_it.c.obj
                0x0000000008001fc2                HardFault_Handler
 .text.MemManage_Handler
                0x0000000008001fc8        0x6 CMakeFiles/INA226.elf.dir/Core/Src/stm32f1xx_it.c.obj
                0x0000000008001fc8                MemManage_Handler
 .text.BusFault_Handler
                0x0000000008001fce        0x6 CMakeFiles/INA226.elf.dir/Core/Src/stm32f1xx_it.c.obj
                0x0000000008001fce                BusFault_Handler
 .text.UsageFault_Handler
                0x0000000008001fd4        0x6 CMakeFiles/INA226.elf.dir/Core/Src/stm32f1xx_it.c.obj
                0x0000000008001fd4                UsageFault_Handler
 .text.SVC_Handler
                0x0000000008001fda        0xc CMakeFiles/INA226.elf.dir/Core/Src/stm32f1xx_it.c.obj
                0x0000000008001fda                SVC_Handler
 .text.DebugMon_Handler
                0x0000000008001fe6        0xc CMakeFiles/INA226.elf.dir/Core/Src/stm32f1xx_it.c.obj
                0x0000000008001fe6                DebugMon_Handler
 .text.PendSV_Handler
                0x0000000008001ff2        0xc CMakeFiles/INA226.elf.dir/Core/Src/stm32f1xx_it.c.obj
                0x0000000008001ff2                PendSV_Handler
 .text.SysTick_Handler
                0x0000000008001ffe        0xc CMakeFiles/INA226.elf.dir/Core/Src/stm32f1xx_it.c.obj
                0x0000000008001ffe                SysTick_Handler
 .text._getpid  0x000000000800200a        0xe CMakeFiles/INA226.elf.dir/Core/Src/syscalls.c.obj
                0x000000000800200a                _getpid
 .text._kill    0x0000000008002018       0x20 CMakeFiles/INA226.elf.dir/Core/Src/syscalls.c.obj
                0x0000000008002018                _kill
 .text._exit    0x0000000008002038       0x14 CMakeFiles/INA226.elf.dir/Core/Src/syscalls.c.obj
                0x0000000008002038                _exit
 .text._sbrk    0x000000000800204c       0x6c CMakeFiles/INA226.elf.dir/Core/Src/sysmem.c.obj
                0x000000000800204c                _sbrk
 .text.SystemInit
                0x00000000080020b8        0xc CMakeFiles/INA226.elf.dir/Core/Src/system_stm32f1xx.c.obj
                0x00000000080020b8                SystemInit
 .text.Reset_Handler
                0x00000000080020c4       0x48 CMakeFiles/INA226.elf.dir/Core/Startup/startup_stm32f103c8tx.s.obj
                0x00000000080020c4                Reset_Handler
 .text.Default_Handler
                0x000000000800210c        0x2 CMakeFiles/INA226.elf.dir/Core/Startup/startup_stm32f103c8tx.s.obj
                0x000000000800210c                RTC_Alarm_IRQHandler
                0x000000000800210c                EXTI2_IRQHandler
                0x000000000800210c                TIM1_CC_IRQHandler
                0x000000000800210c                PVD_IRQHandler
                0x000000000800210c                EXTI3_IRQHandler
                0x000000000800210c                EXTI0_IRQHandler
                0x000000000800210c                I2C2_EV_IRQHandler
                0x000000000800210c                ADC1_2_IRQHandler
                0x000000000800210c                SPI1_IRQHandler
                0x000000000800210c                TAMPER_IRQHandler
                0x000000000800210c                DMA1_Channel4_IRQHandler
                0x000000000800210c                USART3_IRQHandler
                0x000000000800210c                RTC_IRQHandler
                0x000000000800210c                DMA1_Channel7_IRQHandler
                0x000000000800210c                CAN1_RX1_IRQHandler
                0x000000000800210c                TIM4_IRQHandler
                0x000000000800210c                I2C1_EV_IRQHandler
                0x000000000800210c                DMA1_Channel6_IRQHandler
                0x000000000800210c                TIM3_IRQHandler
                0x000000000800210c                RCC_IRQHandler
                0x000000000800210c                TIM1_TRG_COM_IRQHandler
                0x000000000800210c                DMA1_Channel1_IRQHandler
                0x000000000800210c                Default_Handler
                0x000000000800210c                EXTI15_10_IRQHandler
                0x000000000800210c                EXTI9_5_IRQHandler
                0x000000000800210c                SPI2_IRQHandler
                0x000000000800210c                DMA1_Channel5_IRQHandler
                0x000000000800210c                EXTI4_IRQHandler
                0x000000000800210c                USB_LP_CAN1_RX0_IRQHandler
                0x000000000800210c                USB_HP_CAN1_TX_IRQHandler
                0x000000000800210c                DMA1_Channel3_IRQHandler
                0x000000000800210c                TIM1_UP_IRQHandler
                0x000000000800210c                WWDG_IRQHandler
                0x000000000800210c                TIM2_IRQHandler
                0x000000000800210c                TIM1_BRK_IRQHandler
                0x000000000800210c                EXTI1_IRQHandler
                0x000000000800210c                USART2_IRQHandler
                0x000000000800210c                I2C2_ER_IRQHandler
                0x000000000800210c                DMA1_Channel2_IRQHandler
                0x000000000800210c                CAN1_SCE_IRQHandler
                0x000000000800210c                FLASH_IRQHandler
                0x000000000800210c                USART1_IRQHandler
                0x000000000800210c                I2C1_ER_IRQHandler
                0x000000000800210c                USBWakeUp_IRQHandler
 *fill*         0x000000000800210e        0x2 
 .text.HAL_Init
                0x0000000008002110       0x2c CMakeFiles/INA226.elf.dir/Drivers/STM32F1xx_HAL_Driver/Src/stm32f1xx_hal.c.obj
                0x0000000008002110                HAL_Init
 .text.HAL_InitTick
                0x000000000800213c       0x60 CMakeFiles/INA226.elf.dir/Drivers/STM32F1xx_HAL_Driver/Src/stm32f1xx_hal.c.obj
                0x000000000800213c                HAL_InitTick
 .text.HAL_IncTick
                0x000000000800219c       0x24 CMakeFiles/INA226.elf.dir/Drivers/STM32F1xx_HAL_Driver/Src/stm32f1xx_hal.c.obj
                0x000000000800219c                HAL_IncTick
 .text.HAL_GetTick
                0x00000000080021c0       0x14 CMakeFiles/INA226.elf.dir/Drivers/STM32F1xx_HAL_Driver/Src/stm32f1xx_hal.c.obj
                0x00000000080021c0                HAL_GetTick
 .text.HAL_Delay
                0x00000000080021d4       0x48 CMakeFiles/INA226.elf.dir/Drivers/STM32F1xx_HAL_Driver/Src/stm32f1xx_hal.c.obj
                0x00000000080021d4                HAL_Delay
 .text.__NVIC_SetPriorityGrouping
                0x000000000800221c       0x48 CMakeFiles/INA226.elf.dir/Drivers/STM32F1xx_HAL_Driver/Src/stm32f1xx_hal_cortex.c.obj
 .text.__NVIC_GetPriorityGrouping
                0x0000000008002264       0x1c CMakeFiles/INA226.elf.dir/Drivers/STM32F1xx_HAL_Driver/Src/stm32f1xx_hal_cortex.c.obj
 .text.__NVIC_SetPriority
                0x0000000008002280       0x54 CMakeFiles/INA226.elf.dir/Drivers/STM32F1xx_HAL_Driver/Src/stm32f1xx_hal_cortex.c.obj
 .text.NVIC_EncodePriority
                0x00000000080022d4       0x64 CMakeFiles/INA226.elf.dir/Drivers/STM32F1xx_HAL_Driver/Src/stm32f1xx_hal_cortex.c.obj
 .text.SysTick_Config
                0x0000000008002338       0x44 CMakeFiles/INA226.elf.dir/Drivers/STM32F1xx_HAL_Driver/Src/stm32f1xx_hal_cortex.c.obj
 .text.HAL_NVIC_SetPriorityGrouping
                0x000000000800237c       0x16 CMakeFiles/INA226.elf.dir/Drivers/STM32F1xx_HAL_Driver/Src/stm32f1xx_hal_cortex.c.obj
                0x000000000800237c                HAL_NVIC_SetPriorityGrouping
 .text.HAL_NVIC_SetPriority
                0x0000000008002392       0x38 CMakeFiles/INA226.elf.dir/Drivers/STM32F1xx_HAL_Driver/Src/stm32f1xx_hal_cortex.c.obj
                0x0000000008002392                HAL_NVIC_SetPriority
 .text.HAL_SYSTICK_Config
                0x00000000080023ca       0x18 CMakeFiles/INA226.elf.dir/Drivers/STM32F1xx_HAL_Driver/Src/stm32f1xx_hal_cortex.c.obj
                0x00000000080023ca                HAL_SYSTICK_Config
 *fill*         0x00000000080023e2        0x2 
 .text.HAL_GPIO_Init
                0x00000000080023e4      0x308 CMakeFiles/INA226.elf.dir/Drivers/STM32F1xx_HAL_Driver/Src/stm32f1xx_hal_gpio.c.obj
                0x00000000080023e4                HAL_GPIO_Init
 .text.HAL_GPIO_WritePin
                0x00000000080026ec       0x30 CMakeFiles/INA226.elf.dir/Drivers/STM32F1xx_HAL_Driver/Src/stm32f1xx_hal_gpio.c.obj
                0x00000000080026ec                HAL_GPIO_WritePin
 .text.HAL_GPIO_TogglePin
                0x000000000800271c       0x32 CMakeFiles/INA226.elf.dir/Drivers/STM32F1xx_HAL_Driver/Src/stm32f1xx_hal_gpio.c.obj
                0x000000000800271c                HAL_GPIO_TogglePin
 *fill*         0x000000000800274e        0x2 
 .text.HAL_RCC_OscConfig
                0x0000000008002750      0x504 CMakeFiles/INA226.elf.dir/Drivers/STM32F1xx_HAL_Driver/Src/stm32f1xx_hal_rcc.c.obj
                0x0000000008002750                HAL_RCC_OscConfig
 .text.HAL_RCC_ClockConfig
                0x0000000008002c54      0x1d4 CMakeFiles/INA226.elf.dir/Drivers/STM32F1xx_HAL_Driver/Src/stm32f1xx_hal_rcc.c.obj
                0x0000000008002c54                HAL_RCC_ClockConfig
 .text.HAL_RCC_GetSysClockFreq
                0x0000000008002e28       0xa8 CMakeFiles/INA226.elf.dir/Drivers/STM32F1xx_HAL_Driver/Src/stm32f1xx_hal_rcc.c.obj
                0x0000000008002e28                HAL_RCC_GetSysClockFreq
 .text.RCC_Delay
                0x0000000008002ed0       0x3c CMakeFiles/INA226.elf.dir/Drivers/STM32F1xx_HAL_Driver/Src/stm32f1xx_hal_rcc.c.obj
 .text.User_Setup
                0x0000000008002f0c        0xc CMakeFiles/INA226.elf.dir/User/main/usr_main.cpp.obj
                0x0000000008002f0c                User_Setup
 .text.User_Loop
                0x0000000008002f18       0x1c CMakeFiles/INA226.elf.dir/User/main/usr_main.cpp.obj
                0x0000000008002f18                User_Loop
 .text.startup  0x0000000008002f34       0x14 /usr/lib/gcc/arm-none-eabi/10.3.1/../../../arm-none-eabi/lib/thumb/v7-m/nofp/libg.a(lib_a-__call_atexit.o)
 *(.glue_7)
 .glue_7        0x0000000008002f48        0x0 linker stubs
 *(.glue_7t)
 .glue_7t       0x0000000008002f48        0x0 linker stubs
 *(.eh_frame)
 .eh_frame      0x0000000008002f48        0x0 /usr/lib/gcc/arm-none-eabi/10.3.1/thumb/v7-m/nofp/crtbegin.o
 *(.init)
 .init          0x0000000008002f48        0x4 /usr/lib/gcc/arm-none-eabi/10.3.1/thumb/v7-m/nofp/crti.o
                0x0000000008002f48                _init
 .init          0x0000000008002f4c        0x8 /usr/lib/gcc/arm-none-eabi/10.3.1/thumb/v7-m/nofp/crtn.o
 *(.fini)
 .fini          0x0000000008002f54        0x4 /usr/lib/gcc/arm-none-eabi/10.3.1/thumb/v7-m/nofp/crti.o
                0x0000000008002f54                _fini
 .fini          0x0000000008002f58        0x8 /usr/lib/gcc/arm-none-eabi/10.3.1/thumb/v7-m/nofp/crtn.o
                0x0000000008002f60                . = ALIGN (0x4)
                0x0000000008002f60                _etext = .

.vfp11_veneer   0x0000000008002f60        0x0
 .vfp11_veneer  0x0000000008002f60        0x0 linker stubs

.v4_bx          0x0000000008002f60        0x0
 .v4_bx         0x0000000008002f60        0x0 linker stubs

.iplt           0x0000000008002f60        0x0
 .iplt          0x0000000008002f60        0x0 /usr/lib/gcc/arm-none-eabi/10.3.1/thumb/v7-m/nofp/crtbegin.o

.rodata         0x0000000008002f60       0x28
                0x0000000008002f60                . = ALIGN (0x4)
 *(.rodata)
 .rodata        0x0000000008002f60        0x4 /usr/lib/gcc/arm-none-eabi/10.3.1/../../../arm-none-eabi/lib/thumb/v7-m/nofp/libg.a(lib_a-impure.o)
                0x0000000008002f60                _global_impure_ptr
 *(.rodata*)
 .rodata.AHBPrescTable
                0x0000000008002f64       0x10 CMakeFiles/INA226.elf.dir/Core/Src/system_stm32f1xx.c.obj
                0x0000000008002f64                AHBPrescTable
 .rodata.aPLLMULFactorTable.1
                0x0000000008002f74       0x10 CMakeFiles/INA226.elf.dir/Drivers/STM32F1xx_HAL_Driver/Src/stm32f1xx_hal_rcc.c.obj
 .rodata.aPredivFactorTable.0
                0x0000000008002f84        0x2 CMakeFiles/INA226.elf.dir/Drivers/STM32F1xx_HAL_Driver/Src/stm32f1xx_hal_rcc.c.obj
                0x0000000008002f88                . = ALIGN (0x4)
 *fill*         0x0000000008002f86        0x2 

.ARM.extab      0x0000000008002f88       0x18
                0x0000000008002f88                . = ALIGN (0x4)
 *(.ARM.extab* .gnu.linkonce.armextab.*)
 .ARM.extab     0x0000000008002f88       0x18 /usr/lib/gcc/arm-none-eabi/10.3.1/thumb/v7-m/nofp/libgcc.a(pr-support.o)
                0x0000000008002fa0                . = ALIGN (0x4)

.ARM            0x0000000008002fa0       0xc8
                0x0000000008002fa0                . = ALIGN (0x4)
                0x0000000008002fa0                __exidx_start = .
 *(.ARM.exidx*)
 .ARM.exidx     0x0000000008002fa0       0x80 /usr/lib/gcc/arm-none-eabi/10.3.1/thumb/v7-m/nofp/libgcc.a(unwind-arm.o)
                                         0xd8 (size before relaxing)
 .ARM.exidx     0x0000000008003020       0x38 /usr/lib/gcc/arm-none-eabi/10.3.1/thumb/v7-m/nofp/libgcc.a(pr-support.o)
 .ARM.exidx.text.User_Setup
                0x0000000008003058        0x0 CMakeFiles/INA226.elf.dir/User/main/usr_main.cpp.obj
                                          0x8 (size before relaxing)
 .ARM.exidx.text.User_Loop
                0x0000000008003058       0x10 CMakeFiles/INA226.elf.dir/User/main/usr_main.cpp.obj
                                          0x8 (size before relaxing)
                0x0000000008003068                __exidx_end = .
                0x0000000008003068                . = ALIGN (0x4)

.rel.dyn        0x0000000008003068        0x0
 .rel.iplt      0x0000000008003068        0x0 /usr/lib/gcc/arm-none-eabi/10.3.1/thumb/v7-m/nofp/crtbegin.o

.preinit_array  0x0000000008003068        0x0
                0x0000000008003068                . = ALIGN (0x4)
                0x0000000008003068                PROVIDE (__preinit_array_start = .)
 *(.preinit_array*)
                0x0000000008003068                PROVIDE (__preinit_array_end = .)
                0x0000000008003068                . = ALIGN (0x4)

.init_array     0x0000000008003068        0x8
                0x0000000008003068                . = ALIGN (0x4)
                0x0000000008003068                PROVIDE (__init_array_start = .)
 *(SORT_BY_NAME(.init_array.*))
 .init_array.00000
                0x0000000008003068        0x4 /usr/lib/gcc/arm-none-eabi/10.3.1/../../../arm-none-eabi/lib/thumb/v7-m/nofp/libg.a(lib_a-__call_atexit.o)
 *(.init_array*)
 .init_array    0x000000000800306c        0x4 /usr/lib/gcc/arm-none-eabi/10.3.1/thumb/v7-m/nofp/crtbegin.o
                0x0000000008003070                PROVIDE (__init_array_end = .)
                0x0000000008003070                . = ALIGN (0x4)

.fini_array     0x0000000008003070        0x4
                0x0000000008003070                . = ALIGN (0x4)
                0x0000000008003070                PROVIDE (__fini_array_start = .)
 *(SORT_BY_NAME(.fini_array.*))
 *(.fini_array*)
 .fini_array    0x0000000008003070        0x4 /usr/lib/gcc/arm-none-eabi/10.3.1/thumb/v7-m/nofp/crtbegin.o
                0x0000000008003074                PROVIDE (__fini_array_end = .)
                0x0000000008003074                . = ALIGN (0x4)
                0x0000000008003074                _sidata = LOADADDR (.data)

.data           0x0000000020000000      0x84c load address 0x0000000008003074
                0x0000000020000000                . = ALIGN (0x4)
                0x0000000020000000                _sdata = .
 *(.data)
 .data          0x0000000020000000      0x430 /usr/lib/gcc/arm-none-eabi/10.3.1/../../../arm-none-eabi/lib/thumb/v7-m/nofp/libg.a(lib_a-impure.o)
                0x0000000020000000                _impure_ptr
 .data          0x0000000020000430      0x410 /usr/lib/gcc/arm-none-eabi/10.3.1/../../../arm-none-eabi/lib/thumb/v7-m/nofp/libg.a(lib_a-mallocr.o)
                0x0000000020000430                __malloc_av_
                0x0000000020000838                __malloc_sbrk_base
                0x000000002000083c                __malloc_trim_threshold
 *(.data*)
 .data.SystemCoreClock
                0x0000000020000840        0x4 CMakeFiles/INA226.elf.dir/Core/Src/system_stm32f1xx.c.obj
                0x0000000020000840                SystemCoreClock
 .data.uwTickPrio
                0x0000000020000844        0x4 CMakeFiles/INA226.elf.dir/Drivers/STM32F1xx_HAL_Driver/Src/stm32f1xx_hal.c.obj
                0x0000000020000844                uwTickPrio
 .data.uwTickFreq
                0x0000000020000848        0x1 CMakeFiles/INA226.elf.dir/Drivers/STM32F1xx_HAL_Driver/Src/stm32f1xx_hal.c.obj
                0x0000000020000848                uwTickFreq
 *(.RamFunc)
 *(.RamFunc*)
                0x000000002000084c                . = ALIGN (0x4)
 *fill*         0x0000000020000849        0x3 
                0x000000002000084c                _edata = .

.tm_clone_table
                0x000000002000084c        0x0 load address 0x00000000080038c0
 .tm_clone_table
                0x000000002000084c        0x0 /usr/lib/gcc/arm-none-eabi/10.3.1/thumb/v7-m/nofp/crtbegin.o
 .tm_clone_table
                0x000000002000084c        0x0 /usr/lib/gcc/arm-none-eabi/10.3.1/thumb/v7-m/nofp/crtend.o

.igot.plt       0x000000002000084c        0x0 load address 0x00000000080038c0
 .igot.plt      0x000000002000084c        0x0 /usr/lib/gcc/arm-none-eabi/10.3.1/thumb/v7-m/nofp/crtbegin.o
                0x000000002000084c                . = ALIGN (0x4)

.bss            0x000000002000084c       0x5c load address 0x00000000080038c0
                0x000000002000084c                _sbss = .
                0x000000002000084c                __bss_start__ = _sbss
 *(.bss)
 .bss           0x000000002000084c       0x1c /usr/lib/gcc/arm-none-eabi/10.3.1/thumb/v7-m/nofp/crtbegin.o
 .bss           0x0000000020000868       0x34 /usr/lib/gcc/arm-none-eabi/10.3.1/../../../arm-none-eabi/lib/thumb/v7-m/nofp/libg.a(lib_a-mallocr.o)
                0x0000000020000868                __malloc_top_pad
                0x000000002000086c                __malloc_current_mallinfo
                0x0000000020000894                __malloc_max_sbrked_mem
                0x0000000020000898                __malloc_max_total_mem
 .bss           0x000000002000089c        0x4 /usr/lib/gcc/arm-none-eabi/10.3.1/../../../arm-none-eabi/lib/thumb/v7-m/nofp/libg.a(lib_a-reent.o)
                0x000000002000089c                errno
 *(.bss*)
 .bss.__sbrk_heap_end
                0x00000000200008a0        0x4 CMakeFiles/INA226.elf.dir/Core/Src/sysmem.c.obj
 .bss.uwTick    0x00000000200008a4        0x4 CMakeFiles/INA226.elf.dir/Drivers/STM32F1xx_HAL_Driver/Src/stm32f1xx_hal.c.obj
                0x00000000200008a4                uwTick
 *(COMMON)
                0x00000000200008a8                . = ALIGN (0x4)
                0x00000000200008a8                _ebss = .
                0x00000000200008a8                __bss_end__ = _ebss

._user_heap_stack
                0x00000000200008a8      0x600 load address 0x00000000080038c0
                0x00000000200008a8                . = ALIGN (0x8)
                [!provide]                        PROVIDE (end = .)
                0x00000000200008a8                PROVIDE (_end = .)
                0x0000000020000aa8                . = (. + _Min_Heap_Size)
 *fill*         0x00000000200008a8      0x200 
                0x0000000020000ea8                . = (. + _Min_Stack_Size)
 *fill*         0x0000000020000aa8      0x400 
                0x0000000020000ea8                . = ALIGN (0x8)

/DISCARD/
 libc.a(*)
 libm.a(*)
 libgcc.a(*)

.ARM.attributes
                0x0000000000000000       0x29
 *(.ARM.attributes)
 .ARM.attributes
                0x0000000000000000       0x1d /usr/lib/gcc/arm-none-eabi/10.3.1/thumb/v7-m/nofp/crti.o
 .ARM.attributes
                0x000000000000001d       0x2d /usr/lib/gcc/arm-none-eabi/10.3.1/thumb/v7-m/nofp/crtbegin.o
 .ARM.attributes
                0x000000000000004a       0x2d CMakeFiles/INA226.elf.dir/Core/Src/gpio.c.obj
 .ARM.attributes
                0x0000000000000077       0x2d CMakeFiles/INA226.elf.dir/Core/Src/main.c.obj
 .ARM.attributes
                0x00000000000000a4       0x2d CMakeFiles/INA226.elf.dir/Core/Src/stm32f1xx_hal_msp.c.obj
 .ARM.attributes
                0x00000000000000d1       0x2d CMakeFiles/INA226.elf.dir/Core/Src/stm32f1xx_it.c.obj
 .ARM.attributes
                0x00000000000000fe       0x2d CMakeFiles/INA226.elf.dir/Core/Src/system_stm32f1xx.c.obj
 .ARM.attributes
                0x000000000000012b       0x21 CMakeFiles/INA226.elf.dir/Core/Startup/startup_stm32f103c8tx.s.obj
 .ARM.attributes
                0x000000000000014c       0x2d CMakeFiles/INA226.elf.dir/Drivers/STM32F1xx_HAL_Driver/Src/stm32f1xx_hal.c.obj
 .ARM.attributes
                0x0000000000000179       0x2d CMakeFiles/INA226.elf.dir/Drivers/STM32F1xx_HAL_Driver/Src/stm32f1xx_hal_cortex.c.obj
 .ARM.attributes
                0x00000000000001a6       0x2d CMakeFiles/INA226.elf.dir/Drivers/STM32F1xx_HAL_Driver/Src/stm32f1xx_hal_gpio.c.obj
 .ARM.attributes
                0x00000000000001d3       0x2d CMakeFiles/INA226.elf.dir/Drivers/STM32F1xx_HAL_Driver/Src/stm32f1xx_hal_rcc.c.obj
 .ARM.attributes
                0x0000000000000200       0x2d CMakeFiles/INA226.elf.dir/User/main/usr_main.cpp.obj
 .ARM.attributes
                0x000000000000022d       0x2d /usr/lib/gcc/arm-none-eabi/10.3.1/thumb/v7-m/nofp/libgcc.a(unwind-arm.o)
 .ARM.attributes
                0x000000000000025a       0x1d /usr/lib/gcc/arm-none-eabi/10.3.1/thumb/v7-m/nofp/libgcc.a(libunwind.o)
 .ARM.attributes
                0x0000000000000277       0x2d /usr/lib/gcc/arm-none-eabi/10.3.1/thumb/v7-m/nofp/libgcc.a(pr-support.o)
 .ARM.attributes
                0x00000000000002a4       0x2d /usr/lib/gcc/arm-none-eabi/10.3.1/../../../arm-none-eabi/lib/thumb/v7-m/nofp/libg.a(lib_a-abort.o)
 .ARM.attributes
                0x00000000000002d1       0x2d /usr/lib/gcc/arm-none-eabi/10.3.1/../../../arm-none-eabi/lib/thumb/v7-m/nofp/libg.a(lib_a-atexit.o)
 .ARM.attributes
                0x00000000000002fe       0x2d /usr/lib/gcc/arm-none-eabi/10.3.1/../../../arm-none-eabi/lib/thumb/v7-m/nofp/libg.a(lib_a-errno.o)
 .ARM.attributes
                0x000000000000032b       0x2d /usr/lib/gcc/arm-none-eabi/10.3.1/../../../arm-none-eabi/lib/thumb/v7-m/nofp/libg.a(lib_a-fini.o)
 .ARM.attributes
                0x0000000000000358       0x2d /usr/lib/gcc/arm-none-eabi/10.3.1/../../../arm-none-eabi/lib/thumb/v7-m/nofp/libg.a(lib_a-impure.o)
 .ARM.attributes
                0x0000000000000385       0x2d /usr/lib/gcc/arm-none-eabi/10.3.1/../../../arm-none-eabi/lib/thumb/v7-m/nofp/libg.a(lib_a-init.o)
 .ARM.attributes
                0x00000000000003b2       0x1b /usr/lib/gcc/arm-none-eabi/10.3.1/../../../arm-none-eabi/lib/thumb/v7-m/nofp/libg.a(lib_a-memcpy.o)
 .ARM.attributes
                0x00000000000003cd       0x2d /usr/lib/gcc/arm-none-eabi/10.3.1/../../../arm-none-eabi/lib/thumb/v7-m/nofp/libg.a(lib_a-memset.o)
 .ARM.attributes
                0x00000000000003fa       0x2d /usr/lib/gcc/arm-none-eabi/10.3.1/../../../arm-none-eabi/lib/thumb/v7-m/nofp/libg.a(lib_a-signal.o)
 .ARM.attributes
                0x0000000000000427       0x2d /usr/lib/gcc/arm-none-eabi/10.3.1/../../../arm-none-eabi/lib/thumb/v7-m/nofp/libg.a(lib_a-signalr.o)
 .ARM.attributes
                0x0000000000000454       0x2d /usr/lib/gcc/arm-none-eabi/10.3.1/../../../arm-none-eabi/lib/thumb/v7-m/nofp/libg.a(lib_a-__atexit.o)
 .ARM.attributes
                0x0000000000000481       0x2d /usr/lib/gcc/arm-none-eabi/10.3.1/../../../arm-none-eabi/lib/thumb/v7-m/nofp/libg.a(lib_a-__call_atexit.o)
 .ARM.attributes
                0x00000000000004ae       0x2d /usr/lib/gcc/arm-none-eabi/10.3.1/../../../arm-none-eabi/lib/thumb/v7-m/nofp/libg.a(lib_a-mallocr.o)
 .ARM.attributes
                0x00000000000004db       0x2d /usr/lib/gcc/arm-none-eabi/10.3.1/../../../arm-none-eabi/lib/thumb/v7-m/nofp/libg.a(lib_a-mlock.o)
 .ARM.attributes
                0x0000000000000508       0x2d /usr/lib/gcc/arm-none-eabi/10.3.1/../../../arm-none-eabi/lib/thumb/v7-m/nofp/libg.a(lib_a-reent.o)
 .ARM.attributes
                0x0000000000000535       0x2d /usr/lib/gcc/arm-none-eabi/10.3.1/../../../arm-none-eabi/lib/thumb/v7-m/nofp/libg.a(lib_a-sbrkr.o)
 .ARM.attributes
                0x0000000000000562       0x2d /usr/lib/gcc/arm-none-eabi/10.3.1/../../../arm-none-eabi/lib/thumb/v7-m/nofp/libg.a(lib_a-freer.o)
 .ARM.attributes
                0x000000000000058f       0x2d /usr/lib/gcc/arm-none-eabi/10.3.1/thumb/v7-m/nofp/crtend.o
 .ARM.attributes
                0x00000000000005bc       0x1d /usr/lib/gcc/arm-none-eabi/10.3.1/thumb/v7-m/nofp/crtn.o
OUTPUT(INA226.elf elf32-littlearm)
LOAD linker stubs
LOAD /usr/lib/gcc/arm-none-eabi/10.3.1/../../../arm-none-eabi/lib/thumb/v7-m/nofp/libc.a
LOAD /usr/lib/gcc/arm-none-eabi/10.3.1/../../../arm-none-eabi/lib/thumb/v7-m/nofp/libm.a
LOAD /usr/lib/gcc/arm-none-eabi/10.3.1/thumb/v7-m/nofp/libgcc.a

.comment        0x0000000000000000       0x33
 .comment       0x0000000000000000       0x33 /usr/lib/gcc/arm-none-eabi/10.3.1/thumb/v7-m/nofp/crtbegin.o
                                         0x34 (size before relaxing)
 .comment       0x0000000000000033       0x34 CMakeFiles/INA226.elf.dir/Core/Src/gpio.c.obj
 .comment       0x0000000000000033       0x34 CMakeFiles/INA226.elf.dir/Core/Src/main.c.obj
 .comment       0x0000000000000033       0x34 CMakeFiles/INA226.elf.dir/Core/Src/stm32f1xx_hal_msp.c.obj
 .comment       0x0000000000000033       0x34 CMakeFiles/INA226.elf.dir/Core/Src/stm32f1xx_it.c.obj
 .comment       0x0000000000000033       0x34 CMakeFiles/INA226.elf.dir/Core/Src/system_stm32f1xx.c.obj
 .comment       0x0000000000000033       0x34 CMakeFiles/INA226.elf.dir/Drivers/STM32F1xx_HAL_Driver/Src/stm32f1xx_hal.c.obj
 .comment       0x0000000000000033       0x34 CMakeFiles/INA226.elf.dir/Drivers/STM32F1xx_HAL_Driver/Src/stm32f1xx_hal_cortex.c.obj
 .comment       0x0000000000000033       0x34 CMakeFiles/INA226.elf.dir/Drivers/STM32F1xx_HAL_Driver/Src/stm32f1xx_hal_gpio.c.obj
 .comment       0x0000000000000033       0x34 CMakeFiles/INA226.elf.dir/Drivers/STM32F1xx_HAL_Driver/Src/stm32f1xx_hal_rcc.c.obj
 .comment       0x0000000000000033       0x34 CMakeFiles/INA226.elf.dir/User/main/usr_main.cpp.obj
 .comment       0x0000000000000033       0x34 /usr/lib/gcc/arm-none-eabi/10.3.1/thumb/v7-m/nofp/libgcc.a(unwind-arm.o)
 .comment       0x0000000000000033       0x34 /usr/lib/gcc/arm-none-eabi/10.3.1/thumb/v7-m/nofp/libgcc.a(pr-support.o)
 .comment       0x0000000000000033       0x34 /usr/lib/gcc/arm-none-eabi/10.3.1/../../../arm-none-eabi/lib/thumb/v7-m/nofp/libg.a(lib_a-abort.o)
 .comment       0x0000000000000033       0x34 /usr/lib/gcc/arm-none-eabi/10.3.1/../../../arm-none-eabi/lib/thumb/v7-m/nofp/libg.a(lib_a-atexit.o)
 .comment       0x0000000000000033       0x34 /usr/lib/gcc/arm-none-eabi/10.3.1/../../../arm-none-eabi/lib/thumb/v7-m/nofp/libg.a(lib_a-errno.o)
 .comment       0x0000000000000033       0x34 /usr/lib/gcc/arm-none-eabi/10.3.1/../../../arm-none-eabi/lib/thumb/v7-m/nofp/libg.a(lib_a-fini.o)
 .comment       0x0000000000000033       0x34 /usr/lib/gcc/arm-none-eabi/10.3.1/../../../arm-none-eabi/lib/thumb/v7-m/nofp/libg.a(lib_a-impure.o)
 .comment       0x0000000000000033       0x34 /usr/lib/gcc/arm-none-eabi/10.3.1/../../../arm-none-eabi/lib/thumb/v7-m/nofp/libg.a(lib_a-init.o)
 .comment       0x0000000000000033       0x34 /usr/lib/gcc/arm-none-eabi/10.3.1/../../../arm-none-eabi/lib/thumb/v7-m/nofp/libg.a(lib_a-memset.o)
 .comment       0x0000000000000033       0x34 /usr/lib/gcc/arm-none-eabi/10.3.1/../../../arm-none-eabi/lib/thumb/v7-m/nofp/libg.a(lib_a-signal.o)
 .comment       0x0000000000000033       0x34 /usr/lib/gcc/arm-none-eabi/10.3.1/../../../arm-none-eabi/lib/thumb/v7-m/nofp/libg.a(lib_a-signalr.o)
 .comment       0x0000000000000033       0x34 /usr/lib/gcc/arm-none-eabi/10.3.1/../../../arm-none-eabi/lib/thumb/v7-m/nofp/libg.a(lib_a-__atexit.o)
 .comment       0x0000000000000033       0x34 /usr/lib/gcc/arm-none-eabi/10.3.1/../../../arm-none-eabi/lib/thumb/v7-m/nofp/libg.a(lib_a-__call_atexit.o)
 .comment       0x0000000000000033       0x34 /usr/lib/gcc/arm-none-eabi/10.3.1/../../../arm-none-eabi/lib/thumb/v7-m/nofp/libg.a(lib_a-mallocr.o)
 .comment       0x0000000000000033       0x34 /usr/lib/gcc/arm-none-eabi/10.3.1/../../../arm-none-eabi/lib/thumb/v7-m/nofp/libg.a(lib_a-mlock.o)
 .comment       0x0000000000000033       0x34 /usr/lib/gcc/arm-none-eabi/10.3.1/../../../arm-none-eabi/lib/thumb/v7-m/nofp/libg.a(lib_a-reent.o)
 .comment       0x0000000000000033       0x34 /usr/lib/gcc/arm-none-eabi/10.3.1/../../../arm-none-eabi/lib/thumb/v7-m/nofp/libg.a(lib_a-sbrkr.o)
 .comment       0x0000000000000033       0x34 /usr/lib/gcc/arm-none-eabi/10.3.1/../../../arm-none-eabi/lib/thumb/v7-m/nofp/libg.a(lib_a-freer.o)
 .comment       0x0000000000000033       0x34 /usr/lib/gcc/arm-none-eabi/10.3.1/thumb/v7-m/nofp/crtend.o

.debug_info     0x0000000000000000     0xd29d
 .debug_info    0x0000000000000000      0x287 CMakeFiles/INA226.elf.dir/Core/Src/gpio.c.obj
 .debug_info    0x0000000000000287      0x235 CMakeFiles/INA226.elf.dir/Core/Src/main.c.obj
 .debug_info    0x00000000000004bc      0x200 CMakeFiles/INA226.elf.dir/Core/Src/stm32f1xx_hal_msp.c.obj
 .debug_info    0x00000000000006bc      0x115 CMakeFiles/INA226.elf.dir/Core/Src/stm32f1xx_it.c.obj
 .debug_info    0x00000000000007d1      0x221 CMakeFiles/INA226.elf.dir/Core/Src/system_stm32f1xx.c.obj
 .debug_info    0x00000000000009f2       0x22 CMakeFiles/INA226.elf.dir/Core/Startup/startup_stm32f103c8tx.s.obj
 .debug_info    0x0000000000000a14      0x6d1 CMakeFiles/INA226.elf.dir/Drivers/STM32F1xx_HAL_Driver/Src/stm32f1xx_hal.c.obj
 .debug_info    0x00000000000010e5      0xaf8 CMakeFiles/INA226.elf.dir/Drivers/STM32F1xx_HAL_Driver/Src/stm32f1xx_hal_cortex.c.obj
 .debug_info    0x0000000000001bdd      0x5f9 CMakeFiles/INA226.elf.dir/Drivers/STM32F1xx_HAL_Driver/Src/stm32f1xx_hal_gpio.c.obj
 .debug_info    0x00000000000021d6      0x7f6 CMakeFiles/INA226.elf.dir/Drivers/STM32F1xx_HAL_Driver/Src/stm32f1xx_hal_rcc.c.obj
 .debug_info    0x00000000000029cc      0x137 CMakeFiles/INA226.elf.dir/User/main/usr_main.cpp.obj
 .debug_info    0x0000000000002b03     0x1e22 /usr/lib/gcc/arm-none-eabi/10.3.1/thumb/v7-m/nofp/libgcc.a(unwind-arm.o)
 .debug_info    0x0000000000004925       0x26 /usr/lib/gcc/arm-none-eabi/10.3.1/thumb/v7-m/nofp/libgcc.a(libunwind.o)
 .debug_info    0x000000000000494b      0xa8c /usr/lib/gcc/arm-none-eabi/10.3.1/thumb/v7-m/nofp/libgcc.a(pr-support.o)
 .debug_info    0x00000000000053d7       0xcb /usr/lib/gcc/arm-none-eabi/10.3.1/../../../arm-none-eabi/lib/thumb/v7-m/nofp/libg.a(lib_a-abort.o)
 .debug_info    0x00000000000054a2      0x100 /usr/lib/gcc/arm-none-eabi/10.3.1/../../../arm-none-eabi/lib/thumb/v7-m/nofp/libg.a(lib_a-atexit.o)
 .debug_info    0x00000000000055a2      0x914 /usr/lib/gcc/arm-none-eabi/10.3.1/../../../arm-none-eabi/lib/thumb/v7-m/nofp/libg.a(lib_a-errno.o)
 .debug_info    0x0000000000005eb6      0x102 /usr/lib/gcc/arm-none-eabi/10.3.1/../../../arm-none-eabi/lib/thumb/v7-m/nofp/libg.a(lib_a-fini.o)
 .debug_info    0x0000000000005fb8      0x92a /usr/lib/gcc/arm-none-eabi/10.3.1/../../../arm-none-eabi/lib/thumb/v7-m/nofp/libg.a(lib_a-impure.o)
 .debug_info    0x00000000000068e2      0x11a /usr/lib/gcc/arm-none-eabi/10.3.1/../../../arm-none-eabi/lib/thumb/v7-m/nofp/libg.a(lib_a-init.o)
 .debug_info    0x00000000000069fc       0x26 /usr/lib/gcc/arm-none-eabi/10.3.1/../../../arm-none-eabi/lib/thumb/v7-m/nofp/libg.a(lib_a-memcpy.o)
 .debug_info    0x0000000000006a22      0x137 /usr/lib/gcc/arm-none-eabi/10.3.1/../../../arm-none-eabi/lib/thumb/v7-m/nofp/libg.a(lib_a-memset.o)
 .debug_info    0x0000000000006b59      0xf32 /usr/lib/gcc/arm-none-eabi/10.3.1/../../../arm-none-eabi/lib/thumb/v7-m/nofp/libg.a(lib_a-signal.o)
 .debug_info    0x0000000000007a8b      0x9d7 /usr/lib/gcc/arm-none-eabi/10.3.1/../../../arm-none-eabi/lib/thumb/v7-m/nofp/libg.a(lib_a-signalr.o)
 .debug_info    0x0000000000008462      0x9b0 /usr/lib/gcc/arm-none-eabi/10.3.1/../../../arm-none-eabi/lib/thumb/v7-m/nofp/libg.a(lib_a-__atexit.o)
 .debug_info    0x0000000000008e12      0xa3d /usr/lib/gcc/arm-none-eabi/10.3.1/../../../arm-none-eabi/lib/thumb/v7-m/nofp/libg.a(lib_a-__call_atexit.o)
 .debug_info    0x000000000000984f      0xe94 /usr/lib/gcc/arm-none-eabi/10.3.1/../../../arm-none-eabi/lib/thumb/v7-m/nofp/libg.a(lib_a-mallocr.o)
 .debug_info    0x000000000000a6e3      0x942 /usr/lib/gcc/arm-none-eabi/10.3.1/../../../arm-none-eabi/lib/thumb/v7-m/nofp/libg.a(lib_a-mlock.o)
 .debug_info    0x000000000000b025      0xbda /usr/lib/gcc/arm-none-eabi/10.3.1/../../../arm-none-eabi/lib/thumb/v7-m/nofp/libg.a(lib_a-reent.o)
 .debug_info    0x000000000000bbff      0x98e /usr/lib/gcc/arm-none-eabi/10.3.1/../../../arm-none-eabi/lib/thumb/v7-m/nofp/libg.a(lib_a-sbrkr.o)
 .debug_info    0x000000000000c58d      0xd10 /usr/lib/gcc/arm-none-eabi/10.3.1/../../../arm-none-eabi/lib/thumb/v7-m/nofp/libg.a(lib_a-freer.o)

.debug_abbrev   0x0000000000000000     0x339d
 .debug_abbrev  0x0000000000000000      0x10c CMakeFiles/INA226.elf.dir/Core/Src/gpio.c.obj
 .debug_abbrev  0x000000000000010c      0x11c CMakeFiles/INA226.elf.dir/Core/Src/main.c.obj
 .debug_abbrev  0x0000000000000228       0xd1 CMakeFiles/INA226.elf.dir/Core/Src/stm32f1xx_hal_msp.c.obj
 .debug_abbrev  0x00000000000002f9       0x5e CMakeFiles/INA226.elf.dir/Core/Src/stm32f1xx_it.c.obj
 .debug_abbrev  0x0000000000000357      0x138 CMakeFiles/INA226.elf.dir/Core/Src/system_stm32f1xx.c.obj
 .debug_abbrev  0x000000000000048f       0x12 CMakeFiles/INA226.elf.dir/Core/Startup/startup_stm32f103c8tx.s.obj
 .debug_abbrev  0x00000000000004a1      0x1c5 CMakeFiles/INA226.elf.dir/Drivers/STM32F1xx_HAL_Driver/Src/stm32f1xx_hal.c.obj
 .debug_abbrev  0x0000000000000666      0x2ea CMakeFiles/INA226.elf.dir/Drivers/STM32F1xx_HAL_Driver/Src/stm32f1xx_hal_cortex.c.obj
 .debug_abbrev  0x0000000000000950      0x1b8 CMakeFiles/INA226.elf.dir/Drivers/STM32F1xx_HAL_Driver/Src/stm32f1xx_hal_gpio.c.obj
 .debug_abbrev  0x0000000000000b08      0x25d CMakeFiles/INA226.elf.dir/Drivers/STM32F1xx_HAL_Driver/Src/stm32f1xx_hal_rcc.c.obj
 .debug_abbrev  0x0000000000000d65       0xb9 CMakeFiles/INA226.elf.dir/User/main/usr_main.cpp.obj
 .debug_abbrev  0x0000000000000e1e      0x46c /usr/lib/gcc/arm-none-eabi/10.3.1/thumb/v7-m/nofp/libgcc.a(unwind-arm.o)
 .debug_abbrev  0x000000000000128a       0x14 /usr/lib/gcc/arm-none-eabi/10.3.1/thumb/v7-m/nofp/libgcc.a(libunwind.o)
 .debug_abbrev  0x000000000000129e      0x2d3 /usr/lib/gcc/arm-none-eabi/10.3.1/thumb/v7-m/nofp/libgcc.a(pr-support.o)
 .debug_abbrev  0x0000000000001571       0x80 /usr/lib/gcc/arm-none-eabi/10.3.1/../../../arm-none-eabi/lib/thumb/v7-m/nofp/libg.a(lib_a-abort.o)
 .debug_abbrev  0x00000000000015f1       0xb7 /usr/lib/gcc/arm-none-eabi/10.3.1/../../../arm-none-eabi/lib/thumb/v7-m/nofp/libg.a(lib_a-atexit.o)
 .debug_abbrev  0x00000000000016a8      0x1be /usr/lib/gcc/arm-none-eabi/10.3.1/../../../arm-none-eabi/lib/thumb/v7-m/nofp/libg.a(lib_a-errno.o)
 .debug_abbrev  0x0000000000001866       0xcf /usr/lib/gcc/arm-none-eabi/10.3.1/../../../arm-none-eabi/lib/thumb/v7-m/nofp/libg.a(lib_a-fini.o)
 .debug_abbrev  0x0000000000001935      0x1b8 /usr/lib/gcc/arm-none-eabi/10.3.1/../../../arm-none-eabi/lib/thumb/v7-m/nofp/libg.a(lib_a-impure.o)
 .debug_abbrev  0x0000000000001aed       0xcc /usr/lib/gcc/arm-none-eabi/10.3.1/../../../arm-none-eabi/lib/thumb/v7-m/nofp/libg.a(lib_a-init.o)
 .debug_abbrev  0x0000000000001bb9       0x14 /usr/lib/gcc/arm-none-eabi/10.3.1/../../../arm-none-eabi/lib/thumb/v7-m/nofp/libg.a(lib_a-memcpy.o)
 .debug_abbrev  0x0000000000001bcd       0xb4 /usr/lib/gcc/arm-none-eabi/10.3.1/../../../arm-none-eabi/lib/thumb/v7-m/nofp/libg.a(lib_a-memset.o)
 .debug_abbrev  0x0000000000001c81      0x321 /usr/lib/gcc/arm-none-eabi/10.3.1/../../../arm-none-eabi/lib/thumb/v7-m/nofp/libg.a(lib_a-signal.o)
 .debug_abbrev  0x0000000000001fa2      0x242 /usr/lib/gcc/arm-none-eabi/10.3.1/../../../arm-none-eabi/lib/thumb/v7-m/nofp/libg.a(lib_a-signalr.o)
 .debug_abbrev  0x00000000000021e4      0x23f /usr/lib/gcc/arm-none-eabi/10.3.1/../../../arm-none-eabi/lib/thumb/v7-m/nofp/libg.a(lib_a-__atexit.o)
 .debug_abbrev  0x0000000000002423      0x2b2 /usr/lib/gcc/arm-none-eabi/10.3.1/../../../arm-none-eabi/lib/thumb/v7-m/nofp/libg.a(lib_a-__call_atexit.o)
 .debug_abbrev  0x00000000000026d5      0x2f6 /usr/lib/gcc/arm-none-eabi/10.3.1/../../../arm-none-eabi/lib/thumb/v7-m/nofp/libg.a(lib_a-mallocr.o)
 .debug_abbrev  0x00000000000029cb      0x1f0 /usr/lib/gcc/arm-none-eabi/10.3.1/../../../arm-none-eabi/lib/thumb/v7-m/nofp/libg.a(lib_a-mlock.o)
 .debug_abbrev  0x0000000000002bbb      0x2f4 /usr/lib/gcc/arm-none-eabi/10.3.1/../../../arm-none-eabi/lib/thumb/v7-m/nofp/libg.a(lib_a-reent.o)
 .debug_abbrev  0x0000000000002eaf      0x23d /usr/lib/gcc/arm-none-eabi/10.3.1/../../../arm-none-eabi/lib/thumb/v7-m/nofp/libg.a(lib_a-sbrkr.o)
 .debug_abbrev  0x00000000000030ec      0x2b1 /usr/lib/gcc/arm-none-eabi/10.3.1/../../../arm-none-eabi/lib/thumb/v7-m/nofp/libg.a(lib_a-freer.o)

.debug_aranges  0x0000000000000000      0x698
 .debug_aranges
                0x0000000000000000       0x20 CMakeFiles/INA226.elf.dir/Core/Src/gpio.c.obj
 .debug_aranges
                0x0000000000000020       0x30 CMakeFiles/INA226.elf.dir/Core/Src/main.c.obj
 .debug_aranges
                0x0000000000000050       0x20 CMakeFiles/INA226.elf.dir/Core/Src/stm32f1xx_hal_msp.c.obj
 .debug_aranges
                0x0000000000000070       0x60 CMakeFiles/INA226.elf.dir/Core/Src/stm32f1xx_it.c.obj
 .debug_aranges
                0x00000000000000d0       0x28 CMakeFiles/INA226.elf.dir/Core/Src/system_stm32f1xx.c.obj
 .debug_aranges
                0x00000000000000f8       0x28 CMakeFiles/INA226.elf.dir/Core/Startup/startup_stm32f103c8tx.s.obj
 .debug_aranges
                0x0000000000000120       0xe0 CMakeFiles/INA226.elf.dir/Drivers/STM32F1xx_HAL_Driver/Src/stm32f1xx_hal.c.obj
 .debug_aranges
                0x0000000000000200      0x100 CMakeFiles/INA226.elf.dir/Drivers/STM32F1xx_HAL_Driver/Src/stm32f1xx_hal_cortex.c.obj
 .debug_aranges
                0x0000000000000300       0x58 CMakeFiles/INA226.elf.dir/Drivers/STM32F1xx_HAL_Driver/Src/stm32f1xx_hal_gpio.c.obj
 .debug_aranges
                0x0000000000000358       0x90 CMakeFiles/INA226.elf.dir/Drivers/STM32F1xx_HAL_Driver/Src/stm32f1xx_hal_rcc.c.obj
 .debug_aranges
                0x00000000000003e8       0x28 CMakeFiles/INA226.elf.dir/User/main/usr_main.cpp.obj
 .debug_aranges
                0x0000000000000410       0x20 /usr/lib/gcc/arm-none-eabi/10.3.1/thumb/v7-m/nofp/libgcc.a(unwind-arm.o)
 .debug_aranges
                0x0000000000000430       0x20 /usr/lib/gcc/arm-none-eabi/10.3.1/thumb/v7-m/nofp/libgcc.a(libunwind.o)
 .debug_aranges
                0x0000000000000450       0x28 /usr/lib/gcc/arm-none-eabi/10.3.1/thumb/v7-m/nofp/libgcc.a(pr-support.o)
 .debug_aranges
                0x0000000000000478       0x20 /usr/lib/gcc/arm-none-eabi/10.3.1/../../../arm-none-eabi/lib/thumb/v7-m/nofp/libg.a(lib_a-abort.o)
 .debug_aranges
                0x0000000000000498       0x20 /usr/lib/gcc/arm-none-eabi/10.3.1/../../../arm-none-eabi/lib/thumb/v7-m/nofp/libg.a(lib_a-atexit.o)
 .debug_aranges
                0x00000000000004b8       0x20 /usr/lib/gcc/arm-none-eabi/10.3.1/../../../arm-none-eabi/lib/thumb/v7-m/nofp/libg.a(lib_a-errno.o)
 .debug_aranges
                0x00000000000004d8       0x20 /usr/lib/gcc/arm-none-eabi/10.3.1/../../../arm-none-eabi/lib/thumb/v7-m/nofp/libg.a(lib_a-fini.o)
 .debug_aranges
                0x00000000000004f8       0x18 /usr/lib/gcc/arm-none-eabi/10.3.1/../../../arm-none-eabi/lib/thumb/v7-m/nofp/libg.a(lib_a-impure.o)
 .debug_aranges
                0x0000000000000510       0x20 /usr/lib/gcc/arm-none-eabi/10.3.1/../../../arm-none-eabi/lib/thumb/v7-m/nofp/libg.a(lib_a-init.o)
 .debug_aranges
                0x0000000000000530       0x20 /usr/lib/gcc/arm-none-eabi/10.3.1/../../../arm-none-eabi/lib/thumb/v7-m/nofp/libg.a(lib_a-memcpy.o)
 .debug_aranges
                0x0000000000000550       0x20 /usr/lib/gcc/arm-none-eabi/10.3.1/../../../arm-none-eabi/lib/thumb/v7-m/nofp/libg.a(lib_a-memset.o)
 .debug_aranges
                0x0000000000000570       0x20 /usr/lib/gcc/arm-none-eabi/10.3.1/../../../arm-none-eabi/lib/thumb/v7-m/nofp/libg.a(lib_a-signal.o)
 .debug_aranges
                0x0000000000000590       0x20 /usr/lib/gcc/arm-none-eabi/10.3.1/../../../arm-none-eabi/lib/thumb/v7-m/nofp/libg.a(lib_a-signalr.o)
 .debug_aranges
                0x00000000000005b0       0x20 /usr/lib/gcc/arm-none-eabi/10.3.1/../../../arm-none-eabi/lib/thumb/v7-m/nofp/libg.a(lib_a-__atexit.o)
 .debug_aranges
                0x00000000000005d0       0x28 /usr/lib/gcc/arm-none-eabi/10.3.1/../../../arm-none-eabi/lib/thumb/v7-m/nofp/libg.a(lib_a-__call_atexit.o)
 .debug_aranges
                0x00000000000005f8       0x20 /usr/lib/gcc/arm-none-eabi/10.3.1/../../../arm-none-eabi/lib/thumb/v7-m/nofp/libg.a(lib_a-mallocr.o)
 .debug_aranges
                0x0000000000000618       0x20 /usr/lib/gcc/arm-none-eabi/10.3.1/../../../arm-none-eabi/lib/thumb/v7-m/nofp/libg.a(lib_a-mlock.o)
 .debug_aranges
                0x0000000000000638       0x20 /usr/lib/gcc/arm-none-eabi/10.3.1/../../../arm-none-eabi/lib/thumb/v7-m/nofp/libg.a(lib_a-reent.o)
 .debug_aranges
                0x0000000000000658       0x20 /usr/lib/gcc/arm-none-eabi/10.3.1/../../../arm-none-eabi/lib/thumb/v7-m/nofp/libg.a(lib_a-sbrkr.o)
 .debug_aranges
                0x0000000000000678       0x20 /usr/lib/gcc/arm-none-eabi/10.3.1/../../../arm-none-eabi/lib/thumb/v7-m/nofp/libg.a(lib_a-freer.o)

.debug_ranges   0x0000000000000000      0x608
 .debug_ranges  0x0000000000000000       0x10 CMakeFiles/INA226.elf.dir/Core/Src/gpio.c.obj
 .debug_ranges  0x0000000000000010       0x20 CMakeFiles/INA226.elf.dir/Core/Src/main.c.obj
 .debug_ranges  0x0000000000000030       0x10 CMakeFiles/INA226.elf.dir/Core/Src/stm32f1xx_hal_msp.c.obj
 .debug_ranges  0x0000000000000040       0x50 CMakeFiles/INA226.elf.dir/Core/Src/stm32f1xx_it.c.obj
 .debug_ranges  0x0000000000000090       0x18 CMakeFiles/INA226.elf.dir/Core/Src/system_stm32f1xx.c.obj
 .debug_ranges  0x00000000000000a8       0x20 CMakeFiles/INA226.elf.dir/Core/Startup/startup_stm32f103c8tx.s.obj
 .debug_ranges  0x00000000000000c8       0xd0 CMakeFiles/INA226.elf.dir/Drivers/STM32F1xx_HAL_Driver/Src/stm32f1xx_hal.c.obj
 .debug_ranges  0x0000000000000198       0xf0 CMakeFiles/INA226.elf.dir/Drivers/STM32F1xx_HAL_Driver/Src/stm32f1xx_hal_cortex.c.obj
 .debug_ranges  0x0000000000000288       0x48 CMakeFiles/INA226.elf.dir/Drivers/STM32F1xx_HAL_Driver/Src/stm32f1xx_hal_gpio.c.obj
 .debug_ranges  0x00000000000002d0       0x80 CMakeFiles/INA226.elf.dir/Drivers/STM32F1xx_HAL_Driver/Src/stm32f1xx_hal_rcc.c.obj
 .debug_ranges  0x0000000000000350       0x18 CMakeFiles/INA226.elf.dir/User/main/usr_main.cpp.obj
 .debug_ranges  0x0000000000000368      0x108 /usr/lib/gcc/arm-none-eabi/10.3.1/thumb/v7-m/nofp/libgcc.a(unwind-arm.o)
 .debug_ranges  0x0000000000000470       0x18 /usr/lib/gcc/arm-none-eabi/10.3.1/thumb/v7-m/nofp/libgcc.a(pr-support.o)
 .debug_ranges  0x0000000000000488       0xc8 /usr/lib/gcc/arm-none-eabi/10.3.1/../../../arm-none-eabi/lib/thumb/v7-m/nofp/libg.a(lib_a-signal.o)
 .debug_ranges  0x0000000000000550       0x50 /usr/lib/gcc/arm-none-eabi/10.3.1/../../../arm-none-eabi/lib/thumb/v7-m/nofp/libg.a(lib_a-__call_atexit.o)
 .debug_ranges  0x00000000000005a0       0x50 /usr/lib/gcc/arm-none-eabi/10.3.1/../../../arm-none-eabi/lib/thumb/v7-m/nofp/libg.a(lib_a-mallocr.o)
 .debug_ranges  0x00000000000005f0       0x18 /usr/lib/gcc/arm-none-eabi/10.3.1/../../../arm-none-eabi/lib/thumb/v7-m/nofp/libg.a(lib_a-reent.o)

.debug_line     0x0000000000000000     0x5ffb
 .debug_line    0x0000000000000000      0x17f CMakeFiles/INA226.elf.dir/Core/Src/gpio.c.obj
 .debug_line    0x000000000000017f      0x204 CMakeFiles/INA226.elf.dir/Core/Src/main.c.obj
 .debug_line    0x0000000000000383      0x119 CMakeFiles/INA226.elf.dir/Core/Src/stm32f1xx_hal_msp.c.obj
 .debug_line    0x000000000000049c      0x12f CMakeFiles/INA226.elf.dir/Core/Src/stm32f1xx_it.c.obj
 .debug_line    0x00000000000005cb      0x1c6 CMakeFiles/INA226.elf.dir/Core/Src/system_stm32f1xx.c.obj
 .debug_line    0x0000000000000791       0xac CMakeFiles/INA226.elf.dir/Core/Startup/startup_stm32f103c8tx.s.obj
 .debug_line    0x000000000000083d      0x4a5 CMakeFiles/INA226.elf.dir/Drivers/STM32F1xx_HAL_Driver/Src/stm32f1xx_hal.c.obj
 .debug_line    0x0000000000000ce2      0x612 CMakeFiles/INA226.elf.dir/Drivers/STM32F1xx_HAL_Driver/Src/stm32f1xx_hal_cortex.c.obj
 .debug_line    0x00000000000012f4      0x4e0 CMakeFiles/INA226.elf.dir/Drivers/STM32F1xx_HAL_Driver/Src/stm32f1xx_hal_gpio.c.obj
 .debug_line    0x00000000000017d4      0x8bc CMakeFiles/INA226.elf.dir/Drivers/STM32F1xx_HAL_Driver/Src/stm32f1xx_hal_rcc.c.obj
 .debug_line    0x0000000000002090      0x126 CMakeFiles/INA226.elf.dir/User/main/usr_main.cpp.obj
 .debug_line    0x00000000000021b6     0x1043 /usr/lib/gcc/arm-none-eabi/10.3.1/thumb/v7-m/nofp/libgcc.a(unwind-arm.o)
 .debug_line    0x00000000000031f9       0xad /usr/lib/gcc/arm-none-eabi/10.3.1/thumb/v7-m/nofp/libgcc.a(libunwind.o)
 .debug_line    0x00000000000032a6      0x571 /usr/lib/gcc/arm-none-eabi/10.3.1/thumb/v7-m/nofp/libgcc.a(pr-support.o)
 .debug_line    0x0000000000003817      0x109 /usr/lib/gcc/arm-none-eabi/10.3.1/../../../arm-none-eabi/lib/thumb/v7-m/nofp/libg.a(lib_a-abort.o)
 .debug_line    0x0000000000003920       0xc0 /usr/lib/gcc/arm-none-eabi/10.3.1/../../../arm-none-eabi/lib/thumb/v7-m/nofp/libg.a(lib_a-atexit.o)
 .debug_line    0x00000000000039e0      0x109 /usr/lib/gcc/arm-none-eabi/10.3.1/../../../arm-none-eabi/lib/thumb/v7-m/nofp/libg.a(lib_a-errno.o)
 .debug_line    0x0000000000003ae9       0xed /usr/lib/gcc/arm-none-eabi/10.3.1/../../../arm-none-eabi/lib/thumb/v7-m/nofp/libg.a(lib_a-fini.o)
 .debug_line    0x0000000000003bd6       0xe4 /usr/lib/gcc/arm-none-eabi/10.3.1/../../../arm-none-eabi/lib/thumb/v7-m/nofp/libg.a(lib_a-impure.o)
 .debug_line    0x0000000000003cba      0x13f /usr/lib/gcc/arm-none-eabi/10.3.1/../../../arm-none-eabi/lib/thumb/v7-m/nofp/libg.a(lib_a-init.o)
 .debug_line    0x0000000000003df9       0xc1 /usr/lib/gcc/arm-none-eabi/10.3.1/../../../arm-none-eabi/lib/thumb/v7-m/nofp/libg.a(lib_a-memcpy.o)
 .debug_line    0x0000000000003eba      0x1bf /usr/lib/gcc/arm-none-eabi/10.3.1/../../../arm-none-eabi/lib/thumb/v7-m/nofp/libg.a(lib_a-memset.o)
 .debug_line    0x0000000000004079      0x65f /usr/lib/gcc/arm-none-eabi/10.3.1/../../../arm-none-eabi/lib/thumb/v7-m/nofp/libg.a(lib_a-signal.o)
 .debug_line    0x00000000000046d8      0x1a3 /usr/lib/gcc/arm-none-eabi/10.3.1/../../../arm-none-eabi/lib/thumb/v7-m/nofp/libg.a(lib_a-signalr.o)
 .debug_line    0x000000000000487b      0x1ab /usr/lib/gcc/arm-none-eabi/10.3.1/../../../arm-none-eabi/lib/thumb/v7-m/nofp/libg.a(lib_a-__atexit.o)
 .debug_line    0x0000000000004a26      0x297 /usr/lib/gcc/arm-none-eabi/10.3.1/../../../arm-none-eabi/lib/thumb/v7-m/nofp/libg.a(lib_a-__call_atexit.o)
 .debug_line    0x0000000000004cbd      0x8c6 /usr/lib/gcc/arm-none-eabi/10.3.1/../../../arm-none-eabi/lib/thumb/v7-m/nofp/libg.a(lib_a-mallocr.o)
 .debug_line    0x0000000000005583      0x13e /usr/lib/gcc/arm-none-eabi/10.3.1/../../../arm-none-eabi/lib/thumb/v7-m/nofp/libg.a(lib_a-mlock.o)
 .debug_line    0x00000000000056c1      0x28d /usr/lib/gcc/arm-none-eabi/10.3.1/../../../arm-none-eabi/lib/thumb/v7-m/nofp/libg.a(lib_a-reent.o)
 .debug_line    0x000000000000594e      0x186 /usr/lib/gcc/arm-none-eabi/10.3.1/../../../arm-none-eabi/lib/thumb/v7-m/nofp/libg.a(lib_a-sbrkr.o)
 .debug_line    0x0000000000005ad4      0x527 /usr/lib/gcc/arm-none-eabi/10.3.1/../../../arm-none-eabi/lib/thumb/v7-m/nofp/libg.a(lib_a-freer.o)

.debug_str      0x0000000000000000     0x2fd5
 .debug_str     0x0000000000000000      0x24b CMakeFiles/INA226.elf.dir/Core/Src/gpio.c.obj
                                        0x291 (size before relaxing)
 .debug_str     0x000000000000024b      0x1a3 CMakeFiles/INA226.elf.dir/Core/Src/main.c.obj
                                        0x33b (size before relaxing)
 .debug_str     0x00000000000003ee       0x80 CMakeFiles/INA226.elf.dir/Core/Src/stm32f1xx_hal_msp.c.obj
                                        0x25e (size before relaxing)
 .debug_str     0x000000000000046e       0xd1 CMakeFiles/INA226.elf.dir/Core/Src/stm32f1xx_it.c.obj
                                        0x260 (size before relaxing)
 .debug_str     0x000000000000053f       0xac CMakeFiles/INA226.elf.dir/Core/Src/system_stm32f1xx.c.obj
                                        0x289 (size before relaxing)
 .debug_str     0x00000000000005eb       0x5a CMakeFiles/INA226.elf.dir/Core/Startup/startup_stm32f103c8tx.s.obj
                                         0x95 (size before relaxing)
 .debug_str     0x0000000000000645      0x5ee CMakeFiles/INA226.elf.dir/Drivers/STM32F1xx_HAL_Driver/Src/stm32f1xx_hal.c.obj
                                        0x81e (size before relaxing)
 .debug_str     0x0000000000000c33      0x426 CMakeFiles/INA226.elf.dir/Drivers/STM32F1xx_HAL_Driver/Src/stm32f1xx_hal_cortex.c.obj
                                        0x8fe (size before relaxing)
 .debug_str     0x0000000000001059      0x170 CMakeFiles/INA226.elf.dir/Drivers/STM32F1xx_HAL_Driver/Src/stm32f1xx_hal_gpio.c.obj
                                        0x434 (size before relaxing)
 .debug_str     0x00000000000011c9      0x240 CMakeFiles/INA226.elf.dir/Drivers/STM32F1xx_HAL_Driver/Src/stm32f1xx_hal_rcc.c.obj
                                        0x62e (size before relaxing)
 .debug_str     0x0000000000001409      0x13e CMakeFiles/INA226.elf.dir/User/main/usr_main.cpp.obj
                                        0x232 (size before relaxing)
 .debug_str     0x0000000000001547      0xb4c /usr/lib/gcc/arm-none-eabi/10.3.1/thumb/v7-m/nofp/libgcc.a(unwind-arm.o)
                                        0xc3c (size before relaxing)
 .debug_str     0x0000000000002093       0x3c /usr/lib/gcc/arm-none-eabi/10.3.1/thumb/v7-m/nofp/libgcc.a(libunwind.o)
                                         0xa6 (size before relaxing)
 .debug_str     0x00000000000020cf       0xdf /usr/lib/gcc/arm-none-eabi/10.3.1/thumb/v7-m/nofp/libgcc.a(pr-support.o)
                                        0x55e (size before relaxing)
 .debug_str     0x00000000000021ae      0x107 /usr/lib/gcc/arm-none-eabi/10.3.1/../../../arm-none-eabi/lib/thumb/v7-m/nofp/libg.a(lib_a-abort.o)
                                        0x1a2 (size before relaxing)
 .debug_str     0x00000000000022b5       0x78 /usr/lib/gcc/arm-none-eabi/10.3.1/../../../arm-none-eabi/lib/thumb/v7-m/nofp/libg.a(lib_a-atexit.o)
                                        0x1dc (size before relaxing)
 .debug_str     0x000000000000232d      0x409 /usr/lib/gcc/arm-none-eabi/10.3.1/../../../arm-none-eabi/lib/thumb/v7-m/nofp/libg.a(lib_a-errno.o)
                                        0x562 (size before relaxing)
 .debug_str     0x0000000000002736       0xc4 /usr/lib/gcc/arm-none-eabi/10.3.1/../../../arm-none-eabi/lib/thumb/v7-m/nofp/libg.a(lib_a-fini.o)
                                        0x1d4 (size before relaxing)
 .debug_str     0x00000000000027fa       0xaa /usr/lib/gcc/arm-none-eabi/10.3.1/../../../arm-none-eabi/lib/thumb/v7-m/nofp/libg.a(lib_a-impure.o)
                                        0x57a (size before relaxing)
 .debug_str     0x00000000000028a4       0x96 /usr/lib/gcc/arm-none-eabi/10.3.1/../../../arm-none-eabi/lib/thumb/v7-m/nofp/libg.a(lib_a-init.o)
                                        0x1fe (size before relaxing)
 .debug_str     0x000000000000293a       0xa1 /usr/lib/gcc/arm-none-eabi/10.3.1/../../../arm-none-eabi/lib/thumb/v7-m/nofp/libg.a(lib_a-memcpy.o)
                                         0xad (size before relaxing)
 .debug_str     0x00000000000029db       0xa8 /usr/lib/gcc/arm-none-eabi/10.3.1/../../../arm-none-eabi/lib/thumb/v7-m/nofp/libg.a(lib_a-memset.o)
                                        0x1b3 (size before relaxing)
 .debug_str     0x0000000000002a83       0xfd /usr/lib/gcc/arm-none-eabi/10.3.1/../../../arm-none-eabi/lib/thumb/v7-m/nofp/libg.a(lib_a-signal.o)
                                        0x5e9 (size before relaxing)
 .debug_str     0x0000000000002b80       0x42 /usr/lib/gcc/arm-none-eabi/10.3.1/../../../arm-none-eabi/lib/thumb/v7-m/nofp/libg.a(lib_a-signalr.o)
                                        0x576 (size before relaxing)
 .debug_str     0x0000000000002bc2       0x36 /usr/lib/gcc/arm-none-eabi/10.3.1/../../../arm-none-eabi/lib/thumb/v7-m/nofp/libg.a(lib_a-__atexit.o)
                                        0x5b4 (size before relaxing)
 .debug_str     0x0000000000002bf8       0x8d /usr/lib/gcc/arm-none-eabi/10.3.1/../../../arm-none-eabi/lib/thumb/v7-m/nofp/libg.a(lib_a-__call_atexit.o)
                                        0x5e0 (size before relaxing)
 .debug_str     0x0000000000002c85      0x22b /usr/lib/gcc/arm-none-eabi/10.3.1/../../../arm-none-eabi/lib/thumb/v7-m/nofp/libg.a(lib_a-mallocr.o)
                                        0x77f (size before relaxing)
 .debug_str     0x0000000000002eb0       0x4c /usr/lib/gcc/arm-none-eabi/10.3.1/../../../arm-none-eabi/lib/thumb/v7-m/nofp/libg.a(lib_a-mlock.o)
                                        0x587 (size before relaxing)
 .debug_str     0x0000000000002efc       0x5e /usr/lib/gcc/arm-none-eabi/10.3.1/../../../arm-none-eabi/lib/thumb/v7-m/nofp/libg.a(lib_a-reent.o)
                                        0x599 (size before relaxing)
 .debug_str     0x0000000000002f5a       0x47 /usr/lib/gcc/arm-none-eabi/10.3.1/../../../arm-none-eabi/lib/thumb/v7-m/nofp/libg.a(lib_a-sbrkr.o)
                                        0x571 (size before relaxing)
 .debug_str     0x0000000000002fa1       0x34 /usr/lib/gcc/arm-none-eabi/10.3.1/../../../arm-none-eabi/lib/thumb/v7-m/nofp/libg.a(lib_a-freer.o)
                                        0x6c9 (size before relaxing)

.debug_frame    0x0000000000000000     0x1568
 .debug_frame   0x0000000000000000       0x34 CMakeFiles/INA226.elf.dir/Core/Src/gpio.c.obj
 .debug_frame   0x0000000000000034       0x68 CMakeFiles/INA226.elf.dir/Core/Src/main.c.obj
 .debug_frame   0x000000000000009c       0x38 CMakeFiles/INA226.elf.dir/Core/Src/stm32f1xx_hal_msp.c.obj
 .debug_frame   0x00000000000000d4      0x104 CMakeFiles/INA226.elf.dir/Core/Src/stm32f1xx_it.c.obj
 .debug_frame   0x00000000000001d8       0x58 CMakeFiles/INA226.elf.dir/Core/Src/system_stm32f1xx.c.obj
 .debug_frame   0x0000000000000230      0x334 CMakeFiles/INA226.elf.dir/Drivers/STM32F1xx_HAL_Driver/Src/stm32f1xx_hal.c.obj
 .debug_frame   0x0000000000000564      0x428 CMakeFiles/INA226.elf.dir/Drivers/STM32F1xx_HAL_Driver/Src/stm32f1xx_hal_cortex.c.obj
 .debug_frame   0x000000000000098c      0x14c CMakeFiles/INA226.elf.dir/Drivers/STM32F1xx_HAL_Driver/Src/stm32f1xx_hal_gpio.c.obj
 .debug_frame   0x0000000000000ad8      0x218 CMakeFiles/INA226.elf.dir/Drivers/STM32F1xx_HAL_Driver/Src/stm32f1xx_hal_rcc.c.obj
 .debug_frame   0x0000000000000cf0       0x4c CMakeFiles/INA226.elf.dir/User/main/usr_main.cpp.obj
 .debug_frame   0x0000000000000d3c      0x2e0 /usr/lib/gcc/arm-none-eabi/10.3.1/thumb/v7-m/nofp/libgcc.a(unwind-arm.o)
 .debug_frame   0x000000000000101c       0xf4 /usr/lib/gcc/arm-none-eabi/10.3.1/thumb/v7-m/nofp/libgcc.a(pr-support.o)
 .debug_frame   0x0000000000001110       0x28 /usr/lib/gcc/arm-none-eabi/10.3.1/../../../arm-none-eabi/lib/thumb/v7-m/nofp/libg.a(lib_a-abort.o)
 .debug_frame   0x0000000000001138       0x20 /usr/lib/gcc/arm-none-eabi/10.3.1/../../../arm-none-eabi/lib/thumb/v7-m/nofp/libg.a(lib_a-atexit.o)
 .debug_frame   0x0000000000001158       0x20 /usr/lib/gcc/arm-none-eabi/10.3.1/../../../arm-none-eabi/lib/thumb/v7-m/nofp/libg.a(lib_a-errno.o)
 .debug_frame   0x0000000000001178       0x34 /usr/lib/gcc/arm-none-eabi/10.3.1/../../../arm-none-eabi/lib/thumb/v7-m/nofp/libg.a(lib_a-fini.o)
 .debug_frame   0x00000000000011ac       0x2c /usr/lib/gcc/arm-none-eabi/10.3.1/../../../arm-none-eabi/lib/thumb/v7-m/nofp/libg.a(lib_a-init.o)
 .debug_frame   0x00000000000011d8       0x2c /usr/lib/gcc/arm-none-eabi/10.3.1/../../../arm-none-eabi/lib/thumb/v7-m/nofp/libg.a(lib_a-memset.o)
 .debug_frame   0x0000000000001204      0x114 /usr/lib/gcc/arm-none-eabi/10.3.1/../../../arm-none-eabi/lib/thumb/v7-m/nofp/libg.a(lib_a-signal.o)
 .debug_frame   0x0000000000001318       0x3c /usr/lib/gcc/arm-none-eabi/10.3.1/../../../arm-none-eabi/lib/thumb/v7-m/nofp/libg.a(lib_a-signalr.o)
 .debug_frame   0x0000000000001354       0x2c /usr/lib/gcc/arm-none-eabi/10.3.1/../../../arm-none-eabi/lib/thumb/v7-m/nofp/libg.a(lib_a-__atexit.o)
 .debug_frame   0x0000000000001380       0x50 /usr/lib/gcc/arm-none-eabi/10.3.1/../../../arm-none-eabi/lib/thumb/v7-m/nofp/libg.a(lib_a-__call_atexit.o)
 .debug_frame   0x00000000000013d0       0x4c /usr/lib/gcc/arm-none-eabi/10.3.1/../../../arm-none-eabi/lib/thumb/v7-m/nofp/libg.a(lib_a-mallocr.o)
 .debug_frame   0x000000000000141c       0x30 /usr/lib/gcc/arm-none-eabi/10.3.1/../../../arm-none-eabi/lib/thumb/v7-m/nofp/libg.a(lib_a-mlock.o)
 .debug_frame   0x000000000000144c       0x64 /usr/lib/gcc/arm-none-eabi/10.3.1/../../../arm-none-eabi/lib/thumb/v7-m/nofp/libg.a(lib_a-reent.o)
 .debug_frame   0x00000000000014b0       0x2c /usr/lib/gcc/arm-none-eabi/10.3.1/../../../arm-none-eabi/lib/thumb/v7-m/nofp/libg.a(lib_a-sbrkr.o)
 .debug_frame   0x00000000000014dc       0x8c /usr/lib/gcc/arm-none-eabi/10.3.1/../../../arm-none-eabi/lib/thumb/v7-m/nofp/libg.a(lib_a-freer.o)

.debug_loc      0x0000000000000000     0x4b76
 .debug_loc     0x0000000000000000     0x1cfe /usr/lib/gcc/arm-none-eabi/10.3.1/thumb/v7-m/nofp/libgcc.a(unwind-arm.o)
 .debug_loc     0x0000000000001cfe      0x5cb /usr/lib/gcc/arm-none-eabi/10.3.1/thumb/v7-m/nofp/libgcc.a(pr-support.o)
 .debug_loc     0x00000000000022c9       0x32 /usr/lib/gcc/arm-none-eabi/10.3.1/../../../arm-none-eabi/lib/thumb/v7-m/nofp/libg.a(lib_a-atexit.o)
 .debug_loc     0x00000000000022fb       0x68 /usr/lib/gcc/arm-none-eabi/10.3.1/../../../arm-none-eabi/lib/thumb/v7-m/nofp/libg.a(lib_a-fini.o)
 .debug_loc     0x0000000000002363       0xba /usr/lib/gcc/arm-none-eabi/10.3.1/../../../arm-none-eabi/lib/thumb/v7-m/nofp/libg.a(lib_a-init.o)
 .debug_loc     0x000000000000241d      0x22c /usr/lib/gcc/arm-none-eabi/10.3.1/../../../arm-none-eabi/lib/thumb/v7-m/nofp/libg.a(lib_a-memset.o)
 .debug_loc     0x0000000000002649      0x967 /usr/lib/gcc/arm-none-eabi/10.3.1/../../../arm-none-eabi/lib/thumb/v7-m/nofp/libg.a(lib_a-signal.o)
 .debug_loc     0x0000000000002fb0       0xc3 /usr/lib/gcc/arm-none-eabi/10.3.1/../../../arm-none-eabi/lib/thumb/v7-m/nofp/libg.a(lib_a-signalr.o)
 .debug_loc     0x0000000000003073      0x13b /usr/lib/gcc/arm-none-eabi/10.3.1/../../../arm-none-eabi/lib/thumb/v7-m/nofp/libg.a(lib_a-__atexit.o)
 .debug_loc     0x00000000000031ae      0x1ae /usr/lib/gcc/arm-none-eabi/10.3.1/../../../arm-none-eabi/lib/thumb/v7-m/nofp/libg.a(lib_a-__call_atexit.o)
 .debug_loc     0x000000000000335c      0xe78 /usr/lib/gcc/arm-none-eabi/10.3.1/../../../arm-none-eabi/lib/thumb/v7-m/nofp/libg.a(lib_a-mallocr.o)
 .debug_loc     0x00000000000041d4      0x23e /usr/lib/gcc/arm-none-eabi/10.3.1/../../../arm-none-eabi/lib/thumb/v7-m/nofp/libg.a(lib_a-reent.o)
 .debug_loc     0x0000000000004412       0x6c /usr/lib/gcc/arm-none-eabi/10.3.1/../../../arm-none-eabi/lib/thumb/v7-m/nofp/libg.a(lib_a-sbrkr.o)
 .debug_loc     0x000000000000447e      0x6f8 /usr/lib/gcc/arm-none-eabi/10.3.1/../../../arm-none-eabi/lib/thumb/v7-m/nofp/libg.a(lib_a-freer.o)
