Archive member included to satisfy reference by file (symbol)

/usr/lib/gcc/arm-none-eabi/10.3.1/thumb/v7-m/nofp/libgcc.a(_arm_mulsf3.o)
                              CMakeFiles/INA226.elf.dir/User/ina226/ina226.cpp.obj (__aeabi_fmul)
/usr/lib/gcc/arm-none-eabi/10.3.1/thumb/v7-m/nofp/libgcc.a(_arm_addsubdf3.o)
                              CMakeFiles/INA226.elf.dir/User/main/usr_main.cpp.obj (__aeabi_f2d)
/usr/lib/gcc/arm-none-eabi/10.3.1/thumb/v7-m/nofp/libgcc.a(_arm_addsubsf3.o)
                              CMakeFiles/INA226.elf.dir/User/ina226/ina226.cpp.obj (__aeabi_ui2f)
/usr/lib/gcc/arm-none-eabi/10.3.1/thumb/v7-m/nofp/libgcc.a(_arm_muldivsf3.o)
                              CMakeFiles/INA226.elf.dir/User/ina226/ina226.cpp.obj (__aeabi_fdiv)
/usr/lib/gcc/arm-none-eabi/10.3.1/thumb/v7-m/nofp/libgcc.a(unwind-arm.o)
                              CMakeFiles/INA226.elf.dir/User/can/user_can.cpp.obj (__aeabi_unwind_cpp_pr0)
/usr/lib/gcc/arm-none-eabi/10.3.1/thumb/v7-m/nofp/libgcc.a(libunwind.o)
                              /usr/lib/gcc/arm-none-eabi/10.3.1/thumb/v7-m/nofp/libgcc.a(unwind-arm.o) (restore_core_regs)
/usr/lib/gcc/arm-none-eabi/10.3.1/thumb/v7-m/nofp/libgcc.a(pr-support.o)
                              /usr/lib/gcc/arm-none-eabi/10.3.1/thumb/v7-m/nofp/libgcc.a(unwind-arm.o) (__gnu_unwind_execute)
/usr/lib/gcc/arm-none-eabi/10.3.1/../../../arm-none-eabi/lib/thumb/v7-m/nofp/libg.a(lib_a-abort.o)
                              /usr/lib/gcc/arm-none-eabi/10.3.1/thumb/v7-m/nofp/libgcc.a(unwind-arm.o) (abort)
/usr/lib/gcc/arm-none-eabi/10.3.1/../../../arm-none-eabi/lib/thumb/v7-m/nofp/libg.a(lib_a-atexit.o)
                              /usr/lib/gcc/arm-none-eabi/10.3.1/../../../arm-none-eabi/lib/thumb/v7-m/nofp/crt0.o (atexit)
/usr/lib/gcc/arm-none-eabi/10.3.1/../../../arm-none-eabi/lib/thumb/v7-m/nofp/libg.a(lib_a-errno.o)
                              CMakeFiles/INA226.elf.dir/Core/Src/syscalls.c.obj (__errno)
/usr/lib/gcc/arm-none-eabi/10.3.1/../../../arm-none-eabi/lib/thumb/v7-m/nofp/libg.a(lib_a-exit.o)
                              /usr/lib/gcc/arm-none-eabi/10.3.1/../../../arm-none-eabi/lib/thumb/v7-m/nofp/crt0.o (exit)
/usr/lib/gcc/arm-none-eabi/10.3.1/../../../arm-none-eabi/lib/thumb/v7-m/nofp/libg.a(lib_a-fini.o)
                              /usr/lib/gcc/arm-none-eabi/10.3.1/../../../arm-none-eabi/lib/thumb/v7-m/nofp/crt0.o (__libc_fini_array)
/usr/lib/gcc/arm-none-eabi/10.3.1/../../../arm-none-eabi/lib/thumb/v7-m/nofp/libg.a(lib_a-impure.o)
                              /usr/lib/gcc/arm-none-eabi/10.3.1/../../../arm-none-eabi/lib/thumb/v7-m/nofp/libg.a(lib_a-exit.o) (_global_impure_ptr)
/usr/lib/gcc/arm-none-eabi/10.3.1/../../../arm-none-eabi/lib/thumb/v7-m/nofp/libg.a(lib_a-init.o)
                              /usr/lib/gcc/arm-none-eabi/10.3.1/../../../arm-none-eabi/lib/thumb/v7-m/nofp/crt0.o (__libc_init_array)
/usr/lib/gcc/arm-none-eabi/10.3.1/../../../arm-none-eabi/lib/thumb/v7-m/nofp/libg.a(lib_a-memcpy.o)
                              /usr/lib/gcc/arm-none-eabi/10.3.1/thumb/v7-m/nofp/libgcc.a(unwind-arm.o) (memcpy)
/usr/lib/gcc/arm-none-eabi/10.3.1/../../../arm-none-eabi/lib/thumb/v7-m/nofp/libg.a(lib_a-memset.o)
                              /usr/lib/gcc/arm-none-eabi/10.3.1/../../../arm-none-eabi/lib/thumb/v7-m/nofp/crt0.o (memset)
/usr/lib/gcc/arm-none-eabi/10.3.1/../../../arm-none-eabi/lib/thumb/v7-m/nofp/libg.a(lib_a-signal.o)
                              /usr/lib/gcc/arm-none-eabi/10.3.1/../../../arm-none-eabi/lib/thumb/v7-m/nofp/libg.a(lib_a-abort.o) (raise)
/usr/lib/gcc/arm-none-eabi/10.3.1/../../../arm-none-eabi/lib/thumb/v7-m/nofp/libg.a(lib_a-signalr.o)
                              /usr/lib/gcc/arm-none-eabi/10.3.1/../../../arm-none-eabi/lib/thumb/v7-m/nofp/libg.a(lib_a-signal.o) (_kill_r)
/usr/lib/gcc/arm-none-eabi/10.3.1/../../../arm-none-eabi/lib/thumb/v7-m/nofp/libg.a(lib_a-sprintf.o)
                              CMakeFiles/INA226.elf.dir/User/main/usr_main.cpp.obj (sprintf)
/usr/lib/gcc/arm-none-eabi/10.3.1/../../../arm-none-eabi/lib/thumb/v7-m/nofp/libg.a(lib_a-svfprintf.o)
                              /usr/lib/gcc/arm-none-eabi/10.3.1/../../../arm-none-eabi/lib/thumb/v7-m/nofp/libg.a(lib_a-sprintf.o) (_svfprintf_r)
/usr/lib/gcc/arm-none-eabi/10.3.1/../../../arm-none-eabi/lib/thumb/v7-m/nofp/libg.a(lib_a-__atexit.o)
                              /usr/lib/gcc/arm-none-eabi/10.3.1/../../../arm-none-eabi/lib/thumb/v7-m/nofp/libg.a(lib_a-atexit.o) (__register_exitproc)
/usr/lib/gcc/arm-none-eabi/10.3.1/../../../arm-none-eabi/lib/thumb/v7-m/nofp/libg.a(lib_a-__call_atexit.o)
                              /usr/lib/gcc/arm-none-eabi/10.3.1/../../../arm-none-eabi/lib/thumb/v7-m/nofp/libg.a(lib_a-exit.o) (__call_exitprocs)
/usr/lib/gcc/arm-none-eabi/10.3.1/../../../arm-none-eabi/lib/thumb/v7-m/nofp/libg.a(lib_a-dtoa.o)
                              /usr/lib/gcc/arm-none-eabi/10.3.1/../../../arm-none-eabi/lib/thumb/v7-m/nofp/libg.a(lib_a-svfprintf.o) (_dtoa_r)
[...]
Memory Configuration

Name             Origin             Length             Attributes
RAM              0x0000000020000000 0x0000000000005000 xrw
FLASH            0x0000000008000000 0x0000000000010000 xr
*default*        0x0000000000000000 0xffffffffffffffff

Linker script and memory map

LOAD /usr/lib/gcc/arm-none-eabi/10.3.1/thumb/v7-m/nofp/crti.o
LOAD /usr/lib/gcc/arm-none-eabi/10.3.1/thumb/v7-m/nofp/crtbegin.o
LOAD /usr/lib/gcc/arm-none-eabi/10.3.1/../../../arm-none-eabi/lib/thumb/v7-m/nofp/crt0.o
LOAD CMakeFiles/INA226.elf.dir/Core/Src/can.c.obj
LOAD CMakeFiles/INA226.elf.dir/Core/Src/gpio.c.obj
LOAD CMakeFiles/INA226.elf.dir/Core/Src/i2c.c.obj
LOAD CMakeFiles/INA226.elf.dir/Core/Src/main.c.obj
LOAD CMakeFiles/INA226.elf.dir/Core/Src/stm32f1xx_hal_msp.c.obj
LOAD CMakeFiles/INA226.elf.dir/Core/Src/stm32f1xx_it.c.obj
LOAD CMakeFiles/INA226.elf.dir/Core/Src/syscalls.c.obj
LOAD CMakeFiles/INA226.elf.dir/Core/Src/sysmem.c.obj
LOAD CMakeFiles/INA226.elf.dir/Core/Src/system_stm32f1xx.c.obj
LOAD CMakeFiles/INA226.elf.dir/Core/Src/tim.c.obj
LOAD CMakeFiles/INA226.elf.dir/Core/Src/usart.c.obj
LOAD CMakeFiles/INA226.elf.dir/Core/Startup/startup_stm32f103c8tx.s.obj
LOAD CMakeFiles/INA226.elf.dir/Drivers/STM32F1xx_HAL_Driver/Src/stm32f1xx_hal.c.obj
LOAD CMakeFiles/INA226.elf.dir/Drivers/STM32F1xx_HAL_Driver/Src/stm32f1xx_hal_can.c.obj
LOAD CMakeFiles/INA226.elf.dir/Drivers/STM32F1xx_HAL_Driver/Src/stm32f1xx_hal_cortex.c.obj
LOAD CMakeFiles/INA226.elf.dir/Drivers/STM32F1xx_HAL_Driver/Src/stm32f1xx_hal_dma.c.obj
LOAD CMakeFiles/INA226.elf.dir/Drivers/STM32F1xx_HAL_Driver/Src/stm32f1xx_hal_exti.c.obj
LOAD CMakeFiles/INA226.elf.dir/Drivers/STM32F1xx_HAL_Driver/Src/stm32f1xx_hal_flash.c.obj
LOAD CMakeFiles/INA226.elf.dir/Drivers/STM32F1xx_HAL_Driver/Src/stm32f1xx_hal_flash_ex.c.obj
LOAD CMakeFiles/INA226.elf.dir/Drivers/STM32F1xx_HAL_Driver/Src/stm32f1xx_hal_gpio.c.obj
LOAD CMakeFiles/INA226.elf.dir/Drivers/STM32F1xx_HAL_Driver/Src/stm32f1xx_hal_gpio_ex.c.obj
LOAD CMakeFiles/INA226.elf.dir/Drivers/STM32F1xx_HAL_Driver/Src/stm32f1xx_hal_i2c.c.obj
LOAD CMakeFiles/INA226.elf.dir/Drivers/STM32F1xx_HAL_Driver/Src/stm32f1xx_hal_pwr.c.obj
LOAD CMakeFiles/INA226.elf.dir/Drivers/STM32F1xx_HAL_Driver/Src/stm32f1xx_hal_rcc.c.obj
LOAD CMakeFiles/INA226.elf.dir/Drivers/STM32F1xx_HAL_Driver/Src/stm32f1xx_hal_rcc_ex.c.obj
LOAD CMakeFiles/INA226.elf.dir/Drivers/STM32F1xx_HAL_Driver/Src/stm32f1xx_hal_tim.c.obj
LOAD CMakeFiles/INA226.elf.dir/Drivers/STM32F1xx_HAL_Driver/Src/stm32f1xx_hal_tim_ex.c.obj
LOAD CMakeFiles/INA226.elf.dir/Drivers/STM32F1xx_HAL_Driver/Src/stm32f1xx_hal_uart.c.obj
LOAD CMakeFiles/INA226.elf.dir/User/can/user_can.cpp.obj
LOAD CMakeFiles/INA226.elf.dir/User/ina226/ina226.cpp.obj
LOAD CMakeFiles/INA226.elf.dir/User/main/usr_main.cpp.obj
LOAD /usr/lib/gcc/arm-none-eabi/10.3.1/../../../arm-none-eabi/lib/thumb/v7-m/nofp/libstdc++.a
LOAD /usr/lib/gcc/arm-none-eabi/10.3.1/../../../arm-none-eabi/lib/thumb/v7-m/nofp/libm.a
START GROUP
LOAD /usr/lib/gcc/arm-none-eabi/10.3.1/thumb/v7-m/nofp/libgcc.a
LOAD /usr/lib/gcc/arm-none-eabi/10.3.1/../../../arm-none-eabi/lib/thumb/v7-m/nofp/libg.a
LOAD /usr/lib/gcc/arm-none-eabi/10.3.1/../../../arm-none-eabi/lib/thumb/v7-m/nofp/libc.a
END GROUP
LOAD /usr/lib/gcc/arm-none-eabi/10.3.1/thumb/v7-m/nofp/crtend.o
LOAD /usr/lib/gcc/arm-none-eabi/10.3.1/thumb/v7-m/nofp/crtn.o
                0x0000000020005000                _estack = (ORIGIN (RAM) + LENGTH (RAM))
                0x0000000000000200                _Min_Heap_Size = 0x200
                0x0000000000000400                _Min_Stack_Size = 0x400

.isr_vector     0x0000000008000000      0x10c
                0x0000000008000000                . = ALIGN (0x4)
 *(.isr_vector)
 .isr_vector    0x0000000008000000      0x10c CMakeFiles/INA226.elf.dir/Core/Startup/startup_stm32f103c8tx.s.obj
                0x0000000008000000                g_pfnVectors
                0x000000000800010c                . = ALIGN (0x4)

.text           0x000000000800010c     0x612c
                0x000000000800010c                . = ALIGN (0x4)
 *(.text)
 .text          0x000000000800010c       0x88 /usr/lib/gcc/arm-none-eabi/10.3.1/thumb/v7-m/nofp/crtbegin.o
 .text          0x0000000008000194      0x21c /usr/lib/gcc/arm-none-eabi/10.3.1/thumb/v7-m/nofp/libgcc.a(_arm_addsubsf3.o)
                0x0000000008000194                __aeabi_frsub
                0x000000000800019c                __subsf3
                0x000000000800019c                __aeabi_fsub
                0x00000000080001a0                __aeabi_fadd
                0x00000000080001a0                __addsf3
                0x0000000008000300                __aeabi_ui2f
                0x0000000008000300                __floatunsisf
                0x0000000008000308                __aeabi_i2f
                0x0000000008000308                __floatsisf
                0x0000000008000324                __floatundisf
                0x0000000008000324                __aeabi_ul2f
                0x0000000008000334                __floatdisf
                0x0000000008000334                __aeabi_l2f
 .text          0x00000000080003b0      0x2a0 /usr/lib/gcc/arm-none-eabi/10.3.1/thumb/v7-m/nofp/libgcc.a(_arm_muldivsf3.o)
                0x00000000080003b0                __mulsf3
                0x00000000080003b0                __aeabi_fmul
                0x0000000008000518                __divsf3
                0x0000000008000518                __aeabi_fdiv
 .text          0x0000000008000650      0x9e4 /usr/lib/gcc/arm-none-eabi/10.3.1/thumb/v7-m/nofp/libgcc.a(unwind-arm.o)
                0x0000000008000910                _Unwind_GetCFA
                0x0000000008000914                __gnu_Unwind_RaiseException
                0x000000000800097c                __gnu_Unwind_ForcedUnwind
                0x0000000008000990                __gnu_Unwind_Resume
                0x00000000080009d4                __gnu_Unwind_Resume_or_Rethrow
                0x00000000080009e8                _Unwind_Complete
                0x00000000080009ec                _Unwind_DeleteException
                0x00000000080009f8                _Unwind_VRS_Get
                0x0000000008000a44                _Unwind_VRS_Set
                0x0000000008000a8c                __gnu_Unwind_Backtrace
                0x0000000008000db4                __aeabi_unwind_cpp_pr0
                0x0000000008000db8                __aeabi_unwind_cpp_pr1
                0x0000000008000dbc                __aeabi_unwind_cpp_pr2
                0x0000000008000dc0                _Unwind_VRS_Pop
 .text          0x0000000008001034      0x1ac /usr/lib/gcc/arm-none-eabi/10.3.1/thumb/v7-m/nofp/libgcc.a(libunwind.o)
                0x0000000008001034                __restore_core_regs
                0x0000000008001034                restore_core_regs
                0x000000000800104c                __gnu_Unwind_Restore_VFP
                0x0000000008001054                __gnu_Unwind_Save_VFP
                0x000000000800105c                __gnu_Unwind_Restore_VFP_D
                0x0000000008001064                __gnu_Unwind_Save_VFP_D
                0x000000000800106c                __gnu_Unwind_Restore_VFP_D_16_to_31
                0x0000000008001074                __gnu_Unwind_Save_VFP_D_16_to_31
                0x000000000800107c                __gnu_Unwind_Restore_WMMXD
                0x00000000080010c0                __gnu_Unwind_Save_WMMXD
                0x0000000008001104                __gnu_Unwind_Restore_WMMXC
                0x0000000008001118                __gnu_Unwind_Save_WMMXC
                0x000000000800112c                ___Unwind_RaiseException
                0x000000000800112c                _Unwind_RaiseException
                0x0000000008001150                ___Unwind_Resume
                0x0000000008001150                _Unwind_Resume
                0x0000000008001174                _Unwind_Resume_or_Rethrow
                0x0000000008001174                ___Unwind_Resume_or_Rethrow
                0x0000000008001198                ___Unwind_ForcedUnwind
                0x0000000008001198                _Unwind_ForcedUnwind
                0x00000000080011bc                _Unwind_Backtrace
                0x00000000080011bc                ___Unwind_Backtrace
 .text          0x00000000080011e0      0x38c /usr/lib/gcc/arm-none-eabi/10.3.1/thumb/v7-m/nofp/libgcc.a(pr-support.o)
                0x0000000008001238                __gnu_unwind_execute
                0x000000000800151c                __gnu_unwind_frame
                0x000000000800154c                _Unwind_GetRegionStart
                0x0000000008001558                _Unwind_GetLanguageSpecificData
 .text          0x000000000800156c       0x10 /usr/lib/gcc/arm-none-eabi/10.3.1/../../../arm-none-eabi/lib/thumb/v7-m/nofp/libg.a(lib_a-abort.o)
                0x000000000800156c                abort
 .text          0x000000000800157c        0xc /usr/lib/gcc/arm-none-eabi/10.3.1/../../../arm-none-eabi/lib/thumb/v7-m/nofp/libg.a(lib_a-atexit.o)
                0x000000000800157c                atexit
 .text          0x0000000008001588        0xc /usr/lib/gcc/arm-none-eabi/10.3.1/../../../arm-none-eabi/lib/thumb/v7-m/nofp/libg.a(lib_a-errno.o)
                0x0000000008001588                __errno
 .text          0x0000000008001594       0x2c /usr/lib/gcc/arm-none-eabi/10.3.1/../../../arm-none-eabi/lib/thumb/v7-m/nofp/libg.a(lib_a-fini.o)
                0x0000000008001594                __libc_fini_array
 .text          0x00000000080015c0       0x48 /usr/lib/gcc/arm-none-eabi/10.3.1/../../../arm-none-eabi/lib/thumb/v7-m/nofp/libg.a(lib_a-init.o)
                0x00000000080015c0                __libc_init_array
 .text          0x0000000008001608       0xec /usr/lib/gcc/arm-none-eabi/10.3.1/../../../arm-none-eabi/lib/thumb/v7-m/nofp/libg.a(lib_a-memcpy.o)
                0x0000000008001608                memcpy
 .text          0x00000000080016f4       0xa4 /usr/lib/gcc/arm-none-eabi/10.3.1/../../../arm-none-eabi/lib/thumb/v7-m/nofp/libg.a(lib_a-memset.o)
                0x00000000080016f4                memset
 .text          0x0000000008001798      0x28c /usr/lib/gcc/arm-none-eabi/10.3.1/../../../arm-none-eabi/lib/thumb/v7-m/nofp/libg.a(lib_a-signal.o)
                0x0000000008001798                _init_signal_r
                0x00000000080017c8                _signal_r
                0x0000000008001814                _raise_r
                0x000000000800186c                __sigtramp_r
                0x00000000080018d4                raise
                0x0000000008001930                signal
                0x0000000008001984                _init_signal
                0x00000000080019bc                __sigtramp
 .text          0x0000000008001a24       0x2c /usr/lib/gcc/arm-none-eabi/10.3.1/../../../arm-none-eabi/lib/thumb/v7-m/nofp/libg.a(lib_a-signalr.o)
                0x0000000008001a24                _kill_r
                0x0000000008001a4c                _getpid_r
 .text          0x0000000008001a50       0x64 /usr/lib/gcc/arm-none-eabi/10.3.1/../../../arm-none-eabi/lib/thumb/v7-m/nofp/libg.a(lib_a-__atexit.o)
                0x0000000008001a50                __register_exitproc
 .text          0x0000000008001ab4      0x54c /usr/lib/gcc/arm-none-eabi/10.3.1/../../../arm-none-eabi/lib/thumb/v7-m/nofp/libg.a(lib_a-mallocr.o)
                0x0000000008001ab4                _malloc_r
 .text          0x0000000008002000        0x8 /usr/lib/gcc/arm-none-eabi/10.3.1/../../../arm-none-eabi/lib/thumb/v7-m/nofp/libg.a(lib_a-mlock.o)
                0x0000000008002000                __malloc_lock
                0x0000000008002004                __malloc_unlock
 .text          0x0000000008002008       0x24 /usr/lib/gcc/arm-none-eabi/10.3.1/../../../arm-none-eabi/lib/thumb/v7-m/nofp/libg.a(lib_a-sbrkr.o)
                0x0000000008002008                _sbrk_r
 .text          0x000000000800202c      0x2a0 /usr/lib/gcc/arm-none-eabi/10.3.1/../../../arm-none-eabi/lib/thumb/v7-m/nofp/libg.a(lib_a-freer.o)
                0x000000000800202c                _malloc_trim_r
                0x00000000080020cc                _free_r
 *(.text*)
 .text.MX_CAN_Init
                0x00000000080022cc       0x6c CMakeFiles/INA226.elf.dir/Core/Src/can.c.obj
                0x00000000080022cc                MX_CAN_Init
 .text.HAL_CAN_MspInit
                0x0000000008002338       0xb8 CMakeFiles/INA226.elf.dir/Core/Src/can.c.obj
                0x0000000008002338                HAL_CAN_MspInit
 .text.MX_GPIO_Init
                0x00000000080023f0       0x98 CMakeFiles/INA226.elf.dir/Core/Src/gpio.c.obj
                0x00000000080023f0                MX_GPIO_Init
 .text.MX_I2C1_Init
                0x0000000008002488       0x5c CMakeFiles/INA226.elf.dir/Core/Src/i2c.c.obj
                0x0000000008002488                MX_I2C1_Init
 .text.HAL_I2C_MspInit
                0x00000000080024e4       0x7c CMakeFiles/INA226.elf.dir/Core/Src/i2c.c.obj
                0x00000000080024e4                HAL_I2C_MspInit
 .text.main     0x0000000008002560       0x2a CMakeFiles/INA226.elf.dir/Core/Src/main.c.obj
                0x0000000008002560                main
 .text.SystemClock_Config
                0x000000000800258a       0x8a CMakeFiles/INA226.elf.dir/Core/Src/main.c.obj
                0x000000000800258a                SystemClock_Config
 .text.Error_Handler
                0x0000000008002614        0xa CMakeFiles/INA226.elf.dir/Core/Src/main.c.obj
                0x0000000008002614                Error_Handler
 *fill*         0x000000000800261e        0x2 
 .text.HAL_MspInit
                0x0000000008002620       0x64 CMakeFiles/INA226.elf.dir/Core/Src/stm32f1xx_hal_msp.c.obj
                0x0000000008002620                HAL_MspInit
 .text.NMI_Handler
                0x0000000008002684        0x6 CMakeFiles/INA226.elf.dir/Core/Src/stm32f1xx_it.c.obj
                0x0000000008002684                NMI_Handler
 .text.HardFault_Handler
                0x000000000800268a        0x6 CMakeFiles/INA226.elf.dir/Core/Src/stm32f1xx_it.c.obj
                0x000000000800268a                HardFault_Handler
 .text.MemManage_Handler
                0x0000000008002690        0x6 CMakeFiles/INA226.elf.dir/Core/Src/stm32f1xx_it.c.obj
                0x0000000008002690                MemManage_Handler
 .text.BusFault_Handler
                0x0000000008002696        0x6 CMakeFiles/INA226.elf.dir/Core/Src/stm32f1xx_it.c.obj
                0x0000000008002696                BusFault_Handler
 .text.UsageFault_Handler
                0x000000000800269c        0x6 CMakeFiles/INA226.elf.dir/Core/Src/stm32f1xx_it.c.obj
                0x000000000800269c                UsageFault_Handler
 .text.SVC_Handler
                0x00000000080026a2        0xc CMakeFiles/INA226.elf.dir/Core/Src/stm32f1xx_it.c.obj
                0x00000000080026a2                SVC_Handler
 .text.DebugMon_Handler
                0x00000000080026ae        0xc CMakeFiles/INA226.elf.dir/Core/Src/stm32f1xx_it.c.obj
                0x00000000080026ae                DebugMon_Handler
 .text.PendSV_Handler
                0x00000000080026ba        0xc CMakeFiles/INA226.elf.dir/Core/Src/stm32f1xx_it.c.obj
                0x00000000080026ba                PendSV_Handler
 .text.SysTick_Handler
                0x00000000080026c6        0xc CMakeFiles/INA226.elf.dir/Core/Src/stm32f1xx_it.c.obj
                0x00000000080026c6                SysTick_Handler
 *fill*         0x00000000080026d2        0x2 
 .text.USB_LP_CAN1_RX0_IRQHandler
                0x00000000080026d4       0x14 CMakeFiles/INA226.elf.dir/Core/Src/stm32f1xx_it.c.obj
                0x00000000080026d4                USB_LP_CAN1_RX0_IRQHandler
 .text.CAN1_RX1_IRQHandler
                0x00000000080026e8       0x14 CMakeFiles/INA226.elf.dir/Core/Src/stm32f1xx_it.c.obj
                0x00000000080026e8                CAN1_RX1_IRQHandler
 .text.TIM2_IRQHandler
                0x00000000080026fc       0x14 CMakeFiles/INA226.elf.dir/Core/Src/stm32f1xx_it.c.obj
                0x00000000080026fc                TIM2_IRQHandler
 .text._getpid  0x0000000008002710        0xe CMakeFiles/INA226.elf.dir/Core/Src/syscalls.c.obj
                0x0000000008002710                _getpid
 .text._kill    0x000000000800271e       0x20 CMakeFiles/INA226.elf.dir/Core/Src/syscalls.c.obj
                0x000000000800271e                _kill
 .text._exit    0x000000000800273e       0x14 CMakeFiles/INA226.elf.dir/Core/Src/syscalls.c.obj
                0x000000000800273e                _exit
 *fill*         0x0000000008002752        0x2 
 .text._sbrk    0x0000000008002754       0x6c CMakeFiles/INA226.elf.dir/Core/Src/sysmem.c.obj
                0x0000000008002754                _sbrk
 .text.SystemInit
                0x00000000080027c0        0xc CMakeFiles/INA226.elf.dir/Core/Src/system_stm32f1xx.c.obj
                0x00000000080027c0                SystemInit
 .text.MX_TIM2_Init
                0x00000000080027cc       0x98 CMakeFiles/INA226.elf.dir/Core/Src/tim.c.obj
                0x00000000080027cc                MX_TIM2_Init
 .text.HAL_TIM_Base_MspInit
                0x0000000008002864       0x48 CMakeFiles/INA226.elf.dir/Core/Src/tim.c.obj
                0x0000000008002864                HAL_TIM_Base_MspInit
 .text.MX_USART1_UART_Init
                0x00000000080028ac       0x54 CMakeFiles/INA226.elf.dir/Core/Src/usart.c.obj
                0x00000000080028ac                MX_USART1_UART_Init
 .text.HAL_UART_MspInit
                0x0000000008002900       0x98 CMakeFiles/INA226.elf.dir/Core/Src/usart.c.obj
                0x0000000008002900                HAL_UART_MspInit
 .text.Reset_Handler
                0x0000000008002998       0x48 CMakeFiles/INA226.elf.dir/Core/Startup/startup_stm32f103c8tx.s.obj
                0x0000000008002998                Reset_Handler
 .text.Default_Handler
                0x00000000080029e0        0x2 CMakeFiles/INA226.elf.dir/Core/Startup/startup_stm32f103c8tx.s.obj
                0x00000000080029e0                RTC_Alarm_IRQHandler
                0x00000000080029e0                EXTI2_IRQHandler
                0x00000000080029e0                TIM1_CC_IRQHandler
                0x00000000080029e0                PVD_IRQHandler
                0x00000000080029e0                EXTI3_IRQHandler
                0x00000000080029e0                EXTI0_IRQHandler
                0x00000000080029e0                I2C2_EV_IRQHandler
                0x00000000080029e0                ADC1_2_IRQHandler
                0x00000000080029e0                SPI1_IRQHandler
                0x00000000080029e0                TAMPER_IRQHandler
                0x00000000080029e0                DMA1_Channel4_IRQHandler
                0x00000000080029e0                USART3_IRQHandler
                0x00000000080029e0                RTC_IRQHandler
                0x00000000080029e0                DMA1_Channel7_IRQHandler
                0x00000000080029e0                TIM4_IRQHandler
                0x00000000080029e0                I2C1_EV_IRQHandler
                0x00000000080029e0                DMA1_Channel6_IRQHandler
                0x00000000080029e0                TIM3_IRQHandler
                0x00000000080029e0                RCC_IRQHandler
                0x00000000080029e0                TIM1_TRG_COM_IRQHandler
                0x00000000080029e0                DMA1_Channel1_IRQHandler
                0x00000000080029e0                Default_Handler
                0x00000000080029e0                EXTI15_10_IRQHandler
                0x00000000080029e0                EXTI9_5_IRQHandler
                0x00000000080029e0                SPI2_IRQHandler
                0x00000000080029e0                DMA1_Channel5_IRQHandler
                0x00000000080029e0                EXTI4_IRQHandler
                0x00000000080029e0                USB_HP_CAN1_TX_IRQHandler
                0x00000000080029e0                DMA1_Channel3_IRQHandler
                0x00000000080029e0                TIM1_UP_IRQHandler
                0x00000000080029e0                WWDG_IRQHandler
                0x00000000080029e0                TIM1_BRK_IRQHandler
                0x00000000080029e0                EXTI1_IRQHandler
                0x00000000080029e0                USART2_IRQHandler
                0x00000000080029e0                I2C2_ER_IRQHandler
                0x00000000080029e0                DMA1_Channel2_IRQHandler
                0x00000000080029e0                CAN1_SCE_IRQHandler
                0x00000000080029e0                FLASH_IRQHandler
                0x00000000080029e0                USART1_IRQHandler
                0x00000000080029e0                I2C1_ER_IRQHandler
                0x00000000080029e0                USBWakeUp_IRQHandler
 *fill*         0x00000000080029e2        0x2 
 .text.HAL_Init
                0x00000000080029e4       0x2c CMakeFiles/INA226.elf.dir/Drivers/STM32F1xx_HAL_Driver/Src/stm32f1xx_hal.c.obj
                0x00000000080029e4                HAL_Init
 .text.HAL_InitTick
                0x0000000008002a10       0x60 CMakeFiles/INA226.elf.dir/Drivers/STM32F1xx_HAL_Driver/Src/stm32f1xx_hal.c.obj
                0x0000000008002a10                HAL_InitTick
 .text.HAL_IncTick
                0x0000000008002a70       0x24 CMakeFiles/INA226.elf.dir/Drivers/STM32F1xx_HAL_Driver/Src/stm32f1xx_hal.c.obj
                0x0000000008002a70                HAL_IncTick
 .text.HAL_GetTick
                0x0000000008002a94       0x14 CMakeFiles/INA226.elf.dir/Drivers/STM32F1xx_HAL_Driver/Src/stm32f1xx_hal.c.obj
                0x0000000008002a94                HAL_GetTick
 .text.HAL_CAN_Init
                0x0000000008002aa8      0x1f6 CMakeFiles/INA226.elf.dir/Drivers/STM32F1xx_HAL_Driver/Src/stm32f1xx_hal_can.c.obj
                0x0000000008002aa8                HAL_CAN_Init
 .text.HAL_CAN_ConfigFilter
                0x0000000008002c9e      0x192 CMakeFiles/INA226.elf.dir/Drivers/STM32F1xx_HAL_Driver/Src/stm32f1xx_hal_can.c.obj
                0x0000000008002c9e                HAL_CAN_ConfigFilter
 .text.HAL_CAN_Start
                0x0000000008002e30       0x88 CMakeFiles/INA226.elf.dir/Drivers/STM32F1xx_HAL_Driver/Src/stm32f1xx_hal_can.c.obj
                0x0000000008002e30                HAL_CAN_Start
 .text.HAL_CAN_AddTxMessage
                0x0000000008002eb8      0x19e CMakeFiles/INA226.elf.dir/Drivers/STM32F1xx_HAL_Driver/Src/stm32f1xx_hal_can.c.obj
                0x0000000008002eb8                HAL_CAN_AddTxMessage
 .text.HAL_CAN_GetRxMessage
                0x0000000008003056      0x242 CMakeFiles/INA226.elf.dir/Drivers/STM32F1xx_HAL_Driver/Src/stm32f1xx_hal_can.c.obj
                0x0000000008003056                HAL_CAN_GetRxMessage
 .text.HAL_CAN_IRQHandler
                0x0000000008003298      0x36e CMakeFiles/INA226.elf.dir/Drivers/STM32F1xx_HAL_Driver/Src/stm32f1xx_hal_can.c.obj
                0x0000000008003298                HAL_CAN_IRQHandler
 .text.HAL_CAN_TxMailbox0CompleteCallback
                0x0000000008003606       0x12 CMakeFiles/INA226.elf.dir/Drivers/STM32F1xx_HAL_Driver/Src/stm32f1xx_hal_can.c.obj
                0x0000000008003606                HAL_CAN_TxMailbox0CompleteCallback
 .text.HAL_CAN_TxMailbox1CompleteCallback
                0x0000000008003618       0x12 CMakeFiles/INA226.elf.dir/Drivers/STM32F1xx_HAL_Driver/Src/stm32f1xx_hal_can.c.obj
                0x0000000008003618                HAL_CAN_TxMailbox1CompleteCallback
 .text.HAL_CAN_TxMailbox2CompleteCallback
                0x000000000800362a       0x12 CMakeFiles/INA226.elf.dir/Drivers/STM32F1xx_HAL_Driver/Src/stm32f1xx_hal_can.c.obj
                0x000000000800362a                HAL_CAN_TxMailbox2CompleteCallback
 .text.HAL_CAN_TxMailbox0AbortCallback
                0x000000000800363c       0x12 CMakeFiles/INA226.elf.dir/Drivers/STM32F1xx_HAL_Driver/Src/stm32f1xx_hal_can.c.obj
                0x000000000800363c                HAL_CAN_TxMailbox0AbortCallback
 .text.HAL_CAN_TxMailbox1AbortCallback
                0x000000000800364e       0x12 CMakeFiles/INA226.elf.dir/Drivers/STM32F1xx_HAL_Driver/Src/stm32f1xx_hal_can.c.obj
                0x000000000800364e                HAL_CAN_TxMailbox1AbortCallback
 .text.HAL_CAN_TxMailbox2AbortCallback
                0x0000000008003660       0x12 CMakeFiles/INA226.elf.dir/Drivers/STM32F1xx_HAL_Driver/Src/stm32f1xx_hal_can.c.obj
                0x0000000008003660                HAL_CAN_TxMailbox2AbortCallback
 .text.HAL_CAN_RxFifo0FullCallback
                0x0000000008003672       0x12 CMakeFiles/INA226.elf.dir/Drivers/STM32F1xx_HAL_Driver/Src/stm32f1xx_hal_can.c.obj
                0x0000000008003672                HAL_CAN_RxFifo0FullCallback
 .text.HAL_CAN_RxFifo1MsgPendingCallback
                0x0000000008003684       0x12 CMakeFiles/INA226.elf.dir/Drivers/STM32F1xx_HAL_Driver/Src/stm32f1xx_hal_can.c.obj
                0x0000000008003684                HAL_CAN_RxFifo1MsgPendingCallback
 .text.HAL_CAN_RxFifo1FullCallback
                0x0000000008003696       0x12 CMakeFiles/INA226.elf.dir/Drivers/STM32F1xx_HAL_Driver/Src/stm32f1xx_hal_can.c.obj
                0x0000000008003696                HAL_CAN_RxFifo1FullCallback
 .text.HAL_CAN_SleepCallback
                0x00000000080036a8       0x12 CMakeFiles/INA226.elf.dir/Drivers/STM32F1xx_HAL_Driver/Src/stm32f1xx_hal_can.c.obj
                0x00000000080036a8                HAL_CAN_SleepCallback
 .text.HAL_CAN_WakeUpFromRxMsgCallback
                0x00000000080036ba       0x12 CMakeFiles/INA226.elf.dir/Drivers/STM32F1xx_HAL_Driver/Src/stm32f1xx_hal_can.c.obj
                0x00000000080036ba                HAL_CAN_WakeUpFromRxMsgCallback
 .text.HAL_CAN_ErrorCallback
                0x00000000080036cc       0x12 CMakeFiles/INA226.elf.dir/Drivers/STM32F1xx_HAL_Driver/Src/stm32f1xx_hal_can.c.obj
                0x00000000080036cc                HAL_CAN_ErrorCallback
 *fill*         0x00000000080036de        0x2 
 .text.__NVIC_SetPriorityGrouping
                0x00000000080036e0       0x48 CMakeFiles/INA226.elf.dir/Drivers/STM32F1xx_HAL_Driver/Src/stm32f1xx_hal_cortex.c.obj
 .text.__NVIC_GetPriorityGrouping
                0x0000000008003728       0x1c CMakeFiles/INA226.elf.dir/Drivers/STM32F1xx_HAL_Driver/Src/stm32f1xx_hal_cortex.c.obj
 .text.__NVIC_EnableIRQ
                0x0000000008003744       0x38 CMakeFiles/INA226.elf.dir/Drivers/STM32F1xx_HAL_Driver/Src/stm32f1xx_hal_cortex.c.obj
 .text.__NVIC_SetPriority
                0x000000000800377c       0x54 CMakeFiles/INA226.elf.dir/Drivers/STM32F1xx_HAL_Driver/Src/stm32f1xx_hal_cortex.c.obj
 .text.NVIC_EncodePriority
                0x00000000080037d0       0x64 CMakeFiles/INA226.elf.dir/Drivers/STM32F1xx_HAL_Driver/Src/stm32f1xx_hal_cortex.c.obj
 .text.SysTick_Config
                0x0000000008003834       0x44 CMakeFiles/INA226.elf.dir/Drivers/STM32F1xx_HAL_Driver/Src/stm32f1xx_hal_cortex.c.obj
 .text.HAL_NVIC_SetPriorityGrouping
                0x0000000008003878       0x16 CMakeFiles/INA226.elf.dir/Drivers/STM32F1xx_HAL_Driver/Src/stm32f1xx_hal_cortex.c.obj
                0x0000000008003878                HAL_NVIC_SetPriorityGrouping
 .text.HAL_NVIC_SetPriority
                0x000000000800388e       0x38 CMakeFiles/INA226.elf.dir/Drivers/STM32F1xx_HAL_Driver/Src/stm32f1xx_hal_cortex.c.obj
                0x000000000800388e                HAL_NVIC_SetPriority
 .text.HAL_NVIC_EnableIRQ
                0x00000000080038c6       0x1c CMakeFiles/INA226.elf.dir/Drivers/STM32F1xx_HAL_Driver/Src/stm32f1xx_hal_cortex.c.obj
                0x00000000080038c6                HAL_NVIC_EnableIRQ
 .text.HAL_SYSTICK_Config
                0x00000000080038e2       0x18 CMakeFiles/INA226.elf.dir/Drivers/STM32F1xx_HAL_Driver/Src/stm32f1xx_hal_cortex.c.obj
                0x00000000080038e2                HAL_SYSTICK_Config
 *fill*         0x00000000080038fa        0x2 
 .text.HAL_GPIO_Init
                0x00000000080038fc      0x308 CMakeFiles/INA226.elf.dir/Drivers/STM32F1xx_HAL_Driver/Src/stm32f1xx_hal_gpio.c.obj
                0x00000000080038fc                HAL_GPIO_Init
 .text.HAL_GPIO_WritePin
                0x0000000008003c04       0x30 CMakeFiles/INA226.elf.dir/Drivers/STM32F1xx_HAL_Driver/Src/stm32f1xx_hal_gpio.c.obj
                0x0000000008003c04                HAL_GPIO_WritePin
 .text.HAL_GPIO_TogglePin
                0x0000000008003c34       0x32 CMakeFiles/INA226.elf.dir/Drivers/STM32F1xx_HAL_Driver/Src/stm32f1xx_hal_gpio.c.obj
                0x0000000008003c34                HAL_GPIO_TogglePin
 *fill*         0x0000000008003c66        0x2 
 .text.HAL_I2C_Init
                0x0000000008003c68      0x288 CMakeFiles/INA226.elf.dir/Drivers/STM32F1xx_HAL_Driver/Src/stm32f1xx_hal_i2c.c.obj
                0x0000000008003c68                HAL_I2C_Init
 .text.HAL_I2C_Master_Transmit
                0x0000000008003ef0      0x1fc CMakeFiles/INA226.elf.dir/Drivers/STM32F1xx_HAL_Driver/Src/stm32f1xx_hal_i2c.c.obj
                0x0000000008003ef0                HAL_I2C_Master_Transmit
 .text.HAL_I2C_Master_Receive
                0x00000000080040ec      0x4d8 CMakeFiles/INA226.elf.dir/Drivers/STM32F1xx_HAL_Driver/Src/stm32f1xx_hal_i2c.c.obj
                0x00000000080040ec                HAL_I2C_Master_Receive
 .text.I2C_MasterRequestWrite
                0x00000000080045c4      0x104 CMakeFiles/INA226.elf.dir/Drivers/STM32F1xx_HAL_Driver/Src/stm32f1xx_hal_i2c.c.obj
 .text.I2C_MasterRequestRead
                0x00000000080046c8      0x19c CMakeFiles/INA226.elf.dir/Drivers/STM32F1xx_HAL_Driver/Src/stm32f1xx_hal_i2c.c.obj
 .text.I2C_WaitOnFlagUntilTimeout
                0x0000000008004864       0xf4 CMakeFiles/INA226.elf.dir/Drivers/STM32F1xx_HAL_Driver/Src/stm32f1xx_hal_i2c.c.obj
 .text.I2C_WaitOnMasterAddressFlagUntilTimeout
                0x0000000008004958      0x140 CMakeFiles/INA226.elf.dir/Drivers/STM32F1xx_HAL_Driver/Src/stm32f1xx_hal_i2c.c.obj
 .text.I2C_WaitOnTXEFlagUntilTimeout
                0x0000000008004a98       0x90 CMakeFiles/INA226.elf.dir/Drivers/STM32F1xx_HAL_Driver/Src/stm32f1xx_hal_i2c.c.obj
 .text.I2C_WaitOnBTFFlagUntilTimeout
                0x0000000008004b28       0x90 CMakeFiles/INA226.elf.dir/Drivers/STM32F1xx_HAL_Driver/Src/stm32f1xx_hal_i2c.c.obj
 .text.I2C_WaitOnRXNEFlagUntilTimeout
                0x0000000008004bb8       0xba CMakeFiles/INA226.elf.dir/Drivers/STM32F1xx_HAL_Driver/Src/stm32f1xx_hal_i2c.c.obj
 .text.I2C_IsAcknowledgeFailed
                0x0000000008004c72       0x5c CMakeFiles/INA226.elf.dir/Drivers/STM32F1xx_HAL_Driver/Src/stm32f1xx_hal_i2c.c.obj
 *fill*         0x0000000008004cce        0x2 
 .text.HAL_RCC_OscConfig
                0x0000000008004cd0      0x504 CMakeFiles/INA226.elf.dir/Drivers/STM32F1xx_HAL_Driver/Src/stm32f1xx_hal_rcc.c.obj
                0x0000000008004cd0                HAL_RCC_OscConfig
 .text.HAL_RCC_ClockConfig
                0x00000000080051d4      0x1d4 CMakeFiles/INA226.elf.dir/Drivers/STM32F1xx_HAL_Driver/Src/stm32f1xx_hal_rcc.c.obj
                0x00000000080051d4                HAL_RCC_ClockConfig
 .text.HAL_RCC_GetSysClockFreq
                0x00000000080053a8       0xa8 CMakeFiles/INA226.elf.dir/Drivers/STM32F1xx_HAL_Driver/Src/stm32f1xx_hal_rcc.c.obj
                0x00000000080053a8                HAL_RCC_GetSysClockFreq
 .text.HAL_RCC_GetHCLKFreq
                0x0000000008005450       0x14 CMakeFiles/INA226.elf.dir/Drivers/STM32F1xx_HAL_Driver/Src/stm32f1xx_hal_rcc.c.obj
                0x0000000008005450                HAL_RCC_GetHCLKFreq
 .text.HAL_RCC_GetPCLK1Freq
                0x0000000008005464       0x28 CMakeFiles/INA226.elf.dir/Drivers/STM32F1xx_HAL_Driver/Src/stm32f1xx_hal_rcc.c.obj
                0x0000000008005464                HAL_RCC_GetPCLK1Freq
 .text.HAL_RCC_GetPCLK2Freq
                0x000000000800548c       0x28 CMakeFiles/INA226.elf.dir/Drivers/STM32F1xx_HAL_Driver/Src/stm32f1xx_hal_rcc.c.obj
                0x000000000800548c                HAL_RCC_GetPCLK2Freq
 .text.RCC_Delay
                0x00000000080054b4       0x3c CMakeFiles/INA226.elf.dir/Drivers/STM32F1xx_HAL_Driver/Src/stm32f1xx_hal_rcc.c.obj
 .text.HAL_TIM_Base_Init
                0x00000000080054f0       0x9e CMakeFiles/INA226.elf.dir/Drivers/STM32F1xx_HAL_Driver/Src/stm32f1xx_hal_tim.c.obj
                0x00000000080054f0                HAL_TIM_Base_Init
 .text.HAL_TIM_IRQHandler
                0x000000000800558e      0x210 CMakeFiles/INA226.elf.dir/Drivers/STM32F1xx_HAL_Driver/Src/stm32f1xx_hal_tim.c.obj
                0x000000000800558e                HAL_TIM_IRQHandler
 .text.HAL_TIM_ConfigClockSource
                0x000000000800579e      0x18e CMakeFiles/INA226.elf.dir/Drivers/STM32F1xx_HAL_Driver/Src/stm32f1xx_hal_tim.c.obj
                0x000000000800579e                HAL_TIM_ConfigClockSource
 .text.HAL_TIM_OC_DelayElapsedCallback
                0x000000000800592c       0x12 CMakeFiles/INA226.elf.dir/Drivers/STM32F1xx_HAL_Driver/Src/stm32f1xx_hal_tim.c.obj
                0x000000000800592c                HAL_TIM_OC_DelayElapsedCallback
 .text.HAL_TIM_IC_CaptureCallback
                0x000000000800593e       0x12 CMakeFiles/INA226.elf.dir/Drivers/STM32F1xx_HAL_Driver/Src/stm32f1xx_hal_tim.c.obj
                0x000000000800593e                HAL_TIM_IC_CaptureCallback
 .text.HAL_TIM_PWM_PulseFinishedCallback
                0x0000000008005950       0x12 CMakeFiles/INA226.elf.dir/Drivers/STM32F1xx_HAL_Driver/Src/stm32f1xx_hal_tim.c.obj
                0x0000000008005950                HAL_TIM_PWM_PulseFinishedCallback
 .text.HAL_TIM_TriggerCallback
                0x0000000008005962       0x12 CMakeFiles/INA226.elf.dir/Drivers/STM32F1xx_HAL_Driver/Src/stm32f1xx_hal_tim.c.obj
                0x0000000008005962                HAL_TIM_TriggerCallback
 .text.TIM_Base_SetConfig
                0x0000000008005974       0xc4 CMakeFiles/INA226.elf.dir/Drivers/STM32F1xx_HAL_Driver/Src/stm32f1xx_hal_tim.c.obj
                0x0000000008005974                TIM_Base_SetConfig
 .text.TIM_TI1_ConfigInputStage
                0x0000000008005a38       0x5c CMakeFiles/INA226.elf.dir/Drivers/STM32F1xx_HAL_Driver/Src/stm32f1xx_hal_tim.c.obj
 .text.TIM_TI2_ConfigInputStage
                0x0000000008005a94       0x5e CMakeFiles/INA226.elf.dir/Drivers/STM32F1xx_HAL_Driver/Src/stm32f1xx_hal_tim.c.obj
 .text.TIM_ITRx_SetConfig
                0x0000000008005af2       0x34 CMakeFiles/INA226.elf.dir/Drivers/STM32F1xx_HAL_Driver/Src/stm32f1xx_hal_tim.c.obj
 .text.TIM_ETR_SetConfig
                0x0000000008005b26       0x3e CMakeFiles/INA226.elf.dir/Drivers/STM32F1xx_HAL_Driver/Src/stm32f1xx_hal_tim.c.obj
                0x0000000008005b26                TIM_ETR_SetConfig
 .text.HAL_TIMEx_MasterConfigSynchronization
                0x0000000008005b64       0xbc CMakeFiles/INA226.elf.dir/Drivers/STM32F1xx_HAL_Driver/Src/stm32f1xx_hal_tim_ex.c.obj
                0x0000000008005b64                HAL_TIMEx_MasterConfigSynchronization
 .text.HAL_TIMEx_CommutCallback
                0x0000000008005c20       0x12 CMakeFiles/INA226.elf.dir/Drivers/STM32F1xx_HAL_Driver/Src/stm32f1xx_hal_tim_ex.c.obj
                0x0000000008005c20                HAL_TIMEx_CommutCallback
 .text.HAL_TIMEx_BreakCallback
                0x0000000008005c32       0x12 CMakeFiles/INA226.elf.dir/Drivers/STM32F1xx_HAL_Driver/Src/stm32f1xx_hal_tim_ex.c.obj
                0x0000000008005c32                HAL_TIMEx_BreakCallback
 .text.HAL_UART_Init
                0x0000000008005c44       0xa0 CMakeFiles/INA226.elf.dir/Drivers/STM32F1xx_HAL_Driver/Src/stm32f1xx_hal_uart.c.obj
                0x0000000008005c44                HAL_UART_Init
 .text.UART_SetConfig
                0x0000000008005ce4      0x11c CMakeFiles/INA226.elf.dir/Drivers/STM32F1xx_HAL_Driver/Src/stm32f1xx_hal_uart.c.obj
 .text._Z8CAN_Initv
                0x0000000008005e00       0x24 CMakeFiles/INA226.elf.dir/User/can/user_can.cpp.obj
                0x0000000008005e00                CAN_Init()
 .text._Z22CAN_Filter_Mask_Confighmm
                0x0000000008005e24       0xa4 CMakeFiles/INA226.elf.dir/User/can/user_can.cpp.obj
                0x0000000008005e24                CAN_Filter_Mask_Config(unsigned char, unsigned long, unsigned long)
 .text.HAL_CAN_RxFifo0MsgPendingCallback
                0x0000000008005ec8       0x2c CMakeFiles/INA226.elf.dir/User/can/user_can.cpp.obj
                0x0000000008005ec8                HAL_CAN_RxFifo0MsgPendingCallback
 .text._Z17My_CAN_RxCallbackP20Struct_CAN_Rx_Buffer
                0x0000000008005ef4       0x12 CMakeFiles/INA226.elf.dir/User/can/user_can.cpp.obj
                0x0000000008005ef4                My_CAN_RxCallback(Struct_CAN_Rx_Buffer*)
 *fill*         0x0000000008005f06        0x2 
 .text._Z11INA226_initv
                0x0000000008005f08       0x20 CMakeFiles/INA226.elf.dir/User/ina226/ina226.cpp.obj
                0x0000000008005f08                INA226_init()
 .text._Z14INA226_GetBusVv
                0x0000000008005f28       0x34 CMakeFiles/INA226.elf.dir/User/ina226/ina226.cpp.obj
                0x0000000008005f28                INA226_GetBusV()
 .text._Z17INA226_GetCurrentv
                0x0000000008005f5c       0x6c CMakeFiles/INA226.elf.dir/User/ina226/ina226.cpp.obj
                0x0000000008005f5c                INA226_GetCurrent()
 .text._Z16INA226_SetConfigt
                0x0000000008005fc8       0x40 CMakeFiles/INA226.elf.dir/User/ina226/ina226.cpp.obj
                0x0000000008005fc8                INA226_SetConfig(unsigned short)
 .text._Z17INA226_GetBusVRegv
                0x0000000008006008       0x5c CMakeFiles/INA226.elf.dir/User/ina226/ina226.cpp.obj
                0x0000000008006008                INA226_GetBusVReg()
 .text._Z24INA226_SetCalibrationRegt
                0x0000000008006064       0x40 CMakeFiles/INA226.elf.dir/User/ina226/ina226.cpp.obj
                0x0000000008006064                INA226_SetCalibrationReg(unsigned short)
 .text._Z20INA226_GetCurrentRegv
                0x00000000080060a4       0x5c CMakeFiles/INA226.elf.dir/User/ina226/ina226.cpp.obj
                0x00000000080060a4                INA226_GetCurrentReg()
 .text._Z13sendDataByCANv
                0x0000000008006100       0x58 CMakeFiles/INA226.elf.dir/User/main/usr_main.cpp.obj
                0x0000000008006100                sendDataByCAN()
 .text.HAL_TIM_PeriodElapsedCallback
                0x0000000008006158       0x58 CMakeFiles/INA226.elf.dir/User/main/usr_main.cpp.obj
                0x0000000008006158                HAL_TIM_PeriodElapsedCallback
 .text.User_Setup
                0x00000000080061b0       0x1a CMakeFiles/INA226.elf.dir/User/main/usr_main.cpp.obj
                0x00000000080061b0                User_Setup
 *fill*         0x00000000080061ca        0x2 
 .text.User_Loop
                0x00000000080061cc       0x40 CMakeFiles/INA226.elf.dir/User/main/usr_main.cpp.obj
                0x00000000080061cc                User_Loop
 .text.startup  0x000000000800620c       0x14 /usr/lib/gcc/arm-none-eabi/10.3.1/../../../arm-none-eabi/lib/thumb/v7-m/nofp/libg.a(lib_a-__call_atexit.o)
 *(.glue_7)
 .glue_7        0x0000000008006220        0x0 linker stubs
 *(.glue_7t)
 .glue_7t       0x0000000008006220        0x0 linker stubs
 *(.eh_frame)
 .eh_frame      0x0000000008006220        0x0 /usr/lib/gcc/arm-none-eabi/10.3.1/thumb/v7-m/nofp/crtbegin.o
 *(.init)
 .init          0x0000000008006220        0x4 /usr/lib/gcc/arm-none-eabi/10.3.1/thumb/v7-m/nofp/crti.o
                0x0000000008006220                _init
 .init          0x0000000008006224        0x8 /usr/lib/gcc/arm-none-eabi/10.3.1/thumb/v7-m/nofp/crtn.o
 *(.fini)
 .fini          0x000000000800622c        0x4 /usr/lib/gcc/arm-none-eabi/10.3.1/thumb/v7-m/nofp/crti.o
                0x000000000800622c                _fini
 .fini          0x0000000008006230        0x8 /usr/lib/gcc/arm-none-eabi/10.3.1/thumb/v7-m/nofp/crtn.o
                0x0000000008006238                . = ALIGN (0x4)
                0x0000000008006238                _etext = .

.vfp11_veneer   0x0000000008006238        0x0
 .vfp11_veneer  0x0000000008006238        0x0 linker stubs

.v4_bx          0x0000000008006238        0x0
 .v4_bx         0x0000000008006238        0x0 linker stubs

.iplt           0x0000000008006238        0x0
 .iplt          0x0000000008006238        0x0 /usr/lib/gcc/arm-none-eabi/10.3.1/thumb/v7-m/nofp/crtbegin.o

.rodata         0x0000000008006238       0x30
                0x0000000008006238                . = ALIGN (0x4)
 *(.rodata)
 .rodata        0x0000000008006238        0x4 /usr/lib/gcc/arm-none-eabi/10.3.1/../../../arm-none-eabi/lib/thumb/v7-m/nofp/libg.a(lib_a-impure.o)
                0x0000000008006238                _global_impure_ptr
 *(.rodata*)
 .rodata.AHBPrescTable
                0x000000000800623c       0x10 CMakeFiles/INA226.elf.dir/Core/Src/system_stm32f1xx.c.obj
                0x000000000800623c                AHBPrescTable
 .rodata.APBPrescTable
                0x000000000800624c        0x8 CMakeFiles/INA226.elf.dir/Core/Src/system_stm32f1xx.c.obj
                0x000000000800624c                APBPrescTable
 .rodata.aPLLMULFactorTable.1
                0x0000000008006254       0x10 CMakeFiles/INA226.elf.dir/Drivers/STM32F1xx_HAL_Driver/Src/stm32f1xx_hal_rcc.c.obj
 .rodata.aPredivFactorTable.0
                0x0000000008006264        0x2 CMakeFiles/INA226.elf.dir/Drivers/STM32F1xx_HAL_Driver/Src/stm32f1xx_hal_rcc.c.obj
                0x0000000008006268                . = ALIGN (0x4)
 *fill*         0x0000000008006266        0x2 

.ARM.extab      0x0000000008006268       0x84
                0x0000000008006268                . = ALIGN (0x4)
 *(.ARM.extab* .gnu.linkonce.armextab.*)
 .ARM.extab.text._Z22CAN_Filter_Mask_Confighmm
                0x0000000008006268        0xc CMakeFiles/INA226.elf.dir/User/can/user_can.cpp.obj
 .ARM.extab.text.HAL_CAN_RxFifo0MsgPendingCallback
                0x0000000008006274        0xc CMakeFiles/INA226.elf.dir/User/can/user_can.cpp.obj
 .ARM.extab.text._Z14INA226_GetBusVv
                0x0000000008006280        0xc CMakeFiles/INA226.elf.dir/User/ina226/ina226.cpp.obj
 .ARM.extab.text._Z17INA226_GetCurrentv
                0x000000000800628c        0xc CMakeFiles/INA226.elf.dir/User/ina226/ina226.cpp.obj
 .ARM.extab.text._Z16INA226_SetConfigt
                0x0000000008006298        0xc CMakeFiles/INA226.elf.dir/User/ina226/ina226.cpp.obj
 .ARM.extab.text._Z17INA226_GetBusVRegv
                0x00000000080062a4        0xc CMakeFiles/INA226.elf.dir/User/ina226/ina226.cpp.obj
 .ARM.extab.text._Z24INA226_SetCalibrationRegt
                0x00000000080062b0        0xc CMakeFiles/INA226.elf.dir/User/ina226/ina226.cpp.obj
 .ARM.extab.text._Z20INA226_GetCurrentRegv
                0x00000000080062bc        0xc CMakeFiles/INA226.elf.dir/User/ina226/ina226.cpp.obj
 .ARM.extab.text.HAL_TIM_PeriodElapsedCallback
                0x00000000080062c8        0xc CMakeFiles/INA226.elf.dir/User/main/usr_main.cpp.obj
 .ARM.extab     0x00000000080062d4       0x18 /usr/lib/gcc/arm-none-eabi/10.3.1/thumb/v7-m/nofp/libgcc.a(pr-support.o)
                0x00000000080062ec                . = ALIGN (0x4)

.ARM            0x00000000080062ec      0x130
                0x00000000080062ec                . = ALIGN (0x4)
                0x00000000080062ec                __exidx_start = .
 *(.ARM.exidx*)
 .ARM.exidx     0x00000000080062ec       0x80 /usr/lib/gcc/arm-none-eabi/10.3.1/thumb/v7-m/nofp/libgcc.a(unwind-arm.o)
                                         0xd8 (size before relaxing)
 .ARM.exidx     0x000000000800636c       0x38 /usr/lib/gcc/arm-none-eabi/10.3.1/thumb/v7-m/nofp/libgcc.a(pr-support.o)
 .ARM.exidx.text._Z8CAN_Initv
                0x00000000080063a4        0x8 CMakeFiles/INA226.elf.dir/User/can/user_can.cpp.obj
 .ARM.exidx.text._Z22CAN_Filter_Mask_Confighmm
                0x00000000080063ac        0x8 CMakeFiles/INA226.elf.dir/User/can/user_can.cpp.obj
 .ARM.exidx.text.HAL_CAN_RxFifo0MsgPendingCallback
                0x00000000080063b4        0x8 CMakeFiles/INA226.elf.dir/User/can/user_can.cpp.obj
 .ARM.exidx.text._Z17My_CAN_RxCallbackP20Struct_CAN_Rx_Buffer
                0x00000000080063bc        0x8 CMakeFiles/INA226.elf.dir/User/can/user_can.cpp.obj
 .ARM.exidx.text._Z11INA226_initv
                0x00000000080063c4        0x8 CMakeFiles/INA226.elf.dir/User/ina226/ina226.cpp.obj
 .ARM.exidx.text._Z14INA226_GetBusVv
                0x00000000080063cc        0x8 CMakeFiles/INA226.elf.dir/User/ina226/ina226.cpp.obj
 .ARM.exidx.text._Z17INA226_GetCurrentv
                0x00000000080063d4        0x8 CMakeFiles/INA226.elf.dir/User/ina226/ina226.cpp.obj
 .ARM.exidx.text._Z16INA226_SetConfigt
                0x00000000080063dc        0x8 CMakeFiles/INA226.elf.dir/User/ina226/ina226.cpp.obj
 .ARM.exidx.text._Z17INA226_GetBusVRegv
                0x00000000080063e4        0x8 CMakeFiles/INA226.elf.dir/User/ina226/ina226.cpp.obj
 .ARM.exidx.text._Z24INA226_SetCalibrationRegt
                0x00000000080063ec        0x8 CMakeFiles/INA226.elf.dir/User/ina226/ina226.cpp.obj
 .ARM.exidx.text._Z20INA226_GetCurrentRegv
                0x00000000080063f4        0x8 CMakeFiles/INA226.elf.dir/User/ina226/ina226.cpp.obj
 .ARM.exidx.text._Z13sendDataByCANv
                0x00000000080063fc        0x8 CMakeFiles/INA226.elf.dir/User/main/usr_main.cpp.obj
 .ARM.exidx.text.HAL_TIM_PeriodElapsedCallback
                0x0000000008006404        0x8 CMakeFiles/INA226.elf.dir/User/main/usr_main.cpp.obj
 .ARM.exidx.text.User_Setup
                0x000000000800640c        0x8 CMakeFiles/INA226.elf.dir/User/main/usr_main.cpp.obj
 .ARM.exidx.text.User_Loop
                0x0000000008006414        0x8 CMakeFiles/INA226.elf.dir/User/main/usr_main.cpp.obj
                0x000000000800641c                __exidx_end = .
                0x000000000800641c                . = ALIGN (0x4)

.rel.dyn        0x000000000800641c        0x0
 .rel.iplt      0x000000000800641c        0x0 /usr/lib/gcc/arm-none-eabi/10.3.1/thumb/v7-m/nofp/crtbegin.o

.preinit_array  0x000000000800641c        0x0
                0x000000000800641c                . = ALIGN (0x4)
                0x000000000800641c                PROVIDE (__preinit_array_start = .)
 *(.preinit_array*)
                0x000000000800641c                PROVIDE (__preinit_array_end = .)
                0x000000000800641c                . = ALIGN (0x4)

.init_array     0x000000000800641c        0x8
                0x000000000800641c                . = ALIGN (0x4)
                0x000000000800641c                PROVIDE (__init_array_start = .)
 *(SORT_BY_NAME(.init_array.*))
 .init_array.00000
                0x000000000800641c        0x4 /usr/lib/gcc/arm-none-eabi/10.3.1/../../../arm-none-eabi/lib/thumb/v7-m/nofp/libg.a(lib_a-__call_atexit.o)
 *(.init_array*)
 .init_array    0x0000000008006420        0x4 /usr/lib/gcc/arm-none-eabi/10.3.1/thumb/v7-m/nofp/crtbegin.o
                0x0000000008006424                PROVIDE (__init_array_end = .)
                0x0000000008006424                . = ALIGN (0x4)

.fini_array     0x0000000008006424        0x4
                0x0000000008006424                . = ALIGN (0x4)
                0x0000000008006424                PROVIDE (__fini_array_start = .)
 *(SORT_BY_NAME(.fini_array.*))
 *(.fini_array*)
 .fini_array    0x0000000008006424        0x4 /usr/lib/gcc/arm-none-eabi/10.3.1/thumb/v7-m/nofp/crtbegin.o
                0x0000000008006428                PROVIDE (__fini_array_end = .)
                0x0000000008006428                . = ALIGN (0x4)
                0x0000000008006428                _sidata = LOADADDR (.data)

.data           0x0000000020000000      0x850 load address 0x0000000008006428
                0x0000000020000000                . = ALIGN (0x4)
                0x0000000020000000                _sdata = .
 *(.data)
 .data          0x0000000020000000      0x430 /usr/lib/gcc/arm-none-eabi/10.3.1/../../../arm-none-eabi/lib/thumb/v7-m/nofp/libg.a(lib_a-impure.o)
                0x0000000020000000                _impure_ptr
 .data          0x0000000020000430      0x410 /usr/lib/gcc/arm-none-eabi/10.3.1/../../../arm-none-eabi/lib/thumb/v7-m/nofp/libg.a(lib_a-mallocr.o)
                0x0000000020000430                __malloc_av_
                0x0000000020000838                __malloc_sbrk_base
                0x000000002000083c                __malloc_trim_threshold
 *(.data*)
 .data.SystemCoreClock
                0x0000000020000840        0x4 CMakeFiles/INA226.elf.dir/Core/Src/system_stm32f1xx.c.obj
                0x0000000020000840                SystemCoreClock
 .data.uwTickPrio
                0x0000000020000844        0x4 CMakeFiles/INA226.elf.dir/Drivers/STM32F1xx_HAL_Driver/Src/stm32f1xx_hal.c.obj
                0x0000000020000844                uwTickPrio
 .data.uwTickFreq
                0x0000000020000848        0x1 CMakeFiles/INA226.elf.dir/Drivers/STM32F1xx_HAL_Driver/Src/stm32f1xx_hal.c.obj
                0x0000000020000848                uwTickFreq
 *fill*         0x0000000020000849        0x1 
 .data.CalibrationRegister
                0x000000002000084a        0x2 CMakeFiles/INA226.elf.dir/User/ina226/ina226.cpp.obj
                0x000000002000084a                CalibrationRegister
 .data.current_LSB
                0x000000002000084c        0x4 CMakeFiles/INA226.elf.dir/User/ina226/ina226.cpp.obj
                0x000000002000084c                current_LSB
 *(.RamFunc)
 *(.RamFunc*)
                0x0000000020000850                . = ALIGN (0x4)
                0x0000000020000850                _edata = .

.tm_clone_table
                0x0000000020000850        0x0 load address 0x0000000008006c78
 .tm_clone_table
                0x0000000020000850        0x0 /usr/lib/gcc/arm-none-eabi/10.3.1/thumb/v7-m/nofp/crtbegin.o
 .tm_clone_table
                0x0000000020000850        0x0 /usr/lib/gcc/arm-none-eabi/10.3.1/thumb/v7-m/nofp/crtend.o

.igot.plt       0x0000000020000850        0x0 load address 0x0000000008006c78
 .igot.plt      0x0000000020000850        0x0 /usr/lib/gcc/arm-none-eabi/10.3.1/thumb/v7-m/nofp/crtbegin.o
                0x0000000020000850                . = ALIGN (0x4)

.bss            0x0000000020000850      0x1c0 load address 0x0000000008006c78
                0x0000000020000850                _sbss = .
                0x0000000020000850                __bss_start__ = _sbss
 *(.bss)
 .bss           0x0000000020000850       0x1c /usr/lib/gcc/arm-none-eabi/10.3.1/thumb/v7-m/nofp/crtbegin.o
 .bss           0x000000002000086c       0x34 /usr/lib/gcc/arm-none-eabi/10.3.1/../../../arm-none-eabi/lib/thumb/v7-m/nofp/libg.a(lib_a-mallocr.o)
                0x000000002000086c                __malloc_top_pad
                0x0000000020000870                __malloc_current_mallinfo
                0x0000000020000898                __malloc_max_sbrked_mem
                0x000000002000089c                __malloc_max_total_mem
 .bss           0x00000000200008a0        0x4 /usr/lib/gcc/arm-none-eabi/10.3.1/../../../arm-none-eabi/lib/thumb/v7-m/nofp/libg.a(lib_a-reent.o)
                0x00000000200008a0                errno
 *(.bss*)
 .bss.hcan      0x00000000200008a4       0x28 CMakeFiles/INA226.elf.dir/Core/Src/can.c.obj
                0x00000000200008a4                hcan
 .bss.hi2c1     0x00000000200008cc       0x54 CMakeFiles/INA226.elf.dir/Core/Src/i2c.c.obj
                0x00000000200008cc                hi2c1
 .bss.__sbrk_heap_end
                0x0000000020000920        0x4 CMakeFiles/INA226.elf.dir/Core/Src/sysmem.c.obj
 .bss.htim2     0x0000000020000924       0x48 CMakeFiles/INA226.elf.dir/Core/Src/tim.c.obj
                0x0000000020000924                htim2
 .bss.huart1    0x000000002000096c       0x48 CMakeFiles/INA226.elf.dir/Core/Src/usart.c.obj
                0x000000002000096c                huart1
 .bss.uwTick    0x00000000200009b4        0x4 CMakeFiles/INA226.elf.dir/Drivers/STM32F1xx_HAL_Driver/Src/stm32f1xx_hal.c.obj
                0x00000000200009b4                uwTick
 .bss._ZZ33HAL_CAN_RxFifo0MsgPendingCallbackE13can_rx_buffer
                0x00000000200009b8       0x24 CMakeFiles/INA226.elf.dir/User/can/user_can.cpp.obj
 .bss.CAN_Tx_Header
                0x00000000200009dc       0x18 CMakeFiles/INA226.elf.dir/User/main/usr_main.cpp.obj
                0x00000000200009dc                CAN_Tx_Header
 .bss.CAN_Tx_Buffer
                0x00000000200009f4        0x8 CMakeFiles/INA226.elf.dir/User/main/usr_main.cpp.obj
                0x00000000200009f4                CAN_Tx_Buffer
 .bss.send_mail_box
                0x00000000200009fc        0x4 CMakeFiles/INA226.elf.dir/User/main/usr_main.cpp.obj
                0x00000000200009fc                send_mail_box
 .bss.current   0x0000000020000a00        0x4 CMakeFiles/INA226.elf.dir/User/main/usr_main.cpp.obj
                0x0000000020000a00                current
 .bss.voltage   0x0000000020000a04        0x4 CMakeFiles/INA226.elf.dir/User/main/usr_main.cpp.obj
                0x0000000020000a04                voltage
 .bss.power     0x0000000020000a08        0x4 CMakeFiles/INA226.elf.dir/User/main/usr_main.cpp.obj
                0x0000000020000a08                power
 .bss._ZZ29HAL_TIM_PeriodElapsedCallbackE7LED_CNT
                0x0000000020000a0c        0x4 CMakeFiles/INA226.elf.dir/User/main/usr_main.cpp.obj
 *(COMMON)
                0x0000000020000a10                . = ALIGN (0x4)
                0x0000000020000a10                _ebss = .
                0x0000000020000a10                __bss_end__ = _ebss

._user_heap_stack
                0x0000000020000a10      0x600 load address 0x0000000008006c78
                0x0000000020000a10                . = ALIGN (0x8)
                [!provide]                        PROVIDE (end = .)
                0x0000000020000a10                PROVIDE (_end = .)
                0x0000000020000c10                . = (. + _Min_Heap_Size)
 *fill*         0x0000000020000a10      0x200 
                0x0000000020001010                . = (. + _Min_Stack_Size)
 *fill*         0x0000000020000c10      0x400 
                0x0000000020001010                . = ALIGN (0x8)

/DISCARD/
 libc.a(*)
 libm.a(*)
 libgcc.a(*)

.ARM.attributes
                0x0000000000000000       0x29
 *(.ARM.attributes)
 .ARM.attributes
                0x0000000000000000       0x1d /usr/lib/gcc/arm-none-eabi/10.3.1/thumb/v7-m/nofp/crti.o
 .ARM.attributes
                0x000000000000001d       0x2d /usr/lib/gcc/arm-none-eabi/10.3.1/thumb/v7-m/nofp/crtbegin.o
 .ARM.attributes
                0x000000000000004a       0x2d CMakeFiles/INA226.elf.dir/Core/Src/can.c.obj
 .ARM.attributes
                0x0000000000000077       0x2d CMakeFiles/INA226.elf.dir/Core/Src/gpio.c.obj
 .ARM.attributes
                0x00000000000000a4       0x2d CMakeFiles/INA226.elf.dir/Core/Src/i2c.c.obj
 .ARM.attributes
                0x00000000000000d1       0x2d CMakeFiles/INA226.elf.dir/Core/Src/main.c.obj
 .ARM.attributes
                0x00000000000000fe       0x2d CMakeFiles/INA226.elf.dir/Core/Src/stm32f1xx_hal_msp.c.obj
 .ARM.attributes
                0x000000000000012b       0x2d CMakeFiles/INA226.elf.dir/Core/Src/stm32f1xx_it.c.obj
 .ARM.attributes
                0x0000000000000158       0x2d CMakeFiles/INA226.elf.dir/Core/Src/system_stm32f1xx.c.obj
 .ARM.attributes
                0x0000000000000185       0x2d CMakeFiles/INA226.elf.dir/Core/Src/tim.c.obj
 .ARM.attributes
                0x00000000000001b2       0x2d CMakeFiles/INA226.elf.dir/Core/Src/usart.c.obj
 .ARM.attributes
                0x00000000000001df       0x21 CMakeFiles/INA226.elf.dir/Core/Startup/startup_stm32f103c8tx.s.obj
 .ARM.attributes
                0x0000000000000200       0x2d CMakeFiles/INA226.elf.dir/Drivers/STM32F1xx_HAL_Driver/Src/stm32f1xx_hal.c.obj
 .ARM.attributes
                0x000000000000022d       0x2d CMakeFiles/INA226.elf.dir/Drivers/STM32F1xx_HAL_Driver/Src/stm32f1xx_hal_can.c.obj
 .ARM.attributes
                0x000000000000025a       0x2d CMakeFiles/INA226.elf.dir/Drivers/STM32F1xx_HAL_Driver/Src/stm32f1xx_hal_cortex.c.obj
 .ARM.attributes
                0x0000000000000287       0x2d CMakeFiles/INA226.elf.dir/Drivers/STM32F1xx_HAL_Driver/Src/stm32f1xx_hal_gpio.c.obj
 .ARM.attributes
                0x00000000000002b4       0x2d CMakeFiles/INA226.elf.dir/Drivers/STM32F1xx_HAL_Driver/Src/stm32f1xx_hal_i2c.c.obj
 .ARM.attributes
                0x00000000000002e1       0x2d CMakeFiles/INA226.elf.dir/Drivers/STM32F1xx_HAL_Driver/Src/stm32f1xx_hal_rcc.c.obj
 .ARM.attributes
                0x000000000000030e       0x2d CMakeFiles/INA226.elf.dir/Drivers/STM32F1xx_HAL_Driver/Src/stm32f1xx_hal_tim.c.obj
 .ARM.attributes
                0x000000000000033b       0x2d CMakeFiles/INA226.elf.dir/Drivers/STM32F1xx_HAL_Driver/Src/stm32f1xx_hal_tim_ex.c.obj
 .ARM.attributes
                0x0000000000000368       0x2d CMakeFiles/INA226.elf.dir/Drivers/STM32F1xx_HAL_Driver/Src/stm32f1xx_hal_uart.c.obj
 .ARM.attributes
                0x0000000000000395       0x2d CMakeFiles/INA226.elf.dir/User/can/user_can.cpp.obj
 .ARM.attributes
                0x00000000000003c2       0x2d CMakeFiles/INA226.elf.dir/User/ina226/ina226.cpp.obj
 .ARM.attributes
                0x00000000000003ef       0x2d CMakeFiles/INA226.elf.dir/User/main/usr_main.cpp.obj
 .ARM.attributes
                0x000000000000041c       0x1d /usr/lib/gcc/arm-none-eabi/10.3.1/thumb/v7-m/nofp/libgcc.a(_arm_addsubsf3.o)
 .ARM.attributes
                0x0000000000000439       0x1d /usr/lib/gcc/arm-none-eabi/10.3.1/thumb/v7-m/nofp/libgcc.a(_arm_muldivsf3.o)
 .ARM.attributes
                0x0000000000000456       0x2d /usr/lib/gcc/arm-none-eabi/10.3.1/thumb/v7-m/nofp/libgcc.a(unwind-arm.o)
 .ARM.attributes
                0x0000000000000483       0x1d /usr/lib/gcc/arm-none-eabi/10.3.1/thumb/v7-m/nofp/libgcc.a(libunwind.o)
 .ARM.attributes
                0x00000000000004a0       0x2d /usr/lib/gcc/arm-none-eabi/10.3.1/thumb/v7-m/nofp/libgcc.a(pr-support.o)
 .ARM.attributes
                0x00000000000004cd       0x2d /usr/lib/gcc/arm-none-eabi/10.3.1/../../../arm-none-eabi/lib/thumb/v7-m/nofp/libg.a(lib_a-abort.o)
 .ARM.attributes
                0x00000000000004fa       0x2d /usr/lib/gcc/arm-none-eabi/10.3.1/../../../arm-none-eabi/lib/thumb/v7-m/nofp/libg.a(lib_a-atexit.o)
 .ARM.attributes
                0x0000000000000527       0x2d /usr/lib/gcc/arm-none-eabi/10.3.1/../../../arm-none-eabi/lib/thumb/v7-m/nofp/libg.a(lib_a-errno.o)
 .ARM.attributes
                0x0000000000000554       0x2d /usr/lib/gcc/arm-none-eabi/10.3.1/../../../arm-none-eabi/lib/thumb/v7-m/nofp/libg.a(lib_a-fini.o)
 .ARM.attributes
                0x0000000000000581       0x2d /usr/lib/gcc/arm-none-eabi/10.3.1/../../../arm-none-eabi/lib/thumb/v7-m/nofp/libg.a(lib_a-impure.o)
 .ARM.attributes
                0x00000000000005ae       0x2d /usr/lib/gcc/arm-none-eabi/10.3.1/../../../arm-none-eabi/lib/thumb/v7-m/nofp/libg.a(lib_a-init.o)
 .ARM.attributes
                0x00000000000005db       0x1b /usr/lib/gcc/arm-none-eabi/10.3.1/../../../arm-none-eabi/lib/thumb/v7-m/nofp/libg.a(lib_a-memcpy.o)
 .ARM.attributes
                0x00000000000005f6       0x2d /usr/lib/gcc/arm-none-eabi/10.3.1/../../../arm-none-eabi/lib/thumb/v7-m/nofp/libg.a(lib_a-memset.o)
 .ARM.attributes
                0x0000000000000623       0x2d /usr/lib/gcc/arm-none-eabi/10.3.1/../../../arm-none-eabi/lib/thumb/v7-m/nofp/libg.a(lib_a-signal.o)
 .ARM.attributes
                0x0000000000000650       0x2d /usr/lib/gcc/arm-none-eabi/10.3.1/../../../arm-none-eabi/lib/thumb/v7-m/nofp/libg.a(lib_a-signalr.o)
 .ARM.attributes
                0x000000000000067d       0x2d /usr/lib/gcc/arm-none-eabi/10.3.1/../../../arm-none-eabi/lib/thumb/v7-m/nofp/libg.a(lib_a-__atexit.o)
 .ARM.attributes
                0x00000000000006aa       0x2d /usr/lib/gcc/arm-none-eabi/10.3.1/../../../arm-none-eabi/lib/thumb/v7-m/nofp/libg.a(lib_a-__call_atexit.o)
 .ARM.attributes
                0x00000000000006d7       0x2d /usr/lib/gcc/arm-none-eabi/10.3.1/../../../arm-none-eabi/lib/thumb/v7-m/nofp/libg.a(lib_a-mallocr.o)
 .ARM.attributes
                0x0000000000000704       0x2d /usr/lib/gcc/arm-none-eabi/10.3.1/../../../arm-none-eabi/lib/thumb/v7-m/nofp/libg.a(lib_a-mlock.o)
 .ARM.attributes
                0x0000000000000731       0x2d /usr/lib/gcc/arm-none-eabi/10.3.1/../../../arm-none-eabi/lib/thumb/v7-m/nofp/libg.a(lib_a-reent.o)
 .ARM.attributes
                0x000000000000075e       0x2d /usr/lib/gcc/arm-none-eabi/10.3.1/../../../arm-none-eabi/lib/thumb/v7-m/nofp/libg.a(lib_a-sbrkr.o)
 .ARM.attributes
                0x000000000000078b       0x2d /usr/lib/gcc/arm-none-eabi/10.3.1/../../../arm-none-eabi/lib/thumb/v7-m/nofp/libg.a(lib_a-freer.o)
 .ARM.attributes
                0x00000000000007b8       0x2d /usr/lib/gcc/arm-none-eabi/10.3.1/thumb/v7-m/nofp/crtend.o
 .ARM.attributes
                0x00000000000007e5       0x1d /usr/lib/gcc/arm-none-eabi/10.3.1/thumb/v7-m/nofp/crtn.o
OUTPUT(INA226.elf elf32-littlearm)
LOAD linker stubs
LOAD /usr/lib/gcc/arm-none-eabi/10.3.1/../../../arm-none-eabi/lib/thumb/v7-m/nofp/libc.a
LOAD /usr/lib/gcc/arm-none-eabi/10.3.1/../../../arm-none-eabi/lib/thumb/v7-m/nofp/libm.a
LOAD /usr/lib/gcc/arm-none-eabi/10.3.1/thumb/v7-m/nofp/libgcc.a

.comment        0x0000000000000000       0x33
 .comment       0x0000000000000000       0x33 /usr/lib/gcc/arm-none-eabi/10.3.1/thumb/v7-m/nofp/crtbegin.o
                                         0x34 (size before relaxing)
 .comment       0x0000000000000033       0x34 CMakeFiles/INA226.elf.dir/Core/Src/can.c.obj
 .comment       0x0000000000000033       0x34 CMakeFiles/INA226.elf.dir/Core/Src/gpio.c.obj
 .comment       0x0000000000000033       0x34 CMakeFiles/INA226.elf.dir/Core/Src/i2c.c.obj
 .comment       0x0000000000000033       0x34 CMakeFiles/INA226.elf.dir/Core/Src/main.c.obj
 .comment       0x0000000000000033       0x34 CMakeFiles/INA226.elf.dir/Core/Src/stm32f1xx_hal_msp.c.obj
 .comment       0x0000000000000033       0x34 CMakeFiles/INA226.elf.dir/Core/Src/stm32f1xx_it.c.obj
 .comment       0x0000000000000033       0x34 CMakeFiles/INA226.elf.dir/Core/Src/system_stm32f1xx.c.obj
 .comment       0x0000000000000033       0x34 CMakeFiles/INA226.elf.dir/Core/Src/tim.c.obj
 .comment       0x0000000000000033       0x34 CMakeFiles/INA226.elf.dir/Core/Src/usart.c.obj
 .comment       0x0000000000000033       0x34 CMakeFiles/INA226.elf.dir/Drivers/STM32F1xx_HAL_Driver/Src/stm32f1xx_hal.c.obj
 .comment       0x0000000000000033       0x34 CMakeFiles/INA226.elf.dir/Drivers/STM32F1xx_HAL_Driver/Src/stm32f1xx_hal_can.c.obj
 .comment       0x0000000000000033       0x34 CMakeFiles/INA226.elf.dir/Drivers/STM32F1xx_HAL_Driver/Src/stm32f1xx_hal_cortex.c.obj
 .comment       0x0000000000000033       0x34 CMakeFiles/INA226.elf.dir/Drivers/STM32F1xx_HAL_Driver/Src/stm32f1xx_hal_gpio.c.obj
 .comment       0x0000000000000033       0x34 CMakeFiles/INA226.elf.dir/Drivers/STM32F1xx_HAL_Driver/Src/stm32f1xx_hal_i2c.c.obj
 .comment       0x0000000000000033       0x34 CMakeFiles/INA226.elf.dir/Drivers/STM32F1xx_HAL_Driver/Src/stm32f1xx_hal_rcc.c.obj
 .comment       0x0000000000000033       0x34 CMakeFiles/INA226.elf.dir/Drivers/STM32F1xx_HAL_Driver/Src/stm32f1xx_hal_tim.c.obj
 .comment       0x0000000000000033       0x34 CMakeFiles/INA226.elf.dir/Drivers/STM32F1xx_HAL_Driver/Src/stm32f1xx_hal_tim_ex.c.obj
 .comment       0x0000000000000033       0x34 CMakeFiles/INA226.elf.dir/Drivers/STM32F1xx_HAL_Driver/Src/stm32f1xx_hal_uart.c.obj
 .comment       0x0000000000000033       0x34 CMakeFiles/INA226.elf.dir/User/can/user_can.cpp.obj
 .comment       0x0000000000000033       0x34 CMakeFiles/INA226.elf.dir/User/ina226/ina226.cpp.obj
 .comment       0x0000000000000033       0x34 CMakeFiles/INA226.elf.dir/User/main/usr_main.cpp.obj
 .comment       0x0000000000000033       0x34 /usr/lib/gcc/arm-none-eabi/10.3.1/thumb/v7-m/nofp/libgcc.a(unwind-arm.o)
 .comment       0x0000000000000033       0x34 /usr/lib/gcc/arm-none-eabi/10.3.1/thumb/v7-m/nofp/libgcc.a(pr-support.o)
 .comment       0x0000000000000033       0x34 /usr/lib/gcc/arm-none-eabi/10.3.1/../../../arm-none-eabi/lib/thumb/v7-m/nofp/libg.a(lib_a-abort.o)
 .comment       0x0000000000000033       0x34 /usr/lib/gcc/arm-none-eabi/10.3.1/../../../arm-none-eabi/lib/thumb/v7-m/nofp/libg.a(lib_a-atexit.o)
 .comment       0x0000000000000033       0x34 /usr/lib/gcc/arm-none-eabi/10.3.1/../../../arm-none-eabi/lib/thumb/v7-m/nofp/libg.a(lib_a-errno.o)
 .comment       0x0000000000000033       0x34 /usr/lib/gcc/arm-none-eabi/10.3.1/../../../arm-none-eabi/lib/thumb/v7-m/nofp/libg.a(lib_a-fini.o)
 .comment       0x0000000000000033       0x34 /usr/lib/gcc/arm-none-eabi/10.3.1/../../../arm-none-eabi/lib/thumb/v7-m/nofp/libg.a(lib_a-impure.o)
 .comment       0x0000000000000033       0x34 /usr/lib/gcc/arm-none-eabi/10.3.1/../../../arm-none-eabi/lib/thumb/v7-m/nofp/libg.a(lib_a-init.o)
 .comment       0x0000000000000033       0x34 /usr/lib/gcc/arm-none-eabi/10.3.1/../../../arm-none-eabi/lib/thumb/v7-m/nofp/libg.a(lib_a-memset.o)
 .comment       0x0000000000000033       0x34 /usr/lib/gcc/arm-none-eabi/10.3.1/../../../arm-none-eabi/lib/thumb/v7-m/nofp/libg.a(lib_a-signal.o)
 .comment       0x0000000000000033       0x34 /usr/lib/gcc/arm-none-eabi/10.3.1/../../../arm-none-eabi/lib/thumb/v7-m/nofp/libg.a(lib_a-signalr.o)
 .comment       0x0000000000000033       0x34 /usr/lib/gcc/arm-none-eabi/10.3.1/../../../arm-none-eabi/lib/thumb/v7-m/nofp/libg.a(lib_a-__atexit.o)
 .comment       0x0000000000000033       0x34 /usr/lib/gcc/arm-none-eabi/10.3.1/../../../arm-none-eabi/lib/thumb/v7-m/nofp/libg.a(lib_a-__call_atexit.o)
 .comment       0x0000000000000033       0x34 /usr/lib/gcc/arm-none-eabi/10.3.1/../../../arm-none-eabi/lib/thumb/v7-m/nofp/libg.a(lib_a-mallocr.o)
 .comment       0x0000000000000033       0x34 /usr/lib/gcc/arm-none-eabi/10.3.1/../../../arm-none-eabi/lib/thumb/v7-m/nofp/libg.a(lib_a-mlock.o)
 .comment       0x0000000000000033       0x34 /usr/lib/gcc/arm-none-eabi/10.3.1/../../../arm-none-eabi/lib/thumb/v7-m/nofp/libg.a(lib_a-reent.o)
 .comment       0x0000000000000033       0x34 /usr/lib/gcc/arm-none-eabi/10.3.1/../../../arm-none-eabi/lib/thumb/v7-m/nofp/libg.a(lib_a-sbrkr.o)
 .comment       0x0000000000000033       0x34 /usr/lib/gcc/arm-none-eabi/10.3.1/../../../arm-none-eabi/lib/thumb/v7-m/nofp/libg.a(lib_a-freer.o)
 .comment       0x0000000000000033       0x34 /usr/lib/gcc/arm-none-eabi/10.3.1/thumb/v7-m/nofp/crtend.o

.debug_info     0x0000000000000000    0x218e8
 .debug_info    0x0000000000000000      0x7f7 CMakeFiles/INA226.elf.dir/Core/Src/can.c.obj
 .debug_info    0x00000000000007f7      0x287 CMakeFiles/INA226.elf.dir/Core/Src/gpio.c.obj
 .debug_info    0x0000000000000a7e      0x7d3 CMakeFiles/INA226.elf.dir/Core/Src/i2c.c.obj
 .debug_info    0x0000000000001251      0x235 CMakeFiles/INA226.elf.dir/Core/Src/main.c.obj
 .debug_info    0x0000000000001486      0x200 CMakeFiles/INA226.elf.dir/Core/Src/stm32f1xx_hal_msp.c.obj
 .debug_info    0x0000000000001686      0xabc CMakeFiles/INA226.elf.dir/Core/Src/stm32f1xx_it.c.obj
 .debug_info    0x0000000000002142      0x221 CMakeFiles/INA226.elf.dir/Core/Src/system_stm32f1xx.c.obj
 .debug_info    0x0000000000002363      0x93e CMakeFiles/INA226.elf.dir/Core/Src/tim.c.obj
 .debug_info    0x0000000000002ca1      0x783 CMakeFiles/INA226.elf.dir/Core/Src/usart.c.obj
 .debug_info    0x0000000000003424       0x22 CMakeFiles/INA226.elf.dir/Core/Startup/startup_stm32f103c8tx.s.obj
 .debug_info    0x0000000000003446      0x6d1 CMakeFiles/INA226.elf.dir/Drivers/STM32F1xx_HAL_Driver/Src/stm32f1xx_hal.c.obj
 .debug_info    0x0000000000003b17      0xfae CMakeFiles/INA226.elf.dir/Drivers/STM32F1xx_HAL_Driver/Src/stm32f1xx_hal_can.c.obj
 .debug_info    0x0000000000004ac5      0xaf8 CMakeFiles/INA226.elf.dir/Drivers/STM32F1xx_HAL_Driver/Src/stm32f1xx_hal_cortex.c.obj
 .debug_info    0x00000000000055bd      0x5f9 CMakeFiles/INA226.elf.dir/Drivers/STM32F1xx_HAL_Driver/Src/stm32f1xx_hal_gpio.c.obj
 .debug_info    0x0000000000005bb6     0x26cb CMakeFiles/INA226.elf.dir/Drivers/STM32F1xx_HAL_Driver/Src/stm32f1xx_hal_i2c.c.obj
 .debug_info    0x0000000000008281      0x7f6 CMakeFiles/INA226.elf.dir/Drivers/STM32F1xx_HAL_Driver/Src/stm32f1xx_hal_rcc.c.obj
 .debug_info    0x0000000000008a77     0x2b0a CMakeFiles/INA226.elf.dir/Drivers/STM32F1xx_HAL_Driver/Src/stm32f1xx_hal_tim.c.obj
 .debug_info    0x000000000000b581     0x1477 CMakeFiles/INA226.elf.dir/Drivers/STM32F1xx_HAL_Driver/Src/stm32f1xx_hal_tim_ex.c.obj
 .debug_info    0x000000000000c9f8     0x30f8 CMakeFiles/INA226.elf.dir/Drivers/STM32F1xx_HAL_Driver/Src/stm32f1xx_hal_uart.c.obj
 .debug_info    0x000000000000faf0      0x825 CMakeFiles/INA226.elf.dir/User/can/user_can.cpp.obj
 .debug_info    0x0000000000010315      0xb36 CMakeFiles/INA226.elf.dir/User/ina226/ina226.cpp.obj
 .debug_info    0x0000000000010e4b     0x62b7 CMakeFiles/INA226.elf.dir/User/main/usr_main.cpp.obj
 .debug_info    0x0000000000017102       0x26 /usr/lib/gcc/arm-none-eabi/10.3.1/thumb/v7-m/nofp/libgcc.a(_arm_addsubsf3.o)
 .debug_info    0x0000000000017128       0x26 /usr/lib/gcc/arm-none-eabi/10.3.1/thumb/v7-m/nofp/libgcc.a(_arm_muldivsf3.o)
 .debug_info    0x000000000001714e     0x1e22 /usr/lib/gcc/arm-none-eabi/10.3.1/thumb/v7-m/nofp/libgcc.a(unwind-arm.o)
 .debug_info    0x0000000000018f70       0x26 /usr/lib/gcc/arm-none-eabi/10.3.1/thumb/v7-m/nofp/libgcc.a(libunwind.o)
 .debug_info    0x0000000000018f96      0xa8c /usr/lib/gcc/arm-none-eabi/10.3.1/thumb/v7-m/nofp/libgcc.a(pr-support.o)
 .debug_info    0x0000000000019a22       0xcb /usr/lib/gcc/arm-none-eabi/10.3.1/../../../arm-none-eabi/lib/thumb/v7-m/nofp/libg.a(lib_a-abort.o)
 .debug_info    0x0000000000019aed      0x100 /usr/lib/gcc/arm-none-eabi/10.3.1/../../../arm-none-eabi/lib/thumb/v7-m/nofp/libg.a(lib_a-atexit.o)
 .debug_info    0x0000000000019bed      0x914 /usr/lib/gcc/arm-none-eabi/10.3.1/../../../arm-none-eabi/lib/thumb/v7-m/nofp/libg.a(lib_a-errno.o)
 .debug_info    0x000000000001a501      0x102 /usr/lib/gcc/arm-none-eabi/10.3.1/../../../arm-none-eabi/lib/thumb/v7-m/nofp/libg.a(lib_a-fini.o)
 .debug_info    0x000000000001a603      0x92a /usr/lib/gcc/arm-none-eabi/10.3.1/../../../arm-none-eabi/lib/thumb/v7-m/nofp/libg.a(lib_a-impure.o)
 .debug_info    0x000000000001af2d      0x11a /usr/lib/gcc/arm-none-eabi/10.3.1/../../../arm-none-eabi/lib/thumb/v7-m/nofp/libg.a(lib_a-init.o)
 .debug_info    0x000000000001b047       0x26 /usr/lib/gcc/arm-none-eabi/10.3.1/../../../arm-none-eabi/lib/thumb/v7-m/nofp/libg.a(lib_a-memcpy.o)
 .debug_info    0x000000000001b06d      0x137 /usr/lib/gcc/arm-none-eabi/10.3.1/../../../arm-none-eabi/lib/thumb/v7-m/nofp/libg.a(lib_a-memset.o)
 .debug_info    0x000000000001b1a4      0xf32 /usr/lib/gcc/arm-none-eabi/10.3.1/../../../arm-none-eabi/lib/thumb/v7-m/nofp/libg.a(lib_a-signal.o)
 .debug_info    0x000000000001c0d6      0x9d7 /usr/lib/gcc/arm-none-eabi/10.3.1/../../../arm-none-eabi/lib/thumb/v7-m/nofp/libg.a(lib_a-signalr.o)
 .debug_info    0x000000000001caad      0x9b0 /usr/lib/gcc/arm-none-eabi/10.3.1/../../../arm-none-eabi/lib/thumb/v7-m/nofp/libg.a(lib_a-__atexit.o)
 .debug_info    0x000000000001d45d      0xa3d /usr/lib/gcc/arm-none-eabi/10.3.1/../../../arm-none-eabi/lib/thumb/v7-m/nofp/libg.a(lib_a-__call_atexit.o)
 .debug_info    0x000000000001de9a      0xe94 /usr/lib/gcc/arm-none-eabi/10.3.1/../../../arm-none-eabi/lib/thumb/v7-m/nofp/libg.a(lib_a-mallocr.o)
 .debug_info    0x000000000001ed2e      0x942 /usr/lib/gcc/arm-none-eabi/10.3.1/../../../arm-none-eabi/lib/thumb/v7-m/nofp/libg.a(lib_a-mlock.o)
 .debug_info    0x000000000001f670      0xbda /usr/lib/gcc/arm-none-eabi/10.3.1/../../../arm-none-eabi/lib/thumb/v7-m/nofp/libg.a(lib_a-reent.o)
 .debug_info    0x000000000002024a      0x98e /usr/lib/gcc/arm-none-eabi/10.3.1/../../../arm-none-eabi/lib/thumb/v7-m/nofp/libg.a(lib_a-sbrkr.o)
 .debug_info    0x0000000000020bd8      0xd10 /usr/lib/gcc/arm-none-eabi/10.3.1/../../../arm-none-eabi/lib/thumb/v7-m/nofp/libg.a(lib_a-freer.o)

.debug_abbrev   0x0000000000000000     0x51a2
 .debug_abbrev  0x0000000000000000      0x1d2 CMakeFiles/INA226.elf.dir/Core/Src/can.c.obj
 .debug_abbrev  0x00000000000001d2      0x10c CMakeFiles/INA226.elf.dir/Core/Src/gpio.c.obj
 .debug_abbrev  0x00000000000002de      0x18c CMakeFiles/INA226.elf.dir/Core/Src/i2c.c.obj
 .debug_abbrev  0x000000000000046a      0x11c CMakeFiles/INA226.elf.dir/Core/Src/main.c.obj
 .debug_abbrev  0x0000000000000586       0xd1 CMakeFiles/INA226.elf.dir/Core/Src/stm32f1xx_hal_msp.c.obj
 .debug_abbrev  0x0000000000000657      0x1ac CMakeFiles/INA226.elf.dir/Core/Src/stm32f1xx_it.c.obj
 .debug_abbrev  0x0000000000000803      0x138 CMakeFiles/INA226.elf.dir/Core/Src/system_stm32f1xx.c.obj
 .debug_abbrev  0x000000000000093b      0x19e CMakeFiles/INA226.elf.dir/Core/Src/tim.c.obj
 .debug_abbrev  0x0000000000000ad9      0x193 CMakeFiles/INA226.elf.dir/Core/Src/usart.c.obj
 .debug_abbrev  0x0000000000000c6c       0x12 CMakeFiles/INA226.elf.dir/Core/Startup/startup_stm32f103c8tx.s.obj
 .debug_abbrev  0x0000000000000c7e      0x1c5 CMakeFiles/INA226.elf.dir/Drivers/STM32F1xx_HAL_Driver/Src/stm32f1xx_hal.c.obj
 .debug_abbrev  0x0000000000000e43      0x20c CMakeFiles/INA226.elf.dir/Drivers/STM32F1xx_HAL_Driver/Src/stm32f1xx_hal_can.c.obj
 .debug_abbrev  0x000000000000104f      0x2ea CMakeFiles/INA226.elf.dir/Drivers/STM32F1xx_HAL_Driver/Src/stm32f1xx_hal_cortex.c.obj
 .debug_abbrev  0x0000000000001339      0x1b8 CMakeFiles/INA226.elf.dir/Drivers/STM32F1xx_HAL_Driver/Src/stm32f1xx_hal_gpio.c.obj
 .debug_abbrev  0x00000000000014f1      0x259 CMakeFiles/INA226.elf.dir/Drivers/STM32F1xx_HAL_Driver/Src/stm32f1xx_hal_i2c.c.obj
 .debug_abbrev  0x000000000000174a      0x25d CMakeFiles/INA226.elf.dir/Drivers/STM32F1xx_HAL_Driver/Src/stm32f1xx_hal_rcc.c.obj
 .debug_abbrev  0x00000000000019a7      0x235 CMakeFiles/INA226.elf.dir/Drivers/STM32F1xx_HAL_Driver/Src/stm32f1xx_hal_tim.c.obj
 .debug_abbrev  0x0000000000001bdc      0x23d CMakeFiles/INA226.elf.dir/Drivers/STM32F1xx_HAL_Driver/Src/stm32f1xx_hal_tim_ex.c.obj
 .debug_abbrev  0x0000000000001e19      0x2b0 CMakeFiles/INA226.elf.dir/Drivers/STM32F1xx_HAL_Driver/Src/stm32f1xx_hal_uart.c.obj
 .debug_abbrev  0x00000000000020c9      0x1e7 CMakeFiles/INA226.elf.dir/User/can/user_can.cpp.obj
 .debug_abbrev  0x00000000000022b0      0x1d3 CMakeFiles/INA226.elf.dir/User/ina226/ina226.cpp.obj
 .debug_abbrev  0x0000000000002483      0x778 CMakeFiles/INA226.elf.dir/User/main/usr_main.cpp.obj
 .debug_abbrev  0x0000000000002bfb       0x14 /usr/lib/gcc/arm-none-eabi/10.3.1/thumb/v7-m/nofp/libgcc.a(_arm_addsubsf3.o)
 .debug_abbrev  0x0000000000002c0f       0x14 /usr/lib/gcc/arm-none-eabi/10.3.1/thumb/v7-m/nofp/libgcc.a(_arm_muldivsf3.o)
 .debug_abbrev  0x0000000000002c23      0x46c /usr/lib/gcc/arm-none-eabi/10.3.1/thumb/v7-m/nofp/libgcc.a(unwind-arm.o)
 .debug_abbrev  0x000000000000308f       0x14 /usr/lib/gcc/arm-none-eabi/10.3.1/thumb/v7-m/nofp/libgcc.a(libunwind.o)
 .debug_abbrev  0x00000000000030a3      0x2d3 /usr/lib/gcc/arm-none-eabi/10.3.1/thumb/v7-m/nofp/libgcc.a(pr-support.o)
 .debug_abbrev  0x0000000000003376       0x80 /usr/lib/gcc/arm-none-eabi/10.3.1/../../../arm-none-eabi/lib/thumb/v7-m/nofp/libg.a(lib_a-abort.o)
 .debug_abbrev  0x00000000000033f6       0xb7 /usr/lib/gcc/arm-none-eabi/10.3.1/../../../arm-none-eabi/lib/thumb/v7-m/nofp/libg.a(lib_a-atexit.o)
 .debug_abbrev  0x00000000000034ad      0x1be /usr/lib/gcc/arm-none-eabi/10.3.1/../../../arm-none-eabi/lib/thumb/v7-m/nofp/libg.a(lib_a-errno.o)
 .debug_abbrev  0x000000000000366b       0xcf /usr/lib/gcc/arm-none-eabi/10.3.1/../../../arm-none-eabi/lib/thumb/v7-m/nofp/libg.a(lib_a-fini.o)
 .debug_abbrev  0x000000000000373a      0x1b8 /usr/lib/gcc/arm-none-eabi/10.3.1/../../../arm-none-eabi/lib/thumb/v7-m/nofp/libg.a(lib_a-impure.o)
 .debug_abbrev  0x00000000000038f2       0xcc /usr/lib/gcc/arm-none-eabi/10.3.1/../../../arm-none-eabi/lib/thumb/v7-m/nofp/libg.a(lib_a-init.o)
 .debug_abbrev  0x00000000000039be       0x14 /usr/lib/gcc/arm-none-eabi/10.3.1/../../../arm-none-eabi/lib/thumb/v7-m/nofp/libg.a(lib_a-memcpy.o)
 .debug_abbrev  0x00000000000039d2       0xb4 /usr/lib/gcc/arm-none-eabi/10.3.1/../../../arm-none-eabi/lib/thumb/v7-m/nofp/libg.a(lib_a-memset.o)
 .debug_abbrev  0x0000000000003a86      0x321 /usr/lib/gcc/arm-none-eabi/10.3.1/../../../arm-none-eabi/lib/thumb/v7-m/nofp/libg.a(lib_a-signal.o)
 .debug_abbrev  0x0000000000003da7      0x242 /usr/lib/gcc/arm-none-eabi/10.3.1/../../../arm-none-eabi/lib/thumb/v7-m/nofp/libg.a(lib_a-signalr.o)
 .debug_abbrev  0x0000000000003fe9      0x23f /usr/lib/gcc/arm-none-eabi/10.3.1/../../../arm-none-eabi/lib/thumb/v7-m/nofp/libg.a(lib_a-__atexit.o)
 .debug_abbrev  0x0000000000004228      0x2b2 /usr/lib/gcc/arm-none-eabi/10.3.1/../../../arm-none-eabi/lib/thumb/v7-m/nofp/libg.a(lib_a-__call_atexit.o)
 .debug_abbrev  0x00000000000044da      0x2f6 /usr/lib/gcc/arm-none-eabi/10.3.1/../../../arm-none-eabi/lib/thumb/v7-m/nofp/libg.a(lib_a-mallocr.o)
 .debug_abbrev  0x00000000000047d0      0x1f0 /usr/lib/gcc/arm-none-eabi/10.3.1/../../../arm-none-eabi/lib/thumb/v7-m/nofp/libg.a(lib_a-mlock.o)
 .debug_abbrev  0x00000000000049c0      0x2f4 /usr/lib/gcc/arm-none-eabi/10.3.1/../../../arm-none-eabi/lib/thumb/v7-m/nofp/libg.a(lib_a-reent.o)
 .debug_abbrev  0x0000000000004cb4      0x23d /usr/lib/gcc/arm-none-eabi/10.3.1/../../../arm-none-eabi/lib/thumb/v7-m/nofp/libg.a(lib_a-sbrkr.o)
 .debug_abbrev  0x0000000000004ef1      0x2b1 /usr/lib/gcc/arm-none-eabi/10.3.1/../../../arm-none-eabi/lib/thumb/v7-m/nofp/libg.a(lib_a-freer.o)

.debug_aranges  0x0000000000000000     0x13e0
 .debug_aranges
                0x0000000000000000       0x30 CMakeFiles/INA226.elf.dir/Core/Src/can.c.obj
 .debug_aranges
                0x0000000000000030       0x20 CMakeFiles/INA226.elf.dir/Core/Src/gpio.c.obj
 .debug_aranges
                0x0000000000000050       0x30 CMakeFiles/INA226.elf.dir/Core/Src/i2c.c.obj
 .debug_aranges
                0x0000000000000080       0x30 CMakeFiles/INA226.elf.dir/Core/Src/main.c.obj
 .debug_aranges
                0x00000000000000b0       0x20 CMakeFiles/INA226.elf.dir/Core/Src/stm32f1xx_hal_msp.c.obj
 .debug_aranges
                0x00000000000000d0       0x78 CMakeFiles/INA226.elf.dir/Core/Src/stm32f1xx_it.c.obj
 .debug_aranges
                0x0000000000000148       0x28 CMakeFiles/INA226.elf.dir/Core/Src/system_stm32f1xx.c.obj
 .debug_aranges
                0x0000000000000170       0x30 CMakeFiles/INA226.elf.dir/Core/Src/tim.c.obj
 .debug_aranges
                0x00000000000001a0       0x30 CMakeFiles/INA226.elf.dir/Core/Src/usart.c.obj
 .debug_aranges
                0x00000000000001d0       0x28 CMakeFiles/INA226.elf.dir/Core/Startup/startup_stm32f103c8tx.s.obj
 .debug_aranges
                0x00000000000001f8       0xe0 CMakeFiles/INA226.elf.dir/Drivers/STM32F1xx_HAL_Driver/Src/stm32f1xx_hal.c.obj
 .debug_aranges
                0x00000000000002d8      0x138 CMakeFiles/INA226.elf.dir/Drivers/STM32F1xx_HAL_Driver/Src/stm32f1xx_hal_can.c.obj
 .debug_aranges
                0x0000000000000410      0x100 CMakeFiles/INA226.elf.dir/Drivers/STM32F1xx_HAL_Driver/Src/stm32f1xx_hal_cortex.c.obj
 .debug_aranges
                0x0000000000000510       0x58 CMakeFiles/INA226.elf.dir/Drivers/STM32F1xx_HAL_Driver/Src/stm32f1xx_hal_gpio.c.obj
 .debug_aranges
                0x0000000000000568      0x2a8 CMakeFiles/INA226.elf.dir/Drivers/STM32F1xx_HAL_Driver/Src/stm32f1xx_hal_i2c.c.obj
 .debug_aranges
                0x0000000000000810       0x90 CMakeFiles/INA226.elf.dir/Drivers/STM32F1xx_HAL_Driver/Src/stm32f1xx_hal_rcc.c.obj
 .debug_aranges
                0x00000000000008a0      0x3d0 CMakeFiles/INA226.elf.dir/Drivers/STM32F1xx_HAL_Driver/Src/stm32f1xx_hal_tim.c.obj
 .debug_aranges
                0x0000000000000c70      0x168 CMakeFiles/INA226.elf.dir/Drivers/STM32F1xx_HAL_Driver/Src/stm32f1xx_hal_tim_ex.c.obj
 .debug_aranges
                0x0000000000000dd8      0x208 CMakeFiles/INA226.elf.dir/Drivers/STM32F1xx_HAL_Driver/Src/stm32f1xx_hal_uart.c.obj
 .debug_aranges
                0x0000000000000fe0       0x48 CMakeFiles/INA226.elf.dir/User/can/user_can.cpp.obj
 .debug_aranges
                0x0000000000001028       0xa8 CMakeFiles/INA226.elf.dir/User/ina226/ina226.cpp.obj
 .debug_aranges
                0x00000000000010d0       0x48 CMakeFiles/INA226.elf.dir/User/main/usr_main.cpp.obj
 .debug_aranges
                0x0000000000001118       0x20 /usr/lib/gcc/arm-none-eabi/10.3.1/thumb/v7-m/nofp/libgcc.a(_arm_addsubsf3.o)
 .debug_aranges
                0x0000000000001138       0x20 /usr/lib/gcc/arm-none-eabi/10.3.1/thumb/v7-m/nofp/libgcc.a(_arm_muldivsf3.o)
 .debug_aranges
                0x0000000000001158       0x20 /usr/lib/gcc/arm-none-eabi/10.3.1/thumb/v7-m/nofp/libgcc.a(unwind-arm.o)
 .debug_aranges
                0x0000000000001178       0x20 /usr/lib/gcc/arm-none-eabi/10.3.1/thumb/v7-m/nofp/libgcc.a(libunwind.o)
 .debug_aranges
                0x0000000000001198       0x28 /usr/lib/gcc/arm-none-eabi/10.3.1/thumb/v7-m/nofp/libgcc.a(pr-support.o)
 .debug_aranges
                0x00000000000011c0       0x20 /usr/lib/gcc/arm-none-eabi/10.3.1/../../../arm-none-eabi/lib/thumb/v7-m/nofp/libg.a(lib_a-abort.o)
 .debug_aranges
                0x00000000000011e0       0x20 /usr/lib/gcc/arm-none-eabi/10.3.1/../../../arm-none-eabi/lib/thumb/v7-m/nofp/libg.a(lib_a-atexit.o)
 .debug_aranges
                0x0000000000001200       0x20 /usr/lib/gcc/arm-none-eabi/10.3.1/../../../arm-none-eabi/lib/thumb/v7-m/nofp/libg.a(lib_a-errno.o)
 .debug_aranges
                0x0000000000001220       0x20 /usr/lib/gcc/arm-none-eabi/10.3.1/../../../arm-none-eabi/lib/thumb/v7-m/nofp/libg.a(lib_a-fini.o)
 .debug_aranges
                0x0000000000001240       0x18 /usr/lib/gcc/arm-none-eabi/10.3.1/../../../arm-none-eabi/lib/thumb/v7-m/nofp/libg.a(lib_a-impure.o)
 .debug_aranges
                0x0000000000001258       0x20 /usr/lib/gcc/arm-none-eabi/10.3.1/../../../arm-none-eabi/lib/thumb/v7-m/nofp/libg.a(lib_a-init.o)
 .debug_aranges
                0x0000000000001278       0x20 /usr/lib/gcc/arm-none-eabi/10.3.1/../../../arm-none-eabi/lib/thumb/v7-m/nofp/libg.a(lib_a-memcpy.o)
 .debug_aranges
                0x0000000000001298       0x20 /usr/lib/gcc/arm-none-eabi/10.3.1/../../../arm-none-eabi/lib/thumb/v7-m/nofp/libg.a(lib_a-memset.o)
 .debug_aranges
                0x00000000000012b8       0x20 /usr/lib/gcc/arm-none-eabi/10.3.1/../../../arm-none-eabi/lib/thumb/v7-m/nofp/libg.a(lib_a-signal.o)
 .debug_aranges
                0x00000000000012d8       0x20 /usr/lib/gcc/arm-none-eabi/10.3.1/../../../arm-none-eabi/lib/thumb/v7-m/nofp/libg.a(lib_a-signalr.o)
 .debug_aranges
                0x00000000000012f8       0x20 /usr/lib/gcc/arm-none-eabi/10.3.1/../../../arm-none-eabi/lib/thumb/v7-m/nofp/libg.a(lib_a-__atexit.o)
 .debug_aranges
                0x0000000000001318       0x28 /usr/lib/gcc/arm-none-eabi/10.3.1/../../../arm-none-eabi/lib/thumb/v7-m/nofp/libg.a(lib_a-__call_atexit.o)
 .debug_aranges
                0x0000000000001340       0x20 /usr/lib/gcc/arm-none-eabi/10.3.1/../../../arm-none-eabi/lib/thumb/v7-m/nofp/libg.a(lib_a-mallocr.o)
 .debug_aranges
                0x0000000000001360       0x20 /usr/lib/gcc/arm-none-eabi/10.3.1/../../../arm-none-eabi/lib/thumb/v7-m/nofp/libg.a(lib_a-mlock.o)
 .debug_aranges
                0x0000000000001380       0x20 /usr/lib/gcc/arm-none-eabi/10.3.1/../../../arm-none-eabi/lib/thumb/v7-m/nofp/libg.a(lib_a-reent.o)
 .debug_aranges
                0x00000000000013a0       0x20 /usr/lib/gcc/arm-none-eabi/10.3.1/../../../arm-none-eabi/lib/thumb/v7-m/nofp/libg.a(lib_a-sbrkr.o)
 .debug_aranges
                0x00000000000013c0       0x20 /usr/lib/gcc/arm-none-eabi/10.3.1/../../../arm-none-eabi/lib/thumb/v7-m/nofp/libg.a(lib_a-freer.o)

.debug_ranges   0x0000000000000000     0x12a8
 .debug_ranges  0x0000000000000000       0x20 CMakeFiles/INA226.elf.dir/Core/Src/can.c.obj
 .debug_ranges  0x0000000000000020       0x10 CMakeFiles/INA226.elf.dir/Core/Src/gpio.c.obj
 .debug_ranges  0x0000000000000030       0x20 CMakeFiles/INA226.elf.dir/Core/Src/i2c.c.obj
 .debug_ranges  0x0000000000000050       0x20 CMakeFiles/INA226.elf.dir/Core/Src/main.c.obj
 .debug_ranges  0x0000000000000070       0x10 CMakeFiles/INA226.elf.dir/Core/Src/stm32f1xx_hal_msp.c.obj
 .debug_ranges  0x0000000000000080       0x68 CMakeFiles/INA226.elf.dir/Core/Src/stm32f1xx_it.c.obj
 .debug_ranges  0x00000000000000e8       0x18 CMakeFiles/INA226.elf.dir/Core/Src/system_stm32f1xx.c.obj
 .debug_ranges  0x0000000000000100       0x20 CMakeFiles/INA226.elf.dir/Core/Src/tim.c.obj
 .debug_ranges  0x0000000000000120       0x20 CMakeFiles/INA226.elf.dir/Core/Src/usart.c.obj
 .debug_ranges  0x0000000000000140       0x20 CMakeFiles/INA226.elf.dir/Core/Startup/startup_stm32f103c8tx.s.obj
 .debug_ranges  0x0000000000000160       0xd0 CMakeFiles/INA226.elf.dir/Drivers/STM32F1xx_HAL_Driver/Src/stm32f1xx_hal.c.obj
 .debug_ranges  0x0000000000000230      0x128 CMakeFiles/INA226.elf.dir/Drivers/STM32F1xx_HAL_Driver/Src/stm32f1xx_hal_can.c.obj
 .debug_ranges  0x0000000000000358       0xf0 CMakeFiles/INA226.elf.dir/Drivers/STM32F1xx_HAL_Driver/Src/stm32f1xx_hal_cortex.c.obj
 .debug_ranges  0x0000000000000448       0x48 CMakeFiles/INA226.elf.dir/Drivers/STM32F1xx_HAL_Driver/Src/stm32f1xx_hal_gpio.c.obj
 .debug_ranges  0x0000000000000490      0x2b0 CMakeFiles/INA226.elf.dir/Drivers/STM32F1xx_HAL_Driver/Src/stm32f1xx_hal_i2c.c.obj
 .debug_ranges  0x0000000000000740       0x80 CMakeFiles/INA226.elf.dir/Drivers/STM32F1xx_HAL_Driver/Src/stm32f1xx_hal_rcc.c.obj
 .debug_ranges  0x00000000000007c0      0x3c0 CMakeFiles/INA226.elf.dir/Drivers/STM32F1xx_HAL_Driver/Src/stm32f1xx_hal_tim.c.obj
 .debug_ranges  0x0000000000000b80      0x158 CMakeFiles/INA226.elf.dir/Drivers/STM32F1xx_HAL_Driver/Src/stm32f1xx_hal_tim_ex.c.obj
 .debug_ranges  0x0000000000000cd8      0x228 CMakeFiles/INA226.elf.dir/Drivers/STM32F1xx_HAL_Driver/Src/stm32f1xx_hal_uart.c.obj
 .debug_ranges  0x0000000000000f00       0x38 CMakeFiles/INA226.elf.dir/User/can/user_can.cpp.obj
 .debug_ranges  0x0000000000000f38       0x98 CMakeFiles/INA226.elf.dir/User/ina226/ina226.cpp.obj
 .debug_ranges  0x0000000000000fd0       0x38 CMakeFiles/INA226.elf.dir/User/main/usr_main.cpp.obj
 .debug_ranges  0x0000000000001008      0x108 /usr/lib/gcc/arm-none-eabi/10.3.1/thumb/v7-m/nofp/libgcc.a(unwind-arm.o)
 .debug_ranges  0x0000000000001110       0x18 /usr/lib/gcc/arm-none-eabi/10.3.1/thumb/v7-m/nofp/libgcc.a(pr-support.o)
 .debug_ranges  0x0000000000001128       0xc8 /usr/lib/gcc/arm-none-eabi/10.3.1/../../../arm-none-eabi/lib/thumb/v7-m/nofp/libg.a(lib_a-signal.o)
 .debug_ranges  0x00000000000011f0       0x50 /usr/lib/gcc/arm-none-eabi/10.3.1/../../../arm-none-eabi/lib/thumb/v7-m/nofp/libg.a(lib_a-__call_atexit.o)
 .debug_ranges  0x0000000000001240       0x50 /usr/lib/gcc/arm-none-eabi/10.3.1/../../../arm-none-eabi/lib/thumb/v7-m/nofp/libg.a(lib_a-mallocr.o)
 .debug_ranges  0x0000000000001290       0x18 /usr/lib/gcc/arm-none-eabi/10.3.1/../../../arm-none-eabi/lib/thumb/v7-m/nofp/libg.a(lib_a-reent.o)

.debug_line     0x0000000000000000    0x1237a
 .debug_line    0x0000000000000000      0x263 CMakeFiles/INA226.elf.dir/Core/Src/can.c.obj
 .debug_line    0x0000000000000263      0x17f CMakeFiles/INA226.elf.dir/Core/Src/gpio.c.obj
 .debug_line    0x00000000000003e2      0x257 CMakeFiles/INA226.elf.dir/Core/Src/i2c.c.obj
 .debug_line    0x0000000000000639      0x208 CMakeFiles/INA226.elf.dir/Core/Src/main.c.obj
 .debug_line    0x0000000000000841      0x119 CMakeFiles/INA226.elf.dir/Core/Src/stm32f1xx_hal_msp.c.obj
 .debug_line    0x000000000000095a      0x2c6 CMakeFiles/INA226.elf.dir/Core/Src/stm32f1xx_it.c.obj
 .debug_line    0x0000000000000c20      0x1c6 CMakeFiles/INA226.elf.dir/Core/Src/system_stm32f1xx.c.obj
 .debug_line    0x0000000000000de6      0x247 CMakeFiles/INA226.elf.dir/Core/Src/tim.c.obj
 .debug_line    0x000000000000102d      0x262 CMakeFiles/INA226.elf.dir/Core/Src/usart.c.obj
 .debug_line    0x000000000000128f       0xac CMakeFiles/INA226.elf.dir/Core/Startup/startup_stm32f103c8tx.s.obj
 .debug_line    0x000000000000133b      0x4a5 CMakeFiles/INA226.elf.dir/Drivers/STM32F1xx_HAL_Driver/Src/stm32f1xx_hal.c.obj
 .debug_line    0x00000000000017e0      0xc4a CMakeFiles/INA226.elf.dir/Drivers/STM32F1xx_HAL_Driver/Src/stm32f1xx_hal_can.c.obj
 .debug_line    0x000000000000242a      0x612 CMakeFiles/INA226.elf.dir/Drivers/STM32F1xx_HAL_Driver/Src/stm32f1xx_hal_cortex.c.obj
 .debug_line    0x0000000000002a3c      0x4e0 CMakeFiles/INA226.elf.dir/Drivers/STM32F1xx_HAL_Driver/Src/stm32f1xx_hal_gpio.c.obj
 .debug_line    0x0000000000002f1c     0x3636 CMakeFiles/INA226.elf.dir/Drivers/STM32F1xx_HAL_Driver/Src/stm32f1xx_hal_i2c.c.obj
 .debug_line    0x0000000000006552      0x8bc CMakeFiles/INA226.elf.dir/Drivers/STM32F1xx_HAL_Driver/Src/stm32f1xx_hal_rcc.c.obj
 .debug_line    0x0000000000006e0e     0x2ef7 CMakeFiles/INA226.elf.dir/Drivers/STM32F1xx_HAL_Driver/Src/stm32f1xx_hal_tim.c.obj
 .debug_line    0x0000000000009d05     0x13dc CMakeFiles/INA226.elf.dir/Drivers/STM32F1xx_HAL_Driver/Src/stm32f1xx_hal_tim_ex.c.obj
 .debug_line    0x000000000000b0e1     0x23ec CMakeFiles/INA226.elf.dir/Drivers/STM32F1xx_HAL_Driver/Src/stm32f1xx_hal_uart.c.obj
 .debug_line    0x000000000000d4cd      0x2c9 CMakeFiles/INA226.elf.dir/User/can/user_can.cpp.obj
 .debug_line    0x000000000000d796      0x587 CMakeFiles/INA226.elf.dir/User/ina226/ina226.cpp.obj
 .debug_line    0x000000000000dd1d      0x5c4 CMakeFiles/INA226.elf.dir/User/main/usr_main.cpp.obj
 .debug_line    0x000000000000e2e1      0x11a /usr/lib/gcc/arm-none-eabi/10.3.1/thumb/v7-m/nofp/libgcc.a(_arm_addsubsf3.o)
 .debug_line    0x000000000000e3fb      0x13a /usr/lib/gcc/arm-none-eabi/10.3.1/thumb/v7-m/nofp/libgcc.a(_arm_muldivsf3.o)
 .debug_line    0x000000000000e535     0x1043 /usr/lib/gcc/arm-none-eabi/10.3.1/thumb/v7-m/nofp/libgcc.a(unwind-arm.o)
 .debug_line    0x000000000000f578       0xad /usr/lib/gcc/arm-none-eabi/10.3.1/thumb/v7-m/nofp/libgcc.a(libunwind.o)
 .debug_line    0x000000000000f625      0x571 /usr/lib/gcc/arm-none-eabi/10.3.1/thumb/v7-m/nofp/libgcc.a(pr-support.o)
 .debug_line    0x000000000000fb96      0x109 /usr/lib/gcc/arm-none-eabi/10.3.1/../../../arm-none-eabi/lib/thumb/v7-m/nofp/libg.a(lib_a-abort.o)
 .debug_line    0x000000000000fc9f       0xc0 /usr/lib/gcc/arm-none-eabi/10.3.1/../../../arm-none-eabi/lib/thumb/v7-m/nofp/libg.a(lib_a-atexit.o)
 .debug_line    0x000000000000fd5f      0x109 /usr/lib/gcc/arm-none-eabi/10.3.1/../../../arm-none-eabi/lib/thumb/v7-m/nofp/libg.a(lib_a-errno.o)
 .debug_line    0x000000000000fe68       0xed /usr/lib/gcc/arm-none-eabi/10.3.1/../../../arm-none-eabi/lib/thumb/v7-m/nofp/libg.a(lib_a-fini.o)
 .debug_line    0x000000000000ff55       0xe4 /usr/lib/gcc/arm-none-eabi/10.3.1/../../../arm-none-eabi/lib/thumb/v7-m/nofp/libg.a(lib_a-impure.o)
 .debug_line    0x0000000000010039      0x13f /usr/lib/gcc/arm-none-eabi/10.3.1/../../../arm-none-eabi/lib/thumb/v7-m/nofp/libg.a(lib_a-init.o)
 .debug_line    0x0000000000010178       0xc1 /usr/lib/gcc/arm-none-eabi/10.3.1/../../../arm-none-eabi/lib/thumb/v7-m/nofp/libg.a(lib_a-memcpy.o)
 .debug_line    0x0000000000010239      0x1bf /usr/lib/gcc/arm-none-eabi/10.3.1/../../../arm-none-eabi/lib/thumb/v7-m/nofp/libg.a(lib_a-memset.o)
 .debug_line    0x00000000000103f8      0x65f /usr/lib/gcc/arm-none-eabi/10.3.1/../../../arm-none-eabi/lib/thumb/v7-m/nofp/libg.a(lib_a-signal.o)
 .debug_line    0x0000000000010a57      0x1a3 /usr/lib/gcc/arm-none-eabi/10.3.1/../../../arm-none-eabi/lib/thumb/v7-m/nofp/libg.a(lib_a-signalr.o)
 .debug_line    0x0000000000010bfa      0x1ab /usr/lib/gcc/arm-none-eabi/10.3.1/../../../arm-none-eabi/lib/thumb/v7-m/nofp/libg.a(lib_a-__atexit.o)
 .debug_line    0x0000000000010da5      0x297 /usr/lib/gcc/arm-none-eabi/10.3.1/../../../arm-none-eabi/lib/thumb/v7-m/nofp/libg.a(lib_a-__call_atexit.o)
 .debug_line    0x000000000001103c      0x8c6 /usr/lib/gcc/arm-none-eabi/10.3.1/../../../arm-none-eabi/lib/thumb/v7-m/nofp/libg.a(lib_a-mallocr.o)
 .debug_line    0x0000000000011902      0x13e /usr/lib/gcc/arm-none-eabi/10.3.1/../../../arm-none-eabi/lib/thumb/v7-m/nofp/libg.a(lib_a-mlock.o)
 .debug_line    0x0000000000011a40      0x28d /usr/lib/gcc/arm-none-eabi/10.3.1/../../../arm-none-eabi/lib/thumb/v7-m/nofp/libg.a(lib_a-reent.o)
 .debug_line    0x0000000000011ccd      0x186 /usr/lib/gcc/arm-none-eabi/10.3.1/../../../arm-none-eabi/lib/thumb/v7-m/nofp/libg.a(lib_a-sbrkr.o)
 .debug_line    0x0000000000011e53      0x527 /usr/lib/gcc/arm-none-eabi/10.3.1/../../../arm-none-eabi/lib/thumb/v7-m/nofp/libg.a(lib_a-freer.o)

.debug_str      0x0000000000000000     0xd03a
 .debug_str     0x0000000000000000      0x732 CMakeFiles/INA226.elf.dir/Core/Src/can.c.obj
                                        0x834 (size before relaxing)
 .debug_str     0x0000000000000732       0x62 CMakeFiles/INA226.elf.dir/Core/Src/gpio.c.obj
                                        0x291 (size before relaxing)
 .debug_str     0x0000000000000794      0x3c2 CMakeFiles/INA226.elf.dir/Core/Src/i2c.c.obj
                                        0x725 (size before relaxing)
 .debug_str     0x0000000000000b56      0x17d CMakeFiles/INA226.elf.dir/Core/Src/main.c.obj
                                        0x33b (size before relaxing)
 .debug_str     0x0000000000000cd3       0x76 CMakeFiles/INA226.elf.dir/Core/Src/stm32f1xx_hal_msp.c.obj
                                        0x25e (size before relaxing)
 .debug_str     0x0000000000000d49      0x321 CMakeFiles/INA226.elf.dir/Core/Src/stm32f1xx_it.c.obj
                                        0x9d4 (size before relaxing)
 .debug_str     0x000000000000106a       0xa4 CMakeFiles/INA226.elf.dir/Core/Src/system_stm32f1xx.c.obj
                                        0x289 (size before relaxing)
 .debug_str     0x000000000000110e      0x11d CMakeFiles/INA226.elf.dir/Core/Src/tim.c.obj
                                        0xabc (size before relaxing)
 .debug_str     0x000000000000122b      0x21f CMakeFiles/INA226.elf.dir/Core/Src/usart.c.obj
                                        0x6b0 (size before relaxing)
 .debug_str     0x000000000000144a       0x5a CMakeFiles/INA226.elf.dir/Core/Startup/startup_stm32f103c8tx.s.obj
                                         0x95 (size before relaxing)