Archive member included to satisfy reference by file (symbol)

/usr/lib/gcc/arm-none-eabi/10.3.1/../../../arm-none-eabi/lib/thumb/v7-m/nofp/libm.a(lib_a-w_pow.o)
                              CMakeFiles/INA226.elf.dir/User/main/usr_main.cpp.obj (pow)
/usr/lib/gcc/arm-none-eabi/10.3.1/../../../arm-none-eabi/lib/thumb/v7-m/nofp/libm.a(lib_a-e_pow.o)
                              /usr/lib/gcc/arm-none-eabi/10.3.1/../../../arm-none-eabi/lib/thumb/v7-m/nofp/libm.a(lib_a-w_pow.o) (__ieee754_pow)
/usr/lib/gcc/arm-none-eabi/10.3.1/../../../arm-none-eabi/lib/thumb/v7-m/nofp/libm.a(lib_a-e_sqrt.o)
                              /usr/lib/gcc/arm-none-eabi/10.3.1/../../../arm-none-eabi/lib/thumb/v7-m/nofp/libm.a(lib_a-e_pow.o) (__ieee754_sqrt)
/usr/lib/gcc/arm-none-eabi/10.3.1/../../../arm-none-eabi/lib/thumb/v7-m/nofp/libm.a(lib_a-s_fabs.o)
                              /usr/lib/gcc/arm-none-eabi/10.3.1/../../../arm-none-eabi/lib/thumb/v7-m/nofp/libm.a(lib_a-e_pow.o) (fabs)
/usr/lib/gcc/arm-none-eabi/10.3.1/../../../arm-none-eabi/lib/thumb/v7-m/nofp/libm.a(lib_a-s_finite.o)
                              /usr/lib/gcc/arm-none-eabi/10.3.1/../../../arm-none-eabi/lib/thumb/v7-m/nofp/libm.a(lib_a-w_pow.o) (finite)
/usr/lib/gcc/arm-none-eabi/10.3.1/../../../arm-none-eabi/lib/thumb/v7-m/nofp/libm.a(lib_a-s_lib_ver.o)
                              /usr/lib/gcc/arm-none-eabi/10.3.1/../../../arm-none-eabi/lib/thumb/v7-m/nofp/libm.a(lib_a-w_pow.o) (__fdlib_version)
/usr/lib/gcc/arm-none-eabi/10.3.1/../../../arm-none-eabi/lib/thumb/v7-m/nofp/libm.a(lib_a-s_nan.o)
                              /usr/lib/gcc/arm-none-eabi/10.3.1/../../../arm-none-eabi/lib/thumb/v7-m/nofp/libm.a(lib_a-e_pow.o) (nan)
/usr/lib/gcc/arm-none-eabi/10.3.1/../../../arm-none-eabi/lib/thumb/v7-m/nofp/libm.a(lib_a-s_rint.o)
                              /usr/lib/gcc/arm-none-eabi/10.3.1/../../../arm-none-eabi/lib/thumb/v7-m/nofp/libm.a(lib_a-w_pow.o) (rint)
/usr/lib/gcc/arm-none-eabi/10.3.1/../../../arm-none-eabi/lib/thumb/v7-m/nofp/libm.a(lib_a-s_scalbn.o)
                              /usr/lib/gcc/arm-none-eabi/10.3.1/../../../arm-none-eabi/lib/thumb/v7-m/nofp/libm.a(lib_a-e_pow.o) (scalbn)
/usr/lib/gcc/arm-none-eabi/10.3.1/thumb/v7-m/nofp/libgcc.a(_arm_muldf3.o)
                              /usr/lib/gcc/arm-none-eabi/10.3.1/../../../arm-none-eabi/lib/thumb/v7-m/nofp/libm.a(lib_a-e_pow.o) (__aeabi_dmul)
/usr/lib/gcc/arm-none-eabi/10.3.1/thumb/v7-m/nofp/libgcc.a(_arm_mulsf3.o)
                              CMakeFiles/INA226.elf.dir/User/ina226/ina226.cpp.obj (__aeabi_fmul)
/usr/lib/gcc/arm-none-eabi/10.3.1/thumb/v7-m/nofp/libgcc.a(_arm_addsubdf3.o)
                              /usr/lib/gcc/arm-none-eabi/10.3.1/../../../arm-none-eabi/lib/thumb/v7-m/nofp/libm.a(lib_a-e_pow.o) (__aeabi_dsub)
/usr/lib/gcc/arm-none-eabi/10.3.1/thumb/v7-m/nofp/libgcc.a(_arm_muldivdf3.o)
                              /usr/lib/gcc/arm-none-eabi/10.3.1/../../../arm-none-eabi/lib/thumb/v7-m/nofp/libm.a(lib_a-w_pow.o) (__aeabi_ddiv)
/usr/lib/gcc/arm-none-eabi/10.3.1/thumb/v7-m/nofp/libgcc.a(_arm_cmpdf2.o)
                              /usr/lib/gcc/arm-none-eabi/10.3.1/../../../arm-none-eabi/lib/thumb/v7-m/nofp/libm.a(lib_a-w_pow.o) (__aeabi_dcmpeq)
/usr/lib/gcc/arm-none-eabi/10.3.1/thumb/v7-m/nofp/libgcc.a(_arm_unorddf2.o)
                              /usr/lib/gcc/arm-none-eabi/10.3.1/../../../arm-none-eabi/lib/thumb/v7-m/nofp/libm.a(lib_a-w_pow.o) (__aeabi_dcmpun)
/usr/lib/gcc/arm-none-eabi/10.3.1/thumb/v7-m/nofp/libgcc.a(_arm_fixdfsi.o)
                              CMakeFiles/INA226.elf.dir/User/main/usr_main.cpp.obj (__aeabi_d2iz)
/usr/lib/gcc/arm-none-eabi/10.3.1/thumb/v7-m/nofp/libgcc.a(_arm_addsubsf3.o)
                              CMakeFiles/INA226.elf.dir/User/main/usr_main.cpp.obj (__aeabi_fsub)
/usr/lib/gcc/arm-none-eabi/10.3.1/thumb/v7-m/nofp/libgcc.a(_arm_muldivsf3.o)
                              CMakeFiles/INA226.elf.dir/User/ina226/ina226.cpp.obj (__aeabi_fdiv)
/usr/lib/gcc/arm-none-eabi/10.3.1/thumb/v7-m/nofp/libgcc.a(_arm_cmpsf2.o)
                              CMakeFiles/INA226.elf.dir/User/main/usr_main.cpp.obj (__aeabi_fcmplt)
/usr/lib/gcc/arm-none-eabi/10.3.1/thumb/v7-m/nofp/libgcc.a(_arm_fixsfsi.o)
                              CMakeFiles/INA226.elf.dir/User/main/usr_main.cpp.obj (__aeabi_f2iz)
/usr/lib/gcc/arm-none-eabi/10.3.1/thumb/v7-m/nofp/libgcc.a(unwind-arm.o)
                              CMakeFiles/INA226.elf.dir/User/can/user_can.cpp.obj (__aeabi_unwind_cpp_pr0)
/usr/lib/gcc/arm-none-eabi/10.3.1/thumb/v7-m/nofp/libgcc.a(libunwind.o)
                              /usr/lib/gcc/arm-none-eabi/10.3.1/thumb/v7-m/nofp/libgcc.a(unwind-arm.o) (restore_core_regs)
/usr/lib/gcc/arm-none-eabi/10.3.1/thumb/v7-m/nofp/libgcc.a(pr-support.o)
                              /usr/lib/gcc/arm-none-eabi/10.3.1/thumb/v7-m/nofp/libgcc.a(unwind-arm.o) (__gnu_unwind_execute)
/usr/lib/gcc/arm-none-eabi/10.3.1/../../../arm-none-eabi/lib/thumb/v7-m/nofp/libg.a(lib_a-abort.o)
[...]
Memory Configuration

Name             Origin             Length             Attributes
RAM              0x0000000020000000 0x0000000000005000 xrw
FLASH            0x0000000008000000 0x0000000000010000 xr
*default*        0x0000000000000000 0xffffffffffffffff

Linker script and memory map

LOAD /usr/lib/gcc/arm-none-eabi/10.3.1/thumb/v7-m/nofp/crti.o
LOAD /usr/lib/gcc/arm-none-eabi/10.3.1/thumb/v7-m/nofp/crtbegin.o
LOAD /usr/lib/gcc/arm-none-eabi/10.3.1/../../../arm-none-eabi/lib/thumb/v7-m/nofp/crt0.o
LOAD CMakeFiles/INA226.elf.dir/Core/Src/can.c.obj
LOAD CMakeFiles/INA226.elf.dir/Core/Src/gpio.c.obj
LOAD CMakeFiles/INA226.elf.dir/Core/Src/i2c.c.obj
LOAD CMakeFiles/INA226.elf.dir/Core/Src/main.c.obj
LOAD CMakeFiles/INA226.elf.dir/Core/Src/stm32f1xx_hal_msp.c.obj
LOAD CMakeFiles/INA226.elf.dir/Core/Src/stm32f1xx_it.c.obj
LOAD CMakeFiles/INA226.elf.dir/Core/Src/syscalls.c.obj
LOAD CMakeFiles/INA226.elf.dir/Core/Src/sysmem.c.obj
LOAD CMakeFiles/INA226.elf.dir/Core/Src/system_stm32f1xx.c.obj
LOAD CMakeFiles/INA226.elf.dir/Core/Src/tim.c.obj
LOAD CMakeFiles/INA226.elf.dir/Core/Src/usart.c.obj
LOAD CMakeFiles/INA226.elf.dir/Core/Startup/startup_stm32f103c8tx.s.obj
LOAD CMakeFiles/INA226.elf.dir/Drivers/STM32F1xx_HAL_Driver/Src/stm32f1xx_hal.c.obj
LOAD CMakeFiles/INA226.elf.dir/Drivers/STM32F1xx_HAL_Driver/Src/stm32f1xx_hal_can.c.obj
LOAD CMakeFiles/INA226.elf.dir/Drivers/STM32F1xx_HAL_Driver/Src/stm32f1xx_hal_cortex.c.obj
LOAD CMakeFiles/INA226.elf.dir/Drivers/STM32F1xx_HAL_Driver/Src/stm32f1xx_hal_dma.c.obj
LOAD CMakeFiles/INA226.elf.dir/Drivers/STM32F1xx_HAL_Driver/Src/stm32f1xx_hal_exti.c.obj
LOAD CMakeFiles/INA226.elf.dir/Drivers/STM32F1xx_HAL_Driver/Src/stm32f1xx_hal_flash.c.obj
LOAD CMakeFiles/INA226.elf.dir/Drivers/STM32F1xx_HAL_Driver/Src/stm32f1xx_hal_flash_ex.c.obj
LOAD CMakeFiles/INA226.elf.dir/Drivers/STM32F1xx_HAL_Driver/Src/stm32f1xx_hal_gpio.c.obj
LOAD CMakeFiles/INA226.elf.dir/Drivers/STM32F1xx_HAL_Driver/Src/stm32f1xx_hal_gpio_ex.c.obj
LOAD CMakeFiles/INA226.elf.dir/Drivers/STM32F1xx_HAL_Driver/Src/stm32f1xx_hal_i2c.c.obj
LOAD CMakeFiles/INA226.elf.dir/Drivers/STM32F1xx_HAL_Driver/Src/stm32f1xx_hal_pwr.c.obj
LOAD CMakeFiles/INA226.elf.dir/Drivers/STM32F1xx_HAL_Driver/Src/stm32f1xx_hal_rcc.c.obj
LOAD CMakeFiles/INA226.elf.dir/Drivers/STM32F1xx_HAL_Driver/Src/stm32f1xx_hal_rcc_ex.c.obj
LOAD CMakeFiles/INA226.elf.dir/Drivers/STM32F1xx_HAL_Driver/Src/stm32f1xx_hal_tim.c.obj
LOAD CMakeFiles/INA226.elf.dir/Drivers/STM32F1xx_HAL_Driver/Src/stm32f1xx_hal_tim_ex.c.obj
LOAD CMakeFiles/INA226.elf.dir/Drivers/STM32F1xx_HAL_Driver/Src/stm32f1xx_hal_uart.c.obj
LOAD CMakeFiles/INA226.elf.dir/User/can/user_can.cpp.obj
LOAD CMakeFiles/INA226.elf.dir/User/ina226/ina226.cpp.obj
LOAD CMakeFiles/INA226.elf.dir/User/main/usr_main.cpp.obj
LOAD /usr/lib/gcc/arm-none-eabi/10.3.1/../../../arm-none-eabi/lib/thumb/v7-m/nofp/libstdc++.a
LOAD /usr/lib/gcc/arm-none-eabi/10.3.1/../../../arm-none-eabi/lib/thumb/v7-m/nofp/libm.a
START GROUP
LOAD /usr/lib/gcc/arm-none-eabi/10.3.1/thumb/v7-m/nofp/libgcc.a
LOAD /usr/lib/gcc/arm-none-eabi/10.3.1/../../../arm-none-eabi/lib/thumb/v7-m/nofp/libg.a
LOAD /usr/lib/gcc/arm-none-eabi/10.3.1/../../../arm-none-eabi/lib/thumb/v7-m/nofp/libc.a
END GROUP
LOAD /usr/lib/gcc/arm-none-eabi/10.3.1/thumb/v7-m/nofp/crtend.o
LOAD /usr/lib/gcc/arm-none-eabi/10.3.1/thumb/v7-m/nofp/crtn.o
                0x0000000020005000                _estack = (ORIGIN (RAM) + LENGTH (RAM))
                0x0000000000000200                _Min_Heap_Size = 0x200
                0x0000000000000400                _Min_Stack_Size = 0x400

.isr_vector     0x0000000008000000      0x10c
                0x0000000008000000                . = ALIGN (0x4)
 *(.isr_vector)
 .isr_vector    0x0000000008000000      0x10c CMakeFiles/INA226.elf.dir/Core/Startup/startup_stm32f103c8tx.s.obj
                0x0000000008000000                g_pfnVectors
                0x000000000800010c                . = ALIGN (0x4)

.text           0x0000000008000110     0x8c48
                0x0000000008000110                . = ALIGN (0x4)
 *(.text)
 .text          0x0000000008000110       0x88 /usr/lib/gcc/arm-none-eabi/10.3.1/thumb/v7-m/nofp/crtbegin.o
 .text          0x0000000008000198      0x180 /usr/lib/gcc/arm-none-eabi/10.3.1/../../../arm-none-eabi/lib/thumb/v7-m/nofp/libm.a(lib_a-w_pow.o)
                0x0000000008000198                pow
 .text          0x0000000008000318      0xad0 /usr/lib/gcc/arm-none-eabi/10.3.1/../../../arm-none-eabi/lib/thumb/v7-m/nofp/libm.a(lib_a-e_pow.o)
                0x0000000008000318                __ieee754_pow
 .text          0x0000000008000de8      0x18c /usr/lib/gcc/arm-none-eabi/10.3.1/../../../arm-none-eabi/lib/thumb/v7-m/nofp/libm.a(lib_a-e_sqrt.o)
                0x0000000008000de8                __ieee754_sqrt
 .text          0x0000000008000f74        0x8 /usr/lib/gcc/arm-none-eabi/10.3.1/../../../arm-none-eabi/lib/thumb/v7-m/nofp/libm.a(lib_a-s_fabs.o)
                0x0000000008000f74                fabs
 .text          0x0000000008000f7c        0xc /usr/lib/gcc/arm-none-eabi/10.3.1/../../../arm-none-eabi/lib/thumb/v7-m/nofp/libm.a(lib_a-s_finite.o)
                0x0000000008000f7c                finite
 .text          0x0000000008000f88        0xc /usr/lib/gcc/arm-none-eabi/10.3.1/../../../arm-none-eabi/lib/thumb/v7-m/nofp/libm.a(lib_a-s_nan.o)
                0x0000000008000f88                nan
 .text          0x0000000008000f94      0x138 /usr/lib/gcc/arm-none-eabi/10.3.1/../../../arm-none-eabi/lib/thumb/v7-m/nofp/libm.a(lib_a-s_rint.o)
                0x0000000008000f94                rint
 *fill*         0x00000000080010cc        0x4 
 .text          0x00000000080010d0       0xfc /usr/lib/gcc/arm-none-eabi/10.3.1/../../../arm-none-eabi/lib/thumb/v7-m/nofp/libm.a(lib_a-s_scalbn.o)
                0x00000000080010d0                scalbn
 .text          0x00000000080011cc      0x378 /usr/lib/gcc/arm-none-eabi/10.3.1/thumb/v7-m/nofp/libgcc.a(_arm_addsubdf3.o)
                0x00000000080011cc                __aeabi_drsub
                0x00000000080011d4                __aeabi_dsub
                0x00000000080011d4                __subdf3
                0x00000000080011d8                __adddf3
                0x00000000080011d8                __aeabi_dadd
                0x0000000008001450                __aeabi_ui2d
                0x0000000008001450                __floatunsidf
                0x0000000008001470                __floatsidf
                0x0000000008001470                __aeabi_i2d
                0x0000000008001494                __extendsfdf2
                0x0000000008001494                __aeabi_f2d
                0x00000000080014d8                __aeabi_ul2d
                0x00000000080014d8                __floatundidf
                0x00000000080014e8                __floatdidf
                0x00000000080014e8                __aeabi_l2d
 .text          0x0000000008001544      0x424 /usr/lib/gcc/arm-none-eabi/10.3.1/thumb/v7-m/nofp/libgcc.a(_arm_muldivdf3.o)
                0x0000000008001544                __aeabi_dmul
                0x0000000008001544                __muldf3
                0x0000000008001798                __aeabi_ddiv
                0x0000000008001798                __divdf3
 .text          0x0000000008001968      0x110 /usr/lib/gcc/arm-none-eabi/10.3.1/thumb/v7-m/nofp/libgcc.a(_arm_cmpdf2.o)
                0x0000000008001968                __gtdf2
                0x0000000008001968                __gedf2
                0x0000000008001970                __ltdf2
                0x0000000008001970                __ledf2
                0x0000000008001978                __cmpdf2
                0x0000000008001978                __eqdf2
                0x0000000008001978                __nedf2
                0x00000000080019f4                __aeabi_cdrcmple
                0x0000000008001a04                __aeabi_cdcmple
                0x0000000008001a04                __aeabi_cdcmpeq
                0x0000000008001a14                __aeabi_dcmpeq
                0x0000000008001a28                __aeabi_dcmplt
                0x0000000008001a3c                __aeabi_dcmple
                0x0000000008001a50                __aeabi_dcmpge
                0x0000000008001a64                __aeabi_dcmpgt
 .text          0x0000000008001a78       0x2c /usr/lib/gcc/arm-none-eabi/10.3.1/thumb/v7-m/nofp/libgcc.a(_arm_unorddf2.o)
                0x0000000008001a78                __aeabi_dcmpun
                0x0000000008001a78                __unorddf2
 .text          0x0000000008001aa4       0x50 /usr/lib/gcc/arm-none-eabi/10.3.1/thumb/v7-m/nofp/libgcc.a(_arm_fixdfsi.o)
                0x0000000008001aa4                __fixdfsi
                0x0000000008001aa4                __aeabi_d2iz
 .text          0x0000000008001af4      0x21c /usr/lib/gcc/arm-none-eabi/10.3.1/thumb/v7-m/nofp/libgcc.a(_arm_addsubsf3.o)
                0x0000000008001af4                __aeabi_frsub
                0x0000000008001afc                __subsf3
                0x0000000008001afc                __aeabi_fsub
                0x0000000008001b00                __aeabi_fadd
                0x0000000008001b00                __addsf3
                0x0000000008001c60                __aeabi_ui2f
                0x0000000008001c60                __floatunsisf
                0x0000000008001c68                __aeabi_i2f
                0x0000000008001c68                __floatsisf
                0x0000000008001c84                __floatundisf
                0x0000000008001c84                __aeabi_ul2f
                0x0000000008001c94                __floatdisf
                0x0000000008001c94                __aeabi_l2f
 .text          0x0000000008001d10      0x2a0 /usr/lib/gcc/arm-none-eabi/10.3.1/thumb/v7-m/nofp/libgcc.a(_arm_muldivsf3.o)
                0x0000000008001d10                __mulsf3
                0x0000000008001d10                __aeabi_fmul
                0x0000000008001e78                __divsf3
                0x0000000008001e78                __aeabi_fdiv
 .text          0x0000000008001fb0       0xec /usr/lib/gcc/arm-none-eabi/10.3.1/thumb/v7-m/nofp/libgcc.a(_arm_cmpsf2.o)
                0x0000000008001fb0                __gtsf2
                0x0000000008001fb0                __gesf2
                0x0000000008001fb8                __lesf2
                0x0000000008001fb8                __ltsf2
                0x0000000008001fc0                __nesf2
                0x0000000008001fc0                __eqsf2
                0x0000000008001fc0                __cmpsf2
                0x0000000008002020                __aeabi_cfrcmple
                0x0000000008002028                __aeabi_cfcmple
                0x0000000008002028                __aeabi_cfcmpeq
                0x0000000008002038                __aeabi_fcmpeq
                0x000000000800204c                __aeabi_fcmplt
                0x0000000008002060                __aeabi_fcmple
                0x0000000008002074                __aeabi_fcmpge
                0x0000000008002088                __aeabi_fcmpgt
 .text          0x000000000800209c       0x4c /usr/lib/gcc/arm-none-eabi/10.3.1/thumb/v7-m/nofp/libgcc.a(_arm_fixsfsi.o)
                0x000000000800209c                __fixsfsi
                0x000000000800209c                __aeabi_f2iz
 .text          0x00000000080020e8      0x9e4 /usr/lib/gcc/arm-none-eabi/10.3.1/thumb/v7-m/nofp/libgcc.a(unwind-arm.o)
                0x00000000080023a8                _Unwind_GetCFA
                0x00000000080023ac                __gnu_Unwind_RaiseException
                0x0000000008002414                __gnu_Unwind_ForcedUnwind
                0x0000000008002428                __gnu_Unwind_Resume
                0x000000000800246c                __gnu_Unwind_Resume_or_Rethrow
                0x0000000008002480                _Unwind_Complete
                0x0000000008002484                _Unwind_DeleteException
                0x0000000008002490                _Unwind_VRS_Get
                0x00000000080024dc                _Unwind_VRS_Set
                0x0000000008002524                __gnu_Unwind_Backtrace
                0x000000000800284c                __aeabi_unwind_cpp_pr0
                0x0000000008002850                __aeabi_unwind_cpp_pr1
                0x0000000008002854                __aeabi_unwind_cpp_pr2
                0x0000000008002858                _Unwind_VRS_Pop
 .text          0x0000000008002acc      0x1ac /usr/lib/gcc/arm-none-eabi/10.3.1/thumb/v7-m/nofp/libgcc.a(libunwind.o)
                0x0000000008002acc                __restore_core_regs
                0x0000000008002acc                restore_core_regs
                0x0000000008002ae4                __gnu_Unwind_Restore_VFP
                0x0000000008002aec                __gnu_Unwind_Save_VFP
                0x0000000008002af4                __gnu_Unwind_Restore_VFP_D
                0x0000000008002afc                __gnu_Unwind_Save_VFP_D
                0x0000000008002b04                __gnu_Unwind_Restore_VFP_D_16_to_31
                0x0000000008002b0c                __gnu_Unwind_Save_VFP_D_16_to_31
                0x0000000008002b14                __gnu_Unwind_Restore_WMMXD
                0x0000000008002b58                __gnu_Unwind_Save_WMMXD
                0x0000000008002b9c                __gnu_Unwind_Restore_WMMXC
                0x0000000008002bb0                __gnu_Unwind_Save_WMMXC
                0x0000000008002bc4                ___Unwind_RaiseException
                0x0000000008002bc4                _Unwind_RaiseException
                0x0000000008002be8                ___Unwind_Resume
                0x0000000008002be8                _Unwind_Resume
                0x0000000008002c0c                _Unwind_Resume_or_Rethrow
                0x0000000008002c0c                ___Unwind_Resume_or_Rethrow
                0x0000000008002c30                ___Unwind_ForcedUnwind
                0x0000000008002c30                _Unwind_ForcedUnwind
                0x0000000008002c54                _Unwind_Backtrace
                0x0000000008002c54                ___Unwind_Backtrace
 .text          0x0000000008002c78      0x38c /usr/lib/gcc/arm-none-eabi/10.3.1/thumb/v7-m/nofp/libgcc.a(pr-support.o)
                0x0000000008002cd0                __gnu_unwind_execute
                0x0000000008002fb4                __gnu_unwind_frame
                0x0000000008002fe4                _Unwind_GetRegionStart
                0x0000000008002ff0                _Unwind_GetLanguageSpecificData
 .text          0x0000000008003004       0x10 /usr/lib/gcc/arm-none-eabi/10.3.1/../../../arm-none-eabi/lib/thumb/v7-m/nofp/libg.a(lib_a-abort.o)
                0x0000000008003004                abort
 .text          0x0000000008003014        0xc /usr/lib/gcc/arm-none-eabi/10.3.1/../../../arm-none-eabi/lib/thumb/v7-m/nofp/libg.a(lib_a-atexit.o)
                0x0000000008003014                atexit
 .text          0x0000000008003020        0xc /usr/lib/gcc/arm-none-eabi/10.3.1/../../../arm-none-eabi/lib/thumb/v7-m/nofp/libg.a(lib_a-errno.o)
                0x0000000008003020                __errno
 .text          0x000000000800302c       0x2c /usr/lib/gcc/arm-none-eabi/10.3.1/../../../arm-none-eabi/lib/thumb/v7-m/nofp/libg.a(lib_a-fini.o)
                0x000000000800302c                __libc_fini_array
 .text          0x0000000008003058       0x48 /usr/lib/gcc/arm-none-eabi/10.3.1/../../../arm-none-eabi/lib/thumb/v7-m/nofp/libg.a(lib_a-init.o)
                0x0000000008003058                __libc_init_array
 .text          0x00000000080030a0       0xec /usr/lib/gcc/arm-none-eabi/10.3.1/../../../arm-none-eabi/lib/thumb/v7-m/nofp/libg.a(lib_a-memcpy.o)
                0x00000000080030a0                memcpy
 .text          0x000000000800318c       0xa4 /usr/lib/gcc/arm-none-eabi/10.3.1/../../../arm-none-eabi/lib/thumb/v7-m/nofp/libg.a(lib_a-memset.o)
                0x000000000800318c                memset
 .text          0x0000000008003230      0x28c /usr/lib/gcc/arm-none-eabi/10.3.1/../../../arm-none-eabi/lib/thumb/v7-m/nofp/libg.a(lib_a-signal.o)
                0x0000000008003230                _init_signal_r
                0x0000000008003260                _signal_r
                0x00000000080032ac                _raise_r
                0x0000000008003304                __sigtramp_r
                0x000000000800336c                raise
                0x00000000080033c8                signal
                0x000000000800341c                _init_signal
                0x0000000008003454                __sigtramp
 .text          0x00000000080034bc       0x2c /usr/lib/gcc/arm-none-eabi/10.3.1/../../../arm-none-eabi/lib/thumb/v7-m/nofp/libg.a(lib_a-signalr.o)
                0x00000000080034bc                _kill_r
                0x00000000080034e4                _getpid_r
 .text          0x00000000080034e8       0x5c /usr/lib/gcc/arm-none-eabi/10.3.1/../../../arm-none-eabi/lib/thumb/v7-m/nofp/libg.a(lib_a-strlen-stub.o)
                0x00000000080034e8                strlen
 .text          0x0000000008003544       0x64 /usr/lib/gcc/arm-none-eabi/10.3.1/../../../arm-none-eabi/lib/thumb/v7-m/nofp/libg.a(lib_a-__atexit.o)
                0x0000000008003544                __register_exitproc
 .text          0x00000000080035a8      0x54c /usr/lib/gcc/arm-none-eabi/10.3.1/../../../arm-none-eabi/lib/thumb/v7-m/nofp/libg.a(lib_a-mallocr.o)
                0x00000000080035a8                _malloc_r
 .text          0x0000000008003af4        0x8 /usr/lib/gcc/arm-none-eabi/10.3.1/../../../arm-none-eabi/lib/thumb/v7-m/nofp/libg.a(lib_a-mlock.o)
                0x0000000008003af4                __malloc_lock
                0x0000000008003af8                __malloc_unlock
 .text          0x0000000008003afc       0x24 /usr/lib/gcc/arm-none-eabi/10.3.1/../../../arm-none-eabi/lib/thumb/v7-m/nofp/libg.a(lib_a-sbrkr.o)
                0x0000000008003afc                _sbrk_r
 .text          0x0000000008003b20      0x2a0 /usr/lib/gcc/arm-none-eabi/10.3.1/../../../arm-none-eabi/lib/thumb/v7-m/nofp/libg.a(lib_a-freer.o)
                0x0000000008003b20                _malloc_trim_r
                0x0000000008003bc0                _free_r
 *(.text*)
 .text.MX_CAN_Init
                0x0000000008003dc0       0x6c CMakeFiles/INA226.elf.dir/Core/Src/can.c.obj
                0x0000000008003dc0                MX_CAN_Init
 .text.HAL_CAN_MspInit
                0x0000000008003e2c       0xc8 CMakeFiles/INA226.elf.dir/Core/Src/can.c.obj
                0x0000000008003e2c                HAL_CAN_MspInit
 .text.MX_GPIO_Init
                0x0000000008003ef4       0x98 CMakeFiles/INA226.elf.dir/Core/Src/gpio.c.obj
                0x0000000008003ef4                MX_GPIO_Init
 .text.MX_I2C1_Init
                0x0000000008003f8c       0x5c CMakeFiles/INA226.elf.dir/Core/Src/i2c.c.obj
                0x0000000008003f8c                MX_I2C1_Init
 .text.HAL_I2C_MspInit
                0x0000000008003fe8       0x7c CMakeFiles/INA226.elf.dir/Core/Src/i2c.c.obj
                0x0000000008003fe8                HAL_I2C_MspInit
 .text.PVD_Config
                0x0000000008004064       0x54 CMakeFiles/INA226.elf.dir/Core/Src/main.c.obj
                0x0000000008004064                PVD_Config
 .text.main     0x00000000080040b8       0x2e CMakeFiles/INA226.elf.dir/Core/Src/main.c.obj
                0x00000000080040b8                main
 .text.SystemClock_Config
                0x00000000080040e6       0x8a CMakeFiles/INA226.elf.dir/Core/Src/main.c.obj
                0x00000000080040e6                SystemClock_Config
 .text.Error_Handler
                0x0000000008004170        0xa CMakeFiles/INA226.elf.dir/Core/Src/main.c.obj
                0x0000000008004170                Error_Handler
 *fill*         0x000000000800417a        0x2 
 .text.HAL_MspInit
                0x000000000800417c       0x74 CMakeFiles/INA226.elf.dir/Core/Src/stm32f1xx_hal_msp.c.obj
                0x000000000800417c                HAL_MspInit
 .text.NMI_Handler
                0x00000000080041f0        0x6 CMakeFiles/INA226.elf.dir/Core/Src/stm32f1xx_it.c.obj
                0x00000000080041f0                NMI_Handler
 .text.HardFault_Handler
                0x00000000080041f6        0xa CMakeFiles/INA226.elf.dir/Core/Src/stm32f1xx_it.c.obj
                0x00000000080041f6                HardFault_Handler
 .text.MemManage_Handler
                0x0000000008004200        0x6 CMakeFiles/INA226.elf.dir/Core/Src/stm32f1xx_it.c.obj
                0x0000000008004200                MemManage_Handler
 .text.BusFault_Handler
                0x0000000008004206        0x6 CMakeFiles/INA226.elf.dir/Core/Src/stm32f1xx_it.c.obj
                0x0000000008004206                BusFault_Handler
 .text.UsageFault_Handler
                0x000000000800420c        0x6 CMakeFiles/INA226.elf.dir/Core/Src/stm32f1xx_it.c.obj
                0x000000000800420c                UsageFault_Handler
 .text.SVC_Handler
                0x0000000008004212        0xc CMakeFiles/INA226.elf.dir/Core/Src/stm32f1xx_it.c.obj
                0x0000000008004212                SVC_Handler
 .text.DebugMon_Handler
                0x000000000800421e        0xc CMakeFiles/INA226.elf.dir/Core/Src/stm32f1xx_it.c.obj
                0x000000000800421e                DebugMon_Handler
 .text.PendSV_Handler
                0x000000000800422a        0xc CMakeFiles/INA226.elf.dir/Core/Src/stm32f1xx_it.c.obj
                0x000000000800422a                PendSV_Handler
 .text.SysTick_Handler
                0x0000000008004236        0xc CMakeFiles/INA226.elf.dir/Core/Src/stm32f1xx_it.c.obj
                0x0000000008004236                SysTick_Handler
 .text.PVD_IRQHandler
                0x0000000008004242        0xc CMakeFiles/INA226.elf.dir/Core/Src/stm32f1xx_it.c.obj
                0x0000000008004242                PVD_IRQHandler
 *fill*         0x000000000800424e        0x2 
 .text.USB_HP_CAN1_TX_IRQHandler
                0x0000000008004250       0x14 CMakeFiles/INA226.elf.dir/Core/Src/stm32f1xx_it.c.obj
                0x0000000008004250                USB_HP_CAN1_TX_IRQHandler
 .text.USB_LP_CAN1_RX0_IRQHandler
                0x0000000008004264       0x14 CMakeFiles/INA226.elf.dir/Core/Src/stm32f1xx_it.c.obj
                0x0000000008004264                USB_LP_CAN1_RX0_IRQHandler
 .text.CAN1_RX1_IRQHandler
                0x0000000008004278       0x14 CMakeFiles/INA226.elf.dir/Core/Src/stm32f1xx_it.c.obj
                0x0000000008004278                CAN1_RX1_IRQHandler
 .text.TIM2_IRQHandler
                0x000000000800428c       0x14 CMakeFiles/INA226.elf.dir/Core/Src/stm32f1xx_it.c.obj
                0x000000000800428c                TIM2_IRQHandler
 .text.USART1_IRQHandler
                0x00000000080042a0       0x14 CMakeFiles/INA226.elf.dir/Core/Src/stm32f1xx_it.c.obj
                0x00000000080042a0                USART1_IRQHandler
 .text._getpid  0x00000000080042b4        0xe CMakeFiles/INA226.elf.dir/Core/Src/syscalls.c.obj
                0x00000000080042b4                _getpid
 .text._kill    0x00000000080042c2       0x20 CMakeFiles/INA226.elf.dir/Core/Src/syscalls.c.obj
                0x00000000080042c2                _kill
 .text._exit    0x00000000080042e2       0x14 CMakeFiles/INA226.elf.dir/Core/Src/syscalls.c.obj
                0x00000000080042e2                _exit
 *fill*         0x00000000080042f6        0x2 
 .text._sbrk    0x00000000080042f8       0x6c CMakeFiles/INA226.elf.dir/Core/Src/sysmem.c.obj
                0x00000000080042f8                _sbrk
 .text.SystemInit
                0x0000000008004364        0xc CMakeFiles/INA226.elf.dir/Core/Src/system_stm32f1xx.c.obj
                0x0000000008004364                SystemInit
 .text.MX_TIM2_Init
                0x0000000008004370       0x98 CMakeFiles/INA226.elf.dir/Core/Src/tim.c.obj
                0x0000000008004370                MX_TIM2_Init
 .text.HAL_TIM_Base_MspInit
                0x0000000008004408       0x48 CMakeFiles/INA226.elf.dir/Core/Src/tim.c.obj
                0x0000000008004408                HAL_TIM_Base_MspInit
 .text.MX_USART1_UART_Init
                0x0000000008004450       0x54 CMakeFiles/INA226.elf.dir/Core/Src/usart.c.obj
                0x0000000008004450                MX_USART1_UART_Init
 .text.HAL_UART_MspInit
                0x00000000080044a4       0xa8 CMakeFiles/INA226.elf.dir/Core/Src/usart.c.obj
                0x00000000080044a4                HAL_UART_MspInit
 .text.Reset_Handler
                0x000000000800454c       0x48 CMakeFiles/INA226.elf.dir/Core/Startup/startup_stm32f103c8tx.s.obj
                0x000000000800454c                Reset_Handler
 .text.Default_Handler
                0x0000000008004594        0x2 CMakeFiles/INA226.elf.dir/Core/Startup/startup_stm32f103c8tx.s.obj
                0x0000000008004594                RTC_Alarm_IRQHandler
                0x0000000008004594                EXTI2_IRQHandler
                0x0000000008004594                TIM1_CC_IRQHandler
                0x0000000008004594                EXTI3_IRQHandler
                0x0000000008004594                EXTI0_IRQHandler
                0x0000000008004594                I2C2_EV_IRQHandler
                0x0000000008004594                ADC1_2_IRQHandler
                0x0000000008004594                SPI1_IRQHandler
                0x0000000008004594                TAMPER_IRQHandler
                0x0000000008004594                DMA1_Channel4_IRQHandler
                0x0000000008004594                USART3_IRQHandler
                0x0000000008004594                RTC_IRQHandler
                0x0000000008004594                DMA1_Channel7_IRQHandler
                0x0000000008004594                TIM4_IRQHandler
                0x0000000008004594                I2C1_EV_IRQHandler
                0x0000000008004594                DMA1_Channel6_IRQHandler
                0x0000000008004594                TIM3_IRQHandler
                0x0000000008004594                RCC_IRQHandler
                0x0000000008004594                TIM1_TRG_COM_IRQHandler
                0x0000000008004594                DMA1_Channel1_IRQHandler
                0x0000000008004594                Default_Handler
                0x0000000008004594                EXTI15_10_IRQHandler
                0x0000000008004594                EXTI9_5_IRQHandler
                0x0000000008004594                SPI2_IRQHandler
                0x0000000008004594                DMA1_Channel5_IRQHandler
                0x0000000008004594                EXTI4_IRQHandler
                0x0000000008004594                DMA1_Channel3_IRQHandler
                0x0000000008004594                TIM1_UP_IRQHandler
                0x0000000008004594                WWDG_IRQHandler
                0x0000000008004594                TIM1_BRK_IRQHandler
                0x0000000008004594                EXTI1_IRQHandler
                0x0000000008004594                USART2_IRQHandler
                0x0000000008004594                I2C2_ER_IRQHandler
                0x0000000008004594                DMA1_Channel2_IRQHandler
                0x0000000008004594                CAN1_SCE_IRQHandler
                0x0000000008004594                FLASH_IRQHandler
                0x0000000008004594                I2C1_ER_IRQHandler
                0x0000000008004594                USBWakeUp_IRQHandler
 *fill*         0x0000000008004596        0x2 
 .text.HAL_Init
                0x0000000008004598       0x2c CMakeFiles/INA226.elf.dir/Drivers/STM32F1xx_HAL_Driver/Src/stm32f1xx_hal.c.obj
                0x0000000008004598                HAL_Init
 .text.HAL_InitTick
                0x00000000080045c4       0x60 CMakeFiles/INA226.elf.dir/Drivers/STM32F1xx_HAL_Driver/Src/stm32f1xx_hal.c.obj
                0x00000000080045c4                HAL_InitTick
 .text.HAL_IncTick
                0x0000000008004624       0x24 CMakeFiles/INA226.elf.dir/Drivers/STM32F1xx_HAL_Driver/Src/stm32f1xx_hal.c.obj
                0x0000000008004624                HAL_IncTick
 .text.HAL_GetTick
                0x0000000008004648       0x14 CMakeFiles/INA226.elf.dir/Drivers/STM32F1xx_HAL_Driver/Src/stm32f1xx_hal.c.obj
                0x0000000008004648                HAL_GetTick
 .text.HAL_CAN_Init
                0x000000000800465c      0x1f6 CMakeFiles/INA226.elf.dir/Drivers/STM32F1xx_HAL_Driver/Src/stm32f1xx_hal_can.c.obj
                0x000000000800465c                HAL_CAN_Init
 .text.HAL_CAN_ConfigFilter
                0x0000000008004852      0x192 CMakeFiles/INA226.elf.dir/Drivers/STM32F1xx_HAL_Driver/Src/stm32f1xx_hal_can.c.obj
                0x0000000008004852                HAL_CAN_ConfigFilter
 .text.HAL_CAN_Start
                0x00000000080049e4       0x88 CMakeFiles/INA226.elf.dir/Drivers/STM32F1xx_HAL_Driver/Src/stm32f1xx_hal_can.c.obj
                0x00000000080049e4                HAL_CAN_Start
 .text.HAL_CAN_AddTxMessage
                0x0000000008004a6c      0x19e CMakeFiles/INA226.elf.dir/Drivers/STM32F1xx_HAL_Driver/Src/stm32f1xx_hal_can.c.obj
                0x0000000008004a6c                HAL_CAN_AddTxMessage
 .text.HAL_CAN_GetRxMessage
                0x0000000008004c0a      0x242 CMakeFiles/INA226.elf.dir/Drivers/STM32F1xx_HAL_Driver/Src/stm32f1xx_hal_can.c.obj
                0x0000000008004c0a                HAL_CAN_GetRxMessage
 .text.HAL_CAN_ActivateNotification
                0x0000000008004e4c       0x4a CMakeFiles/INA226.elf.dir/Drivers/STM32F1xx_HAL_Driver/Src/stm32f1xx_hal_can.c.obj
                0x0000000008004e4c                HAL_CAN_ActivateNotification
 .text.HAL_CAN_IRQHandler
                0x0000000008004e96      0x36e CMakeFiles/INA226.elf.dir/Drivers/STM32F1xx_HAL_Driver/Src/stm32f1xx_hal_can.c.obj
                0x0000000008004e96                HAL_CAN_IRQHandler
 .text.HAL_CAN_TxMailbox0CompleteCallback
                0x0000000008005204       0x12 CMakeFiles/INA226.elf.dir/Drivers/STM32F1xx_HAL_Driver/Src/stm32f1xx_hal_can.c.obj
                0x0000000008005204                HAL_CAN_TxMailbox0CompleteCallback
 .text.HAL_CAN_TxMailbox1CompleteCallback
                0x0000000008005216       0x12 CMakeFiles/INA226.elf.dir/Drivers/STM32F1xx_HAL_Driver/Src/stm32f1xx_hal_can.c.obj
                0x0000000008005216                HAL_CAN_TxMailbox1CompleteCallback
 .text.HAL_CAN_TxMailbox2CompleteCallback
                0x0000000008005228       0x12 CMakeFiles/INA226.elf.dir/Drivers/STM32F1xx_HAL_Driver/Src/stm32f1xx_hal_can.c.obj
                0x0000000008005228                HAL_CAN_TxMailbox2CompleteCallback
 .text.HAL_CAN_TxMailbox0AbortCallback
                0x000000000800523a       0x12 CMakeFiles/INA226.elf.dir/Drivers/STM32F1xx_HAL_Driver/Src/stm32f1xx_hal_can.c.obj
                0x000000000800523a                HAL_CAN_TxMailbox0AbortCallback
 .text.HAL_CAN_TxMailbox1AbortCallback
                0x000000000800524c       0x12 CMakeFiles/INA226.elf.dir/Drivers/STM32F1xx_HAL_Driver/Src/stm32f1xx_hal_can.c.obj
                0x000000000800524c                HAL_CAN_TxMailbox1AbortCallback
 .text.HAL_CAN_TxMailbox2AbortCallback
                0x000000000800525e       0x12 CMakeFiles/INA226.elf.dir/Drivers/STM32F1xx_HAL_Driver/Src/stm32f1xx_hal_can.c.obj
                0x000000000800525e                HAL_CAN_TxMailbox2AbortCallback
 .text.HAL_CAN_RxFifo0FullCallback
                0x0000000008005270       0x12 CMakeFiles/INA226.elf.dir/Drivers/STM32F1xx_HAL_Driver/Src/stm32f1xx_hal_can.c.obj
                0x0000000008005270                HAL_CAN_RxFifo0FullCallback
 .text.HAL_CAN_RxFifo1MsgPendingCallback
                0x0000000008005282       0x12 CMakeFiles/INA226.elf.dir/Drivers/STM32F1xx_HAL_Driver/Src/stm32f1xx_hal_can.c.obj
                0x0000000008005282                HAL_CAN_RxFifo1MsgPendingCallback
 .text.HAL_CAN_RxFifo1FullCallback
                0x0000000008005294       0x12 CMakeFiles/INA226.elf.dir/Drivers/STM32F1xx_HAL_Driver/Src/stm32f1xx_hal_can.c.obj
                0x0000000008005294                HAL_CAN_RxFifo1FullCallback
 .text.HAL_CAN_SleepCallback
                0x00000000080052a6       0x12 CMakeFiles/INA226.elf.dir/Drivers/STM32F1xx_HAL_Driver/Src/stm32f1xx_hal_can.c.obj
                0x00000000080052a6                HAL_CAN_SleepCallback
 .text.HAL_CAN_WakeUpFromRxMsgCallback
                0x00000000080052b8       0x12 CMakeFiles/INA226.elf.dir/Drivers/STM32F1xx_HAL_Driver/Src/stm32f1xx_hal_can.c.obj
                0x00000000080052b8                HAL_CAN_WakeUpFromRxMsgCallback
 .text.HAL_CAN_ErrorCallback
                0x00000000080052ca       0x12 CMakeFiles/INA226.elf.dir/Drivers/STM32F1xx_HAL_Driver/Src/stm32f1xx_hal_can.c.obj
                0x00000000080052ca                HAL_CAN_ErrorCallback
 .text.HAL_CAN_GetError
                0x00000000080052dc       0x16 CMakeFiles/INA226.elf.dir/Drivers/STM32F1xx_HAL_Driver/Src/stm32f1xx_hal_can.c.obj
                0x00000000080052dc                HAL_CAN_GetError
 *fill*         0x00000000080052f2        0x2 
 .text.__NVIC_SetPriorityGrouping
                0x00000000080052f4       0x48 CMakeFiles/INA226.elf.dir/Drivers/STM32F1xx_HAL_Driver/Src/stm32f1xx_hal_cortex.c.obj
 .text.__NVIC_GetPriorityGrouping
                0x000000000800533c       0x1c CMakeFiles/INA226.elf.dir/Drivers/STM32F1xx_HAL_Driver/Src/stm32f1xx_hal_cortex.c.obj
 .text.__NVIC_EnableIRQ
                0x0000000008005358       0x38 CMakeFiles/INA226.elf.dir/Drivers/STM32F1xx_HAL_Driver/Src/stm32f1xx_hal_cortex.c.obj
 .text.__NVIC_SetPriority
                0x0000000008005390       0x54 CMakeFiles/INA226.elf.dir/Drivers/STM32F1xx_HAL_Driver/Src/stm32f1xx_hal_cortex.c.obj
 .text.NVIC_EncodePriority
                0x00000000080053e4       0x64 CMakeFiles/INA226.elf.dir/Drivers/STM32F1xx_HAL_Driver/Src/stm32f1xx_hal_cortex.c.obj
 .text.__NVIC_SystemReset
                0x0000000008005448       0x2c CMakeFiles/INA226.elf.dir/Drivers/STM32F1xx_HAL_Driver/Src/stm32f1xx_hal_cortex.c.obj
 .text.SysTick_Config
                0x0000000008005474       0x44 CMakeFiles/INA226.elf.dir/Drivers/STM32F1xx_HAL_Driver/Src/stm32f1xx_hal_cortex.c.obj
 .text.HAL_NVIC_SetPriorityGrouping
                0x00000000080054b8       0x16 CMakeFiles/INA226.elf.dir/Drivers/STM32F1xx_HAL_Driver/Src/stm32f1xx_hal_cortex.c.obj
                0x00000000080054b8                HAL_NVIC_SetPriorityGrouping
 .text.HAL_NVIC_SetPriority
                0x00000000080054ce       0x38 CMakeFiles/INA226.elf.dir/Drivers/STM32F1xx_HAL_Driver/Src/stm32f1xx_hal_cortex.c.obj
                0x00000000080054ce                HAL_NVIC_SetPriority
 .text.HAL_NVIC_EnableIRQ
                0x0000000008005506       0x1c CMakeFiles/INA226.elf.dir/Drivers/STM32F1xx_HAL_Driver/Src/stm32f1xx_hal_cortex.c.obj
                0x0000000008005506                HAL_NVIC_EnableIRQ
 .text.HAL_NVIC_SystemReset
                0x0000000008005522        0x8 CMakeFiles/INA226.elf.dir/Drivers/STM32F1xx_HAL_Driver/Src/stm32f1xx_hal_cortex.c.obj
                0x0000000008005522                HAL_NVIC_SystemReset
 .text.HAL_SYSTICK_Config
                0x000000000800552a       0x18 CMakeFiles/INA226.elf.dir/Drivers/STM32F1xx_HAL_Driver/Src/stm32f1xx_hal_cortex.c.obj
                0x000000000800552a                HAL_SYSTICK_Config
 .text.HAL_DMA_Abort
                0x0000000008005542       0x76 CMakeFiles/INA226.elf.dir/Drivers/STM32F1xx_HAL_Driver/Src/stm32f1xx_hal_dma.c.obj
                0x0000000008005542                HAL_DMA_Abort
 .text.HAL_DMA_Abort_IT
                0x00000000080055b8       0xf0 CMakeFiles/INA226.elf.dir/Drivers/STM32F1xx_HAL_Driver/Src/stm32f1xx_hal_dma.c.obj
                0x00000000080055b8                HAL_DMA_Abort_IT
 .text.HAL_GPIO_Init
                0x00000000080056a8      0x308 CMakeFiles/INA226.elf.dir/Drivers/STM32F1xx_HAL_Driver/Src/stm32f1xx_hal_gpio.c.obj
                0x00000000080056a8                HAL_GPIO_Init
 .text.HAL_GPIO_WritePin
                0x00000000080059b0       0x30 CMakeFiles/INA226.elf.dir/Drivers/STM32F1xx_HAL_Driver/Src/stm32f1xx_hal_gpio.c.obj
                0x00000000080059b0                HAL_GPIO_WritePin
 .text.HAL_GPIO_TogglePin
                0x00000000080059e0       0x32 CMakeFiles/INA226.elf.dir/Drivers/STM32F1xx_HAL_Driver/Src/stm32f1xx_hal_gpio.c.obj
                0x00000000080059e0                HAL_GPIO_TogglePin
 *fill*         0x0000000008005a12        0x2 
 .text.HAL_I2C_Init
                0x0000000008005a14      0x288 CMakeFiles/INA226.elf.dir/Drivers/STM32F1xx_HAL_Driver/Src/stm32f1xx_hal_i2c.c.obj
                0x0000000008005a14                HAL_I2C_Init
 .text.HAL_I2C_Master_Transmit
                0x0000000008005c9c      0x1fc CMakeFiles/INA226.elf.dir/Drivers/STM32F1xx_HAL_Driver/Src/stm32f1xx_hal_i2c.c.obj
                0x0000000008005c9c                HAL_I2C_Master_Transmit
 .text.HAL_I2C_Master_Receive
                0x0000000008005e98      0x4d8 CMakeFiles/INA226.elf.dir/Drivers/STM32F1xx_HAL_Driver/Src/stm32f1xx_hal_i2c.c.obj
                0x0000000008005e98                HAL_I2C_Master_Receive
 .text.I2C_MasterRequestWrite
                0x0000000008006370      0x104 CMakeFiles/INA226.elf.dir/Drivers/STM32F1xx_HAL_Driver/Src/stm32f1xx_hal_i2c.c.obj
 .text.I2C_MasterRequestRead
                0x0000000008006474      0x19c CMakeFiles/INA226.elf.dir/Drivers/STM32F1xx_HAL_Driver/Src/stm32f1xx_hal_i2c.c.obj
 .text.I2C_WaitOnFlagUntilTimeout
                0x0000000008006610       0xf4 CMakeFiles/INA226.elf.dir/Drivers/STM32F1xx_HAL_Driver/Src/stm32f1xx_hal_i2c.c.obj
 .text.I2C_WaitOnMasterAddressFlagUntilTimeout
                0x0000000008006704      0x140 CMakeFiles/INA226.elf.dir/Drivers/STM32F1xx_HAL_Driver/Src/stm32f1xx_hal_i2c.c.obj
 .text.I2C_WaitOnTXEFlagUntilTimeout
                0x0000000008006844       0x90 CMakeFiles/INA226.elf.dir/Drivers/STM32F1xx_HAL_Driver/Src/stm32f1xx_hal_i2c.c.obj
 .text.I2C_WaitOnBTFFlagUntilTimeout
                0x00000000080068d4       0x90 CMakeFiles/INA226.elf.dir/Drivers/STM32F1xx_HAL_Driver/Src/stm32f1xx_hal_i2c.c.obj
 .text.I2C_WaitOnRXNEFlagUntilTimeout
                0x0000000008006964       0xba CMakeFiles/INA226.elf.dir/Drivers/STM32F1xx_HAL_Driver/Src/stm32f1xx_hal_i2c.c.obj
 .text.I2C_IsAcknowledgeFailed
                0x0000000008006a1e       0x5c CMakeFiles/INA226.elf.dir/Drivers/STM32F1xx_HAL_Driver/Src/stm32f1xx_hal_i2c.c.obj
 *fill*         0x0000000008006a7a        0x2 
 .text.HAL_PWR_ConfigPVD
                0x0000000008006a7c       0xbc CMakeFiles/INA226.elf.dir/Drivers/STM32F1xx_HAL_Driver/Src/stm32f1xx_hal_pwr.c.obj
                0x0000000008006a7c                HAL_PWR_ConfigPVD
 .text.HAL_PWR_EnablePVD
                0x0000000008006b38       0x18 CMakeFiles/INA226.elf.dir/Drivers/STM32F1xx_HAL_Driver/Src/stm32f1xx_hal_pwr.c.obj
                0x0000000008006b38                HAL_PWR_EnablePVD
 .text.HAL_PWR_PVD_IRQHandler
                0x0000000008006b50       0x24 CMakeFiles/INA226.elf.dir/Drivers/STM32F1xx_HAL_Driver/Src/stm32f1xx_hal_pwr.c.obj
                0x0000000008006b50                HAL_PWR_PVD_IRQHandler
 .text.HAL_RCC_OscConfig
                0x0000000008006b74      0x504 CMakeFiles/INA226.elf.dir/Drivers/STM32F1xx_HAL_Driver/Src/stm32f1xx_hal_rcc.c.obj
                0x0000000008006b74                HAL_RCC_OscConfig
 .text.HAL_RCC_ClockConfig
                0x0000000008007078      0x1d4 CMakeFiles/INA226.elf.dir/Drivers/STM32F1xx_HAL_Driver/Src/stm32f1xx_hal_rcc.c.obj
                0x0000000008007078                HAL_RCC_ClockConfig
 .text.HAL_RCC_GetSysClockFreq
                0x000000000800724c       0xa8 CMakeFiles/INA226.elf.dir/Drivers/STM32F1xx_HAL_Driver/Src/stm32f1xx_hal_rcc.c.obj
                0x000000000800724c                HAL_RCC_GetSysClockFreq
 .text.HAL_RCC_GetHCLKFreq
                0x00000000080072f4       0x14 CMakeFiles/INA226.elf.dir/Drivers/STM32F1xx_HAL_Driver/Src/stm32f1xx_hal_rcc.c.obj
                0x00000000080072f4                HAL_RCC_GetHCLKFreq
 .text.HAL_RCC_GetPCLK1Freq
                0x0000000008007308       0x28 CMakeFiles/INA226.elf.dir/Drivers/STM32F1xx_HAL_Driver/Src/stm32f1xx_hal_rcc.c.obj
                0x0000000008007308                HAL_RCC_GetPCLK1Freq
 .text.HAL_RCC_GetPCLK2Freq
                0x0000000008007330       0x28 CMakeFiles/INA226.elf.dir/Drivers/STM32F1xx_HAL_Driver/Src/stm32f1xx_hal_rcc.c.obj
                0x0000000008007330                HAL_RCC_GetPCLK2Freq
 .text.RCC_Delay
                0x0000000008007358       0x3c CMakeFiles/INA226.elf.dir/Drivers/STM32F1xx_HAL_Driver/Src/stm32f1xx_hal_rcc.c.obj
 .text.HAL_TIM_Base_Init
                0x0000000008007394       0x9e CMakeFiles/INA226.elf.dir/Drivers/STM32F1xx_HAL_Driver/Src/stm32f1xx_hal_tim.c.obj
                0x0000000008007394                HAL_TIM_Base_Init
 *fill*         0x0000000008007432        0x2 
 .text.HAL_TIM_Base_Start_IT
                0x0000000008007434       0xa4 CMakeFiles/INA226.elf.dir/Drivers/STM32F1xx_HAL_Driver/Src/stm32f1xx_hal_tim.c.obj
                0x0000000008007434                HAL_TIM_Base_Start_IT
 .text.HAL_TIM_IRQHandler
                0x00000000080074d8      0x210 CMakeFiles/INA226.elf.dir/Drivers/STM32F1xx_HAL_Driver/Src/stm32f1xx_hal_tim.c.obj
                0x00000000080074d8                HAL_TIM_IRQHandler
 .text.HAL_TIM_ConfigClockSource
                0x00000000080076e8      0x18e CMakeFiles/INA226.elf.dir/Drivers/STM32F1xx_HAL_Driver/Src/stm32f1xx_hal_tim.c.obj
                0x00000000080076e8                HAL_TIM_ConfigClockSource
 .text.HAL_TIM_OC_DelayElapsedCallback
                0x0000000008007876       0x12 CMakeFiles/INA226.elf.dir/Drivers/STM32F1xx_HAL_Driver/Src/stm32f1xx_hal_tim.c.obj
                0x0000000008007876                HAL_TIM_OC_DelayElapsedCallback
 .text.HAL_TIM_IC_CaptureCallback
                0x0000000008007888       0x12 CMakeFiles/INA226.elf.dir/Drivers/STM32F1xx_HAL_Driver/Src/stm32f1xx_hal_tim.c.obj
                0x0000000008007888                HAL_TIM_IC_CaptureCallback
 .text.HAL_TIM_PWM_PulseFinishedCallback
                0x000000000800789a       0x12 CMakeFiles/INA226.elf.dir/Drivers/STM32F1xx_HAL_Driver/Src/stm32f1xx_hal_tim.c.obj
                0x000000000800789a                HAL_TIM_PWM_PulseFinishedCallback
 .text.HAL_TIM_TriggerCallback
                0x00000000080078ac       0x12 CMakeFiles/INA226.elf.dir/Drivers/STM32F1xx_HAL_Driver/Src/stm32f1xx_hal_tim.c.obj
                0x00000000080078ac                HAL_TIM_TriggerCallback
 *fill*         0x00000000080078be        0x2 
 .text.TIM_Base_SetConfig
                0x00000000080078c0       0xc4 CMakeFiles/INA226.elf.dir/Drivers/STM32F1xx_HAL_Driver/Src/stm32f1xx_hal_tim.c.obj
                0x00000000080078c0                TIM_Base_SetConfig
 .text.TIM_TI1_ConfigInputStage
                0x0000000008007984       0x5c CMakeFiles/INA226.elf.dir/Drivers/STM32F1xx_HAL_Driver/Src/stm32f1xx_hal_tim.c.obj
 .text.TIM_TI2_ConfigInputStage
                0x00000000080079e0       0x5e CMakeFiles/INA226.elf.dir/Drivers/STM32F1xx_HAL_Driver/Src/stm32f1xx_hal_tim.c.obj
 .text.TIM_ITRx_SetConfig
                0x0000000008007a3e       0x34 CMakeFiles/INA226.elf.dir/Drivers/STM32F1xx_HAL_Driver/Src/stm32f1xx_hal_tim.c.obj
 .text.TIM_ETR_SetConfig
                0x0000000008007a72       0x3e CMakeFiles/INA226.elf.dir/Drivers/STM32F1xx_HAL_Driver/Src/stm32f1xx_hal_tim.c.obj
                0x0000000008007a72                TIM_ETR_SetConfig
 .text.HAL_TIMEx_MasterConfigSynchronization
                0x0000000008007ab0       0xbc CMakeFiles/INA226.elf.dir/Drivers/STM32F1xx_HAL_Driver/Src/stm32f1xx_hal_tim_ex.c.obj
                0x0000000008007ab0                HAL_TIMEx_MasterConfigSynchronization
 .text.HAL_TIMEx_CommutCallback
                0x0000000008007b6c       0x12 CMakeFiles/INA226.elf.dir/Drivers/STM32F1xx_HAL_Driver/Src/stm32f1xx_hal_tim_ex.c.obj
                0x0000000008007b6c                HAL_TIMEx_CommutCallback
 .text.HAL_TIMEx_BreakCallback
                0x0000000008007b7e       0x12 CMakeFiles/INA226.elf.dir/Drivers/STM32F1xx_HAL_Driver/Src/stm32f1xx_hal_tim_ex.c.obj
                0x0000000008007b7e                HAL_TIMEx_BreakCallback
 .text.HAL_UART_Init
                0x0000000008007b90       0xa0 CMakeFiles/INA226.elf.dir/Drivers/STM32F1xx_HAL_Driver/Src/stm32f1xx_hal_uart.c.obj
                0x0000000008007b90                HAL_UART_Init
 .text.HAL_UART_Transmit_IT
                0x0000000008007c30       0x6a CMakeFiles/INA226.elf.dir/Drivers/STM32F1xx_HAL_Driver/Src/stm32f1xx_hal_uart.c.obj
                0x0000000008007c30                HAL_UART_Transmit_IT
 *fill*         0x0000000008007c9a        0x2 
 .text.HAL_UART_IRQHandler
                0x0000000008007c9c      0x524 CMakeFiles/INA226.elf.dir/Drivers/STM32F1xx_HAL_Driver/Src/stm32f1xx_hal_uart.c.obj
                0x0000000008007c9c                HAL_UART_IRQHandler
 .text.HAL_UART_TxCpltCallback
                0x00000000080081c0       0x12 CMakeFiles/INA226.elf.dir/Drivers/STM32F1xx_HAL_Driver/Src/stm32f1xx_hal_uart.c.obj
                0x00000000080081c0                HAL_UART_TxCpltCallback
 .text.HAL_UART_RxCpltCallback
                0x00000000080081d2       0x12 CMakeFiles/INA226.elf.dir/Drivers/STM32F1xx_HAL_Driver/Src/stm32f1xx_hal_uart.c.obj
                0x00000000080081d2                HAL_UART_RxCpltCallback
 .text.HAL_UART_ErrorCallback
                0x00000000080081e4       0x12 CMakeFiles/INA226.elf.dir/Drivers/STM32F1xx_HAL_Driver/Src/stm32f1xx_hal_uart.c.obj
                0x00000000080081e4                HAL_UART_ErrorCallback
 .text.HAL_UARTEx_RxEventCallback
                0x00000000080081f6       0x16 CMakeFiles/INA226.elf.dir/Drivers/STM32F1xx_HAL_Driver/Src/stm32f1xx_hal_uart.c.obj
                0x00000000080081f6                HAL_UARTEx_RxEventCallback
 .text.UART_EndRxTransfer
                0x000000000800820c       0xc4 CMakeFiles/INA226.elf.dir/Drivers/STM32F1xx_HAL_Driver/Src/stm32f1xx_hal_uart.c.obj
 .text.UART_DMAAbortOnError
                0x00000000080082d0       0x28 CMakeFiles/INA226.elf.dir/Drivers/STM32F1xx_HAL_Driver/Src/stm32f1xx_hal_uart.c.obj
 .text.UART_Transmit_IT
                0x00000000080082f8       0x9e CMakeFiles/INA226.elf.dir/Drivers/STM32F1xx_HAL_Driver/Src/stm32f1xx_hal_uart.c.obj
 .text.UART_EndTransmit_IT
                0x0000000008008396       0x30 CMakeFiles/INA226.elf.dir/Drivers/STM32F1xx_HAL_Driver/Src/stm32f1xx_hal_uart.c.obj
 .text.UART_Receive_IT
                0x00000000080083c6      0x17c CMakeFiles/INA226.elf.dir/Drivers/STM32F1xx_HAL_Driver/Src/stm32f1xx_hal_uart.c.obj
 *fill*         0x0000000008008542        0x2 
 .text.UART_SetConfig
                0x0000000008008544      0x11c CMakeFiles/INA226.elf.dir/Drivers/STM32F1xx_HAL_Driver/Src/stm32f1xx_hal_uart.c.obj
 .text._Z8CAN_Initv
                0x0000000008008660       0x1c CMakeFiles/INA226.elf.dir/User/can/user_can.cpp.obj
                0x0000000008008660                CAN_Init()
 .text._Z22CAN_Filter_Mask_Confighmm
                0x000000000800867c       0xa4 CMakeFiles/INA226.elf.dir/User/can/user_can.cpp.obj
                0x000000000800867c                CAN_Filter_Mask_Config(unsigned char, unsigned long, unsigned long)
 .text.HAL_CAN_RxFifo0MsgPendingCallback
                0x0000000008008720       0x2c CMakeFiles/INA226.elf.dir/User/can/user_can.cpp.obj
                0x0000000008008720                HAL_CAN_RxFifo0MsgPendingCallback
 .text._Z17My_CAN_RxCallbackP20Struct_CAN_Rx_Buffer
                0x000000000800874c       0x12 CMakeFiles/INA226.elf.dir/User/can/user_can.cpp.obj
                0x000000000800874c                My_CAN_RxCallback(Struct_CAN_Rx_Buffer*)
 *fill*         0x000000000800875e        0x2 
 .text._Z11INA226_initv
                0x0000000008008760       0x20 CMakeFiles/INA226.elf.dir/User/ina226/ina226.cpp.obj
                0x0000000008008760                INA226_init()
 .text._Z14INA226_GetBusVv
                0x0000000008008780       0x34 CMakeFiles/INA226.elf.dir/User/ina226/ina226.cpp.obj
                0x0000000008008780                INA226_GetBusV()
 .text._Z17INA226_GetCurrentv
                0x00000000080087b4       0x6c CMakeFiles/INA226.elf.dir/User/ina226/ina226.cpp.obj
                0x00000000080087b4                INA226_GetCurrent()
 .text._Z16INA226_SetConfigt
                0x0000000008008820       0x40 CMakeFiles/INA226.elf.dir/User/ina226/ina226.cpp.obj
                0x0000000008008820                INA226_SetConfig(unsigned short)
 .text._Z17INA226_GetBusVRegv
                0x0000000008008860       0x5c CMakeFiles/INA226.elf.dir/User/ina226/ina226.cpp.obj
                0x0000000008008860                INA226_GetBusVReg()
 .text._Z24INA226_SetCalibrationRegt
                0x00000000080088bc       0x40 CMakeFiles/INA226.elf.dir/User/ina226/ina226.cpp.obj
                0x00000000080088bc                INA226_SetCalibrationReg(unsigned short)
 .text._Z20INA226_GetCurrentRegv
                0x00000000080088fc       0x5c CMakeFiles/INA226.elf.dir/User/ina226/ina226.cpp.obj
                0x00000000080088fc                INA226_GetCurrentReg()
 .text.HAL_PWR_PVDCallback
                0x0000000008008958       0x18 CMakeFiles/INA226.elf.dir/User/main/usr_main.cpp.obj
                0x0000000008008958                HAL_PWR_PVDCallback
 .text._Z13sendDataByCANv
                0x0000000008008970       0x58 CMakeFiles/INA226.elf.dir/User/main/usr_main.cpp.obj
                0x0000000008008970                sendDataByCAN()
 .text._Z15float_to_stringfPci
                0x00000000080089c8      0x178 CMakeFiles/INA226.elf.dir/User/main/usr_main.cpp.obj
                0x00000000080089c8                float_to_string(float, char*, int)
 .text._Z14sendDataByUARTv
                0x0000000008008b40       0xa0 CMakeFiles/INA226.elf.dir/User/main/usr_main.cpp.obj
                0x0000000008008b40                sendDataByUART()
 .text.HAL_TIM_PeriodElapsedCallback
                0x0000000008008be0       0xa0 CMakeFiles/INA226.elf.dir/User/main/usr_main.cpp.obj
                0x0000000008008be0                HAL_TIM_PeriodElapsedCallback
 .text.User_Setup
                0x0000000008008c80       0x24 CMakeFiles/INA226.elf.dir/User/main/usr_main.cpp.obj
                0x0000000008008c80                User_Setup
 .text.User_Loop
                0x0000000008008ca4       0x40 CMakeFiles/INA226.elf.dir/User/main/usr_main.cpp.obj
                0x0000000008008ca4                User_Loop
 .text._ZSt3powIiiEN9__gnu_cxx11__promote_2IT_T0_NS0_9__promoteIS2_XsrSt12__is_integerIS2_E7__valueEE6__typeENS4_IS3_XsrS5_IS3_E7__valueEE6__typeEE6__typeES2_S3_
                0x0000000008008ce4       0x34 CMakeFiles/INA226.elf.dir/User/main/usr_main.cpp.obj
                0x0000000008008ce4                __gnu_cxx::__promote_2<int, int, __gnu_cxx::__promote<int, std::__is_integer<int>::__value>::__type, __gnu_cxx::__promote<int, std::__is_integer<int>::__value>::__type>::__type std::pow<int, int>(int, int)
 .text._ZSt4sizeIcLj100EEjRAT0__KT_
                0x0000000008008d18       0x14 CMakeFiles/INA226.elf.dir/User/main/usr_main.cpp.obj
                0x0000000008008d18                unsigned int std::size<char, 100u>(char const (&) [100u])
 .text.startup  0x0000000008008d2c       0x14 /usr/lib/gcc/arm-none-eabi/10.3.1/../../../arm-none-eabi/lib/thumb/v7-m/nofp/libg.a(lib_a-__call_atexit.o)
 *(.glue_7)
 .glue_7        0x0000000008008d40        0x0 linker stubs
 *(.glue_7t)
 .glue_7t       0x0000000008008d40        0x0 linker stubs
 *(.eh_frame)
 .eh_frame      0x0000000008008d40        0x0 /usr/lib/gcc/arm-none-eabi/10.3.1/thumb/v7-m/nofp/crtbegin.o
 *(.init)
 .init          0x0000000008008d40        0x4 /usr/lib/gcc/arm-none-eabi/10.3.1/thumb/v7-m/nofp/crti.o
                0x0000000008008d40                _init
 .init          0x0000000008008d44        0x8 /usr/lib/gcc/arm-none-eabi/10.3.1/thumb/v7-m/nofp/crtn.o
 *(.fini)
 .fini          0x0000000008008d4c        0x4 /usr/lib/gcc/arm-none-eabi/10.3.1/thumb/v7-m/nofp/crti.o
                0x0000000008008d4c                _fini
 .fini          0x0000000008008d50        0x8 /usr/lib/gcc/arm-none-eabi/10.3.1/thumb/v7-m/nofp/crtn.o
                0x0000000008008d58                . = ALIGN (0x4)
                0x0000000008008d58                _etext = .

.vfp11_veneer   0x0000000008008d58        0x0
 .vfp11_veneer  0x0000000008008d58        0x0 linker stubs

.v4_bx          0x0000000008008d58        0x0
 .v4_bx         0x0000000008008d58        0x0 linker stubs

.iplt           0x0000000008008d58        0x0
 .iplt          0x0000000008008d58        0x0 /usr/lib/gcc/arm-none-eabi/10.3.1/thumb/v7-m/nofp/crtbegin.o

.rodata         0x0000000008008d58       0x44
                0x0000000008008d58                . = ALIGN (0x4)
 *(.rodata)
 .rodata        0x0000000008008d58       0x10 /usr/lib/gcc/arm-none-eabi/10.3.1/../../../arm-none-eabi/lib/thumb/v7-m/nofp/libm.a(lib_a-s_rint.o)
 .rodata        0x0000000008008d68        0x4 /usr/lib/gcc/arm-none-eabi/10.3.1/../../../arm-none-eabi/lib/thumb/v7-m/nofp/libg.a(lib_a-impure.o)
                0x0000000008008d68                _global_impure_ptr
 *(.rodata*)
 .rodata.AHBPrescTable
                0x0000000008008d6c       0x10 CMakeFiles/INA226.elf.dir/Core/Src/system_stm32f1xx.c.obj
                0x0000000008008d6c                AHBPrescTable
 .rodata.APBPrescTable
                0x0000000008008d7c        0x8 CMakeFiles/INA226.elf.dir/Core/Src/system_stm32f1xx.c.obj
                0x0000000008008d7c                APBPrescTable
 .rodata.aPLLMULFactorTable.1
                0x0000000008008d84       0x10 CMakeFiles/INA226.elf.dir/Drivers/STM32F1xx_HAL_Driver/Src/stm32f1xx_hal_rcc.c.obj
 .rodata.aPredivFactorTable.0
                0x0000000008008d94        0x2 CMakeFiles/INA226.elf.dir/Drivers/STM32F1xx_HAL_Driver/Src/stm32f1xx_hal_rcc.c.obj
 *fill*         0x0000000008008d96        0x2 
 .rodata.str1.4
                0x0000000008008d98        0x1 /usr/lib/gcc/arm-none-eabi/10.3.1/../../../arm-none-eabi/lib/thumb/v7-m/nofp/libm.a(lib_a-e_pow.o)
                0x0000000008008d9c                . = ALIGN (0x4)
 *fill*         0x0000000008008d99        0x3 

.ARM.extab      0x0000000008008d9c       0x90
                0x0000000008008d9c                . = ALIGN (0x4)
 *(.ARM.extab* .gnu.linkonce.armextab.*)
 .ARM.extab.text._Z22CAN_Filter_Mask_Confighmm
                0x0000000008008d9c        0xc CMakeFiles/INA226.elf.dir/User/can/user_can.cpp.obj
 .ARM.extab.text.HAL_CAN_RxFifo0MsgPendingCallback
                0x0000000008008da8        0xc CMakeFiles/INA226.elf.dir/User/can/user_can.cpp.obj
 .ARM.extab.text._Z14INA226_GetBusVv
                0x0000000008008db4        0xc CMakeFiles/INA226.elf.dir/User/ina226/ina226.cpp.obj
 .ARM.extab.text._Z17INA226_GetCurrentv
                0x0000000008008dc0        0xc CMakeFiles/INA226.elf.dir/User/ina226/ina226.cpp.obj
 .ARM.extab.text._Z16INA226_SetConfigt
                0x0000000008008dcc        0xc CMakeFiles/INA226.elf.dir/User/ina226/ina226.cpp.obj
 .ARM.extab.text._Z17INA226_GetBusVRegv
                0x0000000008008dd8        0xc CMakeFiles/INA226.elf.dir/User/ina226/ina226.cpp.obj
 .ARM.extab.text._Z24INA226_SetCalibrationRegt
                0x0000000008008de4        0xc CMakeFiles/INA226.elf.dir/User/ina226/ina226.cpp.obj
 .ARM.extab.text._Z20INA226_GetCurrentRegv
                0x0000000008008df0        0xc CMakeFiles/INA226.elf.dir/User/ina226/ina226.cpp.obj
 .ARM.extab.text._Z14sendDataByUARTv
                0x0000000008008dfc        0xc CMakeFiles/INA226.elf.dir/User/main/usr_main.cpp.obj
 .ARM.extab.text.HAL_TIM_PeriodElapsedCallback
                0x0000000008008e08        0xc CMakeFiles/INA226.elf.dir/User/main/usr_main.cpp.obj
 .ARM.extab.text._ZSt3powIiiEN9__gnu_cxx11__promote_2IT_T0_NS0_9__promoteIS2_XsrSt12__is_integerIS2_E7__valueEE6__typeENS4_IS3_XsrS5_IS3_E7__valueEE6__typeEE6__typeES2_S3_
                0x0000000008008e14        0x0 CMakeFiles/INA226.elf.dir/User/main/usr_main.cpp.obj
 .ARM.extab.text._ZSt4sizeIcLj100EEjRAT0__KT_
                0x0000000008008e14        0x0 CMakeFiles/INA226.elf.dir/User/main/usr_main.cpp.obj
 .ARM.extab     0x0000000008008e14       0x18 /usr/lib/gcc/arm-none-eabi/10.3.1/thumb/v7-m/nofp/libgcc.a(pr-support.o)
                0x0000000008008e2c                . = ALIGN (0x4)

.ARM            0x0000000008008e2c      0x140
                0x0000000008008e2c                . = ALIGN (0x4)
                0x0000000008008e2c                __exidx_start = .
 *(.ARM.exidx*)
 .ARM.exidx     0x0000000008008e2c       0x80 /usr/lib/gcc/arm-none-eabi/10.3.1/thumb/v7-m/nofp/libgcc.a(unwind-arm.o)
                                         0xd8 (size before relaxing)
 .ARM.exidx     0x0000000008008eac       0x38 /usr/lib/gcc/arm-none-eabi/10.3.1/thumb/v7-m/nofp/libgcc.a(pr-support.o)
 .ARM.exidx.text._Z8CAN_Initv
                0x0000000008008ee4        0x8 CMakeFiles/INA226.elf.dir/User/can/user_can.cpp.obj
 .ARM.exidx.text._Z22CAN_Filter_Mask_Confighmm
                0x0000000008008eec        0x8 CMakeFiles/INA226.elf.dir/User/can/user_can.cpp.obj
 .ARM.exidx.text.HAL_CAN_RxFifo0MsgPendingCallback
                0x0000000008008ef4        0x8 CMakeFiles/INA226.elf.dir/User/can/user_can.cpp.obj
 .ARM.exidx.text._Z17My_CAN_RxCallbackP20Struct_CAN_Rx_Buffer
                0x0000000008008efc        0x8 CMakeFiles/INA226.elf.dir/User/can/user_can.cpp.obj
 .ARM.exidx.text._Z11INA226_initv
                0x0000000008008f04        0x8 CMakeFiles/INA226.elf.dir/User/ina226/ina226.cpp.obj
 .ARM.exidx.text._Z14INA226_GetBusVv
                0x0000000008008f0c        0x8 CMakeFiles/INA226.elf.dir/User/ina226/ina226.cpp.obj
 .ARM.exidx.text._Z17INA226_GetCurrentv
                0x0000000008008f14        0x8 CMakeFiles/INA226.elf.dir/User/ina226/ina226.cpp.obj
 .ARM.exidx.text._Z16INA226_SetConfigt
                0x0000000008008f1c        0x8 CMakeFiles/INA226.elf.dir/User/ina226/ina226.cpp.obj
 .ARM.exidx.text._Z17INA226_GetBusVRegv
                0x0000000008008f24        0x8 CMakeFiles/INA226.elf.dir/User/ina226/ina226.cpp.obj
 .ARM.exidx.text._Z24INA226_SetCalibrationRegt
                0x0000000008008f2c        0x8 CMakeFiles/INA226.elf.dir/User/ina226/ina226.cpp.obj
 .ARM.exidx.text._Z20INA226_GetCurrentRegv
                0x0000000008008f34        0x8 CMakeFiles/INA226.elf.dir/User/ina226/ina226.cpp.obj
 .ARM.exidx.text.HAL_PWR_PVDCallback
                0x0000000008008f3c        0x8 CMakeFiles/INA226.elf.dir/User/main/usr_main.cpp.obj
 .ARM.exidx.text._Z13sendDataByCANv
                0x0000000008008f44        0x0 CMakeFiles/INA226.elf.dir/User/main/usr_main.cpp.obj
                                          0x8 (size before relaxing)
 .ARM.exidx.text._Z15float_to_stringfPci
                0x0000000008008f44        0x8 CMakeFiles/INA226.elf.dir/User/main/usr_main.cpp.obj
 .ARM.exidx.text._Z14sendDataByUARTv
                0x0000000008008f4c        0x8 CMakeFiles/INA226.elf.dir/User/main/usr_main.cpp.obj
 .ARM.exidx.text.HAL_TIM_PeriodElapsedCallback
                0x0000000008008f54        0x8 CMakeFiles/INA226.elf.dir/User/main/usr_main.cpp.obj
 .ARM.exidx.text.User_Setup
                0x0000000008008f5c        0x8 CMakeFiles/INA226.elf.dir/User/main/usr_main.cpp.obj
 .ARM.exidx.text.User_Loop
                0x0000000008008f64        0x0 CMakeFiles/INA226.elf.dir/User/main/usr_main.cpp.obj
                                          0x8 (size before relaxing)
 .ARM.exidx.text._ZSt3powIiiEN9__gnu_cxx11__promote_2IT_T0_NS0_9__promoteIS2_XsrSt12__is_integerIS2_E7__valueEE6__typeENS4_IS3_XsrS5_IS3_E7__valueEE6__typeEE6__typeES2_S3_
                0x0000000008008f64        0x8 CMakeFiles/INA226.elf.dir/User/main/usr_main.cpp.obj
 .ARM.exidx.text._ZSt4sizeIcLj100EEjRAT0__KT_
                0x0000000008008f6c        0x0 CMakeFiles/INA226.elf.dir/User/main/usr_main.cpp.obj
                                          0x8 (size before relaxing)
                0x0000000008008f6c                __exidx_end = .
                0x0000000008008f6c                . = ALIGN (0x4)

.rel.dyn        0x0000000008008f6c        0x0
 .rel.iplt      0x0000000008008f6c        0x0 /usr/lib/gcc/arm-none-eabi/10.3.1/thumb/v7-m/nofp/crtbegin.o

.preinit_array  0x0000000008008f6c        0x0
                0x0000000008008f6c                . = ALIGN (0x4)
                0x0000000008008f6c                PROVIDE (__preinit_array_start = .)
 *(.preinit_array*)
                0x0000000008008f6c                PROVIDE (__preinit_array_end = .)
                0x0000000008008f6c                . = ALIGN (0x4)

.init_array     0x0000000008008f6c        0x8
                0x0000000008008f6c                . = ALIGN (0x4)
                0x0000000008008f6c                PROVIDE (__init_array_start = .)
 *(SORT_BY_NAME(.init_array.*))
 .init_array.00000
                0x0000000008008f6c        0x4 /usr/lib/gcc/arm-none-eabi/10.3.1/../../../arm-none-eabi/lib/thumb/v7-m/nofp/libg.a(lib_a-__call_atexit.o)
 *(.init_array*)
 .init_array    0x0000000008008f70        0x4 /usr/lib/gcc/arm-none-eabi/10.3.1/thumb/v7-m/nofp/crtbegin.o
                0x0000000008008f74                PROVIDE (__init_array_end = .)
                0x0000000008008f74                . = ALIGN (0x4)

.fini_array     0x0000000008008f74        0x4
                0x0000000008008f74                . = ALIGN (0x4)
                0x0000000008008f74                PROVIDE (__fini_array_start = .)
 *(SORT_BY_NAME(.fini_array.*))
 *(.fini_array*)
 .fini_array    0x0000000008008f74        0x4 /usr/lib/gcc/arm-none-eabi/10.3.1/thumb/v7-m/nofp/crtbegin.o
                0x0000000008008f78                PROVIDE (__fini_array_end = .)
                0x0000000008008f78                . = ALIGN (0x4)
                0x0000000008008f78                _sidata = LOADADDR (.data)

.data           0x0000000020000000      0x8bc load address 0x0000000008008f78
                0x0000000020000000                . = ALIGN (0x4)
                0x0000000020000000                _sdata = .
 *(.data)
 .data          0x0000000020000000        0x1 /usr/lib/gcc/arm-none-eabi/10.3.1/../../../arm-none-eabi/lib/thumb/v7-m/nofp/libm.a(lib_a-s_lib_ver.o)
                0x0000000020000000                __fdlib_version
 *fill*         0x0000000020000001        0x7 
 .data          0x0000000020000008      0x430 /usr/lib/gcc/arm-none-eabi/10.3.1/../../../arm-none-eabi/lib/thumb/v7-m/nofp/libg.a(lib_a-impure.o)
                0x0000000020000008                _impure_ptr
 .data          0x0000000020000438      0x410 /usr/lib/gcc/arm-none-eabi/10.3.1/../../../arm-none-eabi/lib/thumb/v7-m/nofp/libg.a(lib_a-mallocr.o)
                0x0000000020000438                __malloc_av_
                0x0000000020000840                __malloc_sbrk_base
                0x0000000020000844                __malloc_trim_threshold
 *(.data*)
 .data.SystemCoreClock
                0x0000000020000848        0x4 CMakeFiles/INA226.elf.dir/Core/Src/system_stm32f1xx.c.obj
                0x0000000020000848                SystemCoreClock
 .data.uwTickPrio
                0x000000002000084c        0x4 CMakeFiles/INA226.elf.dir/Drivers/STM32F1xx_HAL_Driver/Src/stm32f1xx_hal.c.obj
                0x000000002000084c                uwTickPrio
 .data.uwTickFreq
                0x0000000020000850        0x1 CMakeFiles/INA226.elf.dir/Drivers/STM32F1xx_HAL_Driver/Src/stm32f1xx_hal.c.obj
                0x0000000020000850                uwTickFreq
 *fill*         0x0000000020000851        0x1 
 .data.CalibrationRegister
                0x0000000020000852        0x2 CMakeFiles/INA226.elf.dir/User/ina226/ina226.cpp.obj
                0x0000000020000852                CalibrationRegister
 .data.current_LSB
                0x0000000020000854        0x4 CMakeFiles/INA226.elf.dir/User/ina226/ina226.cpp.obj
                0x0000000020000854                current_LSB
 .data.buf      0x0000000020000858       0x64 CMakeFiles/INA226.elf.dir/User/main/usr_main.cpp.obj
                0x0000000020000858                buf
 *(.RamFunc)
 *(.RamFunc*)
                0x00000000200008bc                . = ALIGN (0x4)
                0x00000000200008bc                _edata = .

.tm_clone_table
                0x00000000200008bc        0x0 load address 0x0000000008009834
 .tm_clone_table
                0x00000000200008bc        0x0 /usr/lib/gcc/arm-none-eabi/10.3.1/thumb/v7-m/nofp/crtbegin.o
 .tm_clone_table
                0x00000000200008bc        0x0 /usr/lib/gcc/arm-none-eabi/10.3.1/thumb/v7-m/nofp/crtend.o

.igot.plt       0x00000000200008bc        0x0 load address 0x0000000008009834
 .igot.plt      0x00000000200008bc        0x0 /usr/lib/gcc/arm-none-eabi/10.3.1/thumb/v7-m/nofp/crtbegin.o
                0x00000000200008bc                . = ALIGN (0x4)

.bss            0x00000000200008bc      0x1c0 load address 0x0000000008009834
                0x00000000200008bc                _sbss = .
                0x00000000200008bc                __bss_start__ = _sbss
 *(.bss)
 .bss           0x00000000200008bc       0x1c /usr/lib/gcc/arm-none-eabi/10.3.1/thumb/v7-m/nofp/crtbegin.o
 .bss           0x00000000200008d8       0x34 /usr/lib/gcc/arm-none-eabi/10.3.1/../../../arm-none-eabi/lib/thumb/v7-m/nofp/libg.a(lib_a-mallocr.o)
                0x00000000200008d8                __malloc_top_pad
                0x00000000200008dc                __malloc_current_mallinfo
                0x0000000020000904                __malloc_max_sbrked_mem
                0x0000000020000908                __malloc_max_total_mem
 .bss           0x000000002000090c        0x4 /usr/lib/gcc/arm-none-eabi/10.3.1/../../../arm-none-eabi/lib/thumb/v7-m/nofp/libg.a(lib_a-reent.o)
                0x000000002000090c                errno
 *(.bss*)
 .bss.hcan      0x0000000020000910       0x28 CMakeFiles/INA226.elf.dir/Core/Src/can.c.obj
                0x0000000020000910                hcan
 .bss.hi2c1     0x0000000020000938       0x54 CMakeFiles/INA226.elf.dir/Core/Src/i2c.c.obj
                0x0000000020000938                hi2c1
 .bss.__sbrk_heap_end
                0x000000002000098c        0x4 CMakeFiles/INA226.elf.dir/Core/Src/sysmem.c.obj
 .bss.htim2     0x0000000020000990       0x48 CMakeFiles/INA226.elf.dir/Core/Src/tim.c.obj
                0x0000000020000990                htim2
 .bss.huart1    0x00000000200009d8       0x48 CMakeFiles/INA226.elf.dir/Core/Src/usart.c.obj
                0x00000000200009d8                huart1
 .bss.uwTick    0x0000000020000a20        0x4 CMakeFiles/INA226.elf.dir/Drivers/STM32F1xx_HAL_Driver/Src/stm32f1xx_hal.c.obj
                0x0000000020000a20                uwTick
 .bss._ZZ33HAL_CAN_RxFifo0MsgPendingCallbackE13can_rx_buffer
                0x0000000020000a24       0x24 CMakeFiles/INA226.elf.dir/User/can/user_can.cpp.obj
 .bss.CAN_Tx_Header
                0x0000000020000a48       0x18 CMakeFiles/INA226.elf.dir/User/main/usr_main.cpp.obj
                0x0000000020000a48                CAN_Tx_Header
 .bss.CAN_Tx_Buffer
                0x0000000020000a60        0x8 CMakeFiles/INA226.elf.dir/User/main/usr_main.cpp.obj
                0x0000000020000a60                CAN_Tx_Buffer
 .bss.send_mail_box
                0x0000000020000a68        0x4 CMakeFiles/INA226.elf.dir/User/main/usr_main.cpp.obj
                0x0000000020000a68                send_mail_box
 .bss.current   0x0000000020000a6c        0x4 CMakeFiles/INA226.elf.dir/User/main/usr_main.cpp.obj
                0x0000000020000a6c                current
 .bss.voltage   0x0000000020000a70        0x4 CMakeFiles/INA226.elf.dir/User/main/usr_main.cpp.obj
                0x0000000020000a70                voltage
 .bss.power     0x0000000020000a74        0x4 CMakeFiles/INA226.elf.dir/User/main/usr_main.cpp.obj
                0x0000000020000a74                power
 .bss._ZZ29HAL_TIM_PeriodElapsedCallbackE7LED_CNT
                0x0000000020000a78        0x4 CMakeFiles/INA226.elf.dir/User/main/usr_main.cpp.obj
 *(COMMON)
                0x0000000020000a7c                . = ALIGN (0x4)
                0x0000000020000a7c                _ebss = .
                0x0000000020000a7c                __bss_end__ = _ebss

._user_heap_stack
                0x0000000020000a7c      0x604 load address 0x0000000008009834
                0x0000000020000a80                . = ALIGN (0x8)
 *fill*         0x0000000020000a7c        0x4 
                [!provide]                        PROVIDE (end = .)
                0x0000000020000a80                PROVIDE (_end = .)
                0x0000000020000c80                . = (. + _Min_Heap_Size)
 *fill*         0x0000000020000a80      0x200 
                0x0000000020001080                . = (. + _Min_Stack_Size)
 *fill*         0x0000000020000c80      0x400 
                0x0000000020001080                . = ALIGN (0x8)

/DISCARD/
 libc.a(*)
 libm.a(*)
 libgcc.a(*)

.ARM.attributes
                0x0000000000000000       0x29
 *(.ARM.attributes)
 .ARM.attributes
                0x0000000000000000       0x1d /usr/lib/gcc/arm-none-eabi/10.3.1/thumb/v7-m/nofp/crti.o
 .ARM.attributes
                0x000000000000001d       0x2d /usr/lib/gcc/arm-none-eabi/10.3.1/thumb/v7-m/nofp/crtbegin.o
 .ARM.attributes
                0x000000000000004a       0x2d CMakeFiles/INA226.elf.dir/Core/Src/can.c.obj
 .ARM.attributes
                0x0000000000000077       0x2d CMakeFiles/INA226.elf.dir/Core/Src/gpio.c.obj
 .ARM.attributes
                0x00000000000000a4       0x2d CMakeFiles/INA226.elf.dir/Core/Src/i2c.c.obj
 .ARM.attributes
                0x00000000000000d1       0x2d CMakeFiles/INA226.elf.dir/Core/Src/main.c.obj
 .ARM.attributes
                0x00000000000000fe       0x2d CMakeFiles/INA226.elf.dir/Core/Src/stm32f1xx_hal_msp.c.obj
 .ARM.attributes
                0x000000000000012b       0x2d CMakeFiles/INA226.elf.dir/Core/Src/stm32f1xx_it.c.obj
 .ARM.attributes
                0x0000000000000158       0x2d CMakeFiles/INA226.elf.dir/Core/Src/system_stm32f1xx.c.obj
 .ARM.attributes
                0x0000000000000185       0x2d CMakeFiles/INA226.elf.dir/Core/Src/tim.c.obj
 .ARM.attributes
                0x00000000000001b2       0x2d CMakeFiles/INA226.elf.dir/Core/Src/usart.c.obj
 .ARM.attributes
                0x00000000000001df       0x21 CMakeFiles/INA226.elf.dir/Core/Startup/startup_stm32f103c8tx.s.obj
 .ARM.attributes
                0x0000000000000200       0x2d CMakeFiles/INA226.elf.dir/Drivers/STM32F1xx_HAL_Driver/Src/stm32f1xx_hal.c.obj
 .ARM.attributes
                0x000000000000022d       0x2d CMakeFiles/INA226.elf.dir/Drivers/STM32F1xx_HAL_Driver/Src/stm32f1xx_hal_can.c.obj
 .ARM.attributes
                0x000000000000025a       0x2d CMakeFiles/INA226.elf.dir/Drivers/STM32F1xx_HAL_Driver/Src/stm32f1xx_hal_cortex.c.obj
 .ARM.attributes
                0x0000000000000287       0x2d CMakeFiles/INA226.elf.dir/Drivers/STM32F1xx_HAL_Driver/Src/stm32f1xx_hal_dma.c.obj
 .ARM.attributes
                0x00000000000002b4       0x2d CMakeFiles/INA226.elf.dir/Drivers/STM32F1xx_HAL_Driver/Src/stm32f1xx_hal_gpio.c.obj
 .ARM.attributes
                0x00000000000002e1       0x2d CMakeFiles/INA226.elf.dir/Drivers/STM32F1xx_HAL_Driver/Src/stm32f1xx_hal_i2c.c.obj
 .ARM.attributes
                0x000000000000030e       0x2d CMakeFiles/INA226.elf.dir/Drivers/STM32F1xx_HAL_Driver/Src/stm32f1xx_hal_pwr.c.obj
 .ARM.attributes
                0x000000000000033b       0x2d CMakeFiles/INA226.elf.dir/Drivers/STM32F1xx_HAL_Driver/Src/stm32f1xx_hal_rcc.c.obj
 .ARM.attributes
                0x0000000000000368       0x2d CMakeFiles/INA226.elf.dir/Drivers/STM32F1xx_HAL_Driver/Src/stm32f1xx_hal_tim.c.obj
 .ARM.attributes
                0x0000000000000395       0x2d CMakeFiles/INA226.elf.dir/Drivers/STM32F1xx_HAL_Driver/Src/stm32f1xx_hal_tim_ex.c.obj
 .ARM.attributes
                0x00000000000003c2       0x2d CMakeFiles/INA226.elf.dir/Drivers/STM32F1xx_HAL_Driver/Src/stm32f1xx_hal_uart.c.obj
 .ARM.attributes
                0x00000000000003ef       0x2d CMakeFiles/INA226.elf.dir/User/can/user_can.cpp.obj
 .ARM.attributes
                0x000000000000041c       0x2d CMakeFiles/INA226.elf.dir/User/ina226/ina226.cpp.obj
 .ARM.attributes
                0x0000000000000449       0x2d CMakeFiles/INA226.elf.dir/User/main/usr_main.cpp.obj
 .ARM.attributes
                0x0000000000000476       0x2d /usr/lib/gcc/arm-none-eabi/10.3.1/../../../arm-none-eabi/lib/thumb/v7-m/nofp/libm.a(lib_a-w_pow.o)
 .ARM.attributes
                0x00000000000004a3       0x2d /usr/lib/gcc/arm-none-eabi/10.3.1/../../../arm-none-eabi/lib/thumb/v7-m/nofp/libm.a(lib_a-e_pow.o)
 .ARM.attributes
                0x00000000000004d0       0x2d /usr/lib/gcc/arm-none-eabi/10.3.1/../../../arm-none-eabi/lib/thumb/v7-m/nofp/libm.a(lib_a-e_sqrt.o)
 .ARM.attributes
                0x00000000000004fd       0x2d /usr/lib/gcc/arm-none-eabi/10.3.1/../../../arm-none-eabi/lib/thumb/v7-m/nofp/libm.a(lib_a-s_fabs.o)
 .ARM.attributes
                0x000000000000052a       0x2d /usr/lib/gcc/arm-none-eabi/10.3.1/../../../arm-none-eabi/lib/thumb/v7-m/nofp/libm.a(lib_a-s_finite.o)
 .ARM.attributes
                0x0000000000000557       0x2d /usr/lib/gcc/arm-none-eabi/10.3.1/../../../arm-none-eabi/lib/thumb/v7-m/nofp/libm.a(lib_a-s_lib_ver.o)
 .ARM.attributes
                0x0000000000000584       0x2d /usr/lib/gcc/arm-none-eabi/10.3.1/../../../arm-none-eabi/lib/thumb/v7-m/nofp/libm.a(lib_a-s_nan.o)
 .ARM.attributes
                0x00000000000005b1       0x2d /usr/lib/gcc/arm-none-eabi/10.3.1/../../../arm-none-eabi/lib/thumb/v7-m/nofp/libm.a(lib_a-s_rint.o)
 .ARM.attributes
                0x00000000000005de       0x2d /usr/lib/gcc/arm-none-eabi/10.3.1/../../../arm-none-eabi/lib/thumb/v7-m/nofp/libm.a(lib_a-s_scalbn.o)
 .ARM.attributes
                0x000000000000060b       0x1d /usr/lib/gcc/arm-none-eabi/10.3.1/thumb/v7-m/nofp/libgcc.a(_arm_addsubdf3.o)
 .ARM.attributes
                0x0000000000000628       0x1d /usr/lib/gcc/arm-none-eabi/10.3.1/thumb/v7-m/nofp/libgcc.a(_arm_muldivdf3.o)
 .ARM.attributes
                0x0000000000000645       0x1d /usr/lib/gcc/arm-none-eabi/10.3.1/thumb/v7-m/nofp/libgcc.a(_arm_cmpdf2.o)
 .ARM.attributes
                0x0000000000000662       0x1d /usr/lib/gcc/arm-none-eabi/10.3.1/thumb/v7-m/nofp/libgcc.a(_arm_unorddf2.o)
 .ARM.attributes
                0x000000000000067f       0x1d /usr/lib/gcc/arm-none-eabi/10.3.1/thumb/v7-m/nofp/libgcc.a(_arm_fixdfsi.o)
 .ARM.attributes
                0x000000000000069c       0x1d /usr/lib/gcc/arm-none-eabi/10.3.1/thumb/v7-m/nofp/libgcc.a(_arm_addsubsf3.o)
 .ARM.attributes
                0x00000000000006b9       0x1d /usr/lib/gcc/arm-none-eabi/10.3.1/thumb/v7-m/nofp/libgcc.a(_arm_muldivsf3.o)
 .ARM.attributes
                0x00000000000006d6       0x1d /usr/lib/gcc/arm-none-eabi/10.3.1/thumb/v7-m/nofp/libgcc.a(_arm_cmpsf2.o)
 .ARM.attributes
                0x00000000000006f3       0x1d /usr/lib/gcc/arm-none-eabi/10.3.1/thumb/v7-m/nofp/libgcc.a(_arm_fixsfsi.o)
 .ARM.attributes
                0x0000000000000710       0x2d /usr/lib/gcc/arm-none-eabi/10.3.1/thumb/v7-m/nofp/libgcc.a(unwind-arm.o)
 .ARM.attributes
                0x000000000000073d       0x1d /usr/lib/gcc/arm-none-eabi/10.3.1/thumb/v7-m/nofp/libgcc.a(libunwind.o)
 .ARM.attributes
                0x000000000000075a       0x2d /usr/lib/gcc/arm-none-eabi/10.3.1/thumb/v7-m/nofp/libgcc.a(pr-support.o)
 .ARM.attributes
                0x0000000000000787       0x2d /usr/lib/gcc/arm-none-eabi/10.3.1/../../../arm-none-eabi/lib/thumb/v7-m/nofp/libg.a(lib_a-abort.o)
 .ARM.attributes
                0x00000000000007b4       0x2d /usr/lib/gcc/arm-none-eabi/10.3.1/../../../arm-none-eabi/lib/thumb/v7-m/nofp/libg.a(lib_a-atexit.o)
 .ARM.attributes
                0x00000000000007e1       0x2d /usr/lib/gcc/arm-none-eabi/10.3.1/../../../arm-none-eabi/lib/thumb/v7-m/nofp/libg.a(lib_a-errno.o)
 .ARM.attributes
                0x000000000000080e       0x2d /usr/lib/gcc/arm-none-eabi/10.3.1/../../../arm-none-eabi/lib/thumb/v7-m/nofp/libg.a(lib_a-fini.o)
 .ARM.attributes
                0x000000000000083b       0x2d /usr/lib/gcc/arm-none-eabi/10.3.1/../../../arm-none-eabi/lib/thumb/v7-m/nofp/libg.a(lib_a-impure.o)
 .ARM.attributes
                0x0000000000000868       0x2d /usr/lib/gcc/arm-none-eabi/10.3.1/../../../arm-none-eabi/lib/thumb/v7-m/nofp/libg.a(lib_a-init.o)
 .ARM.attributes
                0x0000000000000895       0x1b /usr/lib/gcc/arm-none-eabi/10.3.1/../../../arm-none-eabi/lib/thumb/v7-m/nofp/libg.a(lib_a-memcpy.o)
 .ARM.attributes
                0x00000000000008b0       0x2d /usr/lib/gcc/arm-none-eabi/10.3.1/../../../arm-none-eabi/lib/thumb/v7-m/nofp/libg.a(lib_a-memset.o)
 .ARM.attributes
                0x00000000000008dd       0x2d /usr/lib/gcc/arm-none-eabi/10.3.1/../../../arm-none-eabi/lib/thumb/v7-m/nofp/libg.a(lib_a-signal.o)
 .ARM.attributes
                0x000000000000090a       0x2d /usr/lib/gcc/arm-none-eabi/10.3.1/../../../arm-none-eabi/lib/thumb/v7-m/nofp/libg.a(lib_a-signalr.o)
 .ARM.attributes
                0x0000000000000937       0x2d /usr/lib/gcc/arm-none-eabi/10.3.1/../../../arm-none-eabi/lib/thumb/v7-m/nofp/libg.a(lib_a-strlen-stub.o)
 .ARM.attributes
                0x0000000000000964       0x2d /usr/lib/gcc/arm-none-eabi/10.3.1/../../../arm-none-eabi/lib/thumb/v7-m/nofp/libg.a(lib_a-__atexit.o)
 .ARM.attributes
                0x0000000000000991       0x2d /usr/lib/gcc/arm-none-eabi/10.3.1/../../../arm-none-eabi/lib/thumb/v7-m/nofp/libg.a(lib_a-__call_atexit.o)
 .ARM.attributes
                0x00000000000009be       0x2d /usr/lib/gcc/arm-none-eabi/10.3.1/../../../arm-none-eabi/lib/thumb/v7-m/nofp/libg.a(lib_a-mallocr.o)
 .ARM.attributes
                0x00000000000009eb       0x2d /usr/lib/gcc/arm-none-eabi/10.3.1/../../../arm-none-eabi/lib/thumb/v7-m/nofp/libg.a(lib_a-mlock.o)
 .ARM.attributes
                0x0000000000000a18       0x2d /usr/lib/gcc/arm-none-eabi/10.3.1/../../../arm-none-eabi/lib/thumb/v7-m/nofp/libg.a(lib_a-reent.o)
 .ARM.attributes
                0x0000000000000a45       0x2d /usr/lib/gcc/arm-none-eabi/10.3.1/../../../arm-none-eabi/lib/thumb/v7-m/nofp/libg.a(lib_a-sbrkr.o)
 .ARM.attributes
                0x0000000000000a72       0x2d /usr/lib/gcc/arm-none-eabi/10.3.1/../../../arm-none-eabi/lib/thumb/v7-m/nofp/libg.a(lib_a-freer.o)
 .ARM.attributes
                0x0000000000000a9f       0x2d /usr/lib/gcc/arm-none-eabi/10.3.1/thumb/v7-m/nofp/crtend.o
 .ARM.attributes
                0x0000000000000acc       0x1d /usr/lib/gcc/arm-none-eabi/10.3.1/thumb/v7-m/nofp/crtn.o
OUTPUT(INA226.elf elf32-littlearm)
LOAD linker stubs
LOAD /usr/lib/gcc/arm-none-eabi/10.3.1/../../../arm-none-eabi/lib/thumb/v7-m/nofp/libc.a
LOAD /usr/lib/gcc/arm-none-eabi/10.3.1/../../../arm-none-eabi/lib/thumb/v7-m/nofp/libm.a
LOAD /usr/lib/gcc/arm-none-eabi/10.3.1/thumb/v7-m/nofp/libgcc.a

.comment        0x0000000000000000       0x33
 .comment       0x0000000000000000       0x33 /usr/lib/gcc/arm-none-eabi/10.3.1/thumb/v7-m/nofp/crtbegin.o
                                         0x34 (size before relaxing)
 .comment       0x0000000000000033       0x34 CMakeFiles/INA226.elf.dir/Core/Src/can.c.obj
 .comment       0x0000000000000033       0x34 CMakeFiles/INA226.elf.dir/Core/Src/gpio.c.obj
 .comment       0x0000000000000033       0x34 CMakeFiles/INA226.elf.dir/Core/Src/i2c.c.obj
 .comment       0x0000000000000033       0x34 CMakeFiles/INA226.elf.dir/Core/Src/main.c.obj
 .comment       0x0000000000000033       0x34 CMakeFiles/INA226.elf.dir/Core/Src/stm32f1xx_hal_msp.c.obj
 .comment       0x0000000000000033       0x34 CMakeFiles/INA226.elf.dir/Core/Src/stm32f1xx_it.c.obj
 .comment       0x0000000000000033       0x34 CMakeFiles/INA226.elf.dir/Core/Src/system_stm32f1xx.c.obj
 .comment       0x0000000000000033       0x34 CMakeFiles/INA226.elf.dir/Core/Src/tim.c.obj
 .comment       0x0000000000000033       0x34 CMakeFiles/INA226.elf.dir/Core/Src/usart.c.obj
 .comment       0x0000000000000033       0x34 CMakeFiles/INA226.elf.dir/Drivers/STM32F1xx_HAL_Driver/Src/stm32f1xx_hal.c.obj
 .comment       0x0000000000000033       0x34 CMakeFiles/INA226.elf.dir/Drivers/STM32F1xx_HAL_Driver/Src/stm32f1xx_hal_can.c.obj
 .comment       0x0000000000000033       0x34 CMakeFiles/INA226.elf.dir/Drivers/STM32F1xx_HAL_Driver/Src/stm32f1xx_hal_cortex.c.obj
 .comment       0x0000000000000033       0x34 CMakeFiles/INA226.elf.dir/Drivers/STM32F1xx_HAL_Driver/Src/stm32f1xx_hal_dma.c.obj
 .comment       0x0000000000000033       0x34 CMakeFiles/INA226.elf.dir/Drivers/STM32F1xx_HAL_Driver/Src/stm32f1xx_hal_gpio.c.obj
 .comment       0x0000000000000033       0x34 CMakeFiles/INA226.elf.dir/Drivers/STM32F1xx_HAL_Driver/Src/stm32f1xx_hal_i2c.c.obj
 .comment       0x0000000000000033       0x34 CMakeFiles/INA226.elf.dir/Drivers/STM32F1xx_HAL_Driver/Src/stm32f1xx_hal_pwr.c.obj
 .comment       0x0000000000000033       0x34 CMakeFiles/INA226.elf.dir/Drivers/STM32F1xx_HAL_Driver/Src/stm32f1xx_hal_rcc.c.obj
 .comment       0x0000000000000033       0x34 CMakeFiles/INA226.elf.dir/Drivers/STM32F1xx_HAL_Driver/Src/stm32f1xx_hal_tim.c.obj
 .comment       0x0000000000000033       0x34 CMakeFiles/INA226.elf.dir/Drivers/STM32F1xx_HAL_Driver/Src/stm32f1xx_hal_tim_ex.c.obj
 .comment       0x0000000000000033       0x34 CMakeFiles/INA226.elf.dir/Drivers/STM32F1xx_HAL_Driver/Src/stm32f1xx_hal_uart.c.obj
 .comment       0x0000000000000033       0x34 CMakeFiles/INA226.elf.dir/User/can/user_can.cpp.obj
 .comment       0x0000000000000033       0x34 CMakeFiles/INA226.elf.dir/User/ina226/ina226.cpp.obj
 .comment       0x0000000000000033       0x34 CMakeFiles/INA226.elf.dir/User/main/usr_main.cpp.obj
 .comment       0x0000000000000033       0x34 /usr/lib/gcc/arm-none-eabi/10.3.1/../../../arm-none-eabi/lib/thumb/v7-m/nofp/libm.a(lib_a-w_pow.o)
 .comment       0x0000000000000033       0x34 /usr/lib/gcc/arm-none-eabi/10.3.1/../../../arm-none-eabi/lib/thumb/v7-m/nofp/libm.a(lib_a-e_pow.o)
 .comment       0x0000000000000033       0x34 /usr/lib/gcc/arm-none-eabi/10.3.1/../../../arm-none-eabi/lib/thumb/v7-m/nofp/libm.a(lib_a-e_sqrt.o)
 .comment       0x0000000000000033       0x34 /usr/lib/gcc/arm-none-eabi/10.3.1/../../../arm-none-eabi/lib/thumb/v7-m/nofp/libm.a(lib_a-s_fabs.o)
 .comment       0x0000000000000033       0x34 /usr/lib/gcc/arm-none-eabi/10.3.1/../../../arm-none-eabi/lib/thumb/v7-m/nofp/libm.a(lib_a-s_finite.o)
 .comment       0x0000000000000033       0x34 /usr/lib/gcc/arm-none-eabi/10.3.1/../../../arm-none-eabi/lib/thumb/v7-m/nofp/libm.a(lib_a-s_lib_ver.o)
 .comment       0x0000000000000033       0x34 /usr/lib/gcc/arm-none-eabi/10.3.1/../../../arm-none-eabi/lib/thumb/v7-m/nofp/libm.a(lib_a-s_nan.o)
 .comment       0x0000000000000033       0x34 /usr/lib/gcc/arm-none-eabi/10.3.1/../../../arm-none-eabi/lib/thumb/v7-m/nofp/libm.a(lib_a-s_rint.o)
 .comment       0x0000000000000033       0x34 /usr/lib/gcc/arm-none-eabi/10.3.1/../../../arm-none-eabi/lib/thumb/v7-m/nofp/libm.a(lib_a-s_scalbn.o)
 .comment       0x0000000000000033       0x34 /usr/lib/gcc/arm-none-eabi/10.3.1/thumb/v7-m/nofp/libgcc.a(unwind-arm.o)
 .comment       0x0000000000000033       0x34 /usr/lib/gcc/arm-none-eabi/10.3.1/thumb/v7-m/nofp/libgcc.a(pr-support.o)
 .comment       0x0000000000000033       0x34 /usr/lib/gcc/arm-none-eabi/10.3.1/../../../arm-none-eabi/lib/thumb/v7-m/nofp/libg.a(lib_a-abort.o)
 .comment       0x0000000000000033       0x34 /usr/lib/gcc/arm-none-eabi/10.3.1/../../../arm-none-eabi/lib/thumb/v7-m/nofp/libg.a(lib_a-atexit.o)
 .comment       0x0000000000000033       0x34 /usr/lib/gcc/arm-none-eabi/10.3.1/../../../arm-none-eabi/lib/thumb/v7-m/nofp/libg.a(lib_a-errno.o)
 .comment       0x0000000000000033       0x34 /usr/lib/gcc/arm-none-eabi/10.3.1/../../../arm-none-eabi/lib/thumb/v7-m/nofp/libg.a(lib_a-fini.o)
 .comment       0x0000000000000033       0x34 /usr/lib/gcc/arm-none-eabi/10.3.1/../../../arm-none-eabi/lib/thumb/v7-m/nofp/libg.a(lib_a-impure.o)
 .comment       0x0000000000000033       0x34 /usr/lib/gcc/arm-none-eabi/10.3.1/../../../arm-none-eabi/lib/thumb/v7-m/nofp/libg.a(lib_a-init.o)
 .comment       0x0000000000000033       0x34 /usr/lib/gcc/arm-none-eabi/10.3.1/../../../arm-none-eabi/lib/thumb/v7-m/nofp/libg.a(lib_a-memset.o)
 .comment       0x0000000000000033       0x34 /usr/lib/gcc/arm-none-eabi/10.3.1/../../../arm-none-eabi/lib/thumb/v7-m/nofp/libg.a(lib_a-signal.o)
 .comment       0x0000000000000033       0x34 /usr/lib/gcc/arm-none-eabi/10.3.1/../../../arm-none-eabi/lib/thumb/v7-m/nofp/libg.a(lib_a-signalr.o)
 .comment       0x0000000000000033       0x34 /usr/lib/gcc/arm-none-eabi/10.3.1/../../../arm-none-eabi/lib/thumb/v7-m/nofp/libg.a(lib_a-strlen-stub.o)
 .comment       0x0000000000000033       0x34 /usr/lib/gcc/arm-none-eabi/10.3.1/../../../arm-none-eabi/lib/thumb/v7-m/nofp/libg.a(lib_a-__atexit.o)
 .comment       0x0000000000000033       0x34 /usr/lib/gcc/arm-none-eabi/10.3.1/../../../arm-none-eabi/lib/thumb/v7-m/nofp/libg.a(lib_a-__call_atexit.o)
 .comment       0x0000000000000033       0x34 /usr/lib/gcc/arm-none-eabi/10.3.1/../../../arm-none-eabi/lib/thumb/v7-m/nofp/libg.a(lib_a-mallocr.o)
 .comment       0x0000000000000033       0x34 /usr/lib/gcc/arm-none-eabi/10.3.1/../../../arm-none-eabi/lib/thumb/v7-m/nofp/libg.a(lib_a-mlock.o)
 .comment       0x0000000000000033       0x34 /usr/lib/gcc/arm-none-eabi/10.3.1/../../../arm-none-eabi/lib/thumb/v7-m/nofp/libg.a(lib_a-reent.o)
 .comment       0x0000000000000033       0x34 /usr/lib/gcc/arm-none-eabi/10.3.1/../../../arm-none-eabi/lib/thumb/v7-m/nofp/libg.a(lib_a-sbrkr.o)
 .comment       0x0000000000000033       0x34 /usr/lib/gcc/arm-none-eabi/10.3.1/../../../arm-none-eabi/lib/thumb/v7-m/nofp/libg.a(lib_a-freer.o)
 .comment       0x0000000000000033       0x34 /usr/lib/gcc/arm-none-eabi/10.3.1/thumb/v7-m/nofp/crtend.o

.debug_info     0x0000000000000000    0x21af9
 .debug_info    0x0000000000000000      0x7f7 CMakeFiles/INA226.elf.dir/Core/Src/can.c.obj
 .debug_info    0x00000000000007f7      0x287 CMakeFiles/INA226.elf.dir/Core/Src/gpio.c.obj
 .debug_info    0x0000000000000a7e      0x7d3 CMakeFiles/INA226.elf.dir/Core/Src/i2c.c.obj
 .debug_info    0x0000000000001251      0x493 CMakeFiles/INA226.elf.dir/Core/Src/main.c.obj
 .debug_info    0x00000000000016e4      0x347 CMakeFiles/INA226.elf.dir/Core/Src/stm32f1xx_hal_msp.c.obj
 .debug_info    0x0000000000001a2b      0xd79 CMakeFiles/INA226.elf.dir/Core/Src/stm32f1xx_it.c.obj
 .debug_info    0x00000000000027a4      0x221 CMakeFiles/INA226.elf.dir/Core/Src/system_stm32f1xx.c.obj
 .debug_info    0x00000000000029c5      0x93e CMakeFiles/INA226.elf.dir/Core/Src/tim.c.obj
 .debug_info    0x0000000000003303      0x8ca CMakeFiles/INA226.elf.dir/Core/Src/usart.c.obj
 .debug_info    0x0000000000003bcd       0x22 CMakeFiles/INA226.elf.dir/Core/Startup/startup_stm32f103c8tx.s.obj
 .debug_info    0x0000000000003bef      0x6d1 CMakeFiles/INA226.elf.dir/Drivers/STM32F1xx_HAL_Driver/Src/stm32f1xx_hal.c.obj
 .debug_info    0x00000000000042c0      0xfae CMakeFiles/INA226.elf.dir/Drivers/STM32F1xx_HAL_Driver/Src/stm32f1xx_hal_can.c.obj
 .debug_info    0x000000000000526e      0xaf8 CMakeFiles/INA226.elf.dir/Drivers/STM32F1xx_HAL_Driver/Src/stm32f1xx_hal_cortex.c.obj
 .debug_info    0x0000000000005d66      0x727 CMakeFiles/INA226.elf.dir/Drivers/STM32F1xx_HAL_Driver/Src/stm32f1xx_hal_dma.c.obj
 .debug_info    0x000000000000648d      0x5f9 CMakeFiles/INA226.elf.dir/Drivers/STM32F1xx_HAL_Driver/Src/stm32f1xx_hal_gpio.c.obj
 .debug_info    0x0000000000006a86     0x26cb CMakeFiles/INA226.elf.dir/Drivers/STM32F1xx_HAL_Driver/Src/stm32f1xx_hal_i2c.c.obj
 .debug_info    0x0000000000009151      0x640 CMakeFiles/INA226.elf.dir/Drivers/STM32F1xx_HAL_Driver/Src/stm32f1xx_hal_pwr.c.obj
 .debug_info    0x0000000000009791      0x7f6 CMakeFiles/INA226.elf.dir/Drivers/STM32F1xx_HAL_Driver/Src/stm32f1xx_hal_rcc.c.obj
 .debug_info    0x0000000000009f87     0x2b0a CMakeFiles/INA226.elf.dir/Drivers/STM32F1xx_HAL_Driver/Src/stm32f1xx_hal_tim.c.obj
 .debug_info    0x000000000000ca91     0x1477 CMakeFiles/INA226.elf.dir/Drivers/STM32F1xx_HAL_Driver/Src/stm32f1xx_hal_tim_ex.c.obj
 .debug_info    0x000000000000df08     0x30f8 CMakeFiles/INA226.elf.dir/Drivers/STM32F1xx_HAL_Driver/Src/stm32f1xx_hal_uart.c.obj
 .debug_info    0x0000000000011000      0x83b CMakeFiles/INA226.elf.dir/User/can/user_can.cpp.obj
 .debug_info    0x000000000001183b      0xb36 CMakeFiles/INA226.elf.dir/User/ina226/ina226.cpp.obj
 .debug_info    0x0000000000012371     0x333a CMakeFiles/INA226.elf.dir/User/main/usr_main.cpp.obj
 .debug_info    0x00000000000156ab      0x24b /usr/lib/gcc/arm-none-eabi/10.3.1/../../../arm-none-eabi/lib/thumb/v7-m/nofp/libm.a(lib_a-w_pow.o)
 .debug_info    0x00000000000158f6      0xc65 /usr/lib/gcc/arm-none-eabi/10.3.1/../../../arm-none-eabi/lib/thumb/v7-m/nofp/libm.a(lib_a-e_pow.o)
 .debug_info    0x000000000001655b      0x2c6 /usr/lib/gcc/arm-none-eabi/10.3.1/../../../arm-none-eabi/lib/thumb/v7-m/nofp/libm.a(lib_a-e_sqrt.o)
 .debug_info    0x0000000000016821      0x151 /usr/lib/gcc/arm-none-eabi/10.3.1/../../../arm-none-eabi/lib/thumb/v7-m/nofp/libm.a(lib_a-s_fabs.o)
 .debug_info    0x0000000000016972      0x143 /usr/lib/gcc/arm-none-eabi/10.3.1/../../../arm-none-eabi/lib/thumb/v7-m/nofp/libm.a(lib_a-s_finite.o)
 .debug_info    0x0000000000016ab5       0xbb /usr/lib/gcc/arm-none-eabi/10.3.1/../../../arm-none-eabi/lib/thumb/v7-m/nofp/libm.a(lib_a-s_lib_ver.o)
 .debug_info    0x0000000000016b70       0xd2 /usr/lib/gcc/arm-none-eabi/10.3.1/../../../arm-none-eabi/lib/thumb/v7-m/nofp/libm.a(lib_a-s_nan.o)
 .debug_info    0x0000000000016c42      0x29e /usr/lib/gcc/arm-none-eabi/10.3.1/../../../arm-none-eabi/lib/thumb/v7-m/nofp/libm.a(lib_a-s_rint.o)
 .debug_info    0x0000000000016ee0      0x26d /usr/lib/gcc/arm-none-eabi/10.3.1/../../../arm-none-eabi/lib/thumb/v7-m/nofp/libm.a(lib_a-s_scalbn.o)
 .debug_info    0x000000000001714d       0x26 /usr/lib/gcc/arm-none-eabi/10.3.1/thumb/v7-m/nofp/libgcc.a(_arm_addsubdf3.o)
 .debug_info    0x0000000000017173       0x26 /usr/lib/gcc/arm-none-eabi/10.3.1/thumb/v7-m/nofp/libgcc.a(_arm_muldivdf3.o)
 .debug_info    0x0000000000017199       0x26 /usr/lib/gcc/arm-none-eabi/10.3.1/thumb/v7-m/nofp/libgcc.a(_arm_cmpdf2.o)
 .debug_info    0x00000000000171bf       0x26 /usr/lib/gcc/arm-none-eabi/10.3.1/thumb/v7-m/nofp/libgcc.a(_arm_unorddf2.o)
 .debug_info    0x00000000000171e5       0x26 /usr/lib/gcc/arm-none-eabi/10.3.1/thumb/v7-m/nofp/libgcc.a(_arm_fixdfsi.o)
 .debug_info    0x000000000001720b       0x26 /usr/lib/gcc/arm-none-eabi/10.3.1/thumb/v7-m/nofp/libgcc.a(_arm_addsubsf3.o)
 .debug_info    0x0000000000017231       0x26 /usr/lib/gcc/arm-none-eabi/10.3.1/thumb/v7-m/nofp/libgcc.a(_arm_muldivsf3.o)
 .debug_info    0x0000000000017257       0x26 /usr/lib/gcc/arm-none-eabi/10.3.1/thumb/v7-m/nofp/libgcc.a(_arm_cmpsf2.o)
 .debug_info    0x000000000001727d       0x26 /usr/lib/gcc/arm-none-eabi/10.3.1/thumb/v7-m/nofp/libgcc.a(_arm_fixsfsi.o)
 .debug_info    0x00000000000172a3     0x1e22 /usr/lib/gcc/arm-none-eabi/10.3.1/thumb/v7-m/nofp/libgcc.a(unwind-arm.o)
 .debug_info    0x00000000000190c5       0x26 /usr/lib/gcc/arm-none-eabi/10.3.1/thumb/v7-m/nofp/libgcc.a(libunwind.o)
 .debug_info    0x00000000000190eb      0xa8c /usr/lib/gcc/arm-none-eabi/10.3.1/thumb/v7-m/nofp/libgcc.a(pr-support.o)
 .debug_info    0x0000000000019b77       0xcb /usr/lib/gcc/arm-none-eabi/10.3.1/../../../arm-none-eabi/lib/thumb/v7-m/nofp/libg.a(lib_a-abort.o)
 .debug_info    0x0000000000019c42      0x100 /usr/lib/gcc/arm-none-eabi/10.3.1/../../../arm-none-eabi/lib/thumb/v7-m/nofp/libg.a(lib_a-atexit.o)
 .debug_info    0x0000000000019d42      0x914 /usr/lib/gcc/arm-none-eabi/10.3.1/../../../arm-none-eabi/lib/thumb/v7-m/nofp/libg.a(lib_a-errno.o)
 .debug_info    0x000000000001a656      0x102 /usr/lib/gcc/arm-none-eabi/10.3.1/../../../arm-none-eabi/lib/thumb/v7-m/nofp/libg.a(lib_a-fini.o)
 .debug_info    0x000000000001a758      0x92a /usr/lib/gcc/arm-none-eabi/10.3.1/../../../arm-none-eabi/lib/thumb/v7-m/nofp/libg.a(lib_a-impure.o)
 .debug_info    0x000000000001b082      0x11a /usr/lib/gcc/arm-none-eabi/10.3.1/../../../arm-none-eabi/lib/thumb/v7-m/nofp/libg.a(lib_a-init.o)
 .debug_info    0x000000000001b19c       0x26 /usr/lib/gcc/arm-none-eabi/10.3.1/../../../arm-none-eabi/lib/thumb/v7-m/nofp/libg.a(lib_a-memcpy.o)
 .debug_info    0x000000000001b1c2      0x137 /usr/lib/gcc/arm-none-eabi/10.3.1/../../../arm-none-eabi/lib/thumb/v7-m/nofp/libg.a(lib_a-memset.o)
 .debug_info    0x000000000001b2f9      0xf32 /usr/lib/gcc/arm-none-eabi/10.3.1/../../../arm-none-eabi/lib/thumb/v7-m/nofp/libg.a(lib_a-signal.o)
 .debug_info    0x000000000001c22b      0x9d7 /usr/lib/gcc/arm-none-eabi/10.3.1/../../../arm-none-eabi/lib/thumb/v7-m/nofp/libg.a(lib_a-signalr.o)
 .debug_info    0x000000000001cc02       0xbc /usr/lib/gcc/arm-none-eabi/10.3.1/../../../arm-none-eabi/lib/thumb/v7-m/nofp/libg.a(lib_a-strlen-stub.o)
 .debug_info    0x000000000001ccbe      0x9b0 /usr/lib/gcc/arm-none-eabi/10.3.1/../../../arm-none-eabi/lib/thumb/v7-m/nofp/libg.a(lib_a-__atexit.o)
 .debug_info    0x000000000001d66e      0xa3d /usr/lib/gcc/arm-none-eabi/10.3.1/../../../arm-none-eabi/lib/thumb/v7-m/nofp/libg.a(lib_a-__call_atexit.o)
 .debug_info    0x000000000001e0ab      0xe94 /usr/lib/gcc/arm-none-eabi/10.3.1/../../../arm-none-eabi/lib/thumb/v7-m/nofp/libg.a(lib_a-mallocr.o)
 .debug_info    0x000000000001ef3f      0x942 /usr/lib/gcc/arm-none-eabi/10.3.1/../../../arm-none-eabi/lib/thumb/v7-m/nofp/libg.a(lib_a-mlock.o)
 .debug_info    0x000000000001f881      0xbda /usr/lib/gcc/arm-none-eabi/10.3.1/../../../arm-none-eabi/lib/thumb/v7-m/nofp/libg.a(lib_a-reent.o)
 .debug_info    0x000000000002045b      0x98e /usr/lib/gcc/arm-none-eabi/10.3.1/../../../arm-none-eabi/lib/thumb/v7-m/nofp/libg.a(lib_a-sbrkr.o)
 .debug_info    0x0000000000020de9      0xd10 /usr/lib/gcc/arm-none-eabi/10.3.1/../../../arm-none-eabi/lib/thumb/v7-m/nofp/libg.a(lib_a-freer.o)

.debug_abbrev   0x0000000000000000     0x5f33
 .debug_abbrev  0x0000000000000000      0x1d2 CMakeFiles/INA226.elf.dir/Core/Src/can.c.obj
 .debug_abbrev  0x00000000000001d2      0x10c CMakeFiles/INA226.elf.dir/Core/Src/gpio.c.obj
 .debug_abbrev  0x00000000000002de      0x18c CMakeFiles/INA226.elf.dir/Core/Src/i2c.c.obj