Archive member included to satisfy reference by file (symbol)

/usr/lib/gcc/arm-none-eabi/10.3.1/../../../arm-none-eabi/lib/thumb/v7-m/nofp/libm.a(lib_a-w_pow.o)
                              CMakeFiles/INA226.elf.dir/User/main/usr_main.cpp.obj (pow)
/usr/lib/gcc/arm-none-eabi/10.3.1/../../../arm-none-eabi/lib/thumb/v7-m/nofp/libm.a(lib_a-e_pow.o)
                              /usr/lib/gcc/arm-none-eabi/10.3.1/../../../arm-none-eabi/lib/thumb/v7-m/nofp/libm.a(lib_a-w_pow.o) (__ieee754_pow)
/usr/lib/gcc/arm-none-eabi/10.3.1/../../../arm-none-eabi/lib/thumb/v7-m/nofp/libm.a(lib_a-e_sqrt.o)
                              /usr/lib/gcc/arm-none-eabi/10.3.1/../../../arm-none-eabi/lib/thumb/v7-m/nofp/libm.a(lib_a-e_pow.o) (__ieee754_sqrt)
/usr/lib/gcc/arm-none-eabi/10.3.1/../../../arm-none-eabi/lib/thumb/v7-m/nofp/libm.a(lib_a-s_fabs.o)
                              /usr/lib/gcc/arm-none-eabi/10.3.1/../../../arm-none-eabi/lib/thumb/v7-m/nofp/libm.a(lib_a-e_pow.o) (fabs)
/usr/lib/gcc/arm-none-eabi/10.3.1/../../../arm-none-eabi/lib/thumb/v7-m/nofp/libm.a(lib_a-s_finite.o)
                              /usr/lib/gcc/arm-none-eabi/10.3.1/../../../arm-none-eabi/lib/thumb/v7-m/nofp/libm.a(lib_a-w_pow.o) (finite)
/usr/lib/gcc/arm-none-eabi/10.3.1/../../../arm-none-eabi/lib/thumb/v7-m/nofp/libm.a(lib_a-s_lib_ver.o)
                              /usr/lib/gcc/arm-none-eabi/10.3.1/../../../arm-none-eabi/lib/thumb/v7-m/nofp/libm.a(lib_a-w_pow.o) (__fdlib_version)
/usr/lib/gcc/arm-none-eabi/10.3.1/../../../arm-none-eabi/lib/thumb/v7-m/nofp/libm.a(lib_a-s_nan.o)
                              /usr/lib/gcc/arm-none-eabi/10.3.1/../../../arm-none-eabi/lib/thumb/v7-m/nofp/libm.a(lib_a-e_pow.o) (nan)
/usr/lib/gcc/arm-none-eabi/10.3.1/../../../arm-none-eabi/lib/thumb/v7-m/nofp/libm.a(lib_a-s_rint.o)
                              /usr/lib/gcc/arm-none-eabi/10.3.1/../../../arm-none-eabi/lib/thumb/v7-m/nofp/libm.a(lib_a-w_pow.o) (rint)
/usr/lib/gcc/arm-none-eabi/10.3.1/../../../arm-none-eabi/lib/thumb/v7-m/nofp/libm.a(lib_a-s_scalbn.o)
                              /usr/lib/gcc/arm-none-eabi/10.3.1/../../../arm-none-eabi/lib/thumb/v7-m/nofp/libm.a(lib_a-e_pow.o) (scalbn)
/usr/lib/gcc/arm-none-eabi/10.3.1/thumb/v7-m/nofp/libgcc.a(_arm_muldf3.o)
                              CMakeFiles/INA226.elf.dir/User/ina226/ina226.cpp.obj (__aeabi_dmul)
/usr/lib/gcc/arm-none-eabi/10.3.1/thumb/v7-m/nofp/libgcc.a(_arm_mulsf3.o)
                              CMakeFiles/INA226.elf.dir/User/ina226/ina226.cpp.obj (__aeabi_fmul)
/usr/lib/gcc/arm-none-eabi/10.3.1/thumb/v7-m/nofp/libgcc.a(_arm_addsubdf3.o)
                              CMakeFiles/INA226.elf.dir/User/ina226/ina226.cpp.obj (__aeabi_dsub)
/usr/lib/gcc/arm-none-eabi/10.3.1/thumb/v7-m/nofp/libgcc.a(_arm_muldivdf3.o)
                              CMakeFiles/INA226.elf.dir/User/ina226/ina226.cpp.obj (__aeabi_ddiv)
/usr/lib/gcc/arm-none-eabi/10.3.1/thumb/v7-m/nofp/libgcc.a(_arm_cmpdf2.o)
                              /usr/lib/gcc/arm-none-eabi/10.3.1/../../../arm-none-eabi/lib/thumb/v7-m/nofp/libm.a(lib_a-w_pow.o) (__aeabi_dcmpeq)
/usr/lib/gcc/arm-none-eabi/10.3.1/thumb/v7-m/nofp/libgcc.a(_arm_unorddf2.o)
                              /usr/lib/gcc/arm-none-eabi/10.3.1/../../../arm-none-eabi/lib/thumb/v7-m/nofp/libm.a(lib_a-w_pow.o) (__aeabi_dcmpun)
/usr/lib/gcc/arm-none-eabi/10.3.1/thumb/v7-m/nofp/libgcc.a(_arm_fixdfsi.o)
                              CMakeFiles/INA226.elf.dir/User/main/usr_main.cpp.obj (__aeabi_d2iz)
/usr/lib/gcc/arm-none-eabi/10.3.1/thumb/v7-m/nofp/libgcc.a(_arm_truncdfsf2.o)
                              CMakeFiles/INA226.elf.dir/User/ina226/ina226.cpp.obj (__aeabi_d2f)
/usr/lib/gcc/arm-none-eabi/10.3.1/thumb/v7-m/nofp/libgcc.a(_arm_addsubsf3.o)
                              CMakeFiles/INA226.elf.dir/User/main/usr_main.cpp.obj (__aeabi_fsub)
/usr/lib/gcc/arm-none-eabi/10.3.1/thumb/v7-m/nofp/libgcc.a(_arm_cmpsf2.o)
                              CMakeFiles/INA226.elf.dir/User/main/usr_main.cpp.obj (__aeabi_fcmplt)
/usr/lib/gcc/arm-none-eabi/10.3.1/thumb/v7-m/nofp/libgcc.a(_arm_fixsfsi.o)
                              CMakeFiles/INA226.elf.dir/User/main/usr_main.cpp.obj (__aeabi_f2iz)
/usr/lib/gcc/arm-none-eabi/10.3.1/thumb/v7-m/nofp/libgcc.a(unwind-arm.o)
                              CMakeFiles/INA226.elf.dir/User/can/user_can.cpp.obj (__aeabi_unwind_cpp_pr0)
/usr/lib/gcc/arm-none-eabi/10.3.1/thumb/v7-m/nofp/libgcc.a(libunwind.o)
                              /usr/lib/gcc/arm-none-eabi/10.3.1/thumb/v7-m/nofp/libgcc.a(unwind-arm.o) (restore_core_regs)
/usr/lib/gcc/arm-none-eabi/10.3.1/thumb/v7-m/nofp/libgcc.a(pr-support.o)
                              /usr/lib/gcc/arm-none-eabi/10.3.1/thumb/v7-m/nofp/libgcc.a(unwind-arm.o) (__gnu_unwind_execute)
/usr/lib/gcc/arm-none-eabi/10.3.1/../../../arm-none-eabi/lib/thumb/v7-m/nofp/libg.a(lib_a-abort.o)
                              /usr/lib/gcc/arm-none-eabi/10.3.1/thumb/v7-m/nofp/libgcc.a(unwind-arm.o) (abort)
[...]
Memory Configuration

Name             Origin             Length             Attributes
RAM              0x0000000020000000 0x0000000000005000 xrw
FLASH            0x0000000008000000 0x0000000000010000 xr
*default*        0x0000000000000000 0xffffffffffffffff

Linker script and memory map

LOAD /usr/lib/gcc/arm-none-eabi/10.3.1/thumb/v7-m/nofp/crti.o
LOAD /usr/lib/gcc/arm-none-eabi/10.3.1/thumb/v7-m/nofp/crtbegin.o
LOAD /usr/lib/gcc/arm-none-eabi/10.3.1/../../../arm-none-eabi/lib/thumb/v7-m/nofp/crt0.o
LOAD CMakeFiles/INA226.elf.dir/Core/Src/can.c.obj
LOAD CMakeFiles/INA226.elf.dir/Core/Src/gpio.c.obj
LOAD CMakeFiles/INA226.elf.dir/Core/Src/i2c.c.obj
LOAD CMakeFiles/INA226.elf.dir/Core/Src/main.c.obj
LOAD CMakeFiles/INA226.elf.dir/Core/Src/stm32f1xx_hal_msp.c.obj
LOAD CMakeFiles/INA226.elf.dir/Core/Src/stm32f1xx_it.c.obj
LOAD CMakeFiles/INA226.elf.dir/Core/Src/syscalls.c.obj
LOAD CMakeFiles/INA226.elf.dir/Core/Src/sysmem.c.obj
LOAD CMakeFiles/INA226.elf.dir/Core/Src/system_stm32f1xx.c.obj
LOAD CMakeFiles/INA226.elf.dir/Core/Src/tim.c.obj
LOAD CMakeFiles/INA226.elf.dir/Core/Src/usart.c.obj
LOAD CMakeFiles/INA226.elf.dir/Core/Startup/startup_stm32f103c8tx.s.obj
LOAD CMakeFiles/INA226.elf.dir/Drivers/STM32F1xx_HAL_Driver/Src/stm32f1xx_hal.c.obj
LOAD CMakeFiles/INA226.elf.dir/Drivers/STM32F1xx_HAL_Driver/Src/stm32f1xx_hal_can.c.obj
LOAD CMakeFiles/INA226.elf.dir/Drivers/STM32F1xx_HAL_Driver/Src/stm32f1xx_hal_cortex.c.obj
LOAD CMakeFiles/INA226.elf.dir/Drivers/STM32F1xx_HAL_Driver/Src/stm32f1xx_hal_dma.c.obj
LOAD CMakeFiles/INA226.elf.dir/Drivers/STM32F1xx_HAL_Driver/Src/stm32f1xx_hal_exti.c.obj
LOAD CMakeFiles/INA226.elf.dir/Drivers/STM32F1xx_HAL_Driver/Src/stm32f1xx_hal_flash.c.obj
LOAD CMakeFiles/INA226.elf.dir/Drivers/STM32F1xx_HAL_Driver/Src/stm32f1xx_hal_flash_ex.c.obj
LOAD CMakeFiles/INA226.elf.dir/Drivers/STM32F1xx_HAL_Driver/Src/stm32f1xx_hal_gpio.c.obj
LOAD CMakeFiles/INA226.elf.dir/Drivers/STM32F1xx_HAL_Driver/Src/stm32f1xx_hal_gpio_ex.c.obj
LOAD CMakeFiles/INA226.elf.dir/Drivers/STM32F1xx_HAL_Driver/Src/stm32f1xx_hal_i2c.c.obj
LOAD CMakeFiles/INA226.elf.dir/Drivers/STM32F1xx_HAL_Driver/Src/stm32f1xx_hal_pwr.c.obj
LOAD CMakeFiles/INA226.elf.dir/Drivers/STM32F1xx_HAL_Driver/Src/stm32f1xx_hal_rcc.c.obj
LOAD CMakeFiles/INA226.elf.dir/Drivers/STM32F1xx_HAL_Driver/Src/stm32f1xx_hal_rcc_ex.c.obj
LOAD CMakeFiles/INA226.elf.dir/Drivers/STM32F1xx_HAL_Driver/Src/stm32f1xx_hal_tim.c.obj
LOAD CMakeFiles/INA226.elf.dir/Drivers/STM32F1xx_HAL_Driver/Src/stm32f1xx_hal_tim_ex.c.obj
LOAD CMakeFiles/INA226.elf.dir/Drivers/STM32F1xx_HAL_Driver/Src/stm32f1xx_hal_uart.c.obj
LOAD CMakeFiles/INA226.elf.dir/User/can/user_can.cpp.obj
LOAD CMakeFiles/INA226.elf.dir/User/ina226/ina226.cpp.obj
LOAD CMakeFiles/INA226.elf.dir/User/main/usr_main.cpp.obj
LOAD /usr/lib/gcc/arm-none-eabi/10.3.1/../../../arm-none-eabi/lib/thumb/v7-m/nofp/libstdc++.a
LOAD /usr/lib/gcc/arm-none-eabi/10.3.1/../../../arm-none-eabi/lib/thumb/v7-m/nofp/libm.a
START GROUP
LOAD /usr/lib/gcc/arm-none-eabi/10.3.1/thumb/v7-m/nofp/libgcc.a
LOAD /usr/lib/gcc/arm-none-eabi/10.3.1/../../../arm-none-eabi/lib/thumb/v7-m/nofp/libg.a
LOAD /usr/lib/gcc/arm-none-eabi/10.3.1/../../../arm-none-eabi/lib/thumb/v7-m/nofp/libc.a
END GROUP
LOAD /usr/lib/gcc/arm-none-eabi/10.3.1/thumb/v7-m/nofp/crtend.o
LOAD /usr/lib/gcc/arm-none-eabi/10.3.1/thumb/v7-m/nofp/crtn.o
                0x0000000020005000                _estack = (ORIGIN (RAM) + LENGTH (RAM))
                0x0000000000000200                _Min_Heap_Size = 0x200
                0x0000000000000400                _Min_Stack_Size = 0x400

.isr_vector     0x0000000008000000      0x10c
                0x0000000008000000                . = ALIGN (0x4)
 *(.isr_vector)
 .isr_vector    0x0000000008000000      0x10c CMakeFiles/INA226.elf.dir/Core/Startup/startup_stm32f103c8tx.s.obj
                0x0000000008000000                g_pfnVectors
                0x000000000800010c                . = ALIGN (0x4)

.text           0x0000000008000110     0x8c58
                0x0000000008000110                . = ALIGN (0x4)
 *(.text)
 .text          0x0000000008000110       0x88 /usr/lib/gcc/arm-none-eabi/10.3.1/thumb/v7-m/nofp/crtbegin.o
 .text          0x0000000008000198      0x180 /usr/lib/gcc/arm-none-eabi/10.3.1/../../../arm-none-eabi/lib/thumb/v7-m/nofp/libm.a(lib_a-w_pow.o)
                0x0000000008000198                pow
 .text          0x0000000008000318      0xad0 /usr/lib/gcc/arm-none-eabi/10.3.1/../../../arm-none-eabi/lib/thumb/v7-m/nofp/libm.a(lib_a-e_pow.o)
                0x0000000008000318                __ieee754_pow
 .text          0x0000000008000de8      0x18c /usr/lib/gcc/arm-none-eabi/10.3.1/../../../arm-none-eabi/lib/thumb/v7-m/nofp/libm.a(lib_a-e_sqrt.o)
                0x0000000008000de8                __ieee754_sqrt
 .text          0x0000000008000f74        0x8 /usr/lib/gcc/arm-none-eabi/10.3.1/../../../arm-none-eabi/lib/thumb/v7-m/nofp/libm.a(lib_a-s_fabs.o)
                0x0000000008000f74                fabs
 .text          0x0000000008000f7c        0xc /usr/lib/gcc/arm-none-eabi/10.3.1/../../../arm-none-eabi/lib/thumb/v7-m/nofp/libm.a(lib_a-s_finite.o)
                0x0000000008000f7c                finite
 .text          0x0000000008000f88        0xc /usr/lib/gcc/arm-none-eabi/10.3.1/../../../arm-none-eabi/lib/thumb/v7-m/nofp/libm.a(lib_a-s_nan.o)
                0x0000000008000f88                nan
 .text          0x0000000008000f94      0x138 /usr/lib/gcc/arm-none-eabi/10.3.1/../../../arm-none-eabi/lib/thumb/v7-m/nofp/libm.a(lib_a-s_rint.o)
                0x0000000008000f94                rint
 *fill*         0x00000000080010cc        0x4 
 .text          0x00000000080010d0       0xfc /usr/lib/gcc/arm-none-eabi/10.3.1/../../../arm-none-eabi/lib/thumb/v7-m/nofp/libm.a(lib_a-s_scalbn.o)
                0x00000000080010d0                scalbn
 .text          0x00000000080011cc      0x168 /usr/lib/gcc/arm-none-eabi/10.3.1/thumb/v7-m/nofp/libgcc.a(_arm_mulsf3.o)
                0x00000000080011cc                __mulsf3
                0x00000000080011cc                __aeabi_fmul
 .text          0x0000000008001334      0x378 /usr/lib/gcc/arm-none-eabi/10.3.1/thumb/v7-m/nofp/libgcc.a(_arm_addsubdf3.o)
                0x0000000008001334                __aeabi_drsub
                0x000000000800133c                __aeabi_dsub
                0x000000000800133c                __subdf3
                0x0000000008001340                __adddf3
                0x0000000008001340                __aeabi_dadd
                0x00000000080015b8                __aeabi_ui2d
                0x00000000080015b8                __floatunsidf
                0x00000000080015d8                __floatsidf
                0x00000000080015d8                __aeabi_i2d
                0x00000000080015fc                __extendsfdf2
                0x00000000080015fc                __aeabi_f2d
                0x0000000008001640                __aeabi_ul2d
                0x0000000008001640                __floatundidf
                0x0000000008001650                __floatdidf
                0x0000000008001650                __aeabi_l2d
 .text          0x00000000080016ac      0x424 /usr/lib/gcc/arm-none-eabi/10.3.1/thumb/v7-m/nofp/libgcc.a(_arm_muldivdf3.o)
                0x00000000080016ac                __aeabi_dmul
                0x00000000080016ac                __muldf3
                0x0000000008001900                __aeabi_ddiv
                0x0000000008001900                __divdf3
 .text          0x0000000008001ad0      0x110 /usr/lib/gcc/arm-none-eabi/10.3.1/thumb/v7-m/nofp/libgcc.a(_arm_cmpdf2.o)
                0x0000000008001ad0                __gtdf2
                0x0000000008001ad0                __gedf2
                0x0000000008001ad8                __ltdf2
                0x0000000008001ad8                __ledf2
                0x0000000008001ae0                __cmpdf2
                0x0000000008001ae0                __eqdf2
                0x0000000008001ae0                __nedf2
                0x0000000008001b5c                __aeabi_cdrcmple
                0x0000000008001b6c                __aeabi_cdcmple
                0x0000000008001b6c                __aeabi_cdcmpeq
                0x0000000008001b7c                __aeabi_dcmpeq
                0x0000000008001b90                __aeabi_dcmplt
                0x0000000008001ba4                __aeabi_dcmple
                0x0000000008001bb8                __aeabi_dcmpge
                0x0000000008001bcc                __aeabi_dcmpgt
 .text          0x0000000008001be0       0x2c /usr/lib/gcc/arm-none-eabi/10.3.1/thumb/v7-m/nofp/libgcc.a(_arm_unorddf2.o)
                0x0000000008001be0                __aeabi_dcmpun
                0x0000000008001be0                __unorddf2
 .text          0x0000000008001c0c       0x50 /usr/lib/gcc/arm-none-eabi/10.3.1/thumb/v7-m/nofp/libgcc.a(_arm_fixdfsi.o)
                0x0000000008001c0c                __fixdfsi
                0x0000000008001c0c                __aeabi_d2iz
 .text          0x0000000008001c5c       0xa0 /usr/lib/gcc/arm-none-eabi/10.3.1/thumb/v7-m/nofp/libgcc.a(_arm_truncdfsf2.o)
                0x0000000008001c5c                __aeabi_d2f
                0x0000000008001c5c                __truncdfsf2
 .text          0x0000000008001cfc      0x21c /usr/lib/gcc/arm-none-eabi/10.3.1/thumb/v7-m/nofp/libgcc.a(_arm_addsubsf3.o)
                0x0000000008001cfc                __aeabi_frsub
                0x0000000008001d04                __subsf3
                0x0000000008001d04                __aeabi_fsub
                0x0000000008001d08                __aeabi_fadd
                0x0000000008001d08                __addsf3
                0x0000000008001e68                __aeabi_ui2f
                0x0000000008001e68                __floatunsisf
                0x0000000008001e70                __aeabi_i2f
                0x0000000008001e70                __floatsisf
                0x0000000008001e8c                __floatundisf
                0x0000000008001e8c                __aeabi_ul2f
                0x0000000008001e9c                __floatdisf
                0x0000000008001e9c                __aeabi_l2f
 .text          0x0000000008001f18       0xec /usr/lib/gcc/arm-none-eabi/10.3.1/thumb/v7-m/nofp/libgcc.a(_arm_cmpsf2.o)
                0x0000000008001f18                __gtsf2
                0x0000000008001f18                __gesf2
                0x0000000008001f20                __lesf2
                0x0000000008001f20                __ltsf2
                0x0000000008001f28                __nesf2
                0x0000000008001f28                __eqsf2
                0x0000000008001f28                __cmpsf2
                0x0000000008001f88                __aeabi_cfrcmple
                0x0000000008001f90                __aeabi_cfcmple
                0x0000000008001f90                __aeabi_cfcmpeq
                0x0000000008001fa0                __aeabi_fcmpeq
                0x0000000008001fb4                __aeabi_fcmplt
                0x0000000008001fc8                __aeabi_fcmple
                0x0000000008001fdc                __aeabi_fcmpge
                0x0000000008001ff0                __aeabi_fcmpgt
 .text          0x0000000008002004       0x4c /usr/lib/gcc/arm-none-eabi/10.3.1/thumb/v7-m/nofp/libgcc.a(_arm_fixsfsi.o)
                0x0000000008002004                __fixsfsi
                0x0000000008002004                __aeabi_f2iz
 .text          0x0000000008002050      0x9e4 /usr/lib/gcc/arm-none-eabi/10.3.1/thumb/v7-m/nofp/libgcc.a(unwind-arm.o)
                0x0000000008002310                _Unwind_GetCFA
                0x0000000008002314                __gnu_Unwind_RaiseException
                0x000000000800237c                __gnu_Unwind_ForcedUnwind
                0x0000000008002390                __gnu_Unwind_Resume
                0x00000000080023d4                __gnu_Unwind_Resume_or_Rethrow
                0x00000000080023e8                _Unwind_Complete
                0x00000000080023ec                _Unwind_DeleteException
                0x00000000080023f8                _Unwind_VRS_Get
                0x0000000008002444                _Unwind_VRS_Set
                0x000000000800248c                __gnu_Unwind_Backtrace
                0x00000000080027b4                __aeabi_unwind_cpp_pr0
                0x00000000080027b8                __aeabi_unwind_cpp_pr1
                0x00000000080027bc                __aeabi_unwind_cpp_pr2
                0x00000000080027c0                _Unwind_VRS_Pop
 .text          0x0000000008002a34      0x1ac /usr/lib/gcc/arm-none-eabi/10.3.1/thumb/v7-m/nofp/libgcc.a(libunwind.o)
                0x0000000008002a34                __restore_core_regs
                0x0000000008002a34                restore_core_regs
                0x0000000008002a4c                __gnu_Unwind_Restore_VFP
                0x0000000008002a54                __gnu_Unwind_Save_VFP
                0x0000000008002a5c                __gnu_Unwind_Restore_VFP_D
                0x0000000008002a64                __gnu_Unwind_Save_VFP_D
                0x0000000008002a6c                __gnu_Unwind_Restore_VFP_D_16_to_31
                0x0000000008002a74                __gnu_Unwind_Save_VFP_D_16_to_31
                0x0000000008002a7c                __gnu_Unwind_Restore_WMMXD
                0x0000000008002ac0                __gnu_Unwind_Save_WMMXD
                0x0000000008002b04                __gnu_Unwind_Restore_WMMXC
                0x0000000008002b18                __gnu_Unwind_Save_WMMXC
                0x0000000008002b2c                ___Unwind_RaiseException
                0x0000000008002b2c                _Unwind_RaiseException
                0x0000000008002b50                ___Unwind_Resume
                0x0000000008002b50                _Unwind_Resume
                0x0000000008002b74                _Unwind_Resume_or_Rethrow
                0x0000000008002b74                ___Unwind_Resume_or_Rethrow
                0x0000000008002b98                ___Unwind_ForcedUnwind
                0x0000000008002b98                _Unwind_ForcedUnwind
                0x0000000008002bbc                _Unwind_Backtrace
                0x0000000008002bbc                ___Unwind_Backtrace
 .text          0x0000000008002be0      0x38c /usr/lib/gcc/arm-none-eabi/10.3.1/thumb/v7-m/nofp/libgcc.a(pr-support.o)
                0x0000000008002c38                __gnu_unwind_execute
                0x0000000008002f1c                __gnu_unwind_frame
                0x0000000008002f4c                _Unwind_GetRegionStart
                0x0000000008002f58                _Unwind_GetLanguageSpecificData
 .text          0x0000000008002f6c       0x10 /usr/lib/gcc/arm-none-eabi/10.3.1/../../../arm-none-eabi/lib/thumb/v7-m/nofp/libg.a(lib_a-abort.o)
                0x0000000008002f6c                abort
 .text          0x0000000008002f7c        0xc /usr/lib/gcc/arm-none-eabi/10.3.1/../../../arm-none-eabi/lib/thumb/v7-m/nofp/libg.a(lib_a-atexit.o)
                0x0000000008002f7c                atexit
 .text          0x0000000008002f88        0xc /usr/lib/gcc/arm-none-eabi/10.3.1/../../../arm-none-eabi/lib/thumb/v7-m/nofp/libg.a(lib_a-errno.o)
                0x0000000008002f88                __errno
 .text          0x0000000008002f94       0x2c /usr/lib/gcc/arm-none-eabi/10.3.1/../../../arm-none-eabi/lib/thumb/v7-m/nofp/libg.a(lib_a-fini.o)
                0x0000000008002f94                __libc_fini_array
 .text          0x0000000008002fc0       0x48 /usr/lib/gcc/arm-none-eabi/10.3.1/../../../arm-none-eabi/lib/thumb/v7-m/nofp/libg.a(lib_a-init.o)
                0x0000000008002fc0                __libc_init_array
 .text          0x0000000008003008       0xec /usr/lib/gcc/arm-none-eabi/10.3.1/../../../arm-none-eabi/lib/thumb/v7-m/nofp/libg.a(lib_a-memcpy.o)
                0x0000000008003008                memcpy
 .text          0x00000000080030f4       0xa4 /usr/lib/gcc/arm-none-eabi/10.3.1/../../../arm-none-eabi/lib/thumb/v7-m/nofp/libg.a(lib_a-memset.o)
                0x00000000080030f4                memset
 .text          0x0000000008003198      0x28c /usr/lib/gcc/arm-none-eabi/10.3.1/../../../arm-none-eabi/lib/thumb/v7-m/nofp/libg.a(lib_a-signal.o)
                0x0000000008003198                _init_signal_r
                0x00000000080031c8                _signal_r
                0x0000000008003214                _raise_r
                0x000000000800326c                __sigtramp_r
                0x00000000080032d4                raise
                0x0000000008003330                signal
                0x0000000008003384                _init_signal
                0x00000000080033bc                __sigtramp
 .text          0x0000000008003424       0x2c /usr/lib/gcc/arm-none-eabi/10.3.1/../../../arm-none-eabi/lib/thumb/v7-m/nofp/libg.a(lib_a-signalr.o)
                0x0000000008003424                _kill_r
                0x000000000800344c                _getpid_r
 .text          0x0000000008003450       0x5c /usr/lib/gcc/arm-none-eabi/10.3.1/../../../arm-none-eabi/lib/thumb/v7-m/nofp/libg.a(lib_a-strlen-stub.o)
                0x0000000008003450                strlen
 .text          0x00000000080034ac       0x64 /usr/lib/gcc/arm-none-eabi/10.3.1/../../../arm-none-eabi/lib/thumb/v7-m/nofp/libg.a(lib_a-__atexit.o)
                0x00000000080034ac                __register_exitproc
 .text          0x0000000008003510      0x54c /usr/lib/gcc/arm-none-eabi/10.3.1/../../../arm-none-eabi/lib/thumb/v7-m/nofp/libg.a(lib_a-mallocr.o)
                0x0000000008003510                _malloc_r
 .text          0x0000000008003a5c        0x8 /usr/lib/gcc/arm-none-eabi/10.3.1/../../../arm-none-eabi/lib/thumb/v7-m/nofp/libg.a(lib_a-mlock.o)
                0x0000000008003a5c                __malloc_lock
                0x0000000008003a60                __malloc_unlock
 .text          0x0000000008003a64       0x24 /usr/lib/gcc/arm-none-eabi/10.3.1/../../../arm-none-eabi/lib/thumb/v7-m/nofp/libg.a(lib_a-sbrkr.o)
                0x0000000008003a64                _sbrk_r
 .text          0x0000000008003a88      0x2a0 /usr/lib/gcc/arm-none-eabi/10.3.1/../../../arm-none-eabi/lib/thumb/v7-m/nofp/libg.a(lib_a-freer.o)
                0x0000000008003a88                _malloc_trim_r
                0x0000000008003b28                _free_r
 *(.text*)
 .text.MX_CAN_Init
                0x0000000008003d28       0x6c CMakeFiles/INA226.elf.dir/Core/Src/can.c.obj
                0x0000000008003d28                MX_CAN_Init
 .text.HAL_CAN_MspInit
                0x0000000008003d94       0xc8 CMakeFiles/INA226.elf.dir/Core/Src/can.c.obj
                0x0000000008003d94                HAL_CAN_MspInit
 .text.MX_GPIO_Init
                0x0000000008003e5c       0x98 CMakeFiles/INA226.elf.dir/Core/Src/gpio.c.obj
                0x0000000008003e5c                MX_GPIO_Init
 .text.MX_I2C1_Init
                0x0000000008003ef4       0x5c CMakeFiles/INA226.elf.dir/Core/Src/i2c.c.obj
                0x0000000008003ef4                MX_I2C1_Init
 .text.HAL_I2C_MspInit
                0x0000000008003f50       0x7c CMakeFiles/INA226.elf.dir/Core/Src/i2c.c.obj
                0x0000000008003f50                HAL_I2C_MspInit
 .text.PVD_Config
                0x0000000008003fcc       0x54 CMakeFiles/INA226.elf.dir/Core/Src/main.c.obj
                0x0000000008003fcc                PVD_Config
 .text.main     0x0000000008004020       0x2e CMakeFiles/INA226.elf.dir/Core/Src/main.c.obj
                0x0000000008004020                main
 .text.SystemClock_Config
                0x000000000800404e       0x8a CMakeFiles/INA226.elf.dir/Core/Src/main.c.obj
                0x000000000800404e                SystemClock_Config
 .text.Error_Handler
                0x00000000080040d8        0xa CMakeFiles/INA226.elf.dir/Core/Src/main.c.obj
                0x00000000080040d8                Error_Handler
 *fill*         0x00000000080040e2        0x2 
 .text.HAL_MspInit
                0x00000000080040e4       0x74 CMakeFiles/INA226.elf.dir/Core/Src/stm32f1xx_hal_msp.c.obj
                0x00000000080040e4                HAL_MspInit
 .text.NMI_Handler
                0x0000000008004158        0x6 CMakeFiles/INA226.elf.dir/Core/Src/stm32f1xx_it.c.obj
                0x0000000008004158                NMI_Handler
 .text.HardFault_Handler
                0x000000000800415e        0xa CMakeFiles/INA226.elf.dir/Core/Src/stm32f1xx_it.c.obj
                0x000000000800415e                HardFault_Handler
 .text.MemManage_Handler
                0x0000000008004168        0x6 CMakeFiles/INA226.elf.dir/Core/Src/stm32f1xx_it.c.obj
                0x0000000008004168                MemManage_Handler
 .text.BusFault_Handler
                0x000000000800416e        0x6 CMakeFiles/INA226.elf.dir/Core/Src/stm32f1xx_it.c.obj
                0x000000000800416e                BusFault_Handler
 .text.UsageFault_Handler
                0x0000000008004174        0x6 CMakeFiles/INA226.elf.dir/Core/Src/stm32f1xx_it.c.obj
                0x0000000008004174                UsageFault_Handler
 .text.SVC_Handler
                0x000000000800417a        0xc CMakeFiles/INA226.elf.dir/Core/Src/stm32f1xx_it.c.obj
                0x000000000800417a                SVC_Handler
 .text.DebugMon_Handler
                0x0000000008004186        0xc CMakeFiles/INA226.elf.dir/Core/Src/stm32f1xx_it.c.obj
                0x0000000008004186                DebugMon_Handler
 .text.PendSV_Handler
                0x0000000008004192        0xc CMakeFiles/INA226.elf.dir/Core/Src/stm32f1xx_it.c.obj
                0x0000000008004192                PendSV_Handler
 .text.SysTick_Handler
                0x000000000800419e        0xc CMakeFiles/INA226.elf.dir/Core/Src/stm32f1xx_it.c.obj
                0x000000000800419e                SysTick_Handler
 .text.PVD_IRQHandler
                0x00000000080041aa        0xc CMakeFiles/INA226.elf.dir/Core/Src/stm32f1xx_it.c.obj
                0x00000000080041aa                PVD_IRQHandler
 *fill*         0x00000000080041b6        0x2 
 .text.USB_HP_CAN1_TX_IRQHandler
                0x00000000080041b8       0x14 CMakeFiles/INA226.elf.dir/Core/Src/stm32f1xx_it.c.obj
                0x00000000080041b8                USB_HP_CAN1_TX_IRQHandler
 .text.USB_LP_CAN1_RX0_IRQHandler
                0x00000000080041cc       0x14 CMakeFiles/INA226.elf.dir/Core/Src/stm32f1xx_it.c.obj
                0x00000000080041cc                USB_LP_CAN1_RX0_IRQHandler
 .text.CAN1_RX1_IRQHandler
                0x00000000080041e0       0x14 CMakeFiles/INA226.elf.dir/Core/Src/stm32f1xx_it.c.obj
                0x00000000080041e0                CAN1_RX1_IRQHandler
 .text.TIM2_IRQHandler
                0x00000000080041f4       0x14 CMakeFiles/INA226.elf.dir/Core/Src/stm32f1xx_it.c.obj
                0x00000000080041f4                TIM2_IRQHandler
 .text.USART1_IRQHandler
                0x0000000008004208       0x14 CMakeFiles/INA226.elf.dir/Core/Src/stm32f1xx_it.c.obj
                0x0000000008004208                USART1_IRQHandler
 .text._getpid  0x000000000800421c        0xe CMakeFiles/INA226.elf.dir/Core/Src/syscalls.c.obj
                0x000000000800421c                _getpid
 .text._kill    0x000000000800422a       0x20 CMakeFiles/INA226.elf.dir/Core/Src/syscalls.c.obj
                0x000000000800422a                _kill
 .text._exit    0x000000000800424a       0x14 CMakeFiles/INA226.elf.dir/Core/Src/syscalls.c.obj
                0x000000000800424a                _exit
 *fill*         0x000000000800425e        0x2 
 .text._sbrk    0x0000000008004260       0x6c CMakeFiles/INA226.elf.dir/Core/Src/sysmem.c.obj
                0x0000000008004260                _sbrk
 .text.SystemInit
                0x00000000080042cc        0xc CMakeFiles/INA226.elf.dir/Core/Src/system_stm32f1xx.c.obj
                0x00000000080042cc                SystemInit
 .text.MX_TIM2_Init
                0x00000000080042d8       0x98 CMakeFiles/INA226.elf.dir/Core/Src/tim.c.obj
                0x00000000080042d8                MX_TIM2_Init
 .text.HAL_TIM_Base_MspInit
                0x0000000008004370       0x48 CMakeFiles/INA226.elf.dir/Core/Src/tim.c.obj
                0x0000000008004370                HAL_TIM_Base_MspInit
 .text.MX_USART1_UART_Init
                0x00000000080043b8       0x54 CMakeFiles/INA226.elf.dir/Core/Src/usart.c.obj
                0x00000000080043b8                MX_USART1_UART_Init
 .text.HAL_UART_MspInit
                0x000000000800440c       0xa8 CMakeFiles/INA226.elf.dir/Core/Src/usart.c.obj
                0x000000000800440c                HAL_UART_MspInit
 .text.Reset_Handler
                0x00000000080044b4       0x48 CMakeFiles/INA226.elf.dir/Core/Startup/startup_stm32f103c8tx.s.obj
                0x00000000080044b4                Reset_Handler
 .text.Default_Handler
                0x00000000080044fc        0x2 CMakeFiles/INA226.elf.dir/Core/Startup/startup_stm32f103c8tx.s.obj
                0x00000000080044fc                RTC_Alarm_IRQHandler
                0x00000000080044fc                EXTI2_IRQHandler
                0x00000000080044fc                TIM1_CC_IRQHandler
                0x00000000080044fc                EXTI3_IRQHandler
                0x00000000080044fc                EXTI0_IRQHandler
                0x00000000080044fc                I2C2_EV_IRQHandler
                0x00000000080044fc                ADC1_2_IRQHandler
                0x00000000080044fc                SPI1_IRQHandler
                0x00000000080044fc                TAMPER_IRQHandler
                0x00000000080044fc                DMA1_Channel4_IRQHandler
                0x00000000080044fc                USART3_IRQHandler
                0x00000000080044fc                RTC_IRQHandler
                0x00000000080044fc                DMA1_Channel7_IRQHandler
                0x00000000080044fc                TIM4_IRQHandler
                0x00000000080044fc                I2C1_EV_IRQHandler
                0x00000000080044fc                DMA1_Channel6_IRQHandler
                0x00000000080044fc                TIM3_IRQHandler
                0x00000000080044fc                RCC_IRQHandler
                0x00000000080044fc                TIM1_TRG_COM_IRQHandler
                0x00000000080044fc                DMA1_Channel1_IRQHandler
                0x00000000080044fc                Default_Handler
                0x00000000080044fc                EXTI15_10_IRQHandler
                0x00000000080044fc                EXTI9_5_IRQHandler
                0x00000000080044fc                SPI2_IRQHandler
                0x00000000080044fc                DMA1_Channel5_IRQHandler
                0x00000000080044fc                EXTI4_IRQHandler
                0x00000000080044fc                DMA1_Channel3_IRQHandler
                0x00000000080044fc                TIM1_UP_IRQHandler
                0x00000000080044fc                WWDG_IRQHandler
                0x00000000080044fc                TIM1_BRK_IRQHandler
                0x00000000080044fc                EXTI1_IRQHandler
                0x00000000080044fc                USART2_IRQHandler
                0x00000000080044fc                I2C2_ER_IRQHandler
                0x00000000080044fc                DMA1_Channel2_IRQHandler
                0x00000000080044fc                CAN1_SCE_IRQHandler
                0x00000000080044fc                FLASH_IRQHandler
                0x00000000080044fc                I2C1_ER_IRQHandler
                0x00000000080044fc                USBWakeUp_IRQHandler
 *fill*         0x00000000080044fe        0x2 
 .text.HAL_Init
                0x0000000008004500       0x2c CMakeFiles/INA226.elf.dir/Drivers/STM32F1xx_HAL_Driver/Src/stm32f1xx_hal.c.obj
                0x0000000008004500                HAL_Init
 .text.HAL_InitTick
                0x000000000800452c       0x60 CMakeFiles/INA226.elf.dir/Drivers/STM32F1xx_HAL_Driver/Src/stm32f1xx_hal.c.obj
                0x000000000800452c                HAL_InitTick
 .text.HAL_IncTick
                0x000000000800458c       0x24 CMakeFiles/INA226.elf.dir/Drivers/STM32F1xx_HAL_Driver/Src/stm32f1xx_hal.c.obj
                0x000000000800458c                HAL_IncTick
 .text.HAL_GetTick
                0x00000000080045b0       0x14 CMakeFiles/INA226.elf.dir/Drivers/STM32F1xx_HAL_Driver/Src/stm32f1xx_hal.c.obj
                0x00000000080045b0                HAL_GetTick
 .text.HAL_CAN_Init
                0x00000000080045c4      0x1f6 CMakeFiles/INA226.elf.dir/Drivers/STM32F1xx_HAL_Driver/Src/stm32f1xx_hal_can.c.obj
                0x00000000080045c4                HAL_CAN_Init
 .text.HAL_CAN_ConfigFilter
                0x00000000080047ba      0x192 CMakeFiles/INA226.elf.dir/Drivers/STM32F1xx_HAL_Driver/Src/stm32f1xx_hal_can.c.obj
                0x00000000080047ba                HAL_CAN_ConfigFilter
 .text.HAL_CAN_Start
                0x000000000800494c       0x88 CMakeFiles/INA226.elf.dir/Drivers/STM32F1xx_HAL_Driver/Src/stm32f1xx_hal_can.c.obj
                0x000000000800494c                HAL_CAN_Start
 .text.HAL_CAN_AddTxMessage
                0x00000000080049d4      0x19e CMakeFiles/INA226.elf.dir/Drivers/STM32F1xx_HAL_Driver/Src/stm32f1xx_hal_can.c.obj
                0x00000000080049d4                HAL_CAN_AddTxMessage
 .text.HAL_CAN_GetRxMessage
                0x0000000008004b72      0x242 CMakeFiles/INA226.elf.dir/Drivers/STM32F1xx_HAL_Driver/Src/stm32f1xx_hal_can.c.obj
                0x0000000008004b72                HAL_CAN_GetRxMessage
 .text.HAL_CAN_ActivateNotification
                0x0000000008004db4       0x4a CMakeFiles/INA226.elf.dir/Drivers/STM32F1xx_HAL_Driver/Src/stm32f1xx_hal_can.c.obj
                0x0000000008004db4                HAL_CAN_ActivateNotification
 .text.HAL_CAN_IRQHandler
                0x0000000008004dfe      0x36e CMakeFiles/INA226.elf.dir/Drivers/STM32F1xx_HAL_Driver/Src/stm32f1xx_hal_can.c.obj
                0x0000000008004dfe                HAL_CAN_IRQHandler
 .text.HAL_CAN_TxMailbox0CompleteCallback
                0x000000000800516c       0x12 CMakeFiles/INA226.elf.dir/Drivers/STM32F1xx_HAL_Driver/Src/stm32f1xx_hal_can.c.obj
                0x000000000800516c                HAL_CAN_TxMailbox0CompleteCallback
 .text.HAL_CAN_TxMailbox1CompleteCallback
                0x000000000800517e       0x12 CMakeFiles/INA226.elf.dir/Drivers/STM32F1xx_HAL_Driver/Src/stm32f1xx_hal_can.c.obj
                0x000000000800517e                HAL_CAN_TxMailbox1CompleteCallback
 .text.HAL_CAN_TxMailbox2CompleteCallback
                0x0000000008005190       0x12 CMakeFiles/INA226.elf.dir/Drivers/STM32F1xx_HAL_Driver/Src/stm32f1xx_hal_can.c.obj
                0x0000000008005190                HAL_CAN_TxMailbox2CompleteCallback
 .text.HAL_CAN_TxMailbox0AbortCallback
                0x00000000080051a2       0x12 CMakeFiles/INA226.elf.dir/Drivers/STM32F1xx_HAL_Driver/Src/stm32f1xx_hal_can.c.obj
                0x00000000080051a2                HAL_CAN_TxMailbox0AbortCallback
 .text.HAL_CAN_TxMailbox1AbortCallback
                0x00000000080051b4       0x12 CMakeFiles/INA226.elf.dir/Drivers/STM32F1xx_HAL_Driver/Src/stm32f1xx_hal_can.c.obj
                0x00000000080051b4                HAL_CAN_TxMailbox1AbortCallback
 .text.HAL_CAN_TxMailbox2AbortCallback
                0x00000000080051c6       0x12 CMakeFiles/INA226.elf.dir/Drivers/STM32F1xx_HAL_Driver/Src/stm32f1xx_hal_can.c.obj
                0x00000000080051c6                HAL_CAN_TxMailbox2AbortCallback
 .text.HAL_CAN_RxFifo0FullCallback
                0x00000000080051d8       0x12 CMakeFiles/INA226.elf.dir/Drivers/STM32F1xx_HAL_Driver/Src/stm32f1xx_hal_can.c.obj
                0x00000000080051d8                HAL_CAN_RxFifo0FullCallback
 .text.HAL_CAN_RxFifo1MsgPendingCallback
                0x00000000080051ea       0x12 CMakeFiles/INA226.elf.dir/Drivers/STM32F1xx_HAL_Driver/Src/stm32f1xx_hal_can.c.obj
                0x00000000080051ea                HAL_CAN_RxFifo1MsgPendingCallback
 .text.HAL_CAN_RxFifo1FullCallback
                0x00000000080051fc       0x12 CMakeFiles/INA226.elf.dir/Drivers/STM32F1xx_HAL_Driver/Src/stm32f1xx_hal_can.c.obj
                0x00000000080051fc                HAL_CAN_RxFifo1FullCallback
 .text.HAL_CAN_SleepCallback
                0x000000000800520e       0x12 CMakeFiles/INA226.elf.dir/Drivers/STM32F1xx_HAL_Driver/Src/stm32f1xx_hal_can.c.obj
                0x000000000800520e                HAL_CAN_SleepCallback
 .text.HAL_CAN_WakeUpFromRxMsgCallback
                0x0000000008005220       0x12 CMakeFiles/INA226.elf.dir/Drivers/STM32F1xx_HAL_Driver/Src/stm32f1xx_hal_can.c.obj
                0x0000000008005220                HAL_CAN_WakeUpFromRxMsgCallback
 .text.HAL_CAN_ErrorCallback
                0x0000000008005232       0x12 CMakeFiles/INA226.elf.dir/Drivers/STM32F1xx_HAL_Driver/Src/stm32f1xx_hal_can.c.obj
                0x0000000008005232                HAL_CAN_ErrorCallback
 .text.HAL_CAN_GetError
                0x0000000008005244       0x16 CMakeFiles/INA226.elf.dir/Drivers/STM32F1xx_HAL_Driver/Src/stm32f1xx_hal_can.c.obj
                0x0000000008005244                HAL_CAN_GetError
 *fill*         0x000000000800525a        0x2 
 .text.__NVIC_SetPriorityGrouping
                0x000000000800525c       0x48 CMakeFiles/INA226.elf.dir/Drivers/STM32F1xx_HAL_Driver/Src/stm32f1xx_hal_cortex.c.obj
 .text.__NVIC_GetPriorityGrouping
                0x00000000080052a4       0x1c CMakeFiles/INA226.elf.dir/Drivers/STM32F1xx_HAL_Driver/Src/stm32f1xx_hal_cortex.c.obj
 .text.__NVIC_EnableIRQ
                0x00000000080052c0       0x38 CMakeFiles/INA226.elf.dir/Drivers/STM32F1xx_HAL_Driver/Src/stm32f1xx_hal_cortex.c.obj
 .text.__NVIC_SetPriority
                0x00000000080052f8       0x54 CMakeFiles/INA226.elf.dir/Drivers/STM32F1xx_HAL_Driver/Src/stm32f1xx_hal_cortex.c.obj
 .text.NVIC_EncodePriority
                0x000000000800534c       0x64 CMakeFiles/INA226.elf.dir/Drivers/STM32F1xx_HAL_Driver/Src/stm32f1xx_hal_cortex.c.obj
 .text.__NVIC_SystemReset
                0x00000000080053b0       0x2c CMakeFiles/INA226.elf.dir/Drivers/STM32F1xx_HAL_Driver/Src/stm32f1xx_hal_cortex.c.obj
 .text.SysTick_Config
                0x00000000080053dc       0x44 CMakeFiles/INA226.elf.dir/Drivers/STM32F1xx_HAL_Driver/Src/stm32f1xx_hal_cortex.c.obj
 .text.HAL_NVIC_SetPriorityGrouping
                0x0000000008005420       0x16 CMakeFiles/INA226.elf.dir/Drivers/STM32F1xx_HAL_Driver/Src/stm32f1xx_hal_cortex.c.obj
                0x0000000008005420                HAL_NVIC_SetPriorityGrouping
 .text.HAL_NVIC_SetPriority
                0x0000000008005436       0x38 CMakeFiles/INA226.elf.dir/Drivers/STM32F1xx_HAL_Driver/Src/stm32f1xx_hal_cortex.c.obj
                0x0000000008005436                HAL_NVIC_SetPriority
 .text.HAL_NVIC_EnableIRQ
                0x000000000800546e       0x1c CMakeFiles/INA226.elf.dir/Drivers/STM32F1xx_HAL_Driver/Src/stm32f1xx_hal_cortex.c.obj
                0x000000000800546e                HAL_NVIC_EnableIRQ
 .text.HAL_NVIC_SystemReset
                0x000000000800548a        0x8 CMakeFiles/INA226.elf.dir/Drivers/STM32F1xx_HAL_Driver/Src/stm32f1xx_hal_cortex.c.obj
                0x000000000800548a                HAL_NVIC_SystemReset
 .text.HAL_SYSTICK_Config
                0x0000000008005492       0x18 CMakeFiles/INA226.elf.dir/Drivers/STM32F1xx_HAL_Driver/Src/stm32f1xx_hal_cortex.c.obj
                0x0000000008005492                HAL_SYSTICK_Config
 .text.HAL_DMA_Abort
                0x00000000080054aa       0x76 CMakeFiles/INA226.elf.dir/Drivers/STM32F1xx_HAL_Driver/Src/stm32f1xx_hal_dma.c.obj
                0x00000000080054aa                HAL_DMA_Abort
 .text.HAL_DMA_Abort_IT
                0x0000000008005520       0xf0 CMakeFiles/INA226.elf.dir/Drivers/STM32F1xx_HAL_Driver/Src/stm32f1xx_hal_dma.c.obj
                0x0000000008005520                HAL_DMA_Abort_IT
 .text.HAL_GPIO_Init
                0x0000000008005610      0x308 CMakeFiles/INA226.elf.dir/Drivers/STM32F1xx_HAL_Driver/Src/stm32f1xx_hal_gpio.c.obj
                0x0000000008005610                HAL_GPIO_Init
 .text.HAL_GPIO_WritePin
                0x0000000008005918       0x30 CMakeFiles/INA226.elf.dir/Drivers/STM32F1xx_HAL_Driver/Src/stm32f1xx_hal_gpio.c.obj
                0x0000000008005918                HAL_GPIO_WritePin
 .text.HAL_GPIO_TogglePin
                0x0000000008005948       0x32 CMakeFiles/INA226.elf.dir/Drivers/STM32F1xx_HAL_Driver/Src/stm32f1xx_hal_gpio.c.obj
                0x0000000008005948                HAL_GPIO_TogglePin
 *fill*         0x000000000800597a        0x2 
 .text.HAL_I2C_Init
                0x000000000800597c      0x288 CMakeFiles/INA226.elf.dir/Drivers/STM32F1xx_HAL_Driver/Src/stm32f1xx_hal_i2c.c.obj
                0x000000000800597c                HAL_I2C_Init
 .text.HAL_I2C_Master_Transmit
                0x0000000008005c04      0x1fc CMakeFiles/INA226.elf.dir/Drivers/STM32F1xx_HAL_Driver/Src/stm32f1xx_hal_i2c.c.obj
                0x0000000008005c04                HAL_I2C_Master_Transmit
 .text.HAL_I2C_Master_Receive
                0x0000000008005e00      0x4d8 CMakeFiles/INA226.elf.dir/Drivers/STM32F1xx_HAL_Driver/Src/stm32f1xx_hal_i2c.c.obj
                0x0000000008005e00                HAL_I2C_Master_Receive
 .text.I2C_MasterRequestWrite
                0x00000000080062d8      0x104 CMakeFiles/INA226.elf.dir/Drivers/STM32F1xx_HAL_Driver/Src/stm32f1xx_hal_i2c.c.obj
 .text.I2C_MasterRequestRead
                0x00000000080063dc      0x19c CMakeFiles/INA226.elf.dir/Drivers/STM32F1xx_HAL_Driver/Src/stm32f1xx_hal_i2c.c.obj
 .text.I2C_WaitOnFlagUntilTimeout
                0x0000000008006578       0xf4 CMakeFiles/INA226.elf.dir/Drivers/STM32F1xx_HAL_Driver/Src/stm32f1xx_hal_i2c.c.obj
 .text.I2C_WaitOnMasterAddressFlagUntilTimeout
                0x000000000800666c      0x140 CMakeFiles/INA226.elf.dir/Drivers/STM32F1xx_HAL_Driver/Src/stm32f1xx_hal_i2c.c.obj
 .text.I2C_WaitOnTXEFlagUntilTimeout
                0x00000000080067ac       0x90 CMakeFiles/INA226.elf.dir/Drivers/STM32F1xx_HAL_Driver/Src/stm32f1xx_hal_i2c.c.obj
 .text.I2C_WaitOnBTFFlagUntilTimeout
                0x000000000800683c       0x90 CMakeFiles/INA226.elf.dir/Drivers/STM32F1xx_HAL_Driver/Src/stm32f1xx_hal_i2c.c.obj
 .text.I2C_WaitOnRXNEFlagUntilTimeout
                0x00000000080068cc       0xba CMakeFiles/INA226.elf.dir/Drivers/STM32F1xx_HAL_Driver/Src/stm32f1xx_hal_i2c.c.obj
 .text.I2C_IsAcknowledgeFailed
                0x0000000008006986       0x5c CMakeFiles/INA226.elf.dir/Drivers/STM32F1xx_HAL_Driver/Src/stm32f1xx_hal_i2c.c.obj
 *fill*         0x00000000080069e2        0x2 
 .text.HAL_PWR_ConfigPVD
                0x00000000080069e4       0xbc CMakeFiles/INA226.elf.dir/Drivers/STM32F1xx_HAL_Driver/Src/stm32f1xx_hal_pwr.c.obj
                0x00000000080069e4                HAL_PWR_ConfigPVD
 .text.HAL_PWR_EnablePVD
                0x0000000008006aa0       0x18 CMakeFiles/INA226.elf.dir/Drivers/STM32F1xx_HAL_Driver/Src/stm32f1xx_hal_pwr.c.obj
                0x0000000008006aa0                HAL_PWR_EnablePVD
 .text.HAL_PWR_PVD_IRQHandler
                0x0000000008006ab8       0x24 CMakeFiles/INA226.elf.dir/Drivers/STM32F1xx_HAL_Driver/Src/stm32f1xx_hal_pwr.c.obj
                0x0000000008006ab8                HAL_PWR_PVD_IRQHandler
 .text.HAL_RCC_OscConfig
                0x0000000008006adc      0x504 CMakeFiles/INA226.elf.dir/Drivers/STM32F1xx_HAL_Driver/Src/stm32f1xx_hal_rcc.c.obj
                0x0000000008006adc                HAL_RCC_OscConfig
 .text.HAL_RCC_ClockConfig
                0x0000000008006fe0      0x1d4 CMakeFiles/INA226.elf.dir/Drivers/STM32F1xx_HAL_Driver/Src/stm32f1xx_hal_rcc.c.obj
                0x0000000008006fe0                HAL_RCC_ClockConfig
 .text.HAL_RCC_GetSysClockFreq
                0x00000000080071b4       0xa8 CMakeFiles/INA226.elf.dir/Drivers/STM32F1xx_HAL_Driver/Src/stm32f1xx_hal_rcc.c.obj
                0x00000000080071b4                HAL_RCC_GetSysClockFreq
 .text.HAL_RCC_GetHCLKFreq
                0x000000000800725c       0x14 CMakeFiles/INA226.elf.dir/Drivers/STM32F1xx_HAL_Driver/Src/stm32f1xx_hal_rcc.c.obj
                0x000000000800725c                HAL_RCC_GetHCLKFreq
 .text.HAL_RCC_GetPCLK1Freq
                0x0000000008007270       0x28 CMakeFiles/INA226.elf.dir/Drivers/STM32F1xx_HAL_Driver/Src/stm32f1xx_hal_rcc.c.obj
                0x0000000008007270                HAL_RCC_GetPCLK1Freq
 .text.HAL_RCC_GetPCLK2Freq
                0x0000000008007298       0x28 CMakeFiles/INA226.elf.dir/Drivers/STM32F1xx_HAL_Driver/Src/stm32f1xx_hal_rcc.c.obj
                0x0000000008007298                HAL_RCC_GetPCLK2Freq
 .text.RCC_Delay
                0x00000000080072c0       0x3c CMakeFiles/INA226.elf.dir/Drivers/STM32F1xx_HAL_Driver/Src/stm32f1xx_hal_rcc.c.obj
 .text.HAL_TIM_Base_Init
                0x00000000080072fc       0x9e CMakeFiles/INA226.elf.dir/Drivers/STM32F1xx_HAL_Driver/Src/stm32f1xx_hal_tim.c.obj
                0x00000000080072fc                HAL_TIM_Base_Init
 *fill*         0x000000000800739a        0x2 
 .text.HAL_TIM_Base_Start_IT
                0x000000000800739c       0xa4 CMakeFiles/INA226.elf.dir/Drivers/STM32F1xx_HAL_Driver/Src/stm32f1xx_hal_tim.c.obj
                0x000000000800739c                HAL_TIM_Base_Start_IT
 .text.HAL_TIM_IRQHandler
                0x0000000008007440      0x210 CMakeFiles/INA226.elf.dir/Drivers/STM32F1xx_HAL_Driver/Src/stm32f1xx_hal_tim.c.obj
                0x0000000008007440                HAL_TIM_IRQHandler
 .text.HAL_TIM_ConfigClockSource
                0x0000000008007650      0x18e CMakeFiles/INA226.elf.dir/Drivers/STM32F1xx_HAL_Driver/Src/stm32f1xx_hal_tim.c.obj
                0x0000000008007650                HAL_TIM_ConfigClockSource
 .text.HAL_TIM_OC_DelayElapsedCallback
                0x00000000080077de       0x12 CMakeFiles/INA226.elf.dir/Drivers/STM32F1xx_HAL_Driver/Src/stm32f1xx_hal_tim.c.obj
                0x00000000080077de                HAL_TIM_OC_DelayElapsedCallback
 .text.HAL_TIM_IC_CaptureCallback
                0x00000000080077f0       0x12 CMakeFiles/INA226.elf.dir/Drivers/STM32F1xx_HAL_Driver/Src/stm32f1xx_hal_tim.c.obj
                0x00000000080077f0                HAL_TIM_IC_CaptureCallback
 .text.HAL_TIM_PWM_PulseFinishedCallback
                0x0000000008007802       0x12 CMakeFiles/INA226.elf.dir/Drivers/STM32F1xx_HAL_Driver/Src/stm32f1xx_hal_tim.c.obj
                0x0000000008007802                HAL_TIM_PWM_PulseFinishedCallback
 .text.HAL_TIM_TriggerCallback
                0x0000000008007814       0x12 CMakeFiles/INA226.elf.dir/Drivers/STM32F1xx_HAL_Driver/Src/stm32f1xx_hal_tim.c.obj
                0x0000000008007814                HAL_TIM_TriggerCallback
 *fill*         0x0000000008007826        0x2 
 .text.TIM_Base_SetConfig
                0x0000000008007828       0xc4 CMakeFiles/INA226.elf.dir/Drivers/STM32F1xx_HAL_Driver/Src/stm32f1xx_hal_tim.c.obj
                0x0000000008007828                TIM_Base_SetConfig
 .text.TIM_TI1_ConfigInputStage
                0x00000000080078ec       0x5c CMakeFiles/INA226.elf.dir/Drivers/STM32F1xx_HAL_Driver/Src/stm32f1xx_hal_tim.c.obj
 .text.TIM_TI2_ConfigInputStage
                0x0000000008007948       0x5e CMakeFiles/INA226.elf.dir/Drivers/STM32F1xx_HAL_Driver/Src/stm32f1xx_hal_tim.c.obj
 .text.TIM_ITRx_SetConfig
                0x00000000080079a6       0x34 CMakeFiles/INA226.elf.dir/Drivers/STM32F1xx_HAL_Driver/Src/stm32f1xx_hal_tim.c.obj
 .text.TIM_ETR_SetConfig
                0x00000000080079da       0x3e CMakeFiles/INA226.elf.dir/Drivers/STM32F1xx_HAL_Driver/Src/stm32f1xx_hal_tim.c.obj
                0x00000000080079da                TIM_ETR_SetConfig
 .text.HAL_TIMEx_MasterConfigSynchronization
                0x0000000008007a18       0xbc CMakeFiles/INA226.elf.dir/Drivers/STM32F1xx_HAL_Driver/Src/stm32f1xx_hal_tim_ex.c.obj
                0x0000000008007a18                HAL_TIMEx_MasterConfigSynchronization
 .text.HAL_TIMEx_CommutCallback
                0x0000000008007ad4       0x12 CMakeFiles/INA226.elf.dir/Drivers/STM32F1xx_HAL_Driver/Src/stm32f1xx_hal_tim_ex.c.obj
                0x0000000008007ad4                HAL_TIMEx_CommutCallback
 .text.HAL_TIMEx_BreakCallback
                0x0000000008007ae6       0x12 CMakeFiles/INA226.elf.dir/Drivers/STM32F1xx_HAL_Driver/Src/stm32f1xx_hal_tim_ex.c.obj
                0x0000000008007ae6                HAL_TIMEx_BreakCallback
 .text.HAL_UART_Init
                0x0000000008007af8       0xa0 CMakeFiles/INA226.elf.dir/Drivers/STM32F1xx_HAL_Driver/Src/stm32f1xx_hal_uart.c.obj
                0x0000000008007af8                HAL_UART_Init
 .text.HAL_UART_Transmit_IT
                0x0000000008007b98       0x6a CMakeFiles/INA226.elf.dir/Drivers/STM32F1xx_HAL_Driver/Src/stm32f1xx_hal_uart.c.obj
                0x0000000008007b98                HAL_UART_Transmit_IT
 *fill*         0x0000000008007c02        0x2 
 .text.HAL_UART_IRQHandler
                0x0000000008007c04      0x524 CMakeFiles/INA226.elf.dir/Drivers/STM32F1xx_HAL_Driver/Src/stm32f1xx_hal_uart.c.obj
                0x0000000008007c04                HAL_UART_IRQHandler
 .text.HAL_UART_TxCpltCallback
                0x0000000008008128       0x12 CMakeFiles/INA226.elf.dir/Drivers/STM32F1xx_HAL_Driver/Src/stm32f1xx_hal_uart.c.obj
                0x0000000008008128                HAL_UART_TxCpltCallback
 .text.HAL_UART_RxCpltCallback
                0x000000000800813a       0x12 CMakeFiles/INA226.elf.dir/Drivers/STM32F1xx_HAL_Driver/Src/stm32f1xx_hal_uart.c.obj
                0x000000000800813a                HAL_UART_RxCpltCallback
 .text.HAL_UART_ErrorCallback
                0x000000000800814c       0x12 CMakeFiles/INA226.elf.dir/Drivers/STM32F1xx_HAL_Driver/Src/stm32f1xx_hal_uart.c.obj
                0x000000000800814c                HAL_UART_ErrorCallback
 .text.HAL_UARTEx_RxEventCallback
                0x000000000800815e       0x16 CMakeFiles/INA226.elf.dir/Drivers/STM32F1xx_HAL_Driver/Src/stm32f1xx_hal_uart.c.obj
                0x000000000800815e                HAL_UARTEx_RxEventCallback
 .text.UART_EndRxTransfer
                0x0000000008008174       0xc4 CMakeFiles/INA226.elf.dir/Drivers/STM32F1xx_HAL_Driver/Src/stm32f1xx_hal_uart.c.obj
 .text.UART_DMAAbortOnError
                0x0000000008008238       0x28 CMakeFiles/INA226.elf.dir/Drivers/STM32F1xx_HAL_Driver/Src/stm32f1xx_hal_uart.c.obj
 .text.UART_Transmit_IT
                0x0000000008008260       0x9e CMakeFiles/INA226.elf.dir/Drivers/STM32F1xx_HAL_Driver/Src/stm32f1xx_hal_uart.c.obj
 .text.UART_EndTransmit_IT
                0x00000000080082fe       0x30 CMakeFiles/INA226.elf.dir/Drivers/STM32F1xx_HAL_Driver/Src/stm32f1xx_hal_uart.c.obj
 .text.UART_Receive_IT
                0x000000000800832e      0x17c CMakeFiles/INA226.elf.dir/Drivers/STM32F1xx_HAL_Driver/Src/stm32f1xx_hal_uart.c.obj
 *fill*         0x00000000080084aa        0x2 
 .text.UART_SetConfig
                0x00000000080084ac      0x11c CMakeFiles/INA226.elf.dir/Drivers/STM32F1xx_HAL_Driver/Src/stm32f1xx_hal_uart.c.obj
 .text._Z8CAN_Initv
                0x00000000080085c8       0x1c CMakeFiles/INA226.elf.dir/User/can/user_can.cpp.obj
                0x00000000080085c8                CAN_Init()
 .text._Z22CAN_Filter_Mask_Confighmm
                0x00000000080085e4       0xa4 CMakeFiles/INA226.elf.dir/User/can/user_can.cpp.obj
                0x00000000080085e4                CAN_Filter_Mask_Config(unsigned char, unsigned long, unsigned long)
 .text.HAL_CAN_RxFifo0MsgPendingCallback
                0x0000000008008688       0x2c CMakeFiles/INA226.elf.dir/User/can/user_can.cpp.obj
                0x0000000008008688                HAL_CAN_RxFifo0MsgPendingCallback
 .text._Z17My_CAN_RxCallbackP20Struct_CAN_Rx_Buffer
                0x00000000080086b4       0x12 CMakeFiles/INA226.elf.dir/User/can/user_can.cpp.obj
                0x00000000080086b4                My_CAN_RxCallback(Struct_CAN_Rx_Buffer*)
 .text._Z11INA226_initv
                0x00000000080086c6       0x16 CMakeFiles/INA226.elf.dir/User/ina226/ina226.cpp.obj
                0x00000000080086c6                INA226_init()
 .text._Z14INA226_GetBusVv
                0x00000000080086dc       0x34 CMakeFiles/INA226.elf.dir/User/ina226/ina226.cpp.obj
                0x00000000080086dc                INA226_GetBusV()
 .text._Z17INA226_GetCurrentv
                0x0000000008008710       0xa8 CMakeFiles/INA226.elf.dir/User/ina226/ina226.cpp.obj
                0x0000000008008710                INA226_GetCurrent()
 .text._Z16INA226_SetConfigt
                0x00000000080087b8       0x40 CMakeFiles/INA226.elf.dir/User/ina226/ina226.cpp.obj
                0x00000000080087b8                INA226_SetConfig(unsigned short)
 .text._Z16INA226_GetShuntVv
                0x00000000080087f8       0x5c CMakeFiles/INA226.elf.dir/User/ina226/ina226.cpp.obj
                0x00000000080087f8                INA226_GetShuntV()
 .text._Z17INA226_GetBusVRegv
                0x0000000008008854       0x5c CMakeFiles/INA226.elf.dir/User/ina226/ina226.cpp.obj
                0x0000000008008854                INA226_GetBusVReg()
 .text._Z24INA226_SetCalibrationRegt
                0x00000000080088b0       0x40 CMakeFiles/INA226.elf.dir/User/ina226/ina226.cpp.obj
                0x00000000080088b0                INA226_SetCalibrationReg(unsigned short)
 .text.HAL_PWR_PVDCallback
                0x00000000080088f0       0x18 CMakeFiles/INA226.elf.dir/User/main/usr_main.cpp.obj
                0x00000000080088f0                HAL_PWR_PVDCallback
 .text._Z13sendDataByCANv
                0x0000000008008908       0x58 CMakeFiles/INA226.elf.dir/User/main/usr_main.cpp.obj
                0x0000000008008908                sendDataByCAN()
 .text._Z15float_to_stringfPci
                0x0000000008008960      0x178 CMakeFiles/INA226.elf.dir/User/main/usr_main.cpp.obj
                0x0000000008008960                float_to_string(float, char*, int)
 .text._Z14sendDataByUARTv
                0x0000000008008ad8       0xa0 CMakeFiles/INA226.elf.dir/User/main/usr_main.cpp.obj
                0x0000000008008ad8                sendDataByUART()
 .text.HAL_TIM_PeriodElapsedCallback
                0x0000000008008b78       0xa0 CMakeFiles/INA226.elf.dir/User/main/usr_main.cpp.obj
                0x0000000008008b78                HAL_TIM_PeriodElapsedCallback
 .text.User_Setup
                0x0000000008008c18       0x24 CMakeFiles/INA226.elf.dir/User/main/usr_main.cpp.obj
                0x0000000008008c18                User_Setup
 .text.User_Loop
                0x0000000008008c3c       0xb8 CMakeFiles/INA226.elf.dir/User/main/usr_main.cpp.obj
                0x0000000008008c3c                User_Loop
 .text._ZSt3powIiiEN9__gnu_cxx11__promote_2IT_T0_NS0_9__promoteIS2_XsrSt12__is_integerIS2_E7__valueEE6__typeENS4_IS3_XsrS5_IS3_E7__valueEE6__typeEE6__typeES2_S3_
                0x0000000008008cf4       0x34 CMakeFiles/INA226.elf.dir/User/main/usr_main.cpp.obj
                0x0000000008008cf4                __gnu_cxx::__promote_2<int, int, __gnu_cxx::__promote<int, std::__is_integer<int>::__value>::__type, __gnu_cxx::__promote<int, std::__is_integer<int>::__value>::__type>::__type std::pow<int, int>(int, int)
 .text._ZSt4sizeIcLj100EEjRAT0__KT_
                0x0000000008008d28       0x14 CMakeFiles/INA226.elf.dir/User/main/usr_main.cpp.obj
                0x0000000008008d28                unsigned int std::size<char, 100u>(char const (&) [100u])
 .text.startup  0x0000000008008d3c       0x14 /usr/lib/gcc/arm-none-eabi/10.3.1/../../../arm-none-eabi/lib/thumb/v7-m/nofp/libg.a(lib_a-__call_atexit.o)
 *(.glue_7)
 .glue_7        0x0000000008008d50        0x0 linker stubs
 *(.glue_7t)
 .glue_7t       0x0000000008008d50        0x0 linker stubs
 *(.eh_frame)
 .eh_frame      0x0000000008008d50        0x0 /usr/lib/gcc/arm-none-eabi/10.3.1/thumb/v7-m/nofp/crtbegin.o
 *(.init)
 .init          0x0000000008008d50        0x4 /usr/lib/gcc/arm-none-eabi/10.3.1/thumb/v7-m/nofp/crti.o
                0x0000000008008d50                _init
 .init          0x0000000008008d54        0x8 /usr/lib/gcc/arm-none-eabi/10.3.1/thumb/v7-m/nofp/crtn.o
 *(.fini)
 .fini          0x0000000008008d5c        0x4 /usr/lib/gcc/arm-none-eabi/10.3.1/thumb/v7-m/nofp/crti.o
                0x0000000008008d5c                _fini
 .fini          0x0000000008008d60        0x8 /usr/lib/gcc/arm-none-eabi/10.3.1/thumb/v7-m/nofp/crtn.o
                0x0000000008008d68                . = ALIGN (0x4)
                0x0000000008008d68                _etext = .

.vfp11_veneer   0x0000000008008d68        0x0
 .vfp11_veneer  0x0000000008008d68        0x0 linker stubs

.v4_bx          0x0000000008008d68        0x0
 .v4_bx         0x0000000008008d68        0x0 linker stubs

.iplt           0x0000000008008d68        0x0
 .iplt          0x0000000008008d68        0x0 /usr/lib/gcc/arm-none-eabi/10.3.1/thumb/v7-m/nofp/crtbegin.o

.rodata         0x0000000008008d68       0x44
                0x0000000008008d68                . = ALIGN (0x4)
 *(.rodata)
 .rodata        0x0000000008008d68       0x10 /usr/lib/gcc/arm-none-eabi/10.3.1/../../../arm-none-eabi/lib/thumb/v7-m/nofp/libm.a(lib_a-s_rint.o)
 .rodata        0x0000000008008d78        0x4 /usr/lib/gcc/arm-none-eabi/10.3.1/../../../arm-none-eabi/lib/thumb/v7-m/nofp/libg.a(lib_a-impure.o)
                0x0000000008008d78                _global_impure_ptr
 *(.rodata*)
 .rodata.AHBPrescTable
                0x0000000008008d7c       0x10 CMakeFiles/INA226.elf.dir/Core/Src/system_stm32f1xx.c.obj
                0x0000000008008d7c                AHBPrescTable
 .rodata.APBPrescTable
                0x0000000008008d8c        0x8 CMakeFiles/INA226.elf.dir/Core/Src/system_stm32f1xx.c.obj
                0x0000000008008d8c                APBPrescTable
 .rodata.aPLLMULFactorTable.1
                0x0000000008008d94       0x10 CMakeFiles/INA226.elf.dir/Drivers/STM32F1xx_HAL_Driver/Src/stm32f1xx_hal_rcc.c.obj
 .rodata.aPredivFactorTable.0
                0x0000000008008da4        0x2 CMakeFiles/INA226.elf.dir/Drivers/STM32F1xx_HAL_Driver/Src/stm32f1xx_hal_rcc.c.obj
 *fill*         0x0000000008008da6        0x2 
 .rodata.str1.4
                0x0000000008008da8        0x1 /usr/lib/gcc/arm-none-eabi/10.3.1/../../../arm-none-eabi/lib/thumb/v7-m/nofp/libm.a(lib_a-e_pow.o)
                0x0000000008008dac                . = ALIGN (0x4)
 *fill*         0x0000000008008da9        0x3 

.ARM.extab      0x0000000008008dac       0x9c
                0x0000000008008dac                . = ALIGN (0x4)
 *(.ARM.extab* .gnu.linkonce.armextab.*)
 .ARM.extab.text._Z22CAN_Filter_Mask_Confighmm
                0x0000000008008dac        0xc CMakeFiles/INA226.elf.dir/User/can/user_can.cpp.obj
 .ARM.extab.text.HAL_CAN_RxFifo0MsgPendingCallback
                0x0000000008008db8        0xc CMakeFiles/INA226.elf.dir/User/can/user_can.cpp.obj
 .ARM.extab.text._Z14INA226_GetBusVv
                0x0000000008008dc4        0xc CMakeFiles/INA226.elf.dir/User/ina226/ina226.cpp.obj
 .ARM.extab.text._Z17INA226_GetCurrentv
                0x0000000008008dd0        0xc CMakeFiles/INA226.elf.dir/User/ina226/ina226.cpp.obj
 .ARM.extab.text._Z16INA226_SetConfigt
                0x0000000008008ddc        0xc CMakeFiles/INA226.elf.dir/User/ina226/ina226.cpp.obj
 .ARM.extab.text._Z16INA226_GetShuntVv
                0x0000000008008de8        0xc CMakeFiles/INA226.elf.dir/User/ina226/ina226.cpp.obj
 .ARM.extab.text._Z17INA226_GetBusVRegv
                0x0000000008008df4        0xc CMakeFiles/INA226.elf.dir/User/ina226/ina226.cpp.obj
 .ARM.extab.text._Z24INA226_SetCalibrationRegt
                0x0000000008008e00        0xc CMakeFiles/INA226.elf.dir/User/ina226/ina226.cpp.obj
 .ARM.extab.text._Z14sendDataByUARTv
                0x0000000008008e0c        0xc CMakeFiles/INA226.elf.dir/User/main/usr_main.cpp.obj
 .ARM.extab.text.HAL_TIM_PeriodElapsedCallback
                0x0000000008008e18        0xc CMakeFiles/INA226.elf.dir/User/main/usr_main.cpp.obj
 .ARM.extab.text.User_Loop
                0x0000000008008e24        0xc CMakeFiles/INA226.elf.dir/User/main/usr_main.cpp.obj
 .ARM.extab.text._ZSt3powIiiEN9__gnu_cxx11__promote_2IT_T0_NS0_9__promoteIS2_XsrSt12__is_integerIS2_E7__valueEE6__typeENS4_IS3_XsrS5_IS3_E7__valueEE6__typeEE6__typeES2_S3_
                0x0000000008008e30        0x0 CMakeFiles/INA226.elf.dir/User/main/usr_main.cpp.obj
 .ARM.extab.text._ZSt4sizeIcLj100EEjRAT0__KT_
                0x0000000008008e30        0x0 CMakeFiles/INA226.elf.dir/User/main/usr_main.cpp.obj
 .ARM.extab     0x0000000008008e30       0x18 /usr/lib/gcc/arm-none-eabi/10.3.1/thumb/v7-m/nofp/libgcc.a(pr-support.o)
                0x0000000008008e48                . = ALIGN (0x4)

.ARM            0x0000000008008e48      0x148
                0x0000000008008e48                . = ALIGN (0x4)
                0x0000000008008e48                __exidx_start = .
 *(.ARM.exidx*)
 .ARM.exidx     0x0000000008008e48       0x80 /usr/lib/gcc/arm-none-eabi/10.3.1/thumb/v7-m/nofp/libgcc.a(unwind-arm.o)
                                         0xd8 (size before relaxing)
 .ARM.exidx     0x0000000008008ec8       0x38 /usr/lib/gcc/arm-none-eabi/10.3.1/thumb/v7-m/nofp/libgcc.a(pr-support.o)
 .ARM.exidx.text._Z8CAN_Initv
                0x0000000008008f00        0x8 CMakeFiles/INA226.elf.dir/User/can/user_can.cpp.obj
 .ARM.exidx.text._Z22CAN_Filter_Mask_Confighmm
                0x0000000008008f08        0x8 CMakeFiles/INA226.elf.dir/User/can/user_can.cpp.obj
 .ARM.exidx.text.HAL_CAN_RxFifo0MsgPendingCallback
                0x0000000008008f10        0x8 CMakeFiles/INA226.elf.dir/User/can/user_can.cpp.obj
 .ARM.exidx.text._Z17My_CAN_RxCallbackP20Struct_CAN_Rx_Buffer
                0x0000000008008f18        0x8 CMakeFiles/INA226.elf.dir/User/can/user_can.cpp.obj
 .ARM.exidx.text._Z11INA226_initv
                0x0000000008008f20        0x8 CMakeFiles/INA226.elf.dir/User/ina226/ina226.cpp.obj
 .ARM.exidx.text._Z14INA226_GetBusVv
                0x0000000008008f28        0x8 CMakeFiles/INA226.elf.dir/User/ina226/ina226.cpp.obj
 .ARM.exidx.text._Z17INA226_GetCurrentv
                0x0000000008008f30        0x8 CMakeFiles/INA226.elf.dir/User/ina226/ina226.cpp.obj
 .ARM.exidx.text._Z16INA226_SetConfigt
                0x0000000008008f38        0x8 CMakeFiles/INA226.elf.dir/User/ina226/ina226.cpp.obj
 .ARM.exidx.text._Z16INA226_GetShuntVv
                0x0000000008008f40        0x8 CMakeFiles/INA226.elf.dir/User/ina226/ina226.cpp.obj
 .ARM.exidx.text._Z17INA226_GetBusVRegv
                0x0000000008008f48        0x8 CMakeFiles/INA226.elf.dir/User/ina226/ina226.cpp.obj
 .ARM.exidx.text._Z24INA226_SetCalibrationRegt
                0x0000000008008f50        0x8 CMakeFiles/INA226.elf.dir/User/ina226/ina226.cpp.obj
 .ARM.exidx.text.HAL_PWR_PVDCallback
                0x0000000008008f58        0x8 CMakeFiles/INA226.elf.dir/User/main/usr_main.cpp.obj
 .ARM.exidx.text._Z13sendDataByCANv
                0x0000000008008f60        0x0 CMakeFiles/INA226.elf.dir/User/main/usr_main.cpp.obj
                                          0x8 (size before relaxing)
 .ARM.exidx.text._Z15float_to_stringfPci
                0x0000000008008f60        0x8 CMakeFiles/INA226.elf.dir/User/main/usr_main.cpp.obj
 .ARM.exidx.text._Z14sendDataByUARTv
                0x0000000008008f68        0x8 CMakeFiles/INA226.elf.dir/User/main/usr_main.cpp.obj
 .ARM.exidx.text.HAL_TIM_PeriodElapsedCallback
                0x0000000008008f70        0x8 CMakeFiles/INA226.elf.dir/User/main/usr_main.cpp.obj
 .ARM.exidx.text.User_Setup
                0x0000000008008f78        0x8 CMakeFiles/INA226.elf.dir/User/main/usr_main.cpp.obj
 .ARM.exidx.text.User_Loop
                0x0000000008008f80        0x8 CMakeFiles/INA226.elf.dir/User/main/usr_main.cpp.obj
 .ARM.exidx.text._ZSt3powIiiEN9__gnu_cxx11__promote_2IT_T0_NS0_9__promoteIS2_XsrSt12__is_integerIS2_E7__valueEE6__typeENS4_IS3_XsrS5_IS3_E7__valueEE6__typeEE6__typeES2_S3_
                0x0000000008008f88        0x8 CMakeFiles/INA226.elf.dir/User/main/usr_main.cpp.obj
 .ARM.exidx.text._ZSt4sizeIcLj100EEjRAT0__KT_
                0x0000000008008f90        0x0 CMakeFiles/INA226.elf.dir/User/main/usr_main.cpp.obj
                                          0x8 (size before relaxing)
                0x0000000008008f90                __exidx_end = .
                0x0000000008008f90                . = ALIGN (0x4)

.rel.dyn        0x0000000008008f90        0x0
 .rel.iplt      0x0000000008008f90        0x0 /usr/lib/gcc/arm-none-eabi/10.3.1/thumb/v7-m/nofp/crtbegin.o

.preinit_array  0x0000000008008f90        0x0
                0x0000000008008f90                . = ALIGN (0x4)
                0x0000000008008f90                PROVIDE (__preinit_array_start = .)
 *(.preinit_array*)
                0x0000000008008f90                PROVIDE (__preinit_array_end = .)
                0x0000000008008f90                . = ALIGN (0x4)

.init_array     0x0000000008008f90        0x8
                0x0000000008008f90                . = ALIGN (0x4)
                0x0000000008008f90                PROVIDE (__init_array_start = .)
 *(SORT_BY_NAME(.init_array.*))
 .init_array.00000
                0x0000000008008f90        0x4 /usr/lib/gcc/arm-none-eabi/10.3.1/../../../arm-none-eabi/lib/thumb/v7-m/nofp/libg.a(lib_a-__call_atexit.o)
 *(.init_array*)
 .init_array    0x0000000008008f94        0x4 /usr/lib/gcc/arm-none-eabi/10.3.1/thumb/v7-m/nofp/crtbegin.o
                0x0000000008008f98                PROVIDE (__init_array_end = .)
                0x0000000008008f98                . = ALIGN (0x4)

.fini_array     0x0000000008008f98        0x4
                0x0000000008008f98                . = ALIGN (0x4)
                0x0000000008008f98                PROVIDE (__fini_array_start = .)
 *(SORT_BY_NAME(.fini_array.*))
 *(.fini_array*)
 .fini_array    0x0000000008008f98        0x4 /usr/lib/gcc/arm-none-eabi/10.3.1/thumb/v7-m/nofp/crtbegin.o
                0x0000000008008f9c                PROVIDE (__fini_array_end = .)
                0x0000000008008f9c                . = ALIGN (0x4)
                0x0000000008008f9c                _sidata = LOADADDR (.data)

.data           0x0000000020000000      0x8b8 load address 0x0000000008008f9c
                0x0000000020000000                . = ALIGN (0x4)
                0x0000000020000000                _sdata = .
 *(.data)
 .data          0x0000000020000000        0x1 /usr/lib/gcc/arm-none-eabi/10.3.1/../../../arm-none-eabi/lib/thumb/v7-m/nofp/libm.a(lib_a-s_lib_ver.o)
                0x0000000020000000                __fdlib_version
 *fill*         0x0000000020000001        0x7 
 .data          0x0000000020000008      0x430 /usr/lib/gcc/arm-none-eabi/10.3.1/../../../arm-none-eabi/lib/thumb/v7-m/nofp/libg.a(lib_a-impure.o)
                0x0000000020000008                _impure_ptr
 .data          0x0000000020000438      0x410 /usr/lib/gcc/arm-none-eabi/10.3.1/../../../arm-none-eabi/lib/thumb/v7-m/nofp/libg.a(lib_a-mallocr.o)
                0x0000000020000438                __malloc_av_
                0x0000000020000840                __malloc_sbrk_base
                0x0000000020000844                __malloc_trim_threshold
 *(.data*)
 .data.SystemCoreClock
                0x0000000020000848        0x4 CMakeFiles/INA226.elf.dir/Core/Src/system_stm32f1xx.c.obj
                0x0000000020000848                SystemCoreClock
 .data.uwTickPrio
                0x000000002000084c        0x4 CMakeFiles/INA226.elf.dir/Drivers/STM32F1xx_HAL_Driver/Src/stm32f1xx_hal.c.obj
                0x000000002000084c                uwTickPrio
 .data.uwTickFreq
                0x0000000020000850        0x1 CMakeFiles/INA226.elf.dir/Drivers/STM32F1xx_HAL_Driver/Src/stm32f1xx_hal.c.obj
                0x0000000020000850                uwTickFreq
 *fill*         0x0000000020000851        0x3 
 .data.buf      0x0000000020000854       0x64 CMakeFiles/INA226.elf.dir/User/main/usr_main.cpp.obj
                0x0000000020000854                buf
 *(.RamFunc)
 *(.RamFunc*)
                0x00000000200008b8                . = ALIGN (0x4)
                0x00000000200008b8                _edata = .

.tm_clone_table
                0x00000000200008b8        0x0 load address 0x0000000008009854
 .tm_clone_table
                0x00000000200008b8        0x0 /usr/lib/gcc/arm-none-eabi/10.3.1/thumb/v7-m/nofp/crtbegin.o
 .tm_clone_table
                0x00000000200008b8        0x0 /usr/lib/gcc/arm-none-eabi/10.3.1/thumb/v7-m/nofp/crtend.o

.igot.plt       0x00000000200008b8        0x0 load address 0x0000000008009854
 .igot.plt      0x00000000200008b8        0x0 /usr/lib/gcc/arm-none-eabi/10.3.1/thumb/v7-m/nofp/crtbegin.o
                0x00000000200008b8                . = ALIGN (0x4)

.bss            0x00000000200008b8      0x1c0 load address 0x0000000008009854
                0x00000000200008b8                _sbss = .
                0x00000000200008b8                __bss_start__ = _sbss
 *(.bss)
 .bss           0x00000000200008b8       0x1c /usr/lib/gcc/arm-none-eabi/10.3.1/thumb/v7-m/nofp/crtbegin.o
 .bss           0x00000000200008d4       0x34 /usr/lib/gcc/arm-none-eabi/10.3.1/../../../arm-none-eabi/lib/thumb/v7-m/nofp/libg.a(lib_a-mallocr.o)
                0x00000000200008d4                __malloc_top_pad
                0x00000000200008d8                __malloc_current_mallinfo
                0x0000000020000900                __malloc_max_sbrked_mem
                0x0000000020000904                __malloc_max_total_mem
 .bss           0x0000000020000908        0x4 /usr/lib/gcc/arm-none-eabi/10.3.1/../../../arm-none-eabi/lib/thumb/v7-m/nofp/libg.a(lib_a-reent.o)
                0x0000000020000908                errno
 *(.bss*)
 .bss.hcan      0x000000002000090c       0x28 CMakeFiles/INA226.elf.dir/Core/Src/can.c.obj
                0x000000002000090c                hcan
 .bss.hi2c1     0x0000000020000934       0x54 CMakeFiles/INA226.elf.dir/Core/Src/i2c.c.obj
                0x0000000020000934                hi2c1
 .bss.__sbrk_heap_end
                0x0000000020000988        0x4 CMakeFiles/INA226.elf.dir/Core/Src/sysmem.c.obj
 .bss.htim2     0x000000002000098c       0x48 CMakeFiles/INA226.elf.dir/Core/Src/tim.c.obj
                0x000000002000098c                htim2
 .bss.huart1    0x00000000200009d4       0x48 CMakeFiles/INA226.elf.dir/Core/Src/usart.c.obj
                0x00000000200009d4                huart1
 .bss.uwTick    0x0000000020000a1c        0x4 CMakeFiles/INA226.elf.dir/Drivers/STM32F1xx_HAL_Driver/Src/stm32f1xx_hal.c.obj
                0x0000000020000a1c                uwTick
 .bss._ZZ33HAL_CAN_RxFifo0MsgPendingCallbackE13can_rx_buffer
                0x0000000020000a20       0x24 CMakeFiles/INA226.elf.dir/User/can/user_can.cpp.obj
 .bss.CAN_Tx_Header
                0x0000000020000a44       0x18 CMakeFiles/INA226.elf.dir/User/main/usr_main.cpp.obj
                0x0000000020000a44                CAN_Tx_Header
 .bss.CAN_Tx_Buffer
                0x0000000020000a5c        0x8 CMakeFiles/INA226.elf.dir/User/main/usr_main.cpp.obj
                0x0000000020000a5c                CAN_Tx_Buffer
 .bss.send_mail_box
                0x0000000020000a64        0x4 CMakeFiles/INA226.elf.dir/User/main/usr_main.cpp.obj
                0x0000000020000a64                send_mail_box
 .bss.current   0x0000000020000a68        0x4 CMakeFiles/INA226.elf.dir/User/main/usr_main.cpp.obj
                0x0000000020000a68                current
 .bss.voltage   0x0000000020000a6c        0x4 CMakeFiles/INA226.elf.dir/User/main/usr_main.cpp.obj
                0x0000000020000a6c                voltage
 .bss.power     0x0000000020000a70        0x4 CMakeFiles/INA226.elf.dir/User/main/usr_main.cpp.obj
                0x0000000020000a70                power
 .bss._ZZ29HAL_TIM_PeriodElapsedCallbackE7LED_CNT
                0x0000000020000a74        0x4 CMakeFiles/INA226.elf.dir/User/main/usr_main.cpp.obj
 *(COMMON)
                0x0000000020000a78                . = ALIGN (0x4)
                0x0000000020000a78                _ebss = .
                0x0000000020000a78                __bss_end__ = _ebss

._user_heap_stack
                0x0000000020000a78      0x600 load address 0x0000000008009854
                0x0000000020000a78                . = ALIGN (0x8)
                [!provide]                        PROVIDE (end = .)
                0x0000000020000a78                PROVIDE (_end = .)
                0x0000000020000c78                . = (. + _Min_Heap_Size)
 *fill*         0x0000000020000a78      0x200 
                0x0000000020001078                . = (. + _Min_Stack_Size)
 *fill*         0x0000000020000c78      0x400 
                0x0000000020001078                . = ALIGN (0x8)

/DISCARD/
 libc.a(*)
 libm.a(*)
 libgcc.a(*)

.ARM.attributes
                0x0000000000000000       0x29
 *(.ARM.attributes)
 .ARM.attributes
                0x0000000000000000       0x1d /usr/lib/gcc/arm-none-eabi/10.3.1/thumb/v7-m/nofp/crti.o
 .ARM.attributes
                0x000000000000001d       0x2d /usr/lib/gcc/arm-none-eabi/10.3.1/thumb/v7-m/nofp/crtbegin.o
 .ARM.attributes
                0x000000000000004a       0x2d CMakeFiles/INA226.elf.dir/Core/Src/can.c.obj
 .ARM.attributes
                0x0000000000000077       0x2d CMakeFiles/INA226.elf.dir/Core/Src/gpio.c.obj
 .ARM.attributes
                0x00000000000000a4       0x2d CMakeFiles/INA226.elf.dir/Core/Src/i2c.c.obj
 .ARM.attributes
                0x00000000000000d1       0x2d CMakeFiles/INA226.elf.dir/Core/Src/main.c.obj
 .ARM.attributes
                0x00000000000000fe       0x2d CMakeFiles/INA226.elf.dir/Core/Src/stm32f1xx_hal_msp.c.obj
 .ARM.attributes
                0x000000000000012b       0x2d CMakeFiles/INA226.elf.dir/Core/Src/stm32f1xx_it.c.obj
 .ARM.attributes
                0x0000000000000158       0x2d CMakeFiles/INA226.elf.dir/Core/Src/system_stm32f1xx.c.obj
 .ARM.attributes
                0x0000000000000185       0x2d CMakeFiles/INA226.elf.dir/Core/Src/tim.c.obj
 .ARM.attributes
                0x00000000000001b2       0x2d CMakeFiles/INA226.elf.dir/Core/Src/usart.c.obj
 .ARM.attributes
                0x00000000000001df       0x21 CMakeFiles/INA226.elf.dir/Core/Startup/startup_stm32f103c8tx.s.obj
 .ARM.attributes
                0x0000000000000200       0x2d CMakeFiles/INA226.elf.dir/Drivers/STM32F1xx_HAL_Driver/Src/stm32f1xx_hal.c.obj
 .ARM.attributes
                0x000000000000022d       0x2d CMakeFiles/INA226.elf.dir/Drivers/STM32F1xx_HAL_Driver/Src/stm32f1xx_hal_can.c.obj
 .ARM.attributes
                0x000000000000025a       0x2d CMakeFiles/INA226.elf.dir/Drivers/STM32F1xx_HAL_Driver/Src/stm32f1xx_hal_cortex.c.obj
 .ARM.attributes
                0x0000000000000287       0x2d CMakeFiles/INA226.elf.dir/Drivers/STM32F1xx_HAL_Driver/Src/stm32f1xx_hal_dma.c.obj
 .ARM.attributes
                0x00000000000002b4       0x2d CMakeFiles/INA226.elf.dir/Drivers/STM32F1xx_HAL_Driver/Src/stm32f1xx_hal_gpio.c.obj
 .ARM.attributes
                0x00000000000002e1       0x2d CMakeFiles/INA226.elf.dir/Drivers/STM32F1xx_HAL_Driver/Src/stm32f1xx_hal_i2c.c.obj
 .ARM.attributes
                0x000000000000030e       0x2d CMakeFiles/INA226.elf.dir/Drivers/STM32F1xx_HAL_Driver/Src/stm32f1xx_hal_pwr.c.obj
 .ARM.attributes
                0x000000000000033b       0x2d CMakeFiles/INA226.elf.dir/Drivers/STM32F1xx_HAL_Driver/Src/stm32f1xx_hal_rcc.c.obj
 .ARM.attributes
                0x0000000000000368       0x2d CMakeFiles/INA226.elf.dir/Drivers/STM32F1xx_HAL_Driver/Src/stm32f1xx_hal_tim.c.obj
 .ARM.attributes
                0x0000000000000395       0x2d CMakeFiles/INA226.elf.dir/Drivers/STM32F1xx_HAL_Driver/Src/stm32f1xx_hal_tim_ex.c.obj
 .ARM.attributes
                0x00000000000003c2       0x2d CMakeFiles/INA226.elf.dir/Drivers/STM32F1xx_HAL_Driver/Src/stm32f1xx_hal_uart.c.obj
 .ARM.attributes
                0x00000000000003ef       0x2d CMakeFiles/INA226.elf.dir/User/can/user_can.cpp.obj
 .ARM.attributes
                0x000000000000041c       0x2d CMakeFiles/INA226.elf.dir/User/ina226/ina226.cpp.obj
 .ARM.attributes
                0x0000000000000449       0x2d CMakeFiles/INA226.elf.dir/User/main/usr_main.cpp.obj
 .ARM.attributes
                0x0000000000000476       0x2d /usr/lib/gcc/arm-none-eabi/10.3.1/../../../arm-none-eabi/lib/thumb/v7-m/nofp/libm.a(lib_a-w_pow.o)
 .ARM.attributes
                0x00000000000004a3       0x2d /usr/lib/gcc/arm-none-eabi/10.3.1/../../../arm-none-eabi/lib/thumb/v7-m/nofp/libm.a(lib_a-e_pow.o)
 .ARM.attributes
                0x00000000000004d0       0x2d /usr/lib/gcc/arm-none-eabi/10.3.1/../../../arm-none-eabi/lib/thumb/v7-m/nofp/libm.a(lib_a-e_sqrt.o)
 .ARM.attributes
                0x00000000000004fd       0x2d /usr/lib/gcc/arm-none-eabi/10.3.1/../../../arm-none-eabi/lib/thumb/v7-m/nofp/libm.a(lib_a-s_fabs.o)
 .ARM.attributes
                0x000000000000052a       0x2d /usr/lib/gcc/arm-none-eabi/10.3.1/../../../arm-none-eabi/lib/thumb/v7-m/nofp/libm.a(lib_a-s_finite.o)
 .ARM.attributes
                0x0000000000000557       0x2d /usr/lib/gcc/arm-none-eabi/10.3.1/../../../arm-none-eabi/lib/thumb/v7-m/nofp/libm.a(lib_a-s_lib_ver.o)
 .ARM.attributes
                0x0000000000000584       0x2d /usr/lib/gcc/arm-none-eabi/10.3.1/../../../arm-none-eabi/lib/thumb/v7-m/nofp/libm.a(lib_a-s_nan.o)
 .ARM.attributes
                0x00000000000005b1       0x2d /usr/lib/gcc/arm-none-eabi/10.3.1/../../../arm-none-eabi/lib/thumb/v7-m/nofp/libm.a(lib_a-s_rint.o)
 .ARM.attributes
                0x00000000000005de       0x2d /usr/lib/gcc/arm-none-eabi/10.3.1/../../../arm-none-eabi/lib/thumb/v7-m/nofp/libm.a(lib_a-s_scalbn.o)
 .ARM.attributes
                0x000000000000060b       0x1d /usr/lib/gcc/arm-none-eabi/10.3.1/thumb/v7-m/nofp/libgcc.a(_arm_mulsf3.o)
 .ARM.attributes
                0x0000000000000628       0x1d /usr/lib/gcc/arm-none-eabi/10.3.1/thumb/v7-m/nofp/libgcc.a(_arm_addsubdf3.o)
 .ARM.attributes
                0x0000000000000645       0x1d /usr/lib/gcc/arm-none-eabi/10.3.1/thumb/v7-m/nofp/libgcc.a(_arm_muldivdf3.o)
 .ARM.attributes
                0x0000000000000662       0x1d /usr/lib/gcc/arm-none-eabi/10.3.1/thumb/v7-m/nofp/libgcc.a(_arm_cmpdf2.o)
 .ARM.attributes
                0x000000000000067f       0x1d /usr/lib/gcc/arm-none-eabi/10.3.1/thumb/v7-m/nofp/libgcc.a(_arm_unorddf2.o)
 .ARM.attributes
                0x000000000000069c       0x1d /usr/lib/gcc/arm-none-eabi/10.3.1/thumb/v7-m/nofp/libgcc.a(_arm_fixdfsi.o)
 .ARM.attributes
                0x00000000000006b9       0x1d /usr/lib/gcc/arm-none-eabi/10.3.1/thumb/v7-m/nofp/libgcc.a(_arm_truncdfsf2.o)
 .ARM.attributes
                0x00000000000006d6       0x1d /usr/lib/gcc/arm-none-eabi/10.3.1/thumb/v7-m/nofp/libgcc.a(_arm_addsubsf3.o)
 .ARM.attributes
                0x00000000000006f3       0x1d /usr/lib/gcc/arm-none-eabi/10.3.1/thumb/v7-m/nofp/libgcc.a(_arm_cmpsf2.o)
 .ARM.attributes
                0x0000000000000710       0x1d /usr/lib/gcc/arm-none-eabi/10.3.1/thumb/v7-m/nofp/libgcc.a(_arm_fixsfsi.o)
 .ARM.attributes
                0x000000000000072d       0x2d /usr/lib/gcc/arm-none-eabi/10.3.1/thumb/v7-m/nofp/libgcc.a(unwind-arm.o)
 .ARM.attributes
                0x000000000000075a       0x1d /usr/lib/gcc/arm-none-eabi/10.3.1/thumb/v7-m/nofp/libgcc.a(libunwind.o)
 .ARM.attributes
                0x0000000000000777       0x2d /usr/lib/gcc/arm-none-eabi/10.3.1/thumb/v7-m/nofp/libgcc.a(pr-support.o)
 .ARM.attributes
                0x00000000000007a4       0x2d /usr/lib/gcc/arm-none-eabi/10.3.1/../../../arm-none-eabi/lib/thumb/v7-m/nofp/libg.a(lib_a-abort.o)
 .ARM.attributes
                0x00000000000007d1       0x2d /usr/lib/gcc/arm-none-eabi/10.3.1/../../../arm-none-eabi/lib/thumb/v7-m/nofp/libg.a(lib_a-atexit.o)
 .ARM.attributes
                0x00000000000007fe       0x2d /usr/lib/gcc/arm-none-eabi/10.3.1/../../../arm-none-eabi/lib/thumb/v7-m/nofp/libg.a(lib_a-errno.o)
 .ARM.attributes
                0x000000000000082b       0x2d /usr/lib/gcc/arm-none-eabi/10.3.1/../../../arm-none-eabi/lib/thumb/v7-m/nofp/libg.a(lib_a-fini.o)
 .ARM.attributes
                0x0000000000000858       0x2d /usr/lib/gcc/arm-none-eabi/10.3.1/../../../arm-none-eabi/lib/thumb/v7-m/nofp/libg.a(lib_a-impure.o)
 .ARM.attributes
                0x0000000000000885       0x2d /usr/lib/gcc/arm-none-eabi/10.3.1/../../../arm-none-eabi/lib/thumb/v7-m/nofp/libg.a(lib_a-init.o)
 .ARM.attributes
                0x00000000000008b2       0x1b /usr/lib/gcc/arm-none-eabi/10.3.1/../../../arm-none-eabi/lib/thumb/v7-m/nofp/libg.a(lib_a-memcpy.o)
 .ARM.attributes
                0x00000000000008cd       0x2d /usr/lib/gcc/arm-none-eabi/10.3.1/../../../arm-none-eabi/lib/thumb/v7-m/nofp/libg.a(lib_a-memset.o)
 .ARM.attributes
                0x00000000000008fa       0x2d /usr/lib/gcc/arm-none-eabi/10.3.1/../../../arm-none-eabi/lib/thumb/v7-m/nofp/libg.a(lib_a-signal.o)
 .ARM.attributes
                0x0000000000000927       0x2d /usr/lib/gcc/arm-none-eabi/10.3.1/../../../arm-none-eabi/lib/thumb/v7-m/nofp/libg.a(lib_a-signalr.o)
 .ARM.attributes
                0x0000000000000954       0x2d /usr/lib/gcc/arm-none-eabi/10.3.1/../../../arm-none-eabi/lib/thumb/v7-m/nofp/libg.a(lib_a-strlen-stub.o)
 .ARM.attributes
                0x0000000000000981       0x2d /usr/lib/gcc/arm-none-eabi/10.3.1/../../../arm-none-eabi/lib/thumb/v7-m/nofp/libg.a(lib_a-__atexit.o)
 .ARM.attributes
                0x00000000000009ae       0x2d /usr/lib/gcc/arm-none-eabi/10.3.1/../../../arm-none-eabi/lib/thumb/v7-m/nofp/libg.a(lib_a-__call_atexit.o)
 .ARM.attributes
                0x00000000000009db       0x2d /usr/lib/gcc/arm-none-eabi/10.3.1/../../../arm-none-eabi/lib/thumb/v7-m/nofp/libg.a(lib_a-mallocr.o)
 .ARM.attributes
                0x0000000000000a08       0x2d /usr/lib/gcc/arm-none-eabi/10.3.1/../../../arm-none-eabi/lib/thumb/v7-m/nofp/libg.a(lib_a-mlock.o)
 .ARM.attributes
                0x0000000000000a35       0x2d /usr/lib/gcc/arm-none-eabi/10.3.1/../../../arm-none-eabi/lib/thumb/v7-m/nofp/libg.a(lib_a-reent.o)
 .ARM.attributes
                0x0000000000000a62       0x2d /usr/lib/gcc/arm-none-eabi/10.3.1/../../../arm-none-eabi/lib/thumb/v7-m/nofp/libg.a(lib_a-sbrkr.o)
 .ARM.attributes
                0x0000000000000a8f       0x2d /usr/lib/gcc/arm-none-eabi/10.3.1/../../../arm-none-eabi/lib/thumb/v7-m/nofp/libg.a(lib_a-freer.o)
 .ARM.attributes
                0x0000000000000abc       0x2d /usr/lib/gcc/arm-none-eabi/10.3.1/thumb/v7-m/nofp/crtend.o
 .ARM.attributes
                0x0000000000000ae9       0x1d /usr/lib/gcc/arm-none-eabi/10.3.1/thumb/v7-m/nofp/crtn.o
OUTPUT(INA226.elf elf32-littlearm)
LOAD linker stubs
LOAD /usr/lib/gcc/arm-none-eabi/10.3.1/../../../arm-none-eabi/lib/thumb/v7-m/nofp/libc.a
LOAD /usr/lib/gcc/arm-none-eabi/10.3.1/../../../arm-none-eabi/lib/thumb/v7-m/nofp/libm.a
LOAD /usr/lib/gcc/arm-none-eabi/10.3.1/thumb/v7-m/nofp/libgcc.a

.comment        0x0000000000000000       0x33
 .comment       0x0000000000000000       0x33 /usr/lib/gcc/arm-none-eabi/10.3.1/thumb/v7-m/nofp/crtbegin.o
                                         0x34 (size before relaxing)
 .comment       0x0000000000000033       0x34 CMakeFiles/INA226.elf.dir/Core/Src/can.c.obj
 .comment       0x0000000000000033       0x34 CMakeFiles/INA226.elf.dir/Core/Src/gpio.c.obj
 .comment       0x0000000000000033       0x34 CMakeFiles/INA226.elf.dir/Core/Src/i2c.c.obj
 .comment       0x0000000000000033       0x34 CMakeFiles/INA226.elf.dir/Core/Src/main.c.obj
 .comment       0x0000000000000033       0x34 CMakeFiles/INA226.elf.dir/Core/Src/stm32f1xx_hal_msp.c.obj
 .comment       0x0000000000000033       0x34 CMakeFiles/INA226.elf.dir/Core/Src/stm32f1xx_it.c.obj
 .comment       0x0000000000000033       0x34 CMakeFiles/INA226.elf.dir/Core/Src/system_stm32f1xx.c.obj
 .comment       0x0000000000000033       0x34 CMakeFiles/INA226.elf.dir/Core/Src/tim.c.obj
 .comment       0x0000000000000033       0x34 CMakeFiles/INA226.elf.dir/Core/Src/usart.c.obj
 .comment       0x0000000000000033       0x34 CMakeFiles/INA226.elf.dir/Drivers/STM32F1xx_HAL_Driver/Src/stm32f1xx_hal.c.obj
 .comment       0x0000000000000033       0x34 CMakeFiles/INA226.elf.dir/Drivers/STM32F1xx_HAL_Driver/Src/stm32f1xx_hal_can.c.obj
 .comment       0x0000000000000033       0x34 CMakeFiles/INA226.elf.dir/Drivers/STM32F1xx_HAL_Driver/Src/stm32f1xx_hal_cortex.c.obj
 .comment       0x0000000000000033       0x34 CMakeFiles/INA226.elf.dir/Drivers/STM32F1xx_HAL_Driver/Src/stm32f1xx_hal_dma.c.obj
 .comment       0x0000000000000033       0x34 CMakeFiles/INA226.elf.dir/Drivers/STM32F1xx_HAL_Driver/Src/stm32f1xx_hal_gpio.c.obj
 .comment       0x0000000000000033       0x34 CMakeFiles/INA226.elf.dir/Drivers/STM32F1xx_HAL_Driver/Src/stm32f1xx_hal_i2c.c.obj
 .comment       0x0000000000000033       0x34 CMakeFiles/INA226.elf.dir/Drivers/STM32F1xx_HAL_Driver/Src/stm32f1xx_hal_pwr.c.obj
 .comment       0x0000000000000033       0x34 CMakeFiles/INA226.elf.dir/Drivers/STM32F1xx_HAL_Driver/Src/stm32f1xx_hal_rcc.c.obj
 .comment       0x0000000000000033       0x34 CMakeFiles/INA226.elf.dir/Drivers/STM32F1xx_HAL_Driver/Src/stm32f1xx_hal_tim.c.obj
 .comment       0x0000000000000033       0x34 CMakeFiles/INA226.elf.dir/Drivers/STM32F1xx_HAL_Driver/Src/stm32f1xx_hal_tim_ex.c.obj
 .comment       0x0000000000000033       0x34 CMakeFiles/INA226.elf.dir/Drivers/STM32F1xx_HAL_Driver/Src/stm32f1xx_hal_uart.c.obj
 .comment       0x0000000000000033       0x34 CMakeFiles/INA226.elf.dir/User/can/user_can.cpp.obj
 .comment       0x0000000000000033       0x34 CMakeFiles/INA226.elf.dir/User/ina226/ina226.cpp.obj
 .comment       0x0000000000000033       0x34 CMakeFiles/INA226.elf.dir/User/main/usr_main.cpp.obj
 .comment       0x0000000000000033       0x34 /usr/lib/gcc/arm-none-eabi/10.3.1/../../../arm-none-eabi/lib/thumb/v7-m/nofp/libm.a(lib_a-w_pow.o)
 .comment       0x0000000000000033       0x34 /usr/lib/gcc/arm-none-eabi/10.3.1/../../../arm-none-eabi/lib/thumb/v7-m/nofp/libm.a(lib_a-e_pow.o)
 .comment       0x0000000000000033       0x34 /usr/lib/gcc/arm-none-eabi/10.3.1/../../../arm-none-eabi/lib/thumb/v7-m/nofp/libm.a(lib_a-e_sqrt.o)
 .comment       0x0000000000000033       0x34 /usr/lib/gcc/arm-none-eabi/10.3.1/../../../arm-none-eabi/lib/thumb/v7-m/nofp/libm.a(lib_a-s_fabs.o)
 .comment       0x0000000000000033       0x34 /usr/lib/gcc/arm-none-eabi/10.3.1/../../../arm-none-eabi/lib/thumb/v7-m/nofp/libm.a(lib_a-s_finite.o)
 .comment       0x0000000000000033       0x34 /usr/lib/gcc/arm-none-eabi/10.3.1/../../../arm-none-eabi/lib/thumb/v7-m/nofp/libm.a(lib_a-s_lib_ver.o)
 .comment       0x0000000000000033       0x34 /usr/lib/gcc/arm-none-eabi/10.3.1/../../../arm-none-eabi/lib/thumb/v7-m/nofp/libm.a(lib_a-s_nan.o)
 .comment       0x0000000000000033       0x34 /usr/lib/gcc/arm-none-eabi/10.3.1/../../../arm-none-eabi/lib/thumb/v7-m/nofp/libm.a(lib_a-s_rint.o)
 .comment       0x0000000000000033       0x34 /usr/lib/gcc/arm-none-eabi/10.3.1/../../../arm-none-eabi/lib/thumb/v7-m/nofp/libm.a(lib_a-s_scalbn.o)
 .comment       0x0000000000000033       0x34 /usr/lib/gcc/arm-none-eabi/10.3.1/thumb/v7-m/nofp/libgcc.a(unwind-arm.o)
 .comment       0x0000000000000033       0x34 /usr/lib/gcc/arm-none-eabi/10.3.1/thumb/v7-m/nofp/libgcc.a(pr-support.o)
 .comment       0x0000000000000033       0x34 /usr/lib/gcc/arm-none-eabi/10.3.1/../../../arm-none-eabi/lib/thumb/v7-m/nofp/libg.a(lib_a-abort.o)
 .comment       0x0000000000000033       0x34 /usr/lib/gcc/arm-none-eabi/10.3.1/../../../arm-none-eabi/lib/thumb/v7-m/nofp/libg.a(lib_a-atexit.o)
 .comment       0x0000000000000033       0x34 /usr/lib/gcc/arm-none-eabi/10.3.1/../../../arm-none-eabi/lib/thumb/v7-m/nofp/libg.a(lib_a-errno.o)
 .comment       0x0000000000000033       0x34 /usr/lib/gcc/arm-none-eabi/10.3.1/../../../arm-none-eabi/lib/thumb/v7-m/nofp/libg.a(lib_a-fini.o)
 .comment       0x0000000000000033       0x34 /usr/lib/gcc/arm-none-eabi/10.3.1/../../../arm-none-eabi/lib/thumb/v7-m/nofp/libg.a(lib_a-impure.o)
 .comment       0x0000000000000033       0x34 /usr/lib/gcc/arm-none-eabi/10.3.1/../../../arm-none-eabi/lib/thumb/v7-m/nofp/libg.a(lib_a-init.o)
 .comment       0x0000000000000033       0x34 /usr/lib/gcc/arm-none-eabi/10.3.1/../../../arm-none-eabi/lib/thumb/v7-m/nofp/libg.a(lib_a-memset.o)
 .comment       0x0000000000000033       0x34 /usr/lib/gcc/arm-none-eabi/10.3.1/../../../arm-none-eabi/lib/thumb/v7-m/nofp/libg.a(lib_a-signal.o)
 .comment       0x0000000000000033       0x34 /usr/lib/gcc/arm-none-eabi/10.3.1/../../../arm-none-eabi/lib/thumb/v7-m/nofp/libg.a(lib_a-signalr.o)
 .comment       0x0000000000000033       0x34 /usr/lib/gcc/arm-none-eabi/10.3.1/../../../arm-none-eabi/lib/thumb/v7-m/nofp/libg.a(lib_a-strlen-stub.o)
 .comment       0x0000000000000033       0x34 /usr/lib/gcc/arm-none-eabi/10.3.1/../../../arm-none-eabi/lib/thumb/v7-m/nofp/libg.a(lib_a-__atexit.o)
 .comment       0x0000000000000033       0x34 /usr/lib/gcc/arm-none-eabi/10.3.1/../../../arm-none-eabi/lib/thumb/v7-m/nofp/libg.a(lib_a-__call_atexit.o)
 .comment       0x0000000000000033       0x34 /usr/lib/gcc/arm-none-eabi/10.3.1/../../../arm-none-eabi/lib/thumb/v7-m/nofp/libg.a(lib_a-mallocr.o)
 .comment       0x0000000000000033       0x34 /usr/lib/gcc/arm-none-eabi/10.3.1/../../../arm-none-eabi/lib/thumb/v7-m/nofp/libg.a(lib_a-mlock.o)
 .comment       0x0000000000000033       0x34 /usr/lib/gcc/arm-none-eabi/10.3.1/../../../arm-none-eabi/lib/thumb/v7-m/nofp/libg.a(lib_a-reent.o)
 .comment       0x0000000000000033       0x34 /usr/lib/gcc/arm-none-eabi/10.3.1/../../../arm-none-eabi/lib/thumb/v7-m/nofp/libg.a(lib_a-sbrkr.o)
 .comment       0x0000000000000033       0x34 /usr/lib/gcc/arm-none-eabi/10.3.1/../../../arm-none-eabi/lib/thumb/v7-m/nofp/libg.a(lib_a-freer.o)
 .comment       0x0000000000000033       0x34 /usr/lib/gcc/arm-none-eabi/10.3.1/thumb/v7-m/nofp/crtend.o

.debug_info     0x0000000000000000    0x21a58
 .debug_info    0x0000000000000000      0x7f7 CMakeFiles/INA226.elf.dir/Core/Src/can.c.obj
 .debug_info    0x00000000000007f7      0x287 CMakeFiles/INA226.elf.dir/Core/Src/gpio.c.obj
 .debug_info    0x0000000000000a7e      0x7d3 CMakeFiles/INA226.elf.dir/Core/Src/i2c.c.obj
 .debug_info    0x0000000000001251      0x493 CMakeFiles/INA226.elf.dir/Core/Src/main.c.obj
 .debug_info    0x00000000000016e4      0x347 CMakeFiles/INA226.elf.dir/Core/Src/stm32f1xx_hal_msp.c.obj
 .debug_info    0x0000000000001a2b      0xd79 CMakeFiles/INA226.elf.dir/Core/Src/stm32f1xx_it.c.obj
 .debug_info    0x00000000000027a4      0x221 CMakeFiles/INA226.elf.dir/Core/Src/system_stm32f1xx.c.obj
 .debug_info    0x00000000000029c5      0x93e CMakeFiles/INA226.elf.dir/Core/Src/tim.c.obj
 .debug_info    0x0000000000003303      0x8ca CMakeFiles/INA226.elf.dir/Core/Src/usart.c.obj
 .debug_info    0x0000000000003bcd       0x22 CMakeFiles/INA226.elf.dir/Core/Startup/startup_stm32f103c8tx.s.obj
 .debug_info    0x0000000000003bef      0x6d1 CMakeFiles/INA226.elf.dir/Drivers/STM32F1xx_HAL_Driver/Src/stm32f1xx_hal.c.obj
 .debug_info    0x00000000000042c0      0xfae CMakeFiles/INA226.elf.dir/Drivers/STM32F1xx_HAL_Driver/Src/stm32f1xx_hal_can.c.obj
 .debug_info    0x000000000000526e      0xaf8 CMakeFiles/INA226.elf.dir/Drivers/STM32F1xx_HAL_Driver/Src/stm32f1xx_hal_cortex.c.obj
 .debug_info    0x0000000000005d66      0x727 CMakeFiles/INA226.elf.dir/Drivers/STM32F1xx_HAL_Driver/Src/stm32f1xx_hal_dma.c.obj
 .debug_info    0x000000000000648d      0x5f9 CMakeFiles/INA226.elf.dir/Drivers/STM32F1xx_HAL_Driver/Src/stm32f1xx_hal_gpio.c.obj
 .debug_info    0x0000000000006a86     0x26cb CMakeFiles/INA226.elf.dir/Drivers/STM32F1xx_HAL_Driver/Src/stm32f1xx_hal_i2c.c.obj
 .debug_info    0x0000000000009151      0x640 CMakeFiles/INA226.elf.dir/Drivers/STM32F1xx_HAL_Driver/Src/stm32f1xx_hal_pwr.c.obj
 .debug_info    0x0000000000009791      0x7f6 CMakeFiles/INA226.elf.dir/Drivers/STM32F1xx_HAL_Driver/Src/stm32f1xx_hal_rcc.c.obj
 .debug_info    0x0000000000009f87     0x2b0a CMakeFiles/INA226.elf.dir/Drivers/STM32F1xx_HAL_Driver/Src/stm32f1xx_hal_tim.c.obj
 .debug_info    0x000000000000ca91     0x1477 CMakeFiles/INA226.elf.dir/Drivers/STM32F1xx_HAL_Driver/Src/stm32f1xx_hal_tim_ex.c.obj
 .debug_info    0x000000000000df08     0x30f8 CMakeFiles/INA226.elf.dir/Drivers/STM32F1xx_HAL_Driver/Src/stm32f1xx_hal_uart.c.obj
 .debug_info    0x0000000000011000      0x83b CMakeFiles/INA226.elf.dir/User/can/user_can.cpp.obj
 .debug_info    0x000000000001183b      0xa5b CMakeFiles/INA226.elf.dir/User/ina226/ina226.cpp.obj
 .debug_info    0x0000000000012296     0x334e CMakeFiles/INA226.elf.dir/User/main/usr_main.cpp.obj
 .debug_info    0x00000000000155e4      0x24b /usr/lib/gcc/arm-none-eabi/10.3.1/../../../arm-none-eabi/lib/thumb/v7-m/nofp/libm.a(lib_a-w_pow.o)
 .debug_info    0x000000000001582f      0xc65 /usr/lib/gcc/arm-none-eabi/10.3.1/../../../arm-none-eabi/lib/thumb/v7-m/nofp/libm.a(lib_a-e_pow.o)
 .debug_info    0x0000000000016494      0x2c6 /usr/lib/gcc/arm-none-eabi/10.3.1/../../../arm-none-eabi/lib/thumb/v7-m/nofp/libm.a(lib_a-e_sqrt.o)
 .debug_info    0x000000000001675a      0x151 /usr/lib/gcc/arm-none-eabi/10.3.1/../../../arm-none-eabi/lib/thumb/v7-m/nofp/libm.a(lib_a-s_fabs.o)
 .debug_info    0x00000000000168ab      0x143 /usr/lib/gcc/arm-none-eabi/10.3.1/../../../arm-none-eabi/lib/thumb/v7-m/nofp/libm.a(lib_a-s_finite.o)
 .debug_info    0x00000000000169ee       0xbb /usr/lib/gcc/arm-none-eabi/10.3.1/../../../arm-none-eabi/lib/thumb/v7-m/nofp/libm.a(lib_a-s_lib_ver.o)
 .debug_info    0x0000000000016aa9       0xd2 /usr/lib/gcc/arm-none-eabi/10.3.1/../../../arm-none-eabi/lib/thumb/v7-m/nofp/libm.a(lib_a-s_nan.o)
 .debug_info    0x0000000000016b7b      0x29e /usr/lib/gcc/arm-none-eabi/10.3.1/../../../arm-none-eabi/lib/thumb/v7-m/nofp/libm.a(lib_a-s_rint.o)
 .debug_info    0x0000000000016e19      0x26d /usr/lib/gcc/arm-none-eabi/10.3.1/../../../arm-none-eabi/lib/thumb/v7-m/nofp/libm.a(lib_a-s_scalbn.o)
 .debug_info    0x0000000000017086       0x26 /usr/lib/gcc/arm-none-eabi/10.3.1/thumb/v7-m/nofp/libgcc.a(_arm_mulsf3.o)
 .debug_info    0x00000000000170ac       0x26 /usr/lib/gcc/arm-none-eabi/10.3.1/thumb/v7-m/nofp/libgcc.a(_arm_addsubdf3.o)
 .debug_info    0x00000000000170d2       0x26 /usr/lib/gcc/arm-none-eabi/10.3.1/thumb/v7-m/nofp/libgcc.a(_arm_muldivdf3.o)
 .debug_info    0x00000000000170f8       0x26 /usr/lib/gcc/arm-none-eabi/10.3.1/thumb/v7-m/nofp/libgcc.a(_arm_cmpdf2.o)
 .debug_info    0x000000000001711e       0x26 /usr/lib/gcc/arm-none-eabi/10.3.1/thumb/v7-m/nofp/libgcc.a(_arm_unorddf2.o)
 .debug_info    0x0000000000017144       0x26 /usr/lib/gcc/arm-none-eabi/10.3.1/thumb/v7-m/nofp/libgcc.a(_arm_fixdfsi.o)
 .debug_info    0x000000000001716a       0x26 /usr/lib/gcc/arm-none-eabi/10.3.1/thumb/v7-m/nofp/libgcc.a(_arm_truncdfsf2.o)
 .debug_info    0x0000000000017190       0x26 /usr/lib/gcc/arm-none-eabi/10.3.1/thumb/v7-m/nofp/libgcc.a(_arm_addsubsf3.o)
 .debug_info    0x00000000000171b6       0x26 /usr/lib/gcc/arm-none-eabi/10.3.1/thumb/v7-m/nofp/libgcc.a(_arm_cmpsf2.o)
 .debug_info    0x00000000000171dc       0x26 /usr/lib/gcc/arm-none-eabi/10.3.1/thumb/v7-m/nofp/libgcc.a(_arm_fixsfsi.o)
 .debug_info    0x0000000000017202     0x1e22 /usr/lib/gcc/arm-none-eabi/10.3.1/thumb/v7-m/nofp/libgcc.a(unwind-arm.o)
 .debug_info    0x0000000000019024       0x26 /usr/lib/gcc/arm-none-eabi/10.3.1/thumb/v7-m/nofp/libgcc.a(libunwind.o)
 .debug_info    0x000000000001904a      0xa8c /usr/lib/gcc/arm-none-eabi/10.3.1/thumb/v7-m/nofp/libgcc.a(pr-support.o)
 .debug_info    0x0000000000019ad6       0xcb /usr/lib/gcc/arm-none-eabi/10.3.1/../../../arm-none-eabi/lib/thumb/v7-m/nofp/libg.a(lib_a-abort.o)
 .debug_info    0x0000000000019ba1      0x100 /usr/lib/gcc/arm-none-eabi/10.3.1/../../../arm-none-eabi/lib/thumb/v7-m/nofp/libg.a(lib_a-atexit.o)
 .debug_info    0x0000000000019ca1      0x914 /usr/lib/gcc/arm-none-eabi/10.3.1/../../../arm-none-eabi/lib/thumb/v7-m/nofp/libg.a(lib_a-errno.o)
 .debug_info    0x000000000001a5b5      0x102 /usr/lib/gcc/arm-none-eabi/10.3.1/../../../arm-none-eabi/lib/thumb/v7-m/nofp/libg.a(lib_a-fini.o)
 .debug_info    0x000000000001a6b7      0x92a /usr/lib/gcc/arm-none-eabi/10.3.1/../../../arm-none-eabi/lib/thumb/v7-m/nofp/libg.a(lib_a-impure.o)
 .debug_info    0x000000000001afe1      0x11a /usr/lib/gcc/arm-none-eabi/10.3.1/../../../arm-none-eabi/lib/thumb/v7-m/nofp/libg.a(lib_a-init.o)
 .debug_info    0x000000000001b0fb       0x26 /usr/lib/gcc/arm-none-eabi/10.3.1/../../../arm-none-eabi/lib/thumb/v7-m/nofp/libg.a(lib_a-memcpy.o)
 .debug_info    0x000000000001b121      0x137 /usr/lib/gcc/arm-none-eabi/10.3.1/../../../arm-none-eabi/lib/thumb/v7-m/nofp/libg.a(lib_a-memset.o)
 .debug_info    0x000000000001b258      0xf32 /usr/lib/gcc/arm-none-eabi/10.3.1/../../../arm-none-eabi/lib/thumb/v7-m/nofp/libg.a(lib_a-signal.o)
 .debug_info    0x000000000001c18a      0x9d7 /usr/lib/gcc/arm-none-eabi/10.3.1/../../../arm-none-eabi/lib/thumb/v7-m/nofp/libg.a(lib_a-signalr.o)
 .debug_info    0x000000000001cb61       0xbc /usr/lib/gcc/arm-none-eabi/10.3.1/../../../arm-none-eabi/lib/thumb/v7-m/nofp/libg.a(lib_a-strlen-stub.o)
 .debug_info    0x000000000001cc1d      0x9b0 /usr/lib/gcc/arm-none-eabi/10.3.1/../../../arm-none-eabi/lib/thumb/v7-m/nofp/libg.a(lib_a-__atexit.o)
 .debug_info    0x000000000001d5cd      0xa3d /usr/lib/gcc/arm-none-eabi/10.3.1/../../../arm-none-eabi/lib/thumb/v7-m/nofp/libg.a(lib_a-__call_atexit.o)
 .debug_info    0x000000000001e00a      0xe94 /usr/lib/gcc/arm-none-eabi/10.3.1/../../../arm-none-eabi/lib/thumb/v7-m/nofp/libg.a(lib_a-mallocr.o)
 .debug_info    0x000000000001ee9e      0x942 /usr/lib/gcc/arm-none-eabi/10.3.1/../../../arm-none-eabi/lib/thumb/v7-m/nofp/libg.a(lib_a-mlock.o)
 .debug_info    0x000000000001f7e0      0xbda /usr/lib/gcc/arm-none-eabi/10.3.1/../../../arm-none-eabi/lib/thumb/v7-m/nofp/libg.a(lib_a-reent.o)
 .debug_info    0x00000000000203ba      0x98e /usr/lib/gcc/arm-none-eabi/10.3.1/../../../arm-none-eabi/lib/thumb/v7-m/nofp/libg.a(lib_a-sbrkr.o)
 .debug_info    0x0000000000020d48      0xd10 /usr/lib/gcc/arm-none-eabi/10.3.1/../../../arm-none-eabi/lib/thumb/v7-m/nofp/libg.a(lib_a-freer.o)

.debug_abbrev   0x0000000000000000     0x5f2b
 .debug_abbrev  0x0000000000000000      0x1d2 CMakeFiles/INA226.elf.dir/Core/Src/can.c.obj
 .debug_abbrev  0x00000000000001d2      0x10c CMakeFiles/INA226.elf.dir/Core/Src/gpio.c.obj
 .debug_abbrev  0x00000000000002de      0x18c CMakeFiles/INA226.elf.dir/Core/Src/i2c.c.obj